[2026-10-08T21:07:58Z INFO ] Serial port: '/dev/ttyACM3'
[2026-10-08T21:07:58Z INFO ] Connecting...
[2026-10-08T21:07:59Z INFO ] Using flash stub
I (448) boot: Loaded app from partition at offset 0x10000

1.936588 [INFO ] [GNSS] configured=true (octowhere firmware/src/main.rs:1443)
1.970381 [INFO ] [GNSS] reference time 2026-10-08 21:07:59 sent=true (octowhere firmware/src/main.rs:2749)
9.000124 [INFO ] [STARTUP] board 1a38 (octowhere firmware/src/main.rs:343)
9.000207 [INFO ] [STARTUP] reset power_on=true (octowhere firmware/src/main.rs:344)
9.000232 [INFO ] [STARTUP] mesh generation=20 members=0x3 kept=0x0 stored=0xf (octowhere firmware/src/main.rs:347)
9.000277 [INFO ] [STARTUP] load-group read 515540 (octowhere firmware/src/main.rs:357)
9.000321 [INFO ] [STARTUP] load-members read 569960 (octowhere firmware/src/main.rs:357)
9.000354 [INFO ] [STARTUP] load-restored read 570072 (octowhere firmware/src/main.rs:357)
9.000387 [INFO ] [STARTUP] load-rest read 583901 (octowhere firmware/src/main.rs:357)
9.000418 [INFO ] [STARTUP] load-kept read 593178 (octowhere firmware/src/main.rs:357)
9.000448 [INFO ] [STARTUP] main enter 461431 (octowhere firmware/src/main.rs:364)
9.000498 [INFO ] [STARTUP] esp_hal init 465307 (octowhere firmware/src/main.rs:364)
9.000550 [INFO ] [STARTUP] panel reset 465441 (octowhere firmware/src/main.rs:364)
9.000603 [INFO ] [STARTUP] psram ready 472136 (octowhere firmware/src/main.rs:364)
9.000655 [INFO ] [STARTUP] settings loaded 514610 (octowhere firmware/src/main.rs:364)
9.000710 [INFO ] [STARTUP] trng on 514729 (octowhere firmware/src/main.rs:364)
9.000759 [INFO ] [STARTUP] mesh-store read 593213 (octowhere firmware/src/main.rs:364)
9.000813 [INFO ] [STARTUP] core1 starting 593572 (octowhere firmware/src/main.rs:364)
9.000868 [INFO ] [STARTUP] core1 started 611008 (octowhere firmware/src/main.rs:364)
9.000921 [INFO ] [STARTUP] core1 enter 611254 (octowhere firmware/src/main.rs:364)
9.000973 [INFO ] [STARTUP] identity made 636746 (octowhere firmware/src/main.rs:364)
9.001026 [INFO ] [STARTUP] bring_up enter 639336 (octowhere firmware/src/main.rs:364)
9.001080 [INFO ] [STARTUP] i2c powered 719474 (octowhere firmware/src/main.rs:364)
9.001132 [INFO ] [STARTUP] POWER start 719905 (octowhere firmware/src/main.rs:364)
9.001219 [INFO ] [STARTUP] POWER answered 721732 (octowhere firmware/src/main.rs:364)
9.001273 [INFO ] [STARTUP] exio reset 743496 (octowhere firmware/src/main.rs:364)
9.001324 [INFO ] [STARTUP] CLOCK start 743684 (octowhere firmware/src/main.rs:364)
9.001376 [INFO ] [STARTUP] TOUCH start 743805 (octowhere firmware/src/main.rs:364)
9.001428 [INFO ] [STARTUP] MOTION start 743852 (octowhere firmware/src/main.rs:364)
9.001482 [INFO ] [STARTUP] MAGNET start 743980 (octowhere firmware/src/main.rs:364)
9.001534 [INFO ] [STARTUP] display up 744088 (octowhere firmware/src/main.rs:364)
9.001585 [INFO ] [STARTUP] frame_loop first 744157 (octowhere firmware/src/main.rs:364)
9.001641 [INFO ] [STARTUP] frame_loop drawn 763116 (octowhere firmware/src/main.rs:364)
9.001697 [INFO ] [STARTUP] frame_loop handed 763254 (octowhere firmware/src/main.rs:364)
9.001753 [INFO ] [STARTUP] flush0 start 763414 (octowhere firmware/src/main.rs:364)
9.001806 [INFO ] [STARTUP] flush0 end 778768 (octowhere firmware/src/main.rs:364)
9.001857 [INFO ] [STARTUP] flush1 start 787266 (octowhere firmware/src/main.rs:364)
9.001910 [INFO ] [STARTUP] panel lit 789158 (octowhere firmware/src/main.rs:364)
9.001945 [INFO ] [STARTUP] flush1 end 791378 (octowhere firmware/src/main.rs:364)
9.001996 [INFO ] [STARTUP] CLOCK answered 805079 (octowhere firmware/src/main.rs:364)
9.002050 [INFO ] [STARTUP] TOUCH answered 872225 (octowhere firmware/src/main.rs:364)
9.002104 [INFO ] [STARTUP] MOTION answered 962133 (octowhere firmware/src/main.rs:364)
9.002221 [INFO ] [STARTUP] gnss-settle end 1000569 (octowhere firmware/src/main.rs:364)
9.002276 [INFO ] [STARTUP] MAGNET answered 1090035 (octowhere firmware/src/main.rs:364)
9.002331 [INFO ] [STARTUP] GNSS start 1090247 (octowhere firmware/src/main.rs:364)
9.002381 [INFO ] [STARTUP] GNSS answered 1115524 (octowhere firmware/src/main.rs:364)
9.002435 [INFO ] [STARTUP] RADIO start 1115748 (octowhere firmware/src/main.rs:364)
9.002487 [INFO ] [STARTUP] RADIO answered 1230915 (octowhere firmware/src/main.rs:364)
9.002542 [INFO ] [STARTUP] bring_up exit 1276993 (octowhere firmware/src/main.rs:364)
9.002595 [INFO ] [STARTUP] GNSS-config end 1936618 (octowhere firmware/src/main.rs:364)
9.002649 [INFO ] [STARTUP] startup over 6253810 (octowhere firmware/src/main.rs:364)
9.002701 [INFO ] [STARTUP] done (octowhere firmware/src/main.rs:366)
