[2026-10-08T21:07:07Z INFO ] Serial port: '/dev/ttyACM3'
[2026-10-08T21:07:07Z INFO ] Connecting...
[2026-10-08T21:07:07Z INFO ] Using flash stub
I (448) boot: Loaded app from partition at offset 0x10000

1.928352 [INFO ] [GNSS] configured=true (octowhere firmware/src/main.rs:1443)
1.962210 [INFO ] [GNSS] reference time 2026-10-08 21:07:07 sent=true (octowhere firmware/src/main.rs:2749)
8.182691 [INFO ] [MESH] heard id=1 timebase=Node(0) hops=1 taken=Adopted late_us=None len=105 rssi=-30 snr=7 entries=0 new=0 neighbours=0x00000001 messages=0/0 summary=false (octowhere_node octowhere-node/src/node.rs:1686)
8.183169 [INFO ] [MESH] timebase root=0 hops=0 (octowhere_node octowhere-node/src/node.rs:2943)
8.596896 [INFO ] [MESH] sent round=39810969 len=105 entries=0 records=0x00000000 asked=0x00000000 neighbours=0x00000002 messages=0 summary=false done=true (octowhere_node octowhere-node/src/node.rs:1827)
9.000128 [INFO ] [STARTUP] board 1a38 (octowhere firmware/src/main.rs:343)
9.000171 [INFO ] [STARTUP] reset power_on=true (octowhere firmware/src/main.rs:344)
9.000196 [INFO ] [STARTUP] mesh generation=20 members=0x3 kept=0x0 stored=0xf (octowhere firmware/src/main.rs:347)
9.000241 [INFO ] [STARTUP] load-group read 516377 (octowhere firmware/src/main.rs:357)
9.000286 [INFO ] [STARTUP] load-members read 570796 (octowhere firmware/src/main.rs:357)
9.000318 [INFO ] [STARTUP] load-restored read 570909 (octowhere firmware/src/main.rs:357)
9.000351 [INFO ] [STARTUP] load-rest read 584738 (octowhere firmware/src/main.rs:357)
9.000450 [INFO ] [STARTUP] load-kept read 594014 (octowhere firmware/src/main.rs:357)
9.000481 [INFO ] [STARTUP] main enter 462268 (octowhere firmware/src/main.rs:364)
9.000532 [INFO ] [STARTUP] esp_hal init 466143 (octowhere firmware/src/main.rs:364)
9.000584 [INFO ] [STARTUP] panel reset 466278 (octowhere firmware/src/main.rs:364)
9.000636 [INFO ] [STARTUP] psram ready 472972 (octowhere firmware/src/main.rs:364)
9.000689 [INFO ] [STARTUP] settings loaded 515447 (octowhere firmware/src/main.rs:364)
9.000743 [INFO ] [STARTUP] trng on 515565 (octowhere firmware/src/main.rs:364)
9.000793 [INFO ] [STARTUP] mesh-store read 594050 (octowhere firmware/src/main.rs:364)
9.000847 [INFO ] [STARTUP] core1 starting 594409 (octowhere firmware/src/main.rs:364)
9.000901 [INFO ] [STARTUP] core1 started 611845 (octowhere firmware/src/main.rs:364)
9.000955 [INFO ] [STARTUP] core1 enter 612091 (octowhere firmware/src/main.rs:364)
9.001007 [INFO ] [STARTUP] identity made 637582 (octowhere firmware/src/main.rs:364)
9.001060 [INFO ] [STARTUP] bring_up enter 640172 (octowhere firmware/src/main.rs:364)
9.001114 [INFO ] [STARTUP] i2c powered 720311 (octowhere firmware/src/main.rs:364)
9.001166 [INFO ] [STARTUP] POWER start 720741 (octowhere firmware/src/main.rs:364)
9.001218 [INFO ] [STARTUP] POWER answered 722569 (octowhere firmware/src/main.rs:364)
9.001273 [INFO ] [STARTUP] exio reset 744334 (octowhere firmware/src/main.rs:364)
9.001323 [INFO ] [STARTUP] CLOCK start 744523 (octowhere firmware/src/main.rs:364)
9.001457 [INFO ] [STARTUP] TOUCH start 744644 (octowhere firmware/src/main.rs:364)
9.001509 [INFO ] [STARTUP] MOTION start 744690 (octowhere firmware/src/main.rs:364)
9.001563 [INFO ] [STARTUP] MAGNET start 744820 (octowhere firmware/src/main.rs:364)
9.001615 [INFO ] [STARTUP] display up 744925 (octowhere firmware/src/main.rs:364)
9.001666 [INFO ] [STARTUP] frame_loop first 744998 (octowhere firmware/src/main.rs:364)
9.001722 [INFO ] [STARTUP] frame_loop drawn 763953 (octowhere firmware/src/main.rs:364)
9.001778 [INFO ] [STARTUP] frame_loop handed 764092 (octowhere firmware/src/main.rs:364)
9.001834 [INFO ] [STARTUP] flush0 start 764252 (octowhere firmware/src/main.rs:364)
9.001887 [INFO ] [STARTUP] flush0 end 779605 (octowhere firmware/src/main.rs:364)
9.001938 [INFO ] [STARTUP] flush1 start 788103 (octowhere firmware/src/main.rs:364)
9.001991 [INFO ] [STARTUP] panel lit 789862 (octowhere firmware/src/main.rs:364)
9.002041 [INFO ] [STARTUP] flush1 end 792084 (octowhere firmware/src/main.rs:364)
9.002092 [INFO ] [STARTUP] CLOCK answered 806096 (octowhere firmware/src/main.rs:364)
9.002146 [INFO ] [STARTUP] TOUCH answered 872642 (octowhere firmware/src/main.rs:364)
9.002201 [INFO ] [STARTUP] MOTION answered 962719 (octowhere firmware/src/main.rs:364)
9.002256 [INFO ] [STARTUP] gnss-settle end 1001174 (octowhere firmware/src/main.rs:364)
9.002310 [INFO ] [STARTUP] MAGNET answered 1090576 (octowhere firmware/src/main.rs:364)
9.002365 [INFO ] [STARTUP] GNSS start 1090791 (octowhere firmware/src/main.rs:364)
9.002456 [INFO ] [STARTUP] GNSS answered 1115971 (octowhere firmware/src/main.rs:364)
9.002509 [INFO ] [STARTUP] RADIO start 1116191 (octowhere firmware/src/main.rs:364)
9.002562 [INFO ] [STARTUP] RADIO answered 1231368 (octowhere firmware/src/main.rs:364)
9.002616 [INFO ] [STARTUP] bring_up exit 1277237 (octowhere firmware/src/main.rs:364)
9.002669 [INFO ] [STARTUP] GNSS-config end 1928374 (octowhere firmware/src/main.rs:364)
9.002723 [INFO ] [STARTUP] startup over 6254014 (octowhere firmware/src/main.rs:364)
9.002775 [INFO ] [STARTUP] done (octowhere firmware/src/main.rs:366)
