[2026-10-08T21:07:33Z INFO ] Serial port: '/dev/ttyACM3'
[2026-10-08T21:07:33Z INFO ] Connecting...
[2026-10-08T21:07:33Z INFO ] Using flash stub
I (448) boot: Loaded app from partition at offset 0x10000

1.936501 [INFO ] [GNSS] configured=true (octowhere firmware/src/main.rs:1443)
1.970327 [INFO ] [GNSS] reference time 2026-10-08 21:07:33 sent=true (octowhere firmware/src/main.rs:2749)
9.000125 [INFO ] [STARTUP] board 1a38 (octowhere firmware/src/main.rs:343)
9.000234 [INFO ] [STARTUP] reset power_on=true (octowhere firmware/src/main.rs:344)
9.000259 [INFO ] [STARTUP] mesh generation=20 members=0x3 kept=0x0 stored=0xf (octowhere firmware/src/main.rs:347)
9.000304 [INFO ] [STARTUP] load-group read 515537 (octowhere firmware/src/main.rs:357)
9.000349 [INFO ] [STARTUP] load-members read 569957 (octowhere firmware/src/main.rs:357)
9.000381 [INFO ] [STARTUP] load-restored read 570069 (octowhere firmware/src/main.rs:357)
9.000414 [INFO ] [STARTUP] load-rest read 583899 (octowhere firmware/src/main.rs:357)
9.000444 [INFO ] [STARTUP] load-kept read 593175 (octowhere firmware/src/main.rs:357)
9.000475 [INFO ] [STARTUP] main enter 461431 (octowhere firmware/src/main.rs:364)
9.000526 [INFO ] [STARTUP] esp_hal init 465304 (octowhere firmware/src/main.rs:364)
9.000578 [INFO ] [STARTUP] panel reset 465438 (octowhere firmware/src/main.rs:364)
9.000630 [INFO ] [STARTUP] psram ready 472133 (octowhere firmware/src/main.rs:364)
9.000683 [INFO ] [STARTUP] settings loaded 514607 (octowhere firmware/src/main.rs:364)
9.000738 [INFO ] [STARTUP] trng on 514726 (octowhere firmware/src/main.rs:364)
9.000787 [INFO ] [STARTUP] mesh-store read 593210 (octowhere firmware/src/main.rs:364)
9.000841 [INFO ] [STARTUP] core1 starting 593569 (octowhere firmware/src/main.rs:364)
9.000895 [INFO ] [STARTUP] core1 started 611005 (octowhere firmware/src/main.rs:364)
9.000949 [INFO ] [STARTUP] core1 enter 611251 (octowhere firmware/src/main.rs:364)
9.001002 [INFO ] [STARTUP] identity made 636743 (octowhere firmware/src/main.rs:364)
9.001054 [INFO ] [STARTUP] bring_up enter 639333 (octowhere firmware/src/main.rs:364)
9.001109 [INFO ] [STARTUP] i2c powered 719471 (octowhere firmware/src/main.rs:364)
9.001160 [INFO ] [STARTUP] POWER start 719901 (octowhere firmware/src/main.rs:364)
9.001246 [INFO ] [STARTUP] POWER answered 721730 (octowhere firmware/src/main.rs:364)
9.001300 [INFO ] [STARTUP] exio reset 743496 (octowhere firmware/src/main.rs:364)
9.001351 [INFO ] [STARTUP] CLOCK start 743684 (octowhere firmware/src/main.rs:364)
9.001403 [INFO ] [STARTUP] TOUCH start 743805 (octowhere firmware/src/main.rs:364)
9.001455 [INFO ] [STARTUP] MOTION start 743852 (octowhere firmware/src/main.rs:364)
9.001508 [INFO ] [STARTUP] MAGNET start 743983 (octowhere firmware/src/main.rs:364)
9.001561 [INFO ] [STARTUP] display up 744085 (octowhere firmware/src/main.rs:364)
9.001612 [INFO ] [STARTUP] frame_loop first 744157 (octowhere firmware/src/main.rs:364)
9.001668 [INFO ] [STARTUP] frame_loop drawn 763113 (octowhere firmware/src/main.rs:364)
9.001724 [INFO ] [STARTUP] frame_loop handed 763251 (octowhere firmware/src/main.rs:364)
9.001780 [INFO ] [STARTUP] flush0 start 763411 (octowhere firmware/src/main.rs:364)
9.001833 [INFO ] [STARTUP] flush0 end 778765 (octowhere firmware/src/main.rs:364)
9.001884 [INFO ] [STARTUP] flush1 start 787263 (octowhere firmware/src/main.rs:364)
9.001937 [INFO ] [STARTUP] panel lit 789136 (octowhere firmware/src/main.rs:364)
9.001972 [INFO ] [STARTUP] flush1 end 791332 (octowhere firmware/src/main.rs:364)
9.002023 [INFO ] [STARTUP] CLOCK answered 805097 (octowhere firmware/src/main.rs:364)
9.002078 [INFO ] [STARTUP] TOUCH answered 872060 (octowhere firmware/src/main.rs:364)
9.002132 [INFO ] [STARTUP] MOTION answered 962203 (octowhere firmware/src/main.rs:364)
9.002248 [INFO ] [STARTUP] gnss-settle end 1000644 (octowhere firmware/src/main.rs:364)
9.002303 [INFO ] [STARTUP] MAGNET answered 1090080 (octowhere firmware/src/main.rs:364)
9.002358 [INFO ] [STARTUP] GNSS start 1090292 (octowhere firmware/src/main.rs:364)
9.002408 [INFO ] [STARTUP] GNSS answered 1115493 (octowhere firmware/src/main.rs:364)
9.002462 [INFO ] [STARTUP] RADIO start 1115712 (octowhere firmware/src/main.rs:364)
9.002514 [INFO ] [STARTUP] RADIO answered 1230796 (octowhere firmware/src/main.rs:364)
9.002569 [INFO ] [STARTUP] bring_up exit 1276824 (octowhere firmware/src/main.rs:364)
9.002622 [INFO ] [STARTUP] GNSS-config end 1936531 (octowhere firmware/src/main.rs:364)
9.002676 [INFO ] [STARTUP] startup over 6256270 (octowhere firmware/src/main.rs:364)
9.002728 [INFO ] [STARTUP] done (octowhere firmware/src/main.rs:366)
