[2026-10-08T21:07:19Z INFO ] Serial port: '/dev/ttyACM3'
[2026-10-08T21:07:19Z INFO ] Connecting...
[2026-10-08T21:07:20Z INFO ] Using flash stub
I (448) boot: Loaded app from partition at offset 0x10000

1.937145 [INFO ] [GNSS] configured=true (octowhere firmware/src/main.rs:1443)
1.970969 [INFO ] [GNSS] reference time 2026-10-08 21:07:19 sent=true (octowhere firmware/src/main.rs:2749)
9.000127 [INFO ] [STARTUP] board 1a38 (octowhere firmware/src/main.rs:343)
9.000171 [INFO ] [STARTUP] reset power_on=true (octowhere firmware/src/main.rs:344)
9.000196 [INFO ] [STARTUP] mesh generation=20 members=0x3 kept=0x0 stored=0xf (octowhere firmware/src/main.rs:347)
9.000241 [INFO ] [STARTUP] load-group read 516374 (octowhere firmware/src/main.rs:357)
9.000331 [INFO ] [STARTUP] load-members read 570793 (octowhere firmware/src/main.rs:357)
9.000363 [INFO ] [STARTUP] load-restored read 570906 (octowhere firmware/src/main.rs:357)
9.000396 [INFO ] [STARTUP] load-rest read 584735 (octowhere firmware/src/main.rs:357)
9.000427 [INFO ] [STARTUP] load-kept read 594011 (octowhere firmware/src/main.rs:357)
9.000457 [INFO ] [STARTUP] main enter 462268 (octowhere firmware/src/main.rs:364)
9.000508 [INFO ] [STARTUP] esp_hal init 466141 (octowhere firmware/src/main.rs:364)
9.000560 [INFO ] [STARTUP] panel reset 466275 (octowhere firmware/src/main.rs:364)
9.000613 [INFO ] [STARTUP] psram ready 472969 (octowhere firmware/src/main.rs:364)
9.000665 [INFO ] [STARTUP] settings loaded 515443 (octowhere firmware/src/main.rs:364)
9.000720 [INFO ] [STARTUP] trng on 515562 (octowhere firmware/src/main.rs:364)
9.000769 [INFO ] [STARTUP] mesh-store read 594047 (octowhere firmware/src/main.rs:364)
9.000823 [INFO ] [STARTUP] core1 starting 594405 (octowhere firmware/src/main.rs:364)
9.000878 [INFO ] [STARTUP] core1 started 611841 (octowhere firmware/src/main.rs:364)
9.000931 [INFO ] [STARTUP] core1 enter 612087 (octowhere firmware/src/main.rs:364)
9.000984 [INFO ] [STARTUP] identity made 637579 (octowhere firmware/src/main.rs:364)
9.001037 [INFO ] [STARTUP] bring_up enter 640169 (octowhere firmware/src/main.rs:364)
9.001091 [INFO ] [STARTUP] i2c powered 720307 (octowhere firmware/src/main.rs:364)
9.001142 [INFO ] [STARTUP] POWER start 720737 (octowhere firmware/src/main.rs:364)
9.001195 [INFO ] [STARTUP] POWER answered 722564 (octowhere firmware/src/main.rs:364)
9.001249 [INFO ] [STARTUP] exio reset 744328 (octowhere firmware/src/main.rs:364)
9.001335 [INFO ] [STARTUP] CLOCK start 744517 (octowhere firmware/src/main.rs:364)
9.001388 [INFO ] [STARTUP] TOUCH start 744638 (octowhere firmware/src/main.rs:364)
9.001440 [INFO ] [STARTUP] MOTION start 744684 (octowhere firmware/src/main.rs:364)
9.001493 [INFO ] [STARTUP] MAGNET start 744814 (octowhere firmware/src/main.rs:364)
9.001546 [INFO ] [STARTUP] display up 744921 (octowhere firmware/src/main.rs:364)
9.001597 [INFO ] [STARTUP] frame_loop first 744990 (octowhere firmware/src/main.rs:364)
9.001652 [INFO ] [STARTUP] frame_loop drawn 763949 (octowhere firmware/src/main.rs:364)
9.001708 [INFO ] [STARTUP] frame_loop handed 764088 (octowhere firmware/src/main.rs:364)
9.001764 [INFO ] [STARTUP] flush0 start 764248 (octowhere firmware/src/main.rs:364)
9.001817 [INFO ] [STARTUP] flush0 end 779601 (octowhere firmware/src/main.rs:364)
9.001868 [INFO ] [STARTUP] flush1 start 788099 (octowhere firmware/src/main.rs:364)
9.001921 [INFO ] [STARTUP] panel lit 789964 (octowhere firmware/src/main.rs:364)
9.001972 [INFO ] [STARTUP] flush1 end 792176 (octowhere firmware/src/main.rs:364)
9.002023 [INFO ] [STARTUP] CLOCK answered 805940 (octowhere firmware/src/main.rs:364)
9.002077 [INFO ] [STARTUP] TOUCH answered 872845 (octowhere firmware/src/main.rs:364)
9.002131 [INFO ] [STARTUP] MOTION answered 962990 (octowhere firmware/src/main.rs:364)
9.002186 [INFO ] [STARTUP] gnss-settle end 1001429 (octowhere firmware/src/main.rs:364)
9.002241 [INFO ] [STARTUP] MAGNET answered 1090882 (octowhere firmware/src/main.rs:364)
9.002339 [INFO ] [STARTUP] GNSS start 1091093 (octowhere firmware/src/main.rs:364)
9.002390 [INFO ] [STARTUP] GNSS answered 1116361 (octowhere firmware/src/main.rs:364)
9.002444 [INFO ] [STARTUP] RADIO start 1116581 (octowhere firmware/src/main.rs:364)
9.002496 [INFO ] [STARTUP] RADIO answered 1231670 (octowhere firmware/src/main.rs:364)
9.002550 [INFO ] [STARTUP] bring_up exit 1277719 (octowhere firmware/src/main.rs:364)
9.002603 [INFO ] [STARTUP] GNSS-config end 1937177 (octowhere firmware/src/main.rs:364)
9.002657 [INFO ] [STARTUP] startup over 6254456 (octowhere firmware/src/main.rs:364)
9.002709 [INFO ] [STARTUP] done (octowhere firmware/src/main.rs:366)
