[2026-10-08T21:07:45Z INFO ] Serial port: '/dev/ttyACM3'
[2026-10-08T21:07:45Z INFO ] Connecting...
[2026-10-08T21:07:46Z INFO ] Using flash stub
I (448) boot: Loaded app from partition at offset 0x10000

1.937146 [INFO ] [GNSS] configured=true (octowhere firmware/src/main.rs:1443)
1.970954 [INFO ] [GNSS] reference time 2026-10-08 21:07:46 sent=true (octowhere firmware/src/main.rs:2749)
9.000127 [INFO ] [STARTUP] board 1a38 (octowhere firmware/src/main.rs:343)
9.000177 [INFO ] [STARTUP] reset power_on=true (octowhere firmware/src/main.rs:344)
9.000202 [INFO ] [STARTUP] mesh generation=20 members=0x3 kept=0x0 stored=0xf (octowhere firmware/src/main.rs:347)
9.000246 [INFO ] [STARTUP] load-group read 516375 (octowhere firmware/src/main.rs:357)
9.000291 [INFO ] [STARTUP] load-members read 570794 (octowhere firmware/src/main.rs:357)
9.000324 [INFO ] [STARTUP] load-restored read 570906 (octowhere firmware/src/main.rs:357)
9.000357 [INFO ] [STARTUP] load-rest read 584736 (octowhere firmware/src/main.rs:357)
9.000387 [INFO ] [STARTUP] load-kept read 594012 (octowhere firmware/src/main.rs:357)
9.000418 [INFO ] [STARTUP] main enter 462268 (octowhere firmware/src/main.rs:364)
9.000469 [INFO ] [STARTUP] esp_hal init 466141 (octowhere firmware/src/main.rs:364)
9.000521 [INFO ] [STARTUP] panel reset 466275 (octowhere firmware/src/main.rs:364)
9.000573 [INFO ] [STARTUP] psram ready 472970 (octowhere firmware/src/main.rs:364)
9.000626 [INFO ] [STARTUP] settings loaded 515444 (octowhere firmware/src/main.rs:364)
9.000681 [INFO ] [STARTUP] trng on 515563 (octowhere firmware/src/main.rs:364)
9.000730 [INFO ] [STARTUP] mesh-store read 594047 (octowhere firmware/src/main.rs:364)
9.000784 [INFO ] [STARTUP] core1 starting 594406 (octowhere firmware/src/main.rs:364)
9.000838 [INFO ] [STARTUP] core1 started 611842 (octowhere firmware/src/main.rs:364)
9.000892 [INFO ] [STARTUP] core1 enter 612088 (octowhere firmware/src/main.rs:364)
9.000944 [INFO ] [STARTUP] identity made 637580 (octowhere firmware/src/main.rs:364)
9.000997 [INFO ] [STARTUP] bring_up enter 640170 (octowhere firmware/src/main.rs:364)
9.001051 [INFO ] [STARTUP] i2c powered 720308 (octowhere firmware/src/main.rs:364)
9.001149 [INFO ] [STARTUP] POWER start 720738 (octowhere firmware/src/main.rs:364)
9.001201 [INFO ] [STARTUP] POWER answered 722565 (octowhere firmware/src/main.rs:364)
9.001255 [INFO ] [STARTUP] exio reset 744329 (octowhere firmware/src/main.rs:364)
9.001306 [INFO ] [STARTUP] CLOCK start 744517 (octowhere firmware/src/main.rs:364)
9.001359 [INFO ] [STARTUP] TOUCH start 744638 (octowhere firmware/src/main.rs:364)
9.001411 [INFO ] [STARTUP] MOTION start 744685 (octowhere firmware/src/main.rs:364)
9.001464 [INFO ] [STARTUP] MAGNET start 744816 (octowhere firmware/src/main.rs:364)
9.001517 [INFO ] [STARTUP] display up 744923 (octowhere firmware/src/main.rs:364)
9.001568 [INFO ] [STARTUP] frame_loop first 744992 (octowhere firmware/src/main.rs:364)
9.001624 [INFO ] [STARTUP] frame_loop drawn 763951 (octowhere firmware/src/main.rs:364)
9.001679 [INFO ] [STARTUP] frame_loop handed 764089 (octowhere firmware/src/main.rs:364)
9.001736 [INFO ] [STARTUP] flush0 start 764250 (octowhere firmware/src/main.rs:364)
9.001788 [INFO ] [STARTUP] flush0 end 779603 (octowhere firmware/src/main.rs:364)
9.001839 [INFO ] [STARTUP] flush1 start 788101 (octowhere firmware/src/main.rs:364)
9.001892 [INFO ] [STARTUP] panel lit 789957 (octowhere firmware/src/main.rs:364)
9.001943 [INFO ] [STARTUP] flush1 end 792187 (octowhere firmware/src/main.rs:364)
9.001994 [INFO ] [STARTUP] CLOCK answered 805959 (octowhere firmware/src/main.rs:364)
9.002048 [INFO ] [STARTUP] TOUCH answered 872844 (octowhere firmware/src/main.rs:364)
9.002151 [INFO ] [STARTUP] MOTION answered 962972 (octowhere firmware/src/main.rs:364)
9.002206 [INFO ] [STARTUP] gnss-settle end 1001415 (octowhere firmware/src/main.rs:364)
9.002261 [INFO ] [STARTUP] MAGNET answered 1090832 (octowhere firmware/src/main.rs:364)
9.002316 [INFO ] [STARTUP] GNSS start 1091047 (octowhere firmware/src/main.rs:364)
9.002367 [INFO ] [STARTUP] GNSS answered 1116250 (octowhere firmware/src/main.rs:364)
9.002420 [INFO ] [STARTUP] RADIO start 1116470 (octowhere firmware/src/main.rs:364)
9.002473 [INFO ] [STARTUP] RADIO answered 1231604 (octowhere firmware/src/main.rs:364)
9.002527 [INFO ] [STARTUP] bring_up exit 1277684 (octowhere firmware/src/main.rs:364)
9.002580 [INFO ] [STARTUP] GNSS-config end 1937171 (octowhere firmware/src/main.rs:364)
9.002634 [INFO ] [STARTUP] startup over 6254466 (octowhere firmware/src/main.rs:364)
9.002686 [INFO ] [STARTUP] done (octowhere firmware/src/main.rs:366)
