[2026-10-08T21:08:42Z INFO ] Serial port: '/dev/ttyACM2'
[2026-10-08T21:08:42Z INFO ] Connecting...
[2026-10-08T21:08:43Z INFO ] Using flash stub
I (448) boot: Loaded app from partition at offset 0x10000

1.917391 [INFO ] [GNSS] configured=true (octowhere firmware/src/main.rs:1443)
1.951112 [INFO ] [GNSS] reference time 2026-10-08 21:08:42 sent=true (octowhere firmware/src/main.rs:2749)
9.000125 [INFO ] [STARTUP] board 1c1c (octowhere firmware/src/main.rs:343)
9.000158 [INFO ] [STARTUP] reset power_on=true (octowhere firmware/src/main.rs:344)
9.000183 [INFO ] [STARTUP] mesh generation=20 members=0x3 kept=0x0 stored=0xf (octowhere firmware/src/main.rs:347)
9.000228 [INFO ] [STARTUP] load-group read 509504 (octowhere firmware/src/main.rs:357)
9.000273 [INFO ] [STARTUP] load-members read 548152 (octowhere firmware/src/main.rs:357)
9.000305 [INFO ] [STARTUP] load-restored read 548265 (octowhere firmware/src/main.rs:357)
9.000337 [INFO ] [STARTUP] load-rest read 560685 (octowhere firmware/src/main.rs:357)
9.000367 [INFO ] [STARTUP] load-kept read 585284 (octowhere firmware/src/main.rs:357)
9.000397 [INFO ] [STARTUP] main enter 461431 (octowhere firmware/src/main.rs:364)
9.000460 [INFO ] [STARTUP] esp_hal init 465292 (octowhere firmware/src/main.rs:364)
9.000512 [INFO ] [STARTUP] panel reset 465426 (octowhere firmware/src/main.rs:364)
9.000592 [INFO ] [STARTUP] psram ready 472121 (octowhere firmware/src/main.rs:364)
9.000643 [INFO ] [STARTUP] settings loaded 508728 (octowhere firmware/src/main.rs:364)
9.000723 [INFO ] [STARTUP] trng on 508847 (octowhere firmware/src/main.rs:364)
9.000772 [INFO ] [STARTUP] mesh-store read 585320 (octowhere firmware/src/main.rs:364)
9.000845 [INFO ] [STARTUP] core1 starting 585662 (octowhere firmware/src/main.rs:364)
9.000900 [INFO ] [STARTUP] core1 started 603100 (octowhere firmware/src/main.rs:364)
9.000976 [INFO ] [STARTUP] core1 enter 603346 (octowhere firmware/src/main.rs:364)
9.001029 [INFO ] [STARTUP] identity made 628838 (octowhere firmware/src/main.rs:364)
9.001099 [INFO ] [STARTUP] bring_up enter 631428 (octowhere firmware/src/main.rs:364)
9.001153 [INFO ] [STARTUP] i2c powered 711566 (octowhere firmware/src/main.rs:364)
9.001223 [INFO ] [STARTUP] POWER start 711996 (octowhere firmware/src/main.rs:364)
9.001275 [INFO ] [STARTUP] POWER answered 713824 (octowhere firmware/src/main.rs:364)
9.001351 [INFO ] [STARTUP] exio reset 735588 (octowhere firmware/src/main.rs:364)
9.001403 [INFO ] [STARTUP] CLOCK start 735777 (octowhere firmware/src/main.rs:364)
9.001476 [INFO ] [STARTUP] TOUCH start 735897 (octowhere firmware/src/main.rs:364)
9.001592 [INFO ] [STARTUP] MOTION start 735944 (octowhere firmware/src/main.rs:364)
9.001647 [INFO ] [STARTUP] MAGNET start 736073 (octowhere firmware/src/main.rs:364)
9.001712 [INFO ] [STARTUP] display up 736179 (octowhere firmware/src/main.rs:364)
9.001762 [INFO ] [STARTUP] frame_loop first 736252 (octowhere firmware/src/main.rs:364)
9.001819 [INFO ] [STARTUP] frame_loop drawn 755207 (octowhere firmware/src/main.rs:364)
9.001874 [INFO ] [STARTUP] frame_loop handed 755345 (octowhere firmware/src/main.rs:364)
9.001930 [INFO ] [STARTUP] flush0 start 755506 (octowhere firmware/src/main.rs:364)
9.001983 [INFO ] [STARTUP] flush0 end 770859 (octowhere firmware/src/main.rs:364)
9.002036 [INFO ] [STARTUP] flush1 start 779357 (octowhere firmware/src/main.rs:364)
9.002096 [INFO ] [STARTUP] panel lit 781312 (octowhere firmware/src/main.rs:364)
9.002147 [INFO ] [STARTUP] flush1 end 783538 (octowhere firmware/src/main.rs:364)
9.002210 [INFO ] [STARTUP] CLOCK answered 797076 (octowhere firmware/src/main.rs:364)
9.002265 [INFO ] [STARTUP] TOUCH answered 864295 (octowhere firmware/src/main.rs:364)
9.002319 [INFO ] [STARTUP] MOTION answered 954438 (octowhere firmware/src/main.rs:364)
9.002376 [INFO ] [STARTUP] gnss-settle end 1001903 (octowhere firmware/src/main.rs:364)
9.002430 [INFO ] [STARTUP] MAGNET answered 1082338 (octowhere firmware/src/main.rs:364)
9.002486 [INFO ] [STARTUP] GNSS start 1082549 (octowhere firmware/src/main.rs:364)
9.002581 [INFO ] [STARTUP] GNSS answered 1107788 (octowhere firmware/src/main.rs:364)
9.002635 [INFO ] [STARTUP] RADIO start 1108014 (octowhere firmware/src/main.rs:364)
9.002687 [INFO ] [STARTUP] RADIO answered 1223090 (octowhere firmware/src/main.rs:364)
9.002731 [INFO ] [STARTUP] bring_up exit 1269280 (octowhere firmware/src/main.rs:364)
9.002783 [INFO ] [STARTUP] GNSS-config end 1917421 (octowhere firmware/src/main.rs:364)
9.002857 [INFO ] [STARTUP] startup over 6245987 (octowhere firmware/src/main.rs:364)
9.002910 [INFO ] [STARTUP] done (octowhere firmware/src/main.rs:366)
