[2026-10-08T21:08:29Z INFO ] Serial port: '/dev/ttyACM2'
[2026-10-08T21:08:29Z INFO ] Connecting...
[2026-10-08T21:08:30Z INFO ] Using flash stub
I (448) boot: Loaded app from partition at offset 0x10000

1.945515 [INFO ] [GNSS] configured=true (octowhere firmware/src/main.rs:1443)
1.979474 [INFO ] [GNSS] reference time 2026-10-08 21:08:29 sent=true (octowhere firmware/src/main.rs:2749)
9.000124 [INFO ] [STARTUP] board 1c1c (octowhere firmware/src/main.rs:343)
9.000159 [INFO ] [STARTUP] reset power_on=true (octowhere firmware/src/main.rs:344)
9.000184 [INFO ] [STARTUP] mesh generation=20 members=0x3 kept=0x0 stored=0xf (octowhere firmware/src/main.rs:347)
9.000228 [INFO ] [STARTUP] load-group read 509504 (octowhere firmware/src/main.rs:357)
9.000295 [INFO ] [STARTUP] load-members read 548152 (octowhere firmware/src/main.rs:357)
9.000327 [INFO ] [STARTUP] load-restored read 548265 (octowhere firmware/src/main.rs:357)
9.000360 [INFO ] [STARTUP] load-rest read 560685 (octowhere firmware/src/main.rs:357)
9.000417 [INFO ] [STARTUP] load-kept read 585284 (octowhere firmware/src/main.rs:357)
9.000447 [INFO ] [STARTUP] main enter 461431 (octowhere firmware/src/main.rs:364)
9.000498 [INFO ] [STARTUP] esp_hal init 465292 (octowhere firmware/src/main.rs:364)
9.000537 [INFO ] [STARTUP] panel reset 465426 (octowhere firmware/src/main.rs:364)
9.000589 [INFO ] [STARTUP] psram ready 472121 (octowhere firmware/src/main.rs:364)
9.000658 [INFO ] [STARTUP] settings loaded 508728 (octowhere firmware/src/main.rs:364)
9.000712 [INFO ] [STARTUP] trng on 508847 (octowhere firmware/src/main.rs:364)
9.000764 [INFO ] [STARTUP] mesh-store read 585320 (octowhere firmware/src/main.rs:364)
9.000817 [INFO ] [STARTUP] core1 starting 585662 (octowhere firmware/src/main.rs:364)
9.000871 [INFO ] [STARTUP] core1 started 603100 (octowhere firmware/src/main.rs:364)
9.000915 [INFO ] [STARTUP] core1 enter 603346 (octowhere firmware/src/main.rs:364)
9.001029 [INFO ] [STARTUP] identity made 628838 (octowhere firmware/src/main.rs:364)
9.001081 [INFO ] [STARTUP] bring_up enter 631428 (octowhere firmware/src/main.rs:364)
9.001135 [INFO ] [STARTUP] i2c powered 711566 (octowhere firmware/src/main.rs:364)
9.001177 [INFO ] [STARTUP] POWER start 711996 (octowhere firmware/src/main.rs:364)
9.001229 [INFO ] [STARTUP] POWER answered 713823 (octowhere firmware/src/main.rs:364)
9.001303 [INFO ] [STARTUP] exio reset 735587 (octowhere firmware/src/main.rs:364)
9.001354 [INFO ] [STARTUP] CLOCK start 735776 (octowhere firmware/src/main.rs:364)
9.001408 [INFO ] [STARTUP] TOUCH start 735896 (octowhere firmware/src/main.rs:364)
9.001460 [INFO ] [STARTUP] MOTION start 735943 (octowhere firmware/src/main.rs:364)
9.001513 [INFO ] [STARTUP] MAGNET start 736073 (octowhere firmware/src/main.rs:364)
9.001565 [INFO ] [STARTUP] display up 736179 (octowhere firmware/src/main.rs:364)
9.001615 [INFO ] [STARTUP] frame_loop first 736252 (octowhere firmware/src/main.rs:364)
9.001677 [INFO ] [STARTUP] frame_loop drawn 755207 (octowhere firmware/src/main.rs:364)
9.001732 [INFO ] [STARTUP] frame_loop handed 755345 (octowhere firmware/src/main.rs:364)
9.001796 [INFO ] [STARTUP] flush0 start 755505 (octowhere firmware/src/main.rs:364)
9.001848 [INFO ] [STARTUP] flush0 end 770859 (octowhere firmware/src/main.rs:364)
9.001921 [INFO ] [STARTUP] flush1 start 779357 (octowhere firmware/src/main.rs:364)
9.002039 [INFO ] [STARTUP] panel lit 781425 (octowhere firmware/src/main.rs:364)
9.002090 [INFO ] [STARTUP] flush1 end 783728 (octowhere firmware/src/main.rs:364)
9.002141 [INFO ] [STARTUP] CLOCK answered 797096 (octowhere firmware/src/main.rs:364)
9.002185 [INFO ] [STARTUP] TOUCH answered 864255 (octowhere firmware/src/main.rs:364)
9.002239 [INFO ] [STARTUP] MOTION answered 948656 (octowhere firmware/src/main.rs:364)
9.002308 [INFO ] [STARTUP] gnss-settle end 1000146 (octowhere firmware/src/main.rs:364)
9.002361 [INFO ] [STARTUP] MAGNET answered 1079286 (octowhere firmware/src/main.rs:364)
9.002427 [INFO ] [STARTUP] GNSS start 1079497 (octowhere firmware/src/main.rs:364)
9.002478 [INFO ] [STARTUP] GNSS answered 1104999 (octowhere firmware/src/main.rs:364)
9.002547 [INFO ] [STARTUP] RADIO start 1105220 (octowhere firmware/src/main.rs:364)
9.002600 [INFO ] [STARTUP] RADIO answered 1238837 (octowhere firmware/src/main.rs:364)
9.002672 [INFO ] [STARTUP] bring_up exit 1286159 (octowhere firmware/src/main.rs:364)
9.002726 [INFO ] [STARTUP] GNSS-config end 1945540 (octowhere firmware/src/main.rs:364)
9.002798 [INFO ] [STARTUP] startup over 6263264 (octowhere firmware/src/main.rs:364)
9.002850 [INFO ] [STARTUP] done (octowhere firmware/src/main.rs:366)
