[2026-10-08T21:09:21Z INFO ] Serial port: '/dev/ttyACM2'
[2026-10-08T21:09:21Z INFO ] Connecting...
[2026-10-08T21:09:22Z INFO ] Using flash stub
I (448) boot: Loaded app from partition at offset 0x10000

1.928398 [INFO ] [GNSS] configured=true (octowhere firmware/src/main.rs:1443)
1.962536 [INFO ] [GNSS] reference time 2026-10-08 21:09:21 sent=true (octowhere firmware/src/main.rs:2749)
9.000125 [INFO ] [STARTUP] board 1c1c (octowhere firmware/src/main.rs:343)
9.000165 [INFO ] [STARTUP] reset power_on=true (octowhere firmware/src/main.rs:344)
9.000190 [INFO ] [STARTUP] mesh generation=20 members=0x3 kept=0x0 stored=0xf (octowhere firmware/src/main.rs:347)
9.000234 [INFO ] [STARTUP] load-group read 509504 (octowhere firmware/src/main.rs:357)
9.000279 [INFO ] [STARTUP] load-members read 548152 (octowhere firmware/src/main.rs:357)
9.000311 [INFO ] [STARTUP] load-restored read 548265 (octowhere firmware/src/main.rs:357)
9.000344 [INFO ] [STARTUP] load-rest read 560685 (octowhere firmware/src/main.rs:357)
9.000374 [INFO ] [STARTUP] load-kept read 585284 (octowhere firmware/src/main.rs:357)
9.000404 [INFO ] [STARTUP] main enter 461431 (octowhere firmware/src/main.rs:364)
9.000496 [INFO ] [STARTUP] esp_hal init 465291 (octowhere firmware/src/main.rs:364)
9.000548 [INFO ] [STARTUP] panel reset 465426 (octowhere firmware/src/main.rs:364)
9.000620 [INFO ] [STARTUP] psram ready 472120 (octowhere firmware/src/main.rs:364)
9.000672 [INFO ] [STARTUP] settings loaded 508728 (octowhere firmware/src/main.rs:364)
9.000728 [INFO ] [STARTUP] trng on 508847 (octowhere firmware/src/main.rs:364)
9.000776 [INFO ] [STARTUP] mesh-store read 585319 (octowhere firmware/src/main.rs:364)
9.000829 [INFO ] [STARTUP] core1 starting 585662 (octowhere firmware/src/main.rs:364)
9.000873 [INFO ] [STARTUP] core1 started 603100 (octowhere firmware/src/main.rs:364)
9.000928 [INFO ] [STARTUP] core1 enter 603346 (octowhere firmware/src/main.rs:364)
9.000992 [INFO ] [STARTUP] identity made 628838 (octowhere firmware/src/main.rs:364)
9.001044 [INFO ] [STARTUP] bring_up enter 631428 (octowhere firmware/src/main.rs:364)
9.001098 [INFO ] [STARTUP] i2c powered 711566 (octowhere firmware/src/main.rs:364)
9.001148 [INFO ] [STARTUP] POWER start 711996 (octowhere firmware/src/main.rs:364)
9.001200 [INFO ] [STARTUP] POWER answered 713824 (octowhere firmware/src/main.rs:364)
9.001260 [INFO ] [STARTUP] exio reset 735588 (octowhere firmware/src/main.rs:364)
9.001312 [INFO ] [STARTUP] CLOCK start 735776 (octowhere firmware/src/main.rs:364)
9.001382 [INFO ] [STARTUP] TOUCH start 735897 (octowhere firmware/src/main.rs:364)
9.001497 [INFO ] [STARTUP] MOTION start 735944 (octowhere firmware/src/main.rs:364)
9.001550 [INFO ] [STARTUP] MAGNET start 736073 (octowhere firmware/src/main.rs:364)
9.001626 [INFO ] [STARTUP] display up 736179 (octowhere firmware/src/main.rs:364)
9.001678 [INFO ] [STARTUP] frame_loop first 736251 (octowhere firmware/src/main.rs:364)
9.001751 [INFO ] [STARTUP] frame_loop drawn 755207 (octowhere firmware/src/main.rs:364)
9.001806 [INFO ] [STARTUP] frame_loop handed 755345 (octowhere firmware/src/main.rs:364)
9.001883 [INFO ] [STARTUP] flush0 start 755505 (octowhere firmware/src/main.rs:364)
9.001936 [INFO ] [STARTUP] flush0 end 770859 (octowhere firmware/src/main.rs:364)
9.002003 [INFO ] [STARTUP] flush1 start 779356 (octowhere firmware/src/main.rs:364)
9.002056 [INFO ] [STARTUP] panel lit 781251 (octowhere firmware/src/main.rs:364)
9.002127 [INFO ] [STARTUP] flush1 end 783471 (octowhere firmware/src/main.rs:364)
9.002179 [INFO ] [STARTUP] CLOCK answered 797171 (octowhere firmware/src/main.rs:364)
9.002244 [INFO ] [STARTUP] TOUCH answered 864164 (octowhere firmware/src/main.rs:364)
9.002299 [INFO ] [STARTUP] MOTION answered 954337 (octowhere firmware/src/main.rs:364)
9.002353 [INFO ] [STARTUP] gnss-settle end 1002303 (octowhere firmware/src/main.rs:364)
9.002407 [INFO ] [STARTUP] MAGNET answered 1082219 (octowhere firmware/src/main.rs:364)
9.002500 [INFO ] [STARTUP] GNSS start 1082431 (octowhere firmware/src/main.rs:364)
9.002550 [INFO ] [STARTUP] GNSS answered 1107696 (octowhere firmware/src/main.rs:364)
9.002618 [INFO ] [STARTUP] RADIO start 1107916 (octowhere firmware/src/main.rs:364)
9.002670 [INFO ] [STARTUP] RADIO answered 1223055 (octowhere firmware/src/main.rs:364)
9.002725 [INFO ] [STARTUP] bring_up exit 1269113 (octowhere firmware/src/main.rs:364)
9.002776 [INFO ] [STARTUP] GNSS-config end 1928422 (octowhere firmware/src/main.rs:364)
9.002830 [INFO ] [STARTUP] startup over 6246055 (octowhere firmware/src/main.rs:364)
9.002871 [INFO ] [STARTUP] done (octowhere firmware/src/main.rs:366)
