[2026-10-08T21:09:08Z INFO ] Serial port: '/dev/ttyACM2'
[2026-10-08T21:09:08Z INFO ] Connecting...
[2026-10-08T21:09:09Z INFO ] Using flash stub
I (448) boot: Loaded app from partition at offset 0x10000

1.946424 [INFO ] [GNSS] configured=true (octowhere firmware/src/main.rs:1443)
1.980218 [INFO ] [GNSS] reference time 2026-10-08 21:09:08 sent=true (octowhere firmware/src/main.rs:2749)
9.000126 [INFO ] [STARTUP] board 1c1c (octowhere firmware/src/main.rs:343)
9.000193 [INFO ] [STARTUP] reset power_on=true (octowhere firmware/src/main.rs:344)
9.000218 [INFO ] [STARTUP] mesh generation=20 members=0x3 kept=0x0 stored=0xf (octowhere firmware/src/main.rs:347)
9.000301 [INFO ] [STARTUP] load-group read 510341 (octowhere firmware/src/main.rs:357)
9.000349 [INFO ] [STARTUP] load-members read 548989 (octowhere firmware/src/main.rs:357)
9.000381 [INFO ] [STARTUP] load-restored read 549102 (octowhere firmware/src/main.rs:357)
9.000413 [INFO ] [STARTUP] load-rest read 561522 (octowhere firmware/src/main.rs:357)
9.000448 [INFO ] [STARTUP] load-kept read 586121 (octowhere firmware/src/main.rs:357)
9.000478 [INFO ] [STARTUP] main enter 462268 (octowhere firmware/src/main.rs:364)
9.000530 [INFO ] [STARTUP] esp_hal init 466128 (octowhere firmware/src/main.rs:364)
9.000587 [INFO ] [STARTUP] panel reset 466262 (octowhere firmware/src/main.rs:364)
9.000639 [INFO ] [STARTUP] psram ready 472957 (octowhere firmware/src/main.rs:364)
9.000699 [INFO ] [STARTUP] settings loaded 509565 (octowhere firmware/src/main.rs:364)
9.000753 [INFO ] [STARTUP] trng on 509684 (octowhere firmware/src/main.rs:364)
9.000812 [INFO ] [STARTUP] mesh-store read 586156 (octowhere firmware/src/main.rs:364)
9.000865 [INFO ] [STARTUP] core1 starting 586498 (octowhere firmware/src/main.rs:364)
9.000921 [INFO ] [STARTUP] core1 started 603936 (octowhere firmware/src/main.rs:364)
9.000975 [INFO ] [STARTUP] core1 enter 604182 (octowhere firmware/src/main.rs:364)
9.001026 [INFO ] [STARTUP] identity made 629674 (octowhere firmware/src/main.rs:364)
9.001082 [INFO ] [STARTUP] bring_up enter 632265 (octowhere firmware/src/main.rs:364)
9.001138 [INFO ] [STARTUP] i2c powered 712403 (octowhere firmware/src/main.rs:364)
9.001198 [INFO ] [STARTUP] POWER start 712833 (octowhere firmware/src/main.rs:364)
9.001311 [INFO ] [STARTUP] POWER answered 714661 (octowhere firmware/src/main.rs:364)
9.001364 [INFO ] [STARTUP] exio reset 736427 (octowhere firmware/src/main.rs:364)
9.001418 [INFO ] [STARTUP] CLOCK start 736615 (octowhere firmware/src/main.rs:364)
9.001460 [INFO ] [STARTUP] TOUCH start 736736 (octowhere firmware/src/main.rs:364)
9.001512 [INFO ] [STARTUP] MOTION start 736783 (octowhere firmware/src/main.rs:364)
9.001584 [INFO ] [STARTUP] MAGNET start 736913 (octowhere firmware/src/main.rs:364)
9.001639 [INFO ] [STARTUP] display up 737015 (octowhere firmware/src/main.rs:364)
9.001697 [INFO ] [STARTUP] frame_loop first 737087 (octowhere firmware/src/main.rs:364)
9.001753 [INFO ] [STARTUP] frame_loop drawn 756043 (octowhere firmware/src/main.rs:364)
9.001818 [INFO ] [STARTUP] frame_loop handed 756181 (octowhere firmware/src/main.rs:364)
9.001874 [INFO ] [STARTUP] flush0 start 756341 (octowhere firmware/src/main.rs:364)
9.001941 [INFO ] [STARTUP] flush0 end 771695 (octowhere firmware/src/main.rs:364)
9.001991 [INFO ] [STARTUP] flush1 start 780193 (octowhere firmware/src/main.rs:364)
9.002045 [INFO ] [STARTUP] panel lit 782225 (octowhere firmware/src/main.rs:364)
9.002095 [INFO ] [STARTUP] flush1 end 784510 (octowhere firmware/src/main.rs:364)
9.002147 [INFO ] [STARTUP] CLOCK answered 797988 (octowhere firmware/src/main.rs:364)
9.002209 [INFO ] [STARTUP] TOUCH answered 865027 (octowhere firmware/src/main.rs:364)
9.002313 [INFO ] [STARTUP] MOTION answered 949958 (octowhere firmware/src/main.rs:364)
9.002369 [INFO ] [STARTUP] gnss-settle end 1000112 (octowhere firmware/src/main.rs:364)
9.002426 [INFO ] [STARTUP] MAGNET answered 1080206 (octowhere firmware/src/main.rs:364)
9.002471 [INFO ] [STARTUP] GNSS start 1080417 (octowhere firmware/src/main.rs:364)
9.002521 [INFO ] [STARTUP] GNSS answered 1105895 (octowhere firmware/src/main.rs:364)
9.002589 [INFO ] [STARTUP] RADIO start 1106117 (octowhere firmware/src/main.rs:364)
9.002642 [INFO ] [STARTUP] RADIO answered 1239984 (octowhere firmware/src/main.rs:364)
9.002708 [INFO ] [STARTUP] bring_up exit 1287012 (octowhere firmware/src/main.rs:364)
9.002762 [INFO ] [STARTUP] GNSS-config end 1946449 (octowhere firmware/src/main.rs:364)
9.002821 [INFO ] [STARTUP] startup over 6263952 (octowhere firmware/src/main.rs:364)
9.002874 [INFO ] [STARTUP] done (octowhere firmware/src/main.rs:366)
