2.662214 [INFO ] [MESH] id=0 name=Dredge members=2 mac=[44, 1b, f6, 86, 1a, 38] (octowhere_node octowhere-node/src/node.rs:716)
2.671032 [INFO ] [MESH] id=0 members=2 generation=5 removal pending=false declinable until=None old keys=0 (octowhere_node octowhere-node/src/node.rs:940)
137.664196 [INFO ] [MESH] timebase root=0 hops=0 (octowhere_node octowhere-node/src/node.rs:3057)
575.290068 [INFO ] [MESH] heard id=1 timebase=Gps hops=0 taken=Adopted late_us=None len=48 rssi=-34 snr=7 entries=1 new=1 neighbours=0x00000000 messages=0/0 summary=false (octowhere_node octowhere-node/src/node.rs:1810)
575.290990 [INFO ] [MESH] timebase GPS hops=1 (octowhere_node octowhere-node/src/node.rs:3053)
585.079644 [INFO ] [MESH] command Phantom (octowhere_node octowhere-node/src/node.rs:991)
585.137316 [INFO ] [MESH] enrolled a phantom at 2 (octowhere_node octowhere-node/src/node.rs:1113)
585.288077 [INFO ] [SETTINGS] Member(2, Phantom) saved in 148134us (octowhere octowhere/src/main.rs:964)
625.915394 [INFO ] [MESH] heard id=1 timebase=Gps hops=0 taken=Refined late_us=Some(-6) len=48 rssi=-35 snr=6 entries=1 new=1 neighbours=0x00000001 messages=0/0 summary=false (octowhere_node octowhere-node/src/node.rs:1810)
718.027435 [INFO ] [MESH] heard id=1 timebase=Gps hops=0 taken=Ignored late_us=Some(10549411) len=48 rssi=-34 snr=7 entries=1 new=1 neighbours=0x00000001 messages=0/0 summary=false (octowhere_node octowhere-node/src/node.rs:1810)
749.049608 [INFO ] [MESH] command RemoveDevice { id: 2, device: [252, 167, 196, 39, 42, 57, 114, 22] } (octowhere_node octowhere-node/src/node.rs:991)
749.082665 [INFO ] [REKEY] removing 2: generation 6 from round 39802253 (now 39802247), 1 to tell (octowhere_node octowhere-node/src/node.rs:2221)
749.230743 [INFO ] [SETTINGS] Rekey(pending=true old=0) saved in 73332us (octowhere octowhere/src/main.rs:964)
841.077420 [INFO ] [MESH] heard id=1 timebase=Gps hops=0 taken=Refined late_us=Some(759) len=54 rssi=-34 snr=6 entries=1 new=1 neighbours=0x00000001 messages=0/0 summary=false (octowhere_node octowhere-node/src/node.rs:1810)
967.640123 [INFO ] [MESH] heard id=1 timebase=Gps hops=0 taken=Refined late_us=Some(229) len=54 rssi=-34 snr=6 entries=1 new=1 neighbours=0x00000001 messages=0/0 summary=false (octowhere_node octowhere-node/src/node.rs:1810)
1011.128023 [INFO ] [REKEY] switched to generation 6: 0 removed Some(2) (octowhere_node octowhere-node/src/node.rs:2332)
1043.617958 [INFO ] [REKEY] every member is on the new key; the old one is dropped (octowhere_node octowhere-node/src/node.rs:1797)
1043.619642 [INFO ] [MESH] heard id=1 timebase=Gps hops=0 taken=Refined late_us=Some(128) len=80 rssi=-35 snr=6 entries=1 new=1 neighbours=0x00000001 messages=0/0 summary=true (octowhere_node octowhere-node/src/node.rs:1810)
1043.676839 [INFO ] [SETTINGS] Rekey(pending=false old=0) saved in 48134us (octowhere octowhere/src/main.rs:964)
1107.838807 [INFO ] [MESH] command RemoveDevice { id: 1, device: [13, 93, 198, 127, 180, 125, 47, 198] } (octowhere_node octowhere-node/src/node.rs:991)
1107.839887 [INFO ] [REKEY] removing 1: generation 7 from round 39802260 (now 39802255), 0 to tell (octowhere_node octowhere-node/src/node.rs:2221)
1107.935104 [INFO ] [SETTINGS] Rekey(pending=true old=0) saved in 18756us (octowhere octowhere/src/main.rs:964)
1132.171906 [INFO ] [MESH] heard id=1 timebase=Gps hops=0 taken=Refined late_us=Some(386) len=54 rssi=-35 snr=6 entries=1 new=1 neighbours=0x00000001 messages=0/0 summary=false (octowhere_node octowhere-node/src/node.rs:1810)
1185.609231 [INFO ] [MESH] heard id=1 timebase=Gps hops=0 taken=Refined late_us=Some(-141) len=54 rssi=-35 snr=7 entries=1 new=1 neighbours=0x00000001 messages=0/0 summary=false (octowhere_node octowhere-node/src/node.rs:1810)
1271.390845 [INFO ] [MESH] heard id=1 timebase=Gps hops=0 taken=Refined late_us=Some(346) len=54 rssi=-35 snr=6 entries=1 new=1 neighbours=0x00000001 messages=0/0 summary=false (octowhere_node octowhere-node/src/node.rs:1810)
1326.128687 [INFO ] [REKEY] switched to generation 7: 0 removed Some(1) (octowhere_node octowhere-node/src/node.rs:2332)
1755.139381 [INFO ] [MESH] timebase root=0 hops=0 (octowhere_node octowhere-node/src/node.rs:3057)
1880.188682 [INFO ] [MESH] command Add (octowhere_node octowhere-node/src/node.rs:991)
1885.701023 [INFO ] [PAIR] Add Done(Added { id: 1, returning: false }) (0s left) (octowhere_node octowhere-node/src/node.rs:3044)
1913.189931 [INFO ] [MESH] command Phantom (octowhere_node octowhere-node/src/node.rs:991)
1913.247535 [INFO ] [MESH] enrolled a phantom at 2 (octowhere_node octowhere-node/src/node.rs:1113)
1913.315967 [INFO ] [SETTINGS] Rekey(pending=false old=0) saved in 63467us (octowhere octowhere/src/main.rs:964)
1913.333931 [INFO ] [SETTINGS] Member(2, Phantom) saved in 17671us (octowhere octowhere/src/main.rs:964)
1953.418113 [INFO ] [MESH] heard id=1 timebase=Gps hops=0 taken=Adopted late_us=None len=48 rssi=-34 snr=6 entries=1 new=1 neighbours=0x00000001 messages=0/0 summary=false (octowhere_node octowhere-node/src/node.rs:1810)
1953.419070 [INFO ] [MESH] timebase GPS hops=1 (octowhere_node octowhere-node/src/node.rs:3053)
1963.399915 [INFO ] [MESH] command Remove(2) (octowhere_node octowhere-node/src/node.rs:991)
1963.400905 [INFO ] [REKEY] removing 2: generation 8 from round 39802280 (now 39802274), 1 to tell (octowhere_node octowhere-node/src/node.rs:2221)
1963.496915 [INFO ] [SETTINGS] Rekey(pending=true old=0) saved in 54813us (octowhere octowhere/src/main.rs:964)
1970.298886 [INFO ] [MESH] heard id=1 timebase=Gps hops=0 taken=Refined late_us=Some(100) len=54 rssi=-34 snr=7 entries=1 new=1 neighbours=0x00000001 messages=0/0 summary=true (octowhere_node octowhere-node/src/node.rs:1810)
2046.293466 [INFO ] [MESH] heard id=1 timebase=Gps hops=0 taken=Refined late_us=Some(41) len=91 rssi=-35 snr=7 entries=1 new=1 neighbours=0x00000001 messages=1/1 summary=false (octowhere_node octowhere-node/src/node.rs:1810)
2223.424476 [INFO ] [MESH] heard id=1 timebase=Gps hops=0 taken=Refined late_us=Some(722) len=54 rssi=-34 snr=7 entries=1 new=1 neighbours=0x00000001 messages=0/0 summary=false (octowhere_node octowhere-node/src/node.rs:1810)
2226.130966 [INFO ] [REKEY] switched to generation 8: 0 removed Some(2) (octowhere_node octowhere-node/src/node.rs:2332)
2349.985643 [INFO ] [REKEY] 1 is on generation 7; its key message goes to it (octowhere_node octowhere-node/src/node.rs:2585)
2362.395087 [INFO ] [MESH] command Add (octowhere_node octowhere-node/src/node.rs:991)
2367.988242 [INFO ] [PAIR] Add Done(Added { id: 1, returning: true }) (0s left) (octowhere_node octowhere-node/src/node.rs:3044)
2372.946718 [INFO ] [SETTINGS] Rekey(pending=false old=1) saved in 18173us (octowhere octowhere/src/main.rs:964)
