2.530326 [INFO ] [MESH] id=1 name=Roger Roger members=2 mac=[44, 1b, f6, 86, 1c, 1c] (octowhere_node octowhere-node/src/node.rs:716)
2.538462 [INFO ] [MESH] id=1 members=2 generation=5 removal pending=false declinable until=Some(39803738) old keys=0 (octowhere_node octowhere-node/src/node.rs:940)
137.532367 [INFO ] [MESH] timebase GPS hops=0 (octowhere_node octowhere-node/src/node.rs:3053)
592.271349 [INFO ] [MESH] heard id=0 timebase=Gps hops=1 taken=Ignored late_us=Some(796) len=168 rssi=-33 snr=6 entries=1 new=0 neighbours=0x00000002 messages=0/0 summary=false (octowhere_node octowhere-node/src/node.rs:1810)
621.619301 [INFO ] [SETTINGS] Member(2, Phantom) saved in 21260us (octowhere octowhere/src/main.rs:964)
747.043547 [INFO ] [REKEY] 0 asks to remove 2: generation 6 from round 39802253 (now 39802247) unless declined (octowhere_node octowhere-node/src/node.rs:2306)
747.044469 [INFO ] [MESH] heard id=0 timebase=Gps hops=1 taken=Ignored late_us=Some(435) len=208 rssi=-33 snr=7 entries=1 new=0 neighbours=0x00000002 messages=1/1 summary=false (octowhere_node octowhere-node/src/node.rs:1810)
747.107015 [INFO ] [SETTINGS] Rekey(pending=true old=0) saved in 61715us (octowhere octowhere/src/main.rs:964)
788.944623 [INFO ] [MESH] heard id=0 timebase=Gps hops=1 taken=Ignored late_us=Some(390) len=54 rssi=-33 snr=7 entries=1 new=0 neighbours=0x00000002 messages=0/0 summary=false (octowhere_node octowhere-node/src/node.rs:1810)
938.007528 [INFO ] [MESH] heard id=0 timebase=Gps hops=1 taken=Ignored late_us=Some(801) len=54 rssi=-33 snr=7 entries=1 new=0 neighbours=0x00000002 messages=0/0 summary=false (octowhere_node octowhere-node/src/node.rs:1810)
1006.807084 [INFO ] [REKEY] switched to generation 6: 0 removed Some(2) (octowhere_node octowhere-node/src/node.rs:2332)
1006.807144 [INFO ] [REKEY] it can be declined until round 39804173 (octowhere_node octowhere-node/src/node.rs:2354)
1170.042982 [INFO ] [REKEY] 0 is on generation 5; no key message is held for it (octowhere_node octowhere-node/src/node.rs:2568)
1205.194053 [INFO ] [REKEY] every member is on the new key; the old one is dropped (octowhere_node octowhere-node/src/node.rs:1797)
1205.195721 [INFO ] [MESH] heard id=0 timebase=Gps hops=1 taken=Ignored late_us=Some(989) len=54 rssi=-33 snr=7 entries=1 new=0 neighbours=0x00000002 messages=0/0 summary=false (octowhere_node octowhere-node/src/node.rs:1810)
1205.231129 [INFO ] [SETTINGS] Rekey(pending=false old=0) saved in 22810us (octowhere octowhere/src/main.rs:964)
1740.980767 [WARN ] [REKEY] 0 removed this device from the group (octowhere_node octowhere-node/src/node.rs:2786)
1740.981173 [INFO ] [MESH] heard id=0 timebase=Gps hops=1 taken=Ignored late_us=Some(-28) len=57 rssi=-33 snr=6 entries=0 new=0 neighbours=0x00000000 messages=1/1 summary=false (octowhere_node octowhere-node/src/node.rs:1810)
1841.387766 [INFO ] [MESH] command Leave (octowhere_node octowhere-node/src/node.rs:991)
1841.480731 [INFO ] [MESH] left the group (octowhere_node octowhere-node/src/node.rs:1027)
1876.112106 [INFO ] [MESH] command Join (octowhere_node octowhere-node/src/node.rs:991)
1881.380111 [INFO ] [PAIR] Join Done(Joined { id: 1, confirmed: true }) (0s left) (octowhere_node octowhere-node/src/node.rs:3044)
1881.385683 [INFO ] [MESH] timebase GPS hops=0 (octowhere_node octowhere-node/src/node.rs:3053)
1887.408451 [INFO ] [MESH] id=0 is on a lower timebase; a notice goes to it (octowhere_node octowhere-node/src/node.rs:1712)
1887.410087 [INFO ] [MESH] heard id=0 timebase=Node(0) hops=0 taken=Ignored late_us=None len=178 rssi=-33 snr=6 entries=1 new=0 neighbours=0x00000000 messages=0/0 summary=false (octowhere_node octowhere-node/src/node.rs:1810)
1926.811712 [INFO ] [MESH] heard id=0 timebase=Node(0) hops=0 taken=Ignored late_us=None len=174 rssi=-33 snr=7 entries=1 new=0 neighbours=0x00000000 messages=0/0 summary=false (octowhere_node octowhere-node/src/node.rs:1810)
1949.152868 [INFO ] [SETTINGS] Member(2, Phantom) saved in 54067us (octowhere octowhere/src/main.rs:964)
1992.954047 [INFO ] [REKEY] key message from 0 for generation 6 ignored (octowhere_node octowhere-node/src/node.rs:2298)
1992.954417 [INFO ] [MESH] heard id=0 timebase=Gps hops=1 taken=Ignored late_us=Some(787) len=208 rssi=-33 snr=7 entries=1 new=0 neighbours=0x00000002 messages=1/1 summary=false (octowhere_node octowhere-node/src/node.rs:1810)
2004.240044 [INFO ] [REKEY] 0 asks to remove 2: generation 8 from round 39802280 (now 39802275) unless declined (octowhere_node octowhere-node/src/node.rs:2306)
2004.240685 [INFO ] [MESH] heard id=0 timebase=Gps hops=1 taken=Ignored late_us=Some(954) len=232 rssi=-33 snr=7 entries=1 new=0 neighbours=0x00000002 messages=1/1 summary=true (octowhere_node octowhere-node/src/node.rs:1810)
2004.302666 [INFO ] [SETTINGS] Rekey(pending=true old=0) saved in 20590us (octowhere octowhere/src/main.rs:964)
2127.518765 [INFO ] [MESH] command KeepKey([78, 74, 234, 122, 9, 215, 93, 243]) (octowhere_node octowhere-node/src/node.rs:991)
2127.519726 [INFO ] [REKEY] declined: the member stays, and this device keeps its key (octowhere_node octowhere-node/src/node.rs:2459)
2127.672653 [INFO ] [SETTINGS] Rekey(pending=false old=0) saved in 42846us (octowhere octowhere/src/main.rs:964)
2171.288517 [INFO ] [MESH] heard id=0 timebase=Gps hops=1 taken=Ignored late_us=Some(662) len=54 rssi=-33 snr=7 entries=1 new=0 neighbours=0x00000002 messages=0/0 summary=false (octowhere_node octowhere-node/src/node.rs:1810)
2340.044198 [INFO ] [MESH] heard id=0 timebase=Gps hops=1 taken=Ignored late_us=Some(951) len=57 rssi=-32 snr=7 entries=0 new=0 neighbours=0x00000000 messages=1/1 summary=false (octowhere_node octowhere-node/src/node.rs:1810)
2352.731636 [INFO ] [MESH] command Leave (octowhere_node octowhere-node/src/node.rs:991)
2352.879169 [INFO ] [MESH] left the group (octowhere_node octowhere-node/src/node.rs:1027)
2358.293435 [INFO ] [MESH] command Join (octowhere_node octowhere-node/src/node.rs:991)
2363.666147 [INFO ] [PAIR] Join Done(Joined { id: 1, confirmed: true }) (0s left) (octowhere_node octowhere-node/src/node.rs:3044)
2363.673705 [INFO ] [MESH] timebase GPS hops=0 (octowhere_node octowhere-node/src/node.rs:3053)
2403.504771 [INFO ] [MESH] heard id=0 timebase=Gps hops=1 taken=Ignored late_us=Some(819) len=178 rssi=-33 snr=7 entries=1 new=0 neighbours=0x00000002 messages=0/0 summary=false (octowhere_node octowhere-node/src/node.rs:1810)
