[2026-10-04T04:14:37Z INFO ] Serial port: '/dev/ttyACM0'
[2026-10-04T04:14:37Z INFO ] Connecting...
[2026-10-04T04:14:37Z INFO ] Using flash stub
I (270) esp_image: segment 3: paddr=000b79bc vaddr=00000000 size2.497844 [INFO ] [BOOT] Gnss Answered in 634ms (octowhere octowhere/src/main.rs:1831)
2.537413 [INFO ] [GNSS] reference time 2026-10-04 04:14:38 sent=true (octowhere octowhere/src/main.rs:2355)
2.537469 [INFO ] [BOOT] answered: power=true clock=true touch=true motion=true magnet=true gnss=true (octowhere octowhere/src/main.rs:2197)
2.546001 [INFO ] [LORA] init_ok (octowhere octowhere/src/main.rs:2499)
2.546059 [INFO ] [BOOT] Radio Answered in 8ms (octowhere octowhere/src/main.rs:1831)
2.546255 [INFO ] [TOUCH] OK resolution=466x466 firmware=0x1000001 checksum=0x693275ee (octowhere octowhere/src/main.rs:2250)
2.546701 [INFO ] [MESH] id=0 name=Dredge members=2 mac=[44, 1b, f6, 86, 1a, 38] (octowhere_node octowhere-node/src/node.rs:718)
2.550210 [INFO ] [MESH] tuned=true (octowhere_node octowhere-node/src/node.rs:773)
2.551840 [INFO ] [MESH] id=0 members=2 generation=5 removal pending=false declinable until=None old keys=0 (octowhere_node octowhere-node/src/node.rs:817)
2.552919 [INFO ] [MEM] internal_used=60928 psram_used=942532 (octowhere octowhere/src/main.rs:2285)
30.328192 [WARN ] [GNSS] stuck; resetting it, 1 resets since it last sent NMEA (octowhere octowhere/src/main.rs:1225)
30.582358 [WARN ] [PMIC] key read failed (octowhere octowhere/src/main.rs:995)
32.057313 [INFO ] [GNSS] reset configured=true (octowhere octowhere/src/main.rs:1233)
32.091287 [INFO ] [GNSS] reference time 2026-10-04 04:15:08 sent=true (octowhere octowhere/src/main.rs:2355)
92.091531 [WARN ] [GNSS] stuck; resetting it, 1 resets since it last sent NMEA (octowhere octowhere/src/main.rs:1225)
92.213937 [WARN ] [PMIC] key read failed (octowhere octowhere/src/main.rs:995)
93.799924 [INFO ] [GNSS] reset configured=true (octowhere octowhere/src/main.rs:1233)
93.833889 [INFO ] [GNSS] reference time 2026-10-04 04:16:10 sent=true (octowhere octowhere/src/main.rs:2355)
137.547865 [INFO ] [MESH] timebase root=0 hops=0 (octowhere_node octowhere-node/src/node.rs:2756)
151.039410 [INFO ] [MESH] id=1 is on a lower timebase; a notice goes to it (octowhere_node octowhere-node/src/node.rs:1541)
151.040821 [INFO ] [MESH] heard id=1 timebase=Node(1) hops=0 taken=Ignored late_us=None len=36 rssi=-35 snr=7 entries=0 new=0 neighbours=0x00000000 messages=0/0 summary=false (octowhere_node octowhere-node/src/node.rs:1629)
153.834139 [WARN ] [GNSS] stuck; resetting it, 1 resets since it last sent NMEA (octowhere octowhere/src/main.rs:1225)
153.943107 [WARN ] [PMIC] key read failed (octowhere octowhere/src/main.rs:995)
155.583752 [INFO ] [GNSS] reset configured=true (octowhere octowhere/src/main.rs:1233)
155.617082 [INFO ] [GNSS] reference time 2026-10-04 04:17:11 sent=true (octowhere octowhere/src/main.rs:2355)
166.260087 [INFO ] [MESH] command Refresh (octowhere_node octowhere-node/src/node.rs:868)
166.260220 [INFO ] [MESH] refreshing for 135s (octowhere_node octowhere-node/src/node.rs:2668)
171.977329 [INFO ] [MESH] round=39801943 sending=true sweeping=true (octowhere_node octowhere-node/src/node.rs:1128)
172.085356 [INFO ] [MESH] sent round=39801943 len=36 entries=0 records=0x00000000 asked=0x00000000 neighbours=0x00000002 messages=0 summary=false done=true (octowhere_node octowhere-node/src/node.rs:1733)
194.587839 [INFO ] [MESH] heard id=1 timebase=Node(0) hops=1 taken=Ignored late_us=Some(942) len=36 rssi=-34 snr=7 entries=0 new=0 neighbours=0x00000001 messages=0/0 summary=false (octowhere_node octowhere-node/src/node.rs:1629)
224.119195 [INFO ] [MESH] heard id=1 timebase=Node(0) hops=1 taken=Ignored late_us=Some(1057) len=36 rssi=-35 snr=6 entries=0 new=0 neighbours=0x00000001 messages=0/0 summary=false (octowhere_node octowhere-node/src/node.rs:1629)
240.883544 [INFO ] [MESH] round=39801944 sending=true sweeping=true (octowhere_node octowhere-node/src/node.rs:1128)
240.991565 [INFO ] [MESH] sent round=39801944 len=36 entries=0 records=0x00000000 asked=0x00000000 neighbours=0x00000002 messages=0 summary=false done=true (octowhere_node octowhere-node/src/node.rs:1733)
271.821099 [INFO ] [MESH] round=39801945 sending=true sweeping=true (octowhere_node octowhere-node/src/node.rs:1128)
271.929092 [INFO ] [MESH] sent round=39801945 len=36 entries=0 records=0x00000000 asked=0x00000000 neighbours=0x00000002 messages=0 summary=false done=true (octowhere_node octowhere-node/src/node.rs:1733)
301.260855 [INFO ] [MESH] refresh ended heard=0x00000002 learned=0x00000000 (octowhere_node octowhere-node/src/node.rs:2703)
306.977092 [INFO ] [MESH] round=39801946 sending=false sweeping=false (octowhere_node octowhere-node/src/node.rs:1128)
307.116686 [INFO ] [MESH] notice sent done=true (octowhere_node octowhere-node/src/node.rs:1322)
318.449423 [WARN ] [GNSS] stuck; resetting it, 1 resets since it last sent NMEA (octowhere octowhere/src/main.rs:1225)
318.703674 [WARN ] [PMIC] key read failed (octowhere octowhere/src/main.rs:995)
320.136498 [INFO ] [GNSS] reset configured=true (octowhere octowhere/src/main.rs:1233)
320.170192 [INFO ] [GNSS] reference time 2026-10-04 04:19:56 sent=true (octowhere octowhere/src/main.rs:2355)
375.883039 [INFO ] [MESH] round=39801947 sending=false sweeping=false (octowhere_node octowhere-node/src/node.rs:1128)
380.170461 [WARN ] [GNSS] stuck; resetting it, 1 resets since it last sent NMEA (octowhere octowhere/src/main.rs:1225)
380.222823 [WARN ] [PMIC] key read failed (octowhere octowhere/src/main.rs:995)
381.853961 [INFO ] [GNSS] reset configured=true (octowhere octowhere/src/main.rs:1233)
381.887899 [INFO ] [GNSS] reference time 2026-10-04 04:20:58 sent=true (octowhere octowhere/src/main.rs:2355)
402.601809 [INFO ] [MESH] round=39801948 sending=true sweeping=false (octowhere_node octowhere-node/src/node.rs:1128)
402.710631 [INFO ] [MESH] sent round=39801948 len=36 entries=0 records=0x00000000 asked=0x00000000 neighbours=0x00000002 messages=0 summary=false done=true (octowhere_node octowhere-node/src/node.rs:1733)
430.726889 [INFO ] [MESH] round=39801949 sending=false sweeping=false (octowhere_node octowhere-node/src/node.rs:1128)
433.650463 [INFO ] [MESH] heard id=1 timebase=Node(0) hops=1 taken=Ignored late_us=Some(1016) len=36 rssi=-35 snr=7 entries=0 new=0 neighbours=0x00000001 messages=0/0 summary=false (octowhere_node octowhere-node/src/node.rs:1629)
503.851810 [INFO ] [MESH] round=39801950 sending=false sweeping=false (octowhere_node octowhere-node/src/node.rs:1128)
530.570519 [INFO ] [MESH] round=39801951 sending=true sweeping=false (octowhere_node octowhere-node/src/node.rs:1128)
530.679160 [INFO ] [MESH] sent round=39801951 len=36 entries=0 records=0x00000000 asked=0x00000000 neighbours=0x00000002 messages=0 summary=false done=true (octowhere_node octowhere-node/src/node.rs:1733)
582.713228 [INFO ] [MESH] heard id=1 timebase=Node(0) hops=1 taken=Ignored late_us=Some(1338) len=36 rssi=-34 snr=7 entries=0 new=0 neighbours=0x00000001 messages=0/0 summary=false (octowhere_node octowhere-node/src/node.rs:1629)
596.664394 [INFO ] [MESH] round=39801952 sending=false sweeping=false (octowhere_node octowhere-node/src/node.rs:1128)
600.038096 [INFO ] [DISPLAY] shift 3 0 (octowhere octowhere/src/main.rs:663)
636.039382 [INFO ] [MESH] round=39801953 sending=false sweeping=false (octowhere_node octowhere-node/src/node.rs:1128)
693.695537 [INFO ] [MESH] round=39801954 sending=true sweeping=false (octowhere_node octowhere-node/src/node.rs:1128)
693.804784 [INFO ] [MESH] sent round=39801954 len=36 entries=0 records=0x00000000 asked=0x00000000 neighbours=0x00000002 messages=0 summary=false done=true (octowhere_node octowhere-node/src/node.rs:1733)
716.195614 [INFO ] [MESH] round=39801955 sending=false sweeping=false (octowhere_node octowhere-node/src/node.rs:1128)
717.713175 [INFO ] [MESH] heard id=1 timebase=Node(0) hops=1 taken=Ignored late_us=Some(1278) len=36 rssi=-35 snr=6 entries=0 new=0 neighbours=0x00000001 messages=0/0 summary=false (octowhere_node octowhere-node/src/node.rs:1629)
768.226902 [INFO ] [MESH] round=39801956 sending=false sweeping=false (octowhere_node octowhere-node/src/node.rs:1128)
797.758501 [INFO ] [MESH] round=39801957 sending=true sweeping=true (octowhere_node octowhere-node/src/node.rs:1128)
797.866453 [INFO ] [MESH] sent round=39801957 len=36 entries=0 records=0x00000000 asked=0x00000000 neighbours=0x00000002 messages=0 summary=false done=true (octowhere_node octowhere-node/src/node.rs:1733)
828.807215 [INFO ] [MESH] heard id=1 timebase=Node(0) hops=1 taken=Ignored late_us=Some(1552) len=36 rssi=-35 snr=7 entries=0 new=0 neighbours=0x00000001 messages=0/0 summary=false (octowhere_node octowhere-node/src/node.rs:1629)
848.494024 [INFO ] [MESH] heard id=1 timebase=Node(0) hops=1 taken=Ignored late_us=Some(884) len=36 rssi=-35 snr=6 entries=0 new=0 neighbours=0x00000001 messages=0/0 summary=false (octowhere_node octowhere-node/src/node.rs:1629)
