[2026-10-04T04:14:39Z INFO ] Serial port: '/dev/ttyACM1'
[2026-10-04T04:14:39Z INFO ] Connecting...
[2026-10-04T04:14:39Z INFO ] Using flash stub
I (270) esp_image: segment 3: paddr=000b79bc vaddr=00000000 size2.460061 [INFO ] [BOOT] Gnss Answered in 624ms (octowhere octowhere/src/main.rs:1831)
2.499773 [INFO ] [GNSS] reference time 2026-10-04 04:14:40 sent=true (octowhere octowhere/src/main.rs:2355)
2.499842 [INFO ] [BOOT] answered: power=true clock=true touch=true motion=true magnet=true gnss=true (octowhere octowhere/src/main.rs:2197)
2.620602 [INFO ] [LORA] init_ok (octowhere octowhere/src/main.rs:2499)
2.620647 [INFO ] [BOOT] Radio Answered in 120ms (octowhere octowhere/src/main.rs:1831)
2.620837 [INFO ] [TOUCH] OK resolution=466x466 firmware=0x1000001 checksum=0x693275ee (octowhere octowhere/src/main.rs:2250)
2.621264 [INFO ] [MESH] id=1 name=Roger Roger members=2 mac=[44, 1b, f6, 86, 1c, 1c] (octowhere_node octowhere-node/src/node.rs:718)
2.626416 [INFO ] [MESH] tuned=true (octowhere_node octowhere-node/src/node.rs:773)
2.628736 [INFO ] [MESH] id=1 members=2 generation=5 removal pending=false declinable until=Some(39803738) old keys=0 (octowhere_node octowhere-node/src/node.rs:817)
2.629729 [INFO ] [MEM] internal_used=61536 psram_used=942532 (octowhere octowhere/src/main.rs:2285)
137.622469 [INFO ] [MESH] timebase root=1 hops=0 (octowhere_node octowhere-node/src/node.rs:2756)
149.042232 [INFO ] [MESH] round=39801942 sending=true sweeping=false (octowhere_node octowhere-node/src/node.rs:1128)
149.150814 [INFO ] [MESH] sent round=39801942 len=36 entries=0 records=0x00000000 asked=0x00000000 neighbours=0x00000000 messages=0 summary=false done=true (octowhere_node octowhere-node/src/node.rs:1733)
170.200341 [INFO ] [MESH] heard id=0 timebase=Node(0) hops=0 taken=Adopted late_us=None len=36 rssi=-33 snr=7 entries=0 new=0 neighbours=0x00000002 messages=0/0 summary=false (octowhere_node octowhere-node/src/node.rs:1629)
170.200817 [INFO ] [MESH] timebase root=0 hops=1 (octowhere_node octowhere-node/src/node.rs:2756)
192.590155 [INFO ] [MESH] round=39801943 sending=true sweeping=false (octowhere_node octowhere-node/src/node.rs:1128)
192.698758 [INFO ] [MESH] sent round=39801943 len=36 entries=0 records=0x00000000 asked=0x00000000 neighbours=0x00000001 messages=0 summary=false done=true (octowhere_node octowhere-node/src/node.rs:1733)
222.121912 [INFO ] [MESH] round=39801944 sending=true sweeping=true (octowhere_node octowhere-node/src/node.rs:1128)
222.229974 [INFO ] [MESH] sent round=39801944 len=36 entries=0 records=0x00000000 asked=0x00000000 neighbours=0x00000001 messages=0 summary=false done=true (octowhere_node octowhere-node/src/node.rs:1733)
239.106365 [INFO ] [MESH] heard id=0 timebase=Node(0) hops=0 taken=Refined late_us=Some(-247) len=36 rssi=-32 snr=7 entries=0 new=0 neighbours=0x00000002 messages=0/0 summary=false (octowhere_node octowhere-node/src/node.rs:1629)
260.090296 [INFO ] [MESH] round=39801945 sending=false sweeping=false (octowhere_node octowhere-node/src/node.rs:1128)
270.043973 [INFO ] [MESH] heard id=0 timebase=Node(0) hops=0 taken=Refined late_us=Some(-64) len=36 rssi=-33 snr=6 entries=0 new=0 neighbours=0x00000002 messages=0/0 summary=false (octowhere_node octowhere-node/src/node.rs:1629)
309.308664 [INFO ] [MESH] round=39801946 sending=true sweeping=false (octowhere_node octowhere-node/src/node.rs:1128)
309.417281 [INFO ] [MESH] sent round=39801946 len=36 entries=0 records=0x00000000 asked=0x00000000 neighbours=0x00000001 messages=0 summary=false done=true (octowhere_node octowhere-node/src/node.rs:1733)
359.933738 [INFO ] [MESH] round=39801947 sending=false sweeping=false (octowhere_node octowhere-node/src/node.rs:1128)
400.824927 [INFO ] [MESH] heard id=0 timebase=Node(0) hops=0 taken=Refined late_us=Some(-114) len=36 rssi=-33 snr=7 entries=0 new=0 neighbours=0x00000002 messages=0/0 summary=false (octowhere_node octowhere-node/src/node.rs:1629)
413.371161 [INFO ] [MESH] round=39801948 sending=false sweeping=false (octowhere_node octowhere-node/src/node.rs:1128)
431.652270 [INFO ] [MESH] round=39801949 sending=true sweeping=false (octowhere_node octowhere-node/src/node.rs:1128)
431.760803 [INFO ] [MESH] sent round=39801949 len=36 entries=0 records=0x00000000 asked=0x00000000 neighbours=0x00000001 messages=0 summary=false done=true (octowhere_node octowhere-node/src/node.rs:1733)
479.464839 [INFO ] [MESH] round=39801950 sending=false sweeping=false (octowhere_node octowhere-node/src/node.rs:1128)
525.871054 [INFO ] [MESH] round=39801951 sending=false sweeping=false (octowhere_node octowhere-node/src/node.rs:1128)
528.793394 [INFO ] [MESH] heard id=0 timebase=Node(0) hops=0 taken=Refined late_us=Some(-319) len=36 rssi=-33 snr=7 entries=0 new=0 neighbours=0x00000002 messages=0/0 summary=false (octowhere_node octowhere-node/src/node.rs:1629)
580.714828 [INFO ] [MESH] round=39801952 sending=true sweeping=false (octowhere_node octowhere-node/src/node.rs:1128)
580.823351 [INFO ] [MESH] sent round=39801952 len=36 entries=0 records=0x00000000 asked=0x00000000 neighbours=0x00000001 messages=0 summary=false done=true (octowhere_node octowhere-node/src/node.rs:1733)
600.028675 [INFO ] [DISPLAY] shift 3 0 (octowhere octowhere/src/main.rs:663)
610.245762 [INFO ] [MESH] round=39801953 sending=false sweeping=false (octowhere_node octowhere-node/src/node.rs:1128)
662.277017 [INFO ] [MESH] round=39801954 sending=false sweeping=false (octowhere_node octowhere-node/src/node.rs:1128)
691.918420 [INFO ] [MESH] heard id=0 timebase=Node(0) hops=0 taken=Refined late_us=Some(41) len=36 rssi=-33 snr=7 entries=0 new=0 neighbours=0x00000002 messages=0/0 summary=false (octowhere_node octowhere-node/src/node.rs:1629)
715.714402 [INFO ] [MESH] round=39801955 sending=true sweeping=false (octowhere_node octowhere-node/src/node.rs:1128)
715.823030 [INFO ] [MESH] sent round=39801955 len=36 entries=0 records=0x00000000 asked=0x00000000 neighbours=0x00000001 messages=0 summary=false done=true (octowhere_node octowhere-node/src/node.rs:1733)
763.527105 [INFO ] [MESH] round=39801956 sending=false sweeping=false (octowhere_node octowhere-node/src/node.rs:1128)
795.980217 [INFO ] [MESH] heard id=0 timebase=Node(0) hops=0 taken=Refined late_us=Some(-704) len=36 rssi=-33 snr=7 entries=0 new=0 neighbours=0x00000002 messages=0/0 summary=false (octowhere_node octowhere-node/src/node.rs:1629)
826.808763 [INFO ] [MESH] round=39801957 sending=true sweeping=true (octowhere_node octowhere-node/src/node.rs:1128)
826.916867 [INFO ] [MESH] sent round=39801957 len=36 entries=0 records=0x00000000 asked=0x00000000 neighbours=0x00000001 messages=0 summary=false done=true (octowhere_node octowhere-node/src/node.rs:1733)
846.495016 [INFO ] [MESH] round=39801958 sending=true sweeping=false (octowhere_node octowhere-node/src/node.rs:1128)
846.603665 [INFO ] [MESH] sent round=39801958 len=36 entries=0 records=0x00000000 asked=0x00000000 neighbours=0x00000001 messages=0 summary=false done=true (octowhere_node octowhere-node/src/node.rs:1733)
