[2026-10-08T21:41:54Z INFO ] Serial port: '/dev/ttyACM3'
[2026-10-08T21:41:54Z INFO ] Connecting...
[2026-10-08T21:41:54Z INFO ] Using flash stub
I (448) boot: Loaded app from partition at offset 0x10000

1.729681 [INFO ] [GNSS] configured=true (octowhere firmware/src/main.rs:1479)
1.730294 [INFO ] [GNSS] no reference time: the RTC has none (octowhere firmware/src/main.rs:2788)
9.000163 [INFO ] [STARTUP] board 1a38 (octowhere firmware/src/main.rs:370)
9.000198 [INFO ] [STARTUP] reset power_on=true (octowhere firmware/src/main.rs:371)
9.000223 [INFO ] [STARTUP] mesh generation=20 members=0x3 kept=0x0 stored=0xf (octowhere firmware/src/main.rs:375)
9.000259 [INFO ] [STARTUP] load-group read 515983 (octowhere firmware/src/main.rs:385)
9.000297 [INFO ] [STARTUP] load-members read 570378 (octowhere firmware/src/main.rs:385)
9.000345 [INFO ] [STARTUP] load-restored read 570492 (octowhere firmware/src/main.rs:385)
9.000378 [INFO ] [STARTUP] load-rest read 584297 (octowhere firmware/src/main.rs:385)
9.000408 [INFO ] [STARTUP] load-kept read 593544 (octowhere firmware/src/main.rs:385)
9.000439 [INFO ] [STARTUP] main enter 461919 (octowhere firmware/src/main.rs:392)
9.000530 [INFO ] [STARTUP] esp_hal init 465789 (octowhere firmware/src/main.rs:392)
9.000582 [INFO ] [STARTUP] panel reset 465914 (octowhere firmware/src/main.rs:392)
9.000634 [INFO ] [STARTUP] psram ready 472600 (octowhere firmware/src/main.rs:392)
9.000687 [INFO ] [STARTUP] settings loaded 515075 (octowhere firmware/src/main.rs:392)
9.000741 [INFO ] [STARTUP] trng on 515171 (octowhere firmware/src/main.rs:392)
9.000775 [INFO ] [STARTUP] mesh-store read 593586 (octowhere firmware/src/main.rs:392)
9.000829 [INFO ] [STARTUP] core1 starting 593914 (octowhere firmware/src/main.rs:392)
9.000884 [INFO ] [STARTUP] core1 started 611341 (octowhere firmware/src/main.rs:392)
9.000937 [INFO ] [STARTUP] core1 enter 611577 (octowhere firmware/src/main.rs:392)
9.000990 [INFO ] [STARTUP] identity made 637076 (octowhere firmware/src/main.rs:392)
9.001043 [INFO ] [STARTUP] bring_up enter 639727 (octowhere firmware/src/main.rs:392)
9.001097 [INFO ] [STARTUP] i2c powered 719830 (octowhere firmware/src/main.rs:392)
9.001149 [INFO ] [STARTUP] POWER start 720241 (octowhere firmware/src/main.rs:392)
9.001201 [INFO ] [STARTUP] POWER answered 722000 (octowhere firmware/src/main.rs:392)
9.001255 [INFO ] [STARTUP] exio reset 743750 (octowhere firmware/src/main.rs:392)
9.001306 [INFO ] [STARTUP] CLOCK start 743934 (octowhere firmware/src/main.rs:392)
9.001359 [INFO ] [STARTUP] TOUCH start 744035 (octowhere firmware/src/main.rs:392)
9.001411 [INFO ] [STARTUP] MOTION start 744082 (octowhere firmware/src/main.rs:392)
9.001532 [INFO ] [STARTUP] MAGNET start 744179 (octowhere firmware/src/main.rs:392)
9.001585 [INFO ] [STARTUP] display up 744527 (octowhere firmware/src/main.rs:392)
9.001636 [INFO ] [STARTUP] CLOCK answered 745050 (octowhere firmware/src/main.rs:392)
9.001690 [INFO ] [STARTUP] frame_loop first 745382 (octowhere firmware/src/main.rs:392)
9.001745 [INFO ] [STARTUP] frame_loop drawn 764332 (octowhere firmware/src/main.rs:392)
9.001801 [INFO ] [STARTUP] frame_loop handed 764457 (octowhere firmware/src/main.rs:392)
9.001857 [INFO ] [STARTUP] flush0 start 764630 (octowhere firmware/src/main.rs:392)
9.001910 [INFO ] [STARTUP] flush0 end 778957 (octowhere firmware/src/main.rs:392)
9.001961 [INFO ] [STARTUP] flush1 start 810526 (octowhere firmware/src/main.rs:392)
9.002014 [INFO ] [STARTUP] panel lit 822817 (octowhere firmware/src/main.rs:392)
9.002065 [INFO ] [STARTUP] flush1 end 824277 (octowhere firmware/src/main.rs:392)
9.002116 [INFO ] [STARTUP] TOUCH answered 856543 (octowhere firmware/src/main.rs:392)
9.002170 [INFO ] [STARTUP] MAGNET answered 892636 (octowhere firmware/src/main.rs:392)
9.002225 [INFO ] [STARTUP] MOTION answered 896926 (octowhere firmware/src/main.rs:392)
9.002280 [INFO ] [STARTUP] gnss-settle end 1000150 (octowhere firmware/src/main.rs:392)
9.002334 [INFO ] [STARTUP] GNSS start 1000292 (octowhere firmware/src/main.rs:392)
9.002385 [INFO ] [STARTUP] GNSS answered 1011636 (octowhere firmware/src/main.rs:392)
9.002439 [INFO ] [STARTUP] RADIO start 1011844 (octowhere firmware/src/main.rs:392)
9.002531 [INFO ] [STARTUP] RADIO answered 1013935 (octowhere firmware/src/main.rs:392)
9.002585 [INFO ] [STARTUP] bring_up exit 1014195 (octowhere firmware/src/main.rs:392)
9.002638 [INFO ] [STARTUP] GNSS-config end 1729716 (octowhere firmware/src/main.rs:392)
9.002692 [INFO ] [STARTUP] startup over 6101316 (octowhere firmware/src/main.rs:392)
9.002745 [INFO ] [FRAMES] 0 woke 745702 drawn 764320 (octowhere firmware/src/main.rs:395)
9.002775 [INFO ] [FRAMES] 1 woke 765003 drawn 810335 (octowhere firmware/src/main.rs:395)
9.002805 [INFO ] [FRAMES] 2 woke 810993 drawn 816251 (octowhere firmware/src/main.rs:395)
9.002836 [INFO ] [FRAMES] 3 woke 824776 drawn 829262 (octowhere firmware/src/main.rs:395)
9.002866 [INFO ] [FRAMES] 4 woke 841385 drawn 847246 (octowhere firmware/src/main.rs:395)
9.002897 [INFO ] [FRAMES] 5 woke 847820 drawn 852520 (octowhere firmware/src/main.rs:395)
9.002928 [INFO ] [FRAMES] 6 woke 858354 drawn 865248 (octowhere firmware/src/main.rs:395)
9.002958 [INFO ] [FRAMES] 7 woke 865873 drawn 875837 (octowhere firmware/src/main.rs:395)
9.002989 [INFO ] [FRAMES] 8 woke 877115 drawn 882204 (octowhere firmware/src/main.rs:395)
9.003020 [INFO ] [FRAMES] 9 woke 893207 drawn 904518 (octowhere firmware/src/main.rs:395)
9.003050 [INFO ] [FRAMES] 10 woke 905204 drawn 920125 (octowhere firmware/src/main.rs:395)
9.003081 [INFO ] [FRAMES] 11 woke 920792 drawn 932013 (octowhere firmware/src/main.rs:395)
9.003111 [INFO ] [FRAMES] 12 woke 932751 drawn 943091 (octowhere firmware/src/main.rs:395)
9.003142 [INFO ] [FRAMES] 13 woke 943761 drawn 952945 (octowhere firmware/src/main.rs:395)
9.003173 [INFO ] [FRAMES] 14 woke 960306 drawn 971356 (octowhere firmware/src/main.rs:395)
9.003203 [INFO ] [FRAMES] 15 woke 976074 drawn 987218 (octowhere firmware/src/main.rs:395)
9.003234 [INFO ] [FRAMES] 16 woke 994631 drawn 1007046 (octowhere firmware/src/main.rs:395)
9.003264 [INFO ] [FRAMES] 17 woke 1009578 drawn 1069961 (octowhere firmware/src/main.rs:395)
9.003294 [INFO ] [FRAMES] 18 woke 1070573 drawn 1082634 (octowhere firmware/src/main.rs:395)
9.003324 [INFO ] [FRAMES] 19 woke 1083250 drawn 1094757 (octowhere firmware/src/main.rs:395)
9.003355 [INFO ] [FRAMES] 20 woke 1095735 drawn 1114280 (octowhere firmware/src/main.rs:395)
9.003385 [INFO ] [FRAMES] 21 woke 1114833 drawn 1136725 (octowhere firmware/src/main.rs:395)
9.003415 [INFO ] [FRAMES] 22 woke 1137407 drawn 1159518 (octowhere firmware/src/main.rs:395)
9.003525 [INFO ] [FRAMES] 23 woke 1160140 drawn 1180619 (octowhere firmware/src/main.rs:395)
9.003555 [INFO ] [FRAMES] 24 woke 1184509 drawn 1204718 (octowhere firmware/src/main.rs:395)
9.003586 [INFO ] [FRAMES] 25 woke 1205353 drawn 1227076 (octowhere firmware/src/main.rs:395)
9.003616 [INFO ] [FRAMES] 26 woke 1228407 drawn 1248011 (octowhere firmware/src/main.rs:395)
9.003647 [INFO ] [FRAMES] 27 woke 1251572 drawn 1270962 (octowhere firmware/src/main.rs:395)
9.003677 [INFO ] [FRAMES] 28 woke 1306175 drawn 1307515 (octowhere firmware/src/main.rs:395)
9.003708 [INFO ] [FRAMES] 29 woke 1443411 drawn 1459912 (octowhere firmware/src/main.rs:395)
9.003739 [INFO ] [FRAMES] 30 woke 1476779 drawn 1492533 (octowhere firmware/src/main.rs:395)
9.003769 [INFO ] [FRAMES] 31 woke 1510100 drawn 1528103 (octowhere firmware/src/main.rs:395)
9.003800 [INFO ] [FRAMES] 32 woke 1544225 drawn 1570954 (octowhere firmware/src/main.rs:395)
9.003830 [INFO ] [FRAMES] 33 woke 1571502 drawn 1593369 (octowhere firmware/src/main.rs:395)
9.003861 [INFO ] [FRAMES] 34 woke 1594045 drawn 1611320 (octowhere firmware/src/main.rs:395)
9.003892 [INFO ] [FRAMES] 35 woke 1611916 drawn 1632743 (octowhere firmware/src/main.rs:395)
9.003922 [INFO ] [FRAMES] 36 woke 1643398 drawn 1664798 (octowhere firmware/src/main.rs:395)
9.003953 [INFO ] [FRAMES] 37 woke 1676756 drawn 1704885 (octowhere firmware/src/main.rs:395)
9.003983 [INFO ] [FRAMES] 38 woke 1710053 drawn 1744800 (octowhere firmware/src/main.rs:395)
9.004014 [INFO ] [FRAMES] 39 woke 1745534 drawn 1770521 (octowhere firmware/src/main.rs:395)
9.004045 [INFO ] [FRAMES] 40 woke 1776778 drawn 1807243 (octowhere firmware/src/main.rs:395)
9.004075 [INFO ] [FRAMES] 41 woke 1812486 drawn 1838102 (octowhere firmware/src/main.rs:395)
9.004106 [INFO ] [FRAMES] 42 woke 1843381 drawn 1870794 (octowhere firmware/src/main.rs:395)
9.004136 [INFO ] [FRAMES] 43 woke 1876760 drawn 1897256 (octowhere firmware/src/main.rs:395)
9.004167 [INFO ] [FRAMES] 44 woke 1910048 drawn 1930438 (octowhere firmware/src/main.rs:395)
9.004197 [INFO ] [FRAMES] 45 woke 1943383 drawn 1963652 (octowhere firmware/src/main.rs:395)
9.004228 [INFO ] [FRAMES] 46 woke 1976744 drawn 1993076 (octowhere firmware/src/main.rs:395)
9.004258 [INFO ] [FRAMES] 47 woke 2010089 drawn 2026703 (octowhere firmware/src/main.rs:395)
9.004289 [INFO ] [STARTUP] done (octowhere firmware/src/main.rs:402)
