[2026-10-08T21:41:40Z INFO ] Serial port: '/dev/ttyACM3'
[2026-10-08T21:41:40Z INFO ] Connecting...
[2026-10-08T21:41:41Z INFO ] Using flash stub
I (448) boot: Loaded app from partition at offset 0x10000

1.702143 [INFO ] [GNSS] configured=true (octowhere firmware/src/main.rs:1479)
1.702729 [INFO ] [GNSS] no reference time: the RTC has none (octowhere firmware/src/main.rs:2788)
9.000163 [INFO ] [STARTUP] board 1a38 (octowhere firmware/src/main.rs:370)
9.000233 [INFO ] [STARTUP] reset power_on=true (octowhere firmware/src/main.rs:371)
9.000259 [INFO ] [STARTUP] mesh generation=20 members=0x3 kept=0x0 stored=0xf (octowhere firmware/src/main.rs:375)
9.000294 [INFO ] [STARTUP] load-group read 515980 (octowhere firmware/src/main.rs:385)
9.000333 [INFO ] [STARTUP] load-members read 570376 (octowhere firmware/src/main.rs:385)
9.000380 [INFO ] [STARTUP] load-restored read 570490 (octowhere firmware/src/main.rs:385)
9.000413 [INFO ] [STARTUP] load-rest read 584295 (octowhere firmware/src/main.rs:385)
9.000444 [INFO ] [STARTUP] load-kept read 593541 (octowhere firmware/src/main.rs:385)
9.000474 [INFO ] [STARTUP] main enter 461919 (octowhere firmware/src/main.rs:392)
9.000525 [INFO ] [STARTUP] esp_hal init 465787 (octowhere firmware/src/main.rs:392)
9.000578 [INFO ] [STARTUP] panel reset 465912 (octowhere firmware/src/main.rs:392)
9.000630 [INFO ] [STARTUP] psram ready 472597 (octowhere firmware/src/main.rs:392)
9.000682 [INFO ] [STARTUP] settings loaded 515073 (octowhere firmware/src/main.rs:392)
9.000737 [INFO ] [STARTUP] trng on 515169 (octowhere firmware/src/main.rs:392)
9.000771 [INFO ] [STARTUP] mesh-store read 593584 (octowhere firmware/src/main.rs:392)
9.000825 [INFO ] [STARTUP] core1 starting 593912 (octowhere firmware/src/main.rs:392)
9.000880 [INFO ] [STARTUP] core1 started 611339 (octowhere firmware/src/main.rs:392)
9.000933 [INFO ] [STARTUP] core1 enter 611575 (octowhere firmware/src/main.rs:392)
9.000986 [INFO ] [STARTUP] identity made 637073 (octowhere firmware/src/main.rs:392)
9.001039 [INFO ] [STARTUP] bring_up enter 639725 (octowhere firmware/src/main.rs:392)
9.001093 [INFO ] [STARTUP] i2c powered 719828 (octowhere firmware/src/main.rs:392)
9.001145 [INFO ] [STARTUP] POWER start 720239 (octowhere firmware/src/main.rs:392)
9.001245 [INFO ] [STARTUP] POWER answered 721997 (octowhere firmware/src/main.rs:392)
9.001299 [INFO ] [STARTUP] exio reset 743749 (octowhere firmware/src/main.rs:392)
9.001350 [INFO ] [STARTUP] CLOCK start 743933 (octowhere firmware/src/main.rs:392)
9.001403 [INFO ] [STARTUP] TOUCH start 744034 (octowhere firmware/src/main.rs:392)
9.001455 [INFO ] [STARTUP] MOTION start 744081 (octowhere firmware/src/main.rs:392)
9.001508 [INFO ] [STARTUP] MAGNET start 744178 (octowhere firmware/src/main.rs:392)
9.001561 [INFO ] [STARTUP] display up 744526 (octowhere firmware/src/main.rs:392)
9.001612 [INFO ] [STARTUP] CLOCK answered 745049 (octowhere firmware/src/main.rs:392)
9.001666 [INFO ] [STARTUP] frame_loop first 745381 (octowhere firmware/src/main.rs:392)
9.001722 [INFO ] [STARTUP] frame_loop drawn 764330 (octowhere firmware/src/main.rs:392)
9.001778 [INFO ] [STARTUP] frame_loop handed 764456 (octowhere firmware/src/main.rs:392)
9.001834 [INFO ] [STARTUP] flush0 start 764629 (octowhere firmware/src/main.rs:392)
9.001887 [INFO ] [STARTUP] flush0 end 778976 (octowhere firmware/src/main.rs:392)
9.001938 [INFO ] [STARTUP] flush1 start 810457 (octowhere firmware/src/main.rs:392)
9.001991 [INFO ] [STARTUP] panel lit 822941 (octowhere firmware/src/main.rs:392)
9.002026 [INFO ] [STARTUP] flush1 end 824400 (octowhere firmware/src/main.rs:392)
9.002077 [INFO ] [STARTUP] TOUCH answered 856529 (octowhere firmware/src/main.rs:392)
9.002131 [INFO ] [STARTUP] MAGNET answered 892721 (octowhere firmware/src/main.rs:392)
9.002248 [INFO ] [STARTUP] MOTION answered 896920 (octowhere firmware/src/main.rs:392)
9.002303 [INFO ] [STARTUP] gnss-settle end 1000213 (octowhere firmware/src/main.rs:392)
9.002357 [INFO ] [STARTUP] GNSS start 1000459 (octowhere firmware/src/main.rs:392)
9.002408 [INFO ] [STARTUP] GNSS answered 1011799 (octowhere firmware/src/main.rs:392)
9.002461 [INFO ] [STARTUP] RADIO start 1012008 (octowhere firmware/src/main.rs:392)
9.002514 [INFO ] [STARTUP] RADIO answered 1014098 (octowhere firmware/src/main.rs:392)
9.002568 [INFO ] [STARTUP] bring_up exit 1014356 (octowhere firmware/src/main.rs:392)
9.002621 [INFO ] [STARTUP] GNSS-config end 1702177 (octowhere firmware/src/main.rs:392)
9.002675 [INFO ] [STARTUP] startup over 6101937 (octowhere firmware/src/main.rs:392)
9.002728 [INFO ] [FRAMES] 0 woke 745701 drawn 764318 (octowhere firmware/src/main.rs:395)
9.002758 [INFO ] [FRAMES] 1 woke 765002 drawn 810261 (octowhere firmware/src/main.rs:395)
9.002788 [INFO ] [FRAMES] 2 woke 810923 drawn 816177 (octowhere firmware/src/main.rs:395)
9.002819 [INFO ] [FRAMES] 3 woke 824899 drawn 829387 (octowhere firmware/src/main.rs:395)
9.002849 [INFO ] [FRAMES] 4 woke 841530 drawn 847390 (octowhere firmware/src/main.rs:395)
9.002880 [INFO ] [FRAMES] 5 woke 847964 drawn 852655 (octowhere firmware/src/main.rs:395)
9.002910 [INFO ] [FRAMES] 6 woke 858487 drawn 865381 (octowhere firmware/src/main.rs:395)
9.002941 [INFO ] [FRAMES] 7 woke 865996 drawn 876329 (octowhere firmware/src/main.rs:395)
9.002972 [INFO ] [FRAMES] 8 woke 877255 drawn 882344 (octowhere firmware/src/main.rs:395)
9.003002 [INFO ] [FRAMES] 9 woke 893286 drawn 904595 (octowhere firmware/src/main.rs:395)
9.003033 [INFO ] [FRAMES] 10 woke 905285 drawn 920300 (octowhere firmware/src/main.rs:395)
9.003063 [INFO ] [FRAMES] 11 woke 920974 drawn 932202 (octowhere firmware/src/main.rs:395)
9.003094 [INFO ] [FRAMES] 12 woke 932939 drawn 943251 (octowhere firmware/src/main.rs:395)
9.003124 [INFO ] [FRAMES] 13 woke 943919 drawn 953105 (octowhere firmware/src/main.rs:395)
9.003238 [INFO ] [FRAMES] 14 woke 960504 drawn 971552 (octowhere firmware/src/main.rs:395)
9.003269 [INFO ] [FRAMES] 15 woke 976289 drawn 987433 (octowhere firmware/src/main.rs:395)
9.003299 [INFO ] [FRAMES] 16 woke 994859 drawn 1007462 (octowhere firmware/src/main.rs:395)
9.003330 [INFO ] [FRAMES] 17 woke 1009896 drawn 1070293 (octowhere firmware/src/main.rs:395)
9.003360 [INFO ] [FRAMES] 18 woke 1070903 drawn 1083008 (octowhere firmware/src/main.rs:395)
9.003391 [INFO ] [FRAMES] 19 woke 1083629 drawn 1095120 (octowhere firmware/src/main.rs:395)
9.003422 [INFO ] [FRAMES] 20 woke 1096044 drawn 1114540 (octowhere firmware/src/main.rs:395)
9.003452 [INFO ] [FRAMES] 21 woke 1115085 drawn 1137047 (octowhere firmware/src/main.rs:395)
9.003483 [INFO ] [FRAMES] 22 woke 1137740 drawn 1159849 (octowhere firmware/src/main.rs:395)
9.003513 [INFO ] [FRAMES] 23 woke 1160467 drawn 1181021 (octowhere firmware/src/main.rs:395)
9.003544 [INFO ] [FRAMES] 24 woke 1184797 drawn 1205036 (octowhere firmware/src/main.rs:395)
9.003574 [INFO ] [FRAMES] 25 woke 1206214 drawn 1227240 (octowhere firmware/src/main.rs:395)
9.003605 [INFO ] [FRAMES] 26 woke 1228538 drawn 1248150 (octowhere firmware/src/main.rs:395)
9.003636 [INFO ] [FRAMES] 27 woke 1251913 drawn 1271301 (octowhere firmware/src/main.rs:395)
9.003666 [INFO ] [FRAMES] 28 woke 1306479 drawn 1307839 (octowhere firmware/src/main.rs:395)
9.003697 [INFO ] [FRAMES] 29 woke 1443793 drawn 1459313 (octowhere firmware/src/main.rs:395)
9.003727 [INFO ] [FRAMES] 30 woke 1477179 drawn 1492920 (octowhere firmware/src/main.rs:395)
9.003758 [INFO ] [FRAMES] 31 woke 1510494 drawn 1529020 (octowhere firmware/src/main.rs:395)
9.003788 [INFO ] [FRAMES] 32 woke 1543794 drawn 1571401 (octowhere firmware/src/main.rs:395)
9.003819 [INFO ] [FRAMES] 33 woke 1571962 drawn 1593181 (octowhere firmware/src/main.rs:395)
9.003850 [INFO ] [FRAMES] 34 woke 1594744 drawn 1611310 (octowhere firmware/src/main.rs:395)
9.003880 [INFO ] [FRAMES] 35 woke 1612085 drawn 1636669 (octowhere firmware/src/main.rs:395)
9.003911 [INFO ] [FRAMES] 36 woke 1643761 drawn 1665425 (octowhere firmware/src/main.rs:395)
9.003941 [INFO ] [FRAMES] 37 woke 1677140 drawn 1718533 (octowhere firmware/src/main.rs:395)
9.003972 [INFO ] [FRAMES] 38 woke 1719225 drawn 1752416 (octowhere firmware/src/main.rs:395)
9.004002 [INFO ] [FRAMES] 39 woke 1753138 drawn 1776385 (octowhere firmware/src/main.rs:395)
9.004033 [INFO ] [FRAMES] 40 woke 1777805 drawn 1821114 (octowhere firmware/src/main.rs:395)
9.004063 [INFO ] [FRAMES] 41 woke 1821772 drawn 1856337 (octowhere firmware/src/main.rs:395)
9.004094 [INFO ] [FRAMES] 42 woke 1857143 drawn 1896838 (octowhere firmware/src/main.rs:395)
9.004124 [INFO ] [FRAMES] 43 woke 1897436 drawn 1932051 (octowhere firmware/src/main.rs:395)
9.004238 [INFO ] [FRAMES] 44 woke 1932737 drawn 1948702 (octowhere firmware/src/main.rs:395)
9.004269 [INFO ] [FRAMES] 45 woke 1961037 drawn 1989941 (octowhere firmware/src/main.rs:395)
9.004299 [INFO ] [FRAMES] 46 woke 1990549 drawn 2010293 (octowhere firmware/src/main.rs:395)
9.004330 [INFO ] [FRAMES] 47 woke 2012636 drawn 2034097 (octowhere firmware/src/main.rs:395)
9.004361 [INFO ] [STARTUP] done (octowhere firmware/src/main.rs:402)
