[2026-10-08T21:42:07Z INFO ] Serial port: '/dev/ttyACM3'
[2026-10-08T21:42:07Z INFO ] Connecting...
[2026-10-08T21:42:07Z INFO ] Using flash stub
I (448) boot: Loaded app from partition at offset 0x10000

1.705555 [INFO ] [GNSS] configured=true (octowhere firmware/src/main.rs:1479)
1.706228 [INFO ] [GNSS] no reference time: the RTC has none (octowhere firmware/src/main.rs:2788)
9.000163 [INFO ] [STARTUP] board 1a38 (octowhere firmware/src/main.rs:370)
9.000202 [INFO ] [STARTUP] reset power_on=true (octowhere firmware/src/main.rs:371)
9.000227 [INFO ] [STARTUP] mesh generation=20 members=0x3 kept=0x0 stored=0xf (octowhere firmware/src/main.rs:375)
9.000262 [INFO ] [STARTUP] load-group read 515381 (octowhere firmware/src/main.rs:385)
9.000301 [INFO ] [STARTUP] load-members read 569777 (octowhere firmware/src/main.rs:385)
9.000348 [INFO ] [STARTUP] load-restored read 569890 (octowhere firmware/src/main.rs:385)
9.000381 [INFO ] [STARTUP] load-rest read 583695 (octowhere firmware/src/main.rs:385)
9.000412 [INFO ] [STARTUP] load-kept read 592942 (octowhere firmware/src/main.rs:385)
9.000442 [INFO ] [STARTUP] main enter 461318 (octowhere firmware/src/main.rs:392)
9.000493 [INFO ] [STARTUP] esp_hal init 465188 (octowhere firmware/src/main.rs:392)
9.000545 [INFO ] [STARTUP] panel reset 465313 (octowhere firmware/src/main.rs:392)
9.000598 [INFO ] [STARTUP] psram ready 471998 (octowhere firmware/src/main.rs:392)
9.000650 [INFO ] [STARTUP] settings loaded 514473 (octowhere firmware/src/main.rs:392)
9.000747 [INFO ] [STARTUP] trng on 514570 (octowhere firmware/src/main.rs:392)
9.000781 [INFO ] [STARTUP] mesh-store read 592985 (octowhere firmware/src/main.rs:392)
9.000835 [INFO ] [STARTUP] core1 starting 593312 (octowhere firmware/src/main.rs:392)
9.000889 [INFO ] [STARTUP] core1 started 610739 (octowhere firmware/src/main.rs:392)
9.000943 [INFO ] [STARTUP] core1 enter 610976 (octowhere firmware/src/main.rs:392)
9.000995 [INFO ] [STARTUP] identity made 636474 (octowhere firmware/src/main.rs:392)
9.001048 [INFO ] [STARTUP] bring_up enter 639126 (octowhere firmware/src/main.rs:392)
9.001102 [INFO ] [STARTUP] i2c powered 719228 (octowhere firmware/src/main.rs:392)
9.001154 [INFO ] [STARTUP] POWER start 719640 (octowhere firmware/src/main.rs:392)
9.001206 [INFO ] [STARTUP] POWER answered 721398 (octowhere firmware/src/main.rs:392)
9.001261 [INFO ] [STARTUP] exio reset 743149 (octowhere firmware/src/main.rs:392)
9.001312 [INFO ] [STARTUP] CLOCK start 743333 (octowhere firmware/src/main.rs:392)
9.001364 [INFO ] [STARTUP] TOUCH start 743433 (octowhere firmware/src/main.rs:392)
9.001416 [INFO ] [STARTUP] MOTION start 743480 (octowhere firmware/src/main.rs:392)
9.001469 [INFO ] [STARTUP] MAGNET start 743578 (octowhere firmware/src/main.rs:392)
9.001522 [INFO ] [STARTUP] display up 743925 (octowhere firmware/src/main.rs:392)
9.001573 [INFO ] [STARTUP] CLOCK answered 744449 (octowhere firmware/src/main.rs:392)
9.001628 [INFO ] [STARTUP] frame_loop first 744780 (octowhere firmware/src/main.rs:392)
9.001748 [INFO ] [STARTUP] frame_loop drawn 763730 (octowhere firmware/src/main.rs:392)
9.001803 [INFO ] [STARTUP] frame_loop handed 763855 (octowhere firmware/src/main.rs:392)
9.001860 [INFO ] [STARTUP] flush0 start 764028 (octowhere firmware/src/main.rs:392)
9.001913 [INFO ] [STARTUP] flush0 end 778354 (octowhere firmware/src/main.rs:392)
9.001964 [INFO ] [STARTUP] flush1 start 809925 (octowhere firmware/src/main.rs:392)
9.002017 [INFO ] [STARTUP] panel lit 822199 (octowhere firmware/src/main.rs:392)
9.002067 [INFO ] [STARTUP] flush1 end 823658 (octowhere firmware/src/main.rs:392)
9.002118 [INFO ] [STARTUP] TOUCH answered 855997 (octowhere firmware/src/main.rs:392)
9.002172 [INFO ] [STARTUP] MAGNET answered 892047 (octowhere firmware/src/main.rs:392)
9.002227 [INFO ] [STARTUP] MOTION answered 896322 (octowhere firmware/src/main.rs:392)
9.002282 [INFO ] [STARTUP] gnss-settle end 1000164 (octowhere firmware/src/main.rs:392)
9.002336 [INFO ] [STARTUP] GNSS start 1000304 (octowhere firmware/src/main.rs:392)
9.002387 [INFO ] [STARTUP] GNSS answered 1011652 (octowhere firmware/src/main.rs:392)
9.002441 [INFO ] [STARTUP] RADIO start 1011864 (octowhere firmware/src/main.rs:392)
9.002493 [INFO ] [STARTUP] RADIO answered 1013949 (octowhere firmware/src/main.rs:392)
9.002548 [INFO ] [STARTUP] bring_up exit 1014213 (octowhere firmware/src/main.rs:392)
9.002601 [INFO ] [STARTUP] GNSS-config end 1705585 (octowhere firmware/src/main.rs:392)
9.002655 [INFO ] [STARTUP] startup over 6100944 (octowhere firmware/src/main.rs:392)
9.002744 [INFO ] [FRAMES] 0 woke 745100 drawn 763718 (octowhere firmware/src/main.rs:395)
9.002774 [INFO ] [FRAMES] 1 woke 764401 drawn 809735 (octowhere firmware/src/main.rs:395)
9.002805 [INFO ] [FRAMES] 2 woke 810392 drawn 815651 (octowhere firmware/src/main.rs:395)
9.002835 [INFO ] [FRAMES] 3 woke 824157 drawn 828643 (octowhere firmware/src/main.rs:395)
9.002866 [INFO ] [FRAMES] 4 woke 840764 drawn 846625 (octowhere firmware/src/main.rs:395)
9.002896 [INFO ] [FRAMES] 5 woke 847199 drawn 851897 (octowhere firmware/src/main.rs:395)
9.002927 [INFO ] [FRAMES] 6 woke 857728 drawn 864622 (octowhere firmware/src/main.rs:395)
9.002958 [INFO ] [FRAMES] 7 woke 865244 drawn 875215 (octowhere firmware/src/main.rs:395)
9.002989 [INFO ] [FRAMES] 8 woke 876488 drawn 881575 (octowhere firmware/src/main.rs:395)
9.003019 [INFO ] [FRAMES] 9 woke 892616 drawn 903927 (octowhere firmware/src/main.rs:395)
9.003050 [INFO ] [FRAMES] 10 woke 904613 drawn 919504 (octowhere firmware/src/main.rs:395)
9.003080 [INFO ] [FRAMES] 11 woke 920171 drawn 931397 (octowhere firmware/src/main.rs:395)
9.003111 [INFO ] [FRAMES] 12 woke 932134 drawn 942513 (octowhere firmware/src/main.rs:395)
9.003141 [INFO ] [FRAMES] 13 woke 943183 drawn 952368 (octowhere firmware/src/main.rs:395)
9.003172 [INFO ] [FRAMES] 14 woke 959671 drawn 970721 (octowhere firmware/src/main.rs:395)
9.003202 [INFO ] [FRAMES] 15 woke 975447 drawn 986592 (octowhere firmware/src/main.rs:395)
9.003233 [INFO ] [FRAMES] 16 woke 994006 drawn 1006439 (octowhere firmware/src/main.rs:395)
9.003264 [INFO ] [FRAMES] 17 woke 1008967 drawn 1069496 (octowhere firmware/src/main.rs:395)
9.003293 [INFO ] [FRAMES] 18 woke 1070100 drawn 1082257 (octowhere firmware/src/main.rs:395)
9.003324 [INFO ] [FRAMES] 19 woke 1082849 drawn 1094396 (octowhere firmware/src/main.rs:395)
9.003355 [INFO ] [FRAMES] 20 woke 1095243 drawn 1113598 (octowhere firmware/src/main.rs:395)
9.003385 [INFO ] [FRAMES] 21 woke 1114155 drawn 1136125 (octowhere firmware/src/main.rs:395)
9.003415 [INFO ] [FRAMES] 22 woke 1136806 drawn 1158693 (octowhere firmware/src/main.rs:395)
9.003446 [INFO ] [FRAMES] 23 woke 1159305 drawn 1179644 (octowhere firmware/src/main.rs:395)
9.003477 [INFO ] [FRAMES] 24 woke 1184377 drawn 1204644 (octowhere firmware/src/main.rs:395)
9.003507 [INFO ] [FRAMES] 25 woke 1205279 drawn 1226991 (octowhere firmware/src/main.rs:395)
9.003538 [INFO ] [FRAMES] 26 woke 1228333 drawn 1248018 (octowhere firmware/src/main.rs:395)
9.003568 [INFO ] [FRAMES] 27 woke 1251118 drawn 1270626 (octowhere firmware/src/main.rs:395)
9.003599 [INFO ] [FRAMES] 28 woke 1306723 drawn 1308061 (octowhere firmware/src/main.rs:395)
9.003630 [INFO ] [FRAMES] 29 woke 1443016 drawn 1459453 (octowhere firmware/src/main.rs:395)
9.003738 [INFO ] [FRAMES] 30 woke 1476401 drawn 1492588 (octowhere firmware/src/main.rs:395)
9.003768 [INFO ] [FRAMES] 31 woke 1509680 drawn 1527760 (octowhere firmware/src/main.rs:395)
9.003799 [INFO ] [FRAMES] 32 woke 1543042 drawn 1569521 (octowhere firmware/src/main.rs:395)
9.003830 [INFO ] [FRAMES] 33 woke 1570096 drawn 1591725 (octowhere firmware/src/main.rs:395)
9.003860 [INFO ] [FRAMES] 34 woke 1593770 drawn 1610458 (octowhere firmware/src/main.rs:395)
9.003891 [INFO ] [FRAMES] 35 woke 1611021 drawn 1634700 (octowhere firmware/src/main.rs:395)
9.003921 [INFO ] [FRAMES] 36 woke 1643034 drawn 1664712 (octowhere firmware/src/main.rs:395)
9.003952 [INFO ] [FRAMES] 37 woke 1676366 drawn 1711136 (octowhere firmware/src/main.rs:395)
9.003982 [INFO ] [FRAMES] 38 woke 1711833 drawn 1745398 (octowhere firmware/src/main.rs:395)
9.004013 [INFO ] [FRAMES] 39 woke 1746136 drawn 1769648 (octowhere firmware/src/main.rs:395)
9.004043 [INFO ] [FRAMES] 40 woke 1777020 drawn 1806857 (octowhere firmware/src/main.rs:395)
9.004074 [INFO ] [FRAMES] 41 woke 1812350 drawn 1837956 (octowhere firmware/src/main.rs:395)
9.004104 [INFO ] [FRAMES] 42 woke 1842973 drawn 1870373 (octowhere firmware/src/main.rs:395)
9.004135 [INFO ] [FRAMES] 43 woke 1876353 drawn 1896962 (octowhere firmware/src/main.rs:395)
9.004165 [INFO ] [FRAMES] 44 woke 1909651 drawn 1929938 (octowhere firmware/src/main.rs:395)
9.004196 [INFO ] [FRAMES] 45 woke 1943012 drawn 1959026 (octowhere firmware/src/main.rs:395)
9.004226 [INFO ] [FRAMES] 46 woke 1976363 drawn 1992670 (octowhere firmware/src/main.rs:395)
9.004257 [INFO ] [FRAMES] 47 woke 2009694 drawn 2026295 (octowhere firmware/src/main.rs:395)
9.004288 [INFO ] [STARTUP] done (octowhere firmware/src/main.rs:402)
