[2026-10-08T21:42:50Z INFO ] Serial port: '/dev/ttyACM2'
[2026-10-08T21:42:50Z INFO ] Connecting...
[2026-10-08T21:42:50Z INFO ] Using flash stub
I (447) boot: Loaded app from partition at offset 0x10000

1.701622 [INFO ] [GNSS] configured=true (octowhere firmware/src/main.rs:1479)
1.735411 [INFO ] [GNSS] reference time 2026-10-08 21:42:50 sent=true (octowhere firmware/src/main.rs:2777)
9.000108 [INFO ] [STARTUP] board 1c1c (octowhere firmware/src/main.rs:370)
9.000144 [INFO ] [STARTUP] reset power_on=true (octowhere firmware/src/main.rs:371)
9.000169 [INFO ] [STARTUP] mesh generation=20 members=0x3 kept=0x0 stored=0xf (octowhere firmware/src/main.rs:375)
9.000204 [INFO ] [STARTUP] load-group read 509107 (octowhere firmware/src/main.rs:385)
9.000241 [INFO ] [STARTUP] load-members read 547731 (octowhere firmware/src/main.rs:385)
9.000288 [INFO ] [STARTUP] load-restored read 547844 (octowhere firmware/src/main.rs:385)
9.000320 [INFO ] [STARTUP] load-rest read 560238 (octowhere firmware/src/main.rs:385)
9.000350 [INFO ] [STARTUP] load-kept read 584792 (octowhere firmware/src/main.rs:385)
9.000401 [INFO ] [STARTUP] main enter 461079 (octowhere firmware/src/main.rs:392)
9.000512 [INFO ] [STARTUP] esp_hal init 464936 (octowhere firmware/src/main.rs:392)
9.000565 [INFO ] [STARTUP] panel reset 465061 (octowhere firmware/src/main.rs:392)
9.000618 [INFO ] [STARTUP] psram ready 471747 (octowhere firmware/src/main.rs:392)
9.000660 [INFO ] [STARTUP] settings loaded 508354 (octowhere firmware/src/main.rs:392)
9.000716 [INFO ] [STARTUP] trng on 508450 (octowhere firmware/src/main.rs:392)
9.000778 [INFO ] [STARTUP] mesh-store read 584834 (octowhere firmware/src/main.rs:392)
9.000833 [INFO ] [STARTUP] core1 starting 585156 (octowhere firmware/src/main.rs:392)
9.000907 [INFO ] [STARTUP] core1 started 602583 (octowhere firmware/src/main.rs:392)
9.000962 [INFO ] [STARTUP] core1 enter 602820 (octowhere firmware/src/main.rs:392)
9.001030 [INFO ] [STARTUP] identity made 628316 (octowhere firmware/src/main.rs:392)
9.001083 [INFO ] [STARTUP] bring_up enter 630968 (octowhere firmware/src/main.rs:392)
9.001157 [INFO ] [STARTUP] i2c powered 711070 (octowhere firmware/src/main.rs:392)
9.001209 [INFO ] [STARTUP] POWER start 711482 (octowhere firmware/src/main.rs:392)
9.001280 [INFO ] [STARTUP] POWER answered 713240 (octowhere firmware/src/main.rs:392)
9.001334 [INFO ] [STARTUP] exio reset 734992 (octowhere firmware/src/main.rs:392)
9.001406 [INFO ] [STARTUP] CLOCK start 735176 (octowhere firmware/src/main.rs:392)
9.001523 [INFO ] [STARTUP] TOUCH start 735277 (octowhere firmware/src/main.rs:392)
9.001574 [INFO ] [STARTUP] MOTION start 735324 (octowhere firmware/src/main.rs:392)
9.001647 [INFO ] [STARTUP] MAGNET start 735421 (octowhere firmware/src/main.rs:392)
9.001699 [INFO ] [STARTUP] display up 735769 (octowhere firmware/src/main.rs:392)
9.001750 [INFO ] [STARTUP] CLOCK answered 736292 (octowhere firmware/src/main.rs:392)
9.001803 [INFO ] [STARTUP] frame_loop first 736624 (octowhere firmware/src/main.rs:392)
9.001860 [INFO ] [STARTUP] frame_loop drawn 755574 (octowhere firmware/src/main.rs:392)
9.001917 [INFO ] [STARTUP] frame_loop handed 755699 (octowhere firmware/src/main.rs:392)
9.001973 [INFO ] [STARTUP] flush0 start 755872 (octowhere firmware/src/main.rs:392)
9.002035 [INFO ] [STARTUP] flush0 end 770197 (octowhere firmware/src/main.rs:392)
9.002087 [INFO ] [STARTUP] flush1 start 801806 (octowhere firmware/src/main.rs:392)
9.002156 [INFO ] [STARTUP] panel lit 814187 (octowhere firmware/src/main.rs:392)
9.002208 [INFO ] [STARTUP] flush1 end 815646 (octowhere firmware/src/main.rs:392)
9.002279 [INFO ] [STARTUP] TOUCH answered 847761 (octowhere firmware/src/main.rs:392)
9.002333 [INFO ] [STARTUP] MAGNET answered 883932 (octowhere firmware/src/main.rs:392)
9.002410 [INFO ] [STARTUP] MOTION answered 888169 (octowhere firmware/src/main.rs:392)
9.002525 [INFO ] [STARTUP] gnss-settle end 1000221 (octowhere firmware/src/main.rs:392)
9.002579 [INFO ] [STARTUP] GNSS start 1000428 (octowhere firmware/src/main.rs:392)
9.002641 [INFO ] [STARTUP] GNSS answered 1011902 (octowhere firmware/src/main.rs:392)
9.002695 [INFO ] [STARTUP] RADIO start 1012110 (octowhere firmware/src/main.rs:392)
9.002747 [INFO ] [STARTUP] RADIO answered 1014183 (octowhere firmware/src/main.rs:392)
9.002800 [INFO ] [STARTUP] bring_up exit 1014445 (octowhere firmware/src/main.rs:392)
9.002854 [INFO ] [STARTUP] GNSS-config end 1701654 (octowhere firmware/src/main.rs:392)
9.002911 [INFO ] [STARTUP] startup over 6094464 (octowhere firmware/src/main.rs:392)
9.002964 [INFO ] [FRAMES] 0 woke 736944 drawn 755562 (octowhere firmware/src/main.rs:395)
9.002994 [INFO ] [FRAMES] 1 woke 756245 drawn 801602 (octowhere firmware/src/main.rs:395)
9.003024 [INFO ] [FRAMES] 2 woke 802268 drawn 807531 (octowhere firmware/src/main.rs:395)
9.003054 [INFO ] [FRAMES] 3 woke 816144 drawn 820630 (octowhere firmware/src/main.rs:395)
9.003084 [INFO ] [FRAMES] 4 woke 832769 drawn 838628 (octowhere firmware/src/main.rs:395)
9.003115 [INFO ] [FRAMES] 5 woke 839208 drawn 843937 (octowhere firmware/src/main.rs:395)
9.003145 [INFO ] [FRAMES] 6 woke 849724 drawn 856623 (octowhere firmware/src/main.rs:395)
9.003175 [INFO ] [FRAMES] 7 woke 857239 drawn 867579 (octowhere firmware/src/main.rs:395)
9.003205 [INFO ] [FRAMES] 8 woke 868508 drawn 873592 (octowhere firmware/src/main.rs:395)
9.003236 [INFO ] [FRAMES] 9 woke 884497 drawn 895811 (octowhere firmware/src/main.rs:395)
9.003266 [INFO ] [FRAMES] 10 woke 896501 drawn 911556 (octowhere firmware/src/main.rs:395)
9.003296 [INFO ] [FRAMES] 11 woke 912225 drawn 923434 (octowhere firmware/src/main.rs:395)
9.003326 [INFO ] [FRAMES] 12 woke 924173 drawn 934500 (octowhere firmware/src/main.rs:395)
9.003356 [INFO ] [FRAMES] 13 woke 935170 drawn 944360 (octowhere firmware/src/main.rs:395)
9.003392 [INFO ] [FRAMES] 14 woke 951787 drawn 962837 (octowhere firmware/src/main.rs:395)
9.003423 [INFO ] [FRAMES] 15 woke 967577 drawn 978726 (octowhere firmware/src/main.rs:395)
9.003516 [INFO ] [FRAMES] 16 woke 986128 drawn 997451 (octowhere firmware/src/main.rs:395)
9.003546 [INFO ] [FRAMES] 17 woke 1001606 drawn 1062052 (octowhere firmware/src/main.rs:395)
9.003576 [INFO ] [FRAMES] 18 woke 1062633 drawn 1075262 (octowhere firmware/src/main.rs:395)
9.003607 [INFO ] [FRAMES] 19 woke 1075809 drawn 1088325 (octowhere firmware/src/main.rs:395)
9.003642 [INFO ] [FRAMES] 20 woke 1088798 drawn 1106030 (octowhere firmware/src/main.rs:395)
9.003673 [INFO ] [FRAMES] 21 woke 1106575 drawn 1128459 (octowhere firmware/src/main.rs:395)
9.003702 [INFO ] [FRAMES] 22 woke 1129131 drawn 1150960 (octowhere firmware/src/main.rs:395)
9.003733 [INFO ] [FRAMES] 23 woke 1152324 drawn 1171598 (octowhere firmware/src/main.rs:395)
9.003780 [INFO ] [FRAMES] 24 woke 1176281 drawn 1196814 (octowhere firmware/src/main.rs:395)
9.003810 [INFO ] [FRAMES] 25 woke 1197493 drawn 1219458 (octowhere firmware/src/main.rs:395)
9.003840 [INFO ] [FRAMES] 26 woke 1220125 drawn 1240395 (octowhere firmware/src/main.rs:395)
9.003886 [INFO ] [FRAMES] 27 woke 1243532 drawn 1263426 (octowhere firmware/src/main.rs:395)
9.003917 [INFO ] [FRAMES] 28 woke 1307392 drawn 1308770 (octowhere firmware/src/main.rs:395)
9.003946 [INFO ] [FRAMES] 29 woke 1435975 drawn 1451520 (octowhere firmware/src/main.rs:395)
9.003976 [INFO ] [FRAMES] 30 woke 1469309 drawn 1485562 (octowhere firmware/src/main.rs:395)
9.004030 [INFO ] [FRAMES] 31 woke 1502669 drawn 1526418 (octowhere firmware/src/main.rs:395)
9.004060 [INFO ] [FRAMES] 32 woke 1535955 drawn 1564440 (octowhere firmware/src/main.rs:395)
9.004090 [INFO ] [FRAMES] 33 woke 1565079 drawn 1586675 (octowhere firmware/src/main.rs:395)
9.004136 [INFO ] [FRAMES] 34 woke 1587384 drawn 1605262 (octowhere firmware/src/main.rs:395)
9.004167 [INFO ] [FRAMES] 35 woke 1605900 drawn 1627264 (octowhere firmware/src/main.rs:395)
9.004197 [INFO ] [FRAMES] 36 woke 1635969 drawn 1657601 (octowhere firmware/src/main.rs:395)
9.004227 [INFO ] [FRAMES] 37 woke 1669287 drawn 1711605 (octowhere firmware/src/main.rs:395)
9.004274 [INFO ] [FRAMES] 38 woke 1712346 drawn 1737305 (octowhere firmware/src/main.rs:395)
9.004304 [INFO ] [FRAMES] 39 woke 1738020 drawn 1762615 (octowhere firmware/src/main.rs:395)
9.004333 [INFO ] [FRAMES] 40 woke 1769324 drawn 1800959 (octowhere firmware/src/main.rs:395)
9.004364 [INFO ] [FRAMES] 41 woke 1802630 drawn 1830838 (octowhere firmware/src/main.rs:395)
9.004394 [INFO ] [FRAMES] 42 woke 1831443 drawn 1852727 (octowhere firmware/src/main.rs:395)
9.004424 [INFO ] [FRAMES] 43 woke 1854587 drawn 1877042 (octowhere firmware/src/main.rs:395)
9.004516 [INFO ] [FRAMES] 44 woke 1878086 drawn 1895558 (octowhere firmware/src/main.rs:395)
9.004546 [INFO ] [FRAMES] 45 woke 1902635 drawn 1923019 (octowhere firmware/src/main.rs:395)
9.004576 [INFO ] [FRAMES] 46 woke 1935940 drawn 1956660 (octowhere firmware/src/main.rs:395)
9.004607 [INFO ] [FRAMES] 47 woke 1969275 drawn 1990136 (octowhere firmware/src/main.rs:395)
9.004642 [INFO ] [STARTUP] done (octowhere firmware/src/main.rs:402)
