[2026-10-08T21:42:37Z INFO ] Serial port: '/dev/ttyACM2'
[2026-10-08T21:42:37Z INFO ] Connecting...
[2026-10-08T21:42:37Z INFO ] Using flash stub
I (447) boot: Loaded app from partition at offset 0x10000

1.712227 [INFO ] [GNSS] configured=true (octowhere firmware/src/main.rs:1479)
1.746408 [INFO ] [GNSS] reference time 2026-10-08 21:42:36 sent=true (octowhere firmware/src/main.rs:2777)
9.000162 [INFO ] [STARTUP] board 1c1c (octowhere firmware/src/main.rs:370)
9.000195 [INFO ] [STARTUP] reset power_on=true (octowhere firmware/src/main.rs:371)
9.000219 [INFO ] [STARTUP] mesh generation=20 members=0x3 kept=0x0 stored=0xf (octowhere firmware/src/main.rs:375)
9.000261 [INFO ] [STARTUP] load-group read 509107 (octowhere firmware/src/main.rs:385)
9.000307 [INFO ] [STARTUP] load-members read 547731 (octowhere firmware/src/main.rs:385)
9.000354 [INFO ] [STARTUP] load-restored read 547844 (octowhere firmware/src/main.rs:385)
9.000389 [INFO ] [STARTUP] load-rest read 560238 (octowhere firmware/src/main.rs:385)
9.000419 [INFO ] [STARTUP] load-kept read 584792 (octowhere firmware/src/main.rs:385)
9.000449 [INFO ] [STARTUP] main enter 461079 (octowhere firmware/src/main.rs:392)
9.000519 [INFO ] [STARTUP] esp_hal init 464936 (octowhere firmware/src/main.rs:392)
9.000571 [INFO ] [STARTUP] panel reset 465062 (octowhere firmware/src/main.rs:392)
9.000633 [INFO ] [STARTUP] psram ready 471747 (octowhere firmware/src/main.rs:392)
9.000684 [INFO ] [STARTUP] settings loaded 508354 (octowhere firmware/src/main.rs:392)
9.000740 [INFO ] [STARTUP] trng on 508451 (octowhere firmware/src/main.rs:392)
9.000773 [INFO ] [STARTUP] mesh-store read 584835 (octowhere firmware/src/main.rs:392)
9.000827 [INFO ] [STARTUP] core1 starting 585156 (octowhere firmware/src/main.rs:392)
9.000897 [INFO ] [STARTUP] core1 started 602583 (octowhere firmware/src/main.rs:392)
9.000951 [INFO ] [STARTUP] core1 enter 602820 (octowhere firmware/src/main.rs:392)
9.001022 [INFO ] [STARTUP] identity made 628317 (octowhere firmware/src/main.rs:392)
9.001139 [INFO ] [STARTUP] bring_up enter 630968 (octowhere firmware/src/main.rs:392)
9.001193 [INFO ] [STARTUP] i2c powered 711071 (octowhere firmware/src/main.rs:392)
9.001257 [INFO ] [STARTUP] POWER start 711482 (octowhere firmware/src/main.rs:392)
9.001309 [INFO ] [STARTUP] POWER answered 713240 (octowhere firmware/src/main.rs:392)
9.001364 [INFO ] [STARTUP] exio reset 734992 (octowhere firmware/src/main.rs:392)
9.001415 [INFO ] [STARTUP] CLOCK start 735176 (octowhere firmware/src/main.rs:392)
9.001468 [INFO ] [STARTUP] TOUCH start 735277 (octowhere firmware/src/main.rs:392)
9.001524 [INFO ] [STARTUP] MOTION start 735324 (octowhere firmware/src/main.rs:392)
9.001577 [INFO ] [STARTUP] MAGNET start 735421 (octowhere firmware/src/main.rs:392)
9.001646 [INFO ] [STARTUP] display up 735769 (octowhere firmware/src/main.rs:392)
9.001696 [INFO ] [STARTUP] CLOCK answered 736292 (octowhere firmware/src/main.rs:392)
9.001760 [INFO ] [STARTUP] frame_loop first 736624 (octowhere firmware/src/main.rs:392)
9.001816 [INFO ] [STARTUP] frame_loop drawn 755573 (octowhere firmware/src/main.rs:392)
9.001875 [INFO ] [STARTUP] frame_loop handed 755699 (octowhere firmware/src/main.rs:392)
9.001931 [INFO ] [STARTUP] flush0 start 755872 (octowhere firmware/src/main.rs:392)
9.001984 [INFO ] [STARTUP] flush0 end 770207 (octowhere firmware/src/main.rs:392)
9.002036 [INFO ] [STARTUP] flush1 start 801706 (octowhere firmware/src/main.rs:392)
9.002129 [INFO ] [STARTUP] panel lit 814323 (octowhere firmware/src/main.rs:392)
9.002179 [INFO ] [STARTUP] flush1 end 815782 (octowhere firmware/src/main.rs:392)
9.002232 [INFO ] [STARTUP] TOUCH answered 847389 (octowhere firmware/src/main.rs:392)
9.002276 [INFO ] [STARTUP] MAGNET answered 884089 (octowhere firmware/src/main.rs:392)
9.002331 [INFO ] [STARTUP] MOTION answered 888183 (octowhere firmware/src/main.rs:392)
9.002400 [INFO ] [STARTUP] gnss-settle end 1000185 (octowhere firmware/src/main.rs:392)
9.002454 [INFO ] [STARTUP] GNSS start 1000391 (octowhere firmware/src/main.rs:392)
9.002506 [INFO ] [STARTUP] GNSS answered 1011938 (octowhere firmware/src/main.rs:392)
9.002560 [INFO ] [STARTUP] RADIO start 1012152 (octowhere firmware/src/main.rs:392)
9.002612 [INFO ] [STARTUP] RADIO answered 1014261 (octowhere firmware/src/main.rs:392)
9.002666 [INFO ] [STARTUP] bring_up exit 1014531 (octowhere firmware/src/main.rs:392)
9.002720 [INFO ] [STARTUP] GNSS-config end 1712260 (octowhere firmware/src/main.rs:392)
9.002779 [INFO ] [STARTUP] startup over 6098605 (octowhere firmware/src/main.rs:392)
9.002830 [INFO ] [FRAMES] 0 woke 736944 drawn 755561 (octowhere firmware/src/main.rs:395)
9.002876 [INFO ] [FRAMES] 1 woke 756245 drawn 801515 (octowhere firmware/src/main.rs:395)
9.002906 [INFO ] [FRAMES] 2 woke 802173 drawn 807430 (octowhere firmware/src/main.rs:395)
9.002936 [INFO ] [FRAMES] 3 woke 816280 drawn 821140 (octowhere firmware/src/main.rs:395)
9.002967 [INFO ] [FRAMES] 4 woke 832972 drawn 838469 (octowhere firmware/src/main.rs:395)
9.003017 [INFO ] [FRAMES] 5 woke 849661 drawn 854520 (octowhere firmware/src/main.rs:395)
9.003047 [INFO ] [FRAMES] 6 woke 855101 drawn 861899 (octowhere firmware/src/main.rs:395)
9.003131 [INFO ] [FRAMES] 7 woke 866666 drawn 874458 (octowhere firmware/src/main.rs:395)
9.003162 [INFO ] [FRAMES] 8 woke 884704 drawn 896013 (octowhere firmware/src/main.rs:395)
9.003192 [INFO ] [FRAMES] 9 woke 900461 drawn 913523 (octowhere firmware/src/main.rs:395)
9.003222 [INFO ] [FRAMES] 10 woke 918138 drawn 929124 (octowhere firmware/src/main.rs:395)
9.003258 [INFO ] [FRAMES] 11 woke 935844 drawn 947057 (octowhere firmware/src/main.rs:395)
9.003288 [INFO ] [FRAMES] 12 woke 951983 drawn 962982 (octowhere firmware/src/main.rs:395)
9.003318 [INFO ] [FRAMES] 13 woke 968623 drawn 979960 (octowhere firmware/src/main.rs:395)
9.003349 [INFO ] [FRAMES] 14 woke 985480 drawn 996580 (octowhere firmware/src/main.rs:395)
9.003395 [INFO ] [FRAMES] 15 woke 1002884 drawn 1063061 (octowhere firmware/src/main.rs:395)
9.003425 [INFO ] [FRAMES] 16 woke 1063612 drawn 1078474 (octowhere firmware/src/main.rs:395)
9.003455 [INFO ] [FRAMES] 17 woke 1079043 drawn 1091666 (octowhere firmware/src/main.rs:395)
9.003501 [INFO ] [FRAMES] 18 woke 1092149 drawn 1110624 (octowhere firmware/src/main.rs:395)
9.003531 [INFO ] [FRAMES] 19 woke 1111212 drawn 1133108 (octowhere firmware/src/main.rs:395)
9.003562 [INFO ] [FRAMES] 20 woke 1133790 drawn 1153825 (octowhere firmware/src/main.rs:395)
9.003592 [INFO ] [FRAMES] 21 woke 1159911 drawn 1180882 (octowhere firmware/src/main.rs:395)
9.003645 [INFO ] [FRAMES] 22 woke 1181558 drawn 1203373 (octowhere firmware/src/main.rs:395)
9.003675 [INFO ] [FRAMES] 23 woke 1204002 drawn 1223883 (octowhere firmware/src/main.rs:395)
9.003705 [INFO ] [FRAMES] 24 woke 1226516 drawn 1247612 (octowhere firmware/src/main.rs:395)
9.003735 [INFO ] [FRAMES] 25 woke 1248251 drawn 1255353 (octowhere firmware/src/main.rs:395)
9.003765 [INFO ] [FRAMES] 26 woke 1306857 drawn 1308206 (octowhere firmware/src/main.rs:395)
9.003796 [INFO ] [FRAMES] 27 woke 1439213 drawn 1455422 (octowhere firmware/src/main.rs:395)
9.003826 [INFO ] [FRAMES] 28 woke 1472614 drawn 1491666 (octowhere firmware/src/main.rs:395)
9.003856 [INFO ] [FRAMES] 29 woke 1505914 drawn 1528130 (octowhere firmware/src/main.rs:395)
9.003886 [INFO ] [FRAMES] 30 woke 1539250 drawn 1565179 (octowhere firmware/src/main.rs:395)
9.003916 [INFO ] [FRAMES] 31 woke 1565830 drawn 1587695 (octowhere firmware/src/main.rs:395)
9.003946 [INFO ] [FRAMES] 32 woke 1588397 drawn 1606052 (octowhere firmware/src/main.rs:395)
9.003976 [INFO ] [FRAMES] 33 woke 1606654 drawn 1628684 (octowhere firmware/src/main.rs:395)
9.004007 [INFO ] [FRAMES] 34 woke 1639202 drawn 1660030 (octowhere firmware/src/main.rs:395)
9.004038 [INFO ] [FRAMES] 35 woke 1672640 drawn 1715164 (octowhere firmware/src/main.rs:395)
9.004131 [INFO ] [FRAMES] 36 woke 1715879 drawn 1739204 (octowhere firmware/src/main.rs:395)
9.004161 [INFO ] [FRAMES] 37 woke 1739886 drawn 1764012 (octowhere firmware/src/main.rs:395)
9.004192 [INFO ] [FRAMES] 38 woke 1772573 drawn 1820817 (octowhere firmware/src/main.rs:395)
9.004222 [INFO ] [FRAMES] 39 woke 1821418 drawn 1860056 (octowhere firmware/src/main.rs:395)
9.004257 [INFO ] [FRAMES] 40 woke 1860869 drawn 1886804 (octowhere firmware/src/main.rs:395)
9.004287 [INFO ] [FRAMES] 41 woke 1887449 drawn 1916781 (octowhere firmware/src/main.rs:395)
9.004317 [INFO ] [FRAMES] 42 woke 1917483 drawn 1950011 (octowhere firmware/src/main.rs:395)
9.004347 [INFO ] [FRAMES] 43 woke 1950633 drawn 1969571 (octowhere firmware/src/main.rs:395)
9.004395 [INFO ] [FRAMES] 44 woke 1972520 drawn 2004322 (octowhere firmware/src/main.rs:395)
9.004425 [INFO ] [FRAMES] 45 woke 2006274 drawn 2028874 (octowhere firmware/src/main.rs:395)
9.004455 [INFO ] [FRAMES] 46 woke 2039183 drawn 2065658 (octowhere firmware/src/main.rs:395)
9.004501 [INFO ] [FRAMES] 47 woke 2066232 drawn 2086894 (octowhere firmware/src/main.rs:395)
9.004532 [INFO ] [STARTUP] done (octowhere firmware/src/main.rs:402)
