[2026-10-08T21:43:03Z INFO ] Serial port: '/dev/ttyACM2'
[2026-10-08T21:43:03Z INFO ] Connecting...
[2026-10-08T21:43:04Z INFO ] Using flash stub
I (447) boot: Loaded app from partition at offset 0x10000

1.690242 [INFO ] [GNSS] configured=true (octowhere firmware/src/main.rs:1479)
1.723882 [INFO ] [GNSS] reference time 2026-10-08 21:43:03 sent=true (octowhere firmware/src/main.rs:2777)
9.000107 [INFO ] [STARTUP] board 1c1c (octowhere firmware/src/main.rs:370)
9.000138 [INFO ] [STARTUP] reset power_on=true (octowhere firmware/src/main.rs:371)
9.000189 [INFO ] [STARTUP] mesh generation=20 members=0x3 kept=0x0 stored=0xf (octowhere firmware/src/main.rs:375)
9.000224 [INFO ] [STARTUP] load-group read 509107 (octowhere firmware/src/main.rs:385)
9.000261 [INFO ] [STARTUP] load-members read 547731 (octowhere firmware/src/main.rs:385)
9.000310 [INFO ] [STARTUP] load-restored read 547844 (octowhere firmware/src/main.rs:385)
9.000343 [INFO ] [STARTUP] load-rest read 560238 (octowhere firmware/src/main.rs:385)
9.000373 [INFO ] [STARTUP] load-kept read 584791 (octowhere firmware/src/main.rs:385)
9.000403 [INFO ] [STARTUP] main enter 461079 (octowhere firmware/src/main.rs:392)
9.000453 [INFO ] [STARTUP] esp_hal init 464936 (octowhere firmware/src/main.rs:392)
9.000506 [INFO ] [STARTUP] panel reset 465061 (octowhere firmware/src/main.rs:392)
9.000559 [INFO ] [STARTUP] psram ready 471747 (octowhere firmware/src/main.rs:392)
9.000611 [INFO ] [STARTUP] settings loaded 508354 (octowhere firmware/src/main.rs:392)
9.000666 [INFO ] [STARTUP] trng on 508450 (octowhere firmware/src/main.rs:392)
9.000700 [INFO ] [STARTUP] mesh-store read 584834 (octowhere firmware/src/main.rs:392)
9.000753 [INFO ] [STARTUP] core1 starting 585156 (octowhere firmware/src/main.rs:392)
9.000823 [INFO ] [STARTUP] core1 started 602583 (octowhere firmware/src/main.rs:392)
9.000877 [INFO ] [STARTUP] core1 enter 602820 (octowhere firmware/src/main.rs:392)
9.000948 [INFO ] [STARTUP] identity made 628316 (octowhere firmware/src/main.rs:392)
9.001065 [INFO ] [STARTUP] bring_up enter 630968 (octowhere firmware/src/main.rs:392)
9.001120 [INFO ] [STARTUP] i2c powered 711070 (octowhere firmware/src/main.rs:392)
9.001183 [INFO ] [STARTUP] POWER start 711482 (octowhere firmware/src/main.rs:392)
9.001235 [INFO ] [STARTUP] POWER answered 713240 (octowhere firmware/src/main.rs:392)
9.001290 [INFO ] [STARTUP] exio reset 734991 (octowhere firmware/src/main.rs:392)
9.001341 [INFO ] [STARTUP] CLOCK start 735175 (octowhere firmware/src/main.rs:392)
9.001394 [INFO ] [STARTUP] TOUCH start 735275 (octowhere firmware/src/main.rs:392)
9.001450 [INFO ] [STARTUP] MOTION start 735322 (octowhere firmware/src/main.rs:392)
9.001503 [INFO ] [STARTUP] MAGNET start 735420 (octowhere firmware/src/main.rs:392)
9.001572 [INFO ] [STARTUP] display up 735767 (octowhere firmware/src/main.rs:392)
9.001625 [INFO ] [STARTUP] CLOCK answered 736291 (octowhere firmware/src/main.rs:392)
9.001698 [INFO ] [STARTUP] frame_loop first 736622 (octowhere firmware/src/main.rs:392)
9.001754 [INFO ] [STARTUP] frame_loop drawn 755572 (octowhere firmware/src/main.rs:392)
9.001824 [INFO ] [STARTUP] frame_loop handed 755698 (octowhere firmware/src/main.rs:392)
9.001880 [INFO ] [STARTUP] flush0 start 755870 (octowhere firmware/src/main.rs:392)
9.001949 [INFO ] [STARTUP] flush0 end 770199 (octowhere firmware/src/main.rs:392)
9.002063 [INFO ] [STARTUP] flush1 start 801768 (octowhere firmware/src/main.rs:392)
9.002116 [INFO ] [STARTUP] panel lit 814327 (octowhere firmware/src/main.rs:392)
9.002186 [INFO ] [STARTUP] flush1 end 815787 (octowhere firmware/src/main.rs:392)
9.002238 [INFO ] [STARTUP] TOUCH answered 847388 (octowhere firmware/src/main.rs:392)
9.002295 [INFO ] [STARTUP] MAGNET answered 884021 (octowhere firmware/src/main.rs:392)
9.002349 [INFO ] [STARTUP] MOTION answered 888188 (octowhere firmware/src/main.rs:392)
9.002405 [INFO ] [STARTUP] gnss-settle end 1000181 (octowhere firmware/src/main.rs:392)
9.002460 [INFO ] [STARTUP] GNSS start 1000386 (octowhere firmware/src/main.rs:392)
9.002512 [INFO ] [STARTUP] GNSS answered 1011925 (octowhere firmware/src/main.rs:392)
9.002560 [INFO ] [STARTUP] RADIO start 1012138 (octowhere firmware/src/main.rs:392)
9.002612 [INFO ] [STARTUP] RADIO answered 1014249 (octowhere firmware/src/main.rs:392)
9.002666 [INFO ] [STARTUP] bring_up exit 1014517 (octowhere firmware/src/main.rs:392)
9.002721 [INFO ] [STARTUP] GNSS-config end 1690278 (octowhere firmware/src/main.rs:392)
9.002774 [INFO ] [STARTUP] startup over 6109191 (octowhere firmware/src/main.rs:392)
9.002813 [INFO ] [FRAMES] 0 woke 736942 drawn 755560 (octowhere firmware/src/main.rs:395)
9.002843 [INFO ] [FRAMES] 1 woke 756243 drawn 801577 (octowhere firmware/src/main.rs:395)
9.002873 [INFO ] [FRAMES] 2 woke 802235 drawn 807493 (octowhere firmware/src/main.rs:395)
9.002904 [INFO ] [FRAMES] 3 woke 816285 drawn 821143 (octowhere firmware/src/main.rs:395)
9.002934 [INFO ] [FRAMES] 4 woke 832970 drawn 838467 (octowhere firmware/src/main.rs:395)
9.002964 [INFO ] [FRAMES] 5 woke 849654 drawn 854513 (octowhere firmware/src/main.rs:395)
9.003057 [INFO ] [FRAMES] 6 woke 855094 drawn 861892 (octowhere firmware/src/main.rs:395)
9.003088 [INFO ] [FRAMES] 7 woke 866638 drawn 874431 (octowhere firmware/src/main.rs:395)
9.003118 [INFO ] [FRAMES] 8 woke 884639 drawn 895956 (octowhere firmware/src/main.rs:395)
9.003148 [INFO ] [FRAMES] 9 woke 900410 drawn 913472 (octowhere firmware/src/main.rs:395)
9.003184 [INFO ] [FRAMES] 10 woke 918072 drawn 929058 (octowhere firmware/src/main.rs:395)
9.003214 [INFO ] [FRAMES] 11 woke 935774 drawn 946992 (octowhere firmware/src/main.rs:395)
9.003245 [INFO ] [FRAMES] 12 woke 951908 drawn 962907 (octowhere firmware/src/main.rs:395)
9.003275 [INFO ] [FRAMES] 13 woke 968531 drawn 979854 (octowhere firmware/src/main.rs:395)
9.003321 [INFO ] [FRAMES] 14 woke 985379 drawn 996479 (octowhere firmware/src/main.rs:395)
9.003351 [INFO ] [FRAMES] 15 woke 1002729 drawn 1062824 (octowhere firmware/src/main.rs:395)
9.003381 [INFO ] [FRAMES] 16 woke 1063373 drawn 1078291 (octowhere firmware/src/main.rs:395)
9.003427 [INFO ] [FRAMES] 17 woke 1078860 drawn 1091446 (octowhere firmware/src/main.rs:395)
9.003457 [INFO ] [FRAMES] 18 woke 1091935 drawn 1110340 (octowhere firmware/src/main.rs:395)
9.003487 [INFO ] [FRAMES] 19 woke 1110932 drawn 1133266 (octowhere firmware/src/main.rs:395)
9.003517 [INFO ] [FRAMES] 20 woke 1133969 drawn 1153988 (octowhere firmware/src/main.rs:395)
9.003570 [INFO ] [FRAMES] 21 woke 1159982 drawn 1181407 (octowhere firmware/src/main.rs:395)
9.003600 [INFO ] [FRAMES] 22 woke 1182096 drawn 1203895 (octowhere firmware/src/main.rs:395)
9.003630 [INFO ] [FRAMES] 23 woke 1204545 drawn 1225312 (octowhere firmware/src/main.rs:395)
9.003678 [INFO ] [FRAMES] 24 woke 1226801 drawn 1247647 (octowhere firmware/src/main.rs:395)
9.003708 [INFO ] [FRAMES] 25 woke 1248276 drawn 1255763 (octowhere firmware/src/main.rs:395)
9.003738 [INFO ] [FRAMES] 26 woke 1306909 drawn 1308261 (octowhere firmware/src/main.rs:395)
9.003768 [INFO ] [FRAMES] 27 woke 1439036 drawn 1455452 (octowhere firmware/src/main.rs:395)
9.003815 [INFO ] [FRAMES] 28 woke 1472454 drawn 1491912 (octowhere firmware/src/main.rs:395)
9.003845 [INFO ] [FRAMES] 29 woke 1505740 drawn 1527978 (octowhere firmware/src/main.rs:395)
9.003875 [INFO ] [FRAMES] 30 woke 1539071 drawn 1565001 (octowhere firmware/src/main.rs:395)
9.003905 [INFO ] [FRAMES] 31 woke 1565660 drawn 1587366 (octowhere firmware/src/main.rs:395)
9.003935 [INFO ] [FRAMES] 32 woke 1588074 drawn 1606091 (octowhere firmware/src/main.rs:395)
9.003965 [INFO ] [FRAMES] 33 woke 1606715 drawn 1628470 (octowhere firmware/src/main.rs:395)
9.004058 [INFO ] [FRAMES] 34 woke 1639025 drawn 1659719 (octowhere firmware/src/main.rs:395)
9.004088 [INFO ] [FRAMES] 35 woke 1672440 drawn 1703289 (octowhere firmware/src/main.rs:395)
9.004118 [INFO ] [FRAMES] 36 woke 1705768 drawn 1729692 (octowhere firmware/src/main.rs:395)
9.004148 [INFO ] [FRAMES] 37 woke 1739111 drawn 1763579 (octowhere firmware/src/main.rs:395)
9.004184 [INFO ] [FRAMES] 38 woke 1780837 drawn 1811498 (octowhere firmware/src/main.rs:395)
9.004214 [INFO ] [FRAMES] 39 woke 1813874 drawn 1838588 (octowhere firmware/src/main.rs:395)
9.004244 [INFO ] [FRAMES] 40 woke 1839317 drawn 1865538 (octowhere firmware/src/main.rs:395)
9.004274 [INFO ] [FRAMES] 41 woke 1872356 drawn 1893311 (octowhere firmware/src/main.rs:395)
9.004321 [INFO ] [FRAMES] 42 woke 1905660 drawn 1926803 (octowhere firmware/src/main.rs:395)
9.004351 [INFO ] [FRAMES] 43 woke 1938998 drawn 1960711 (octowhere firmware/src/main.rs:395)
9.004382 [INFO ] [FRAMES] 44 woke 1972342 drawn 1994520 (octowhere firmware/src/main.rs:395)
9.004428 [INFO ] [FRAMES] 45 woke 2005663 drawn 2027679 (octowhere firmware/src/main.rs:395)
9.004458 [INFO ] [FRAMES] 46 woke 2038998 drawn 2065623 (octowhere firmware/src/main.rs:395)
9.004488 [INFO ] [FRAMES] 47 woke 2066204 drawn 2087079 (octowhere firmware/src/main.rs:395)
9.004518 [INFO ] [STARTUP] done (octowhere firmware/src/main.rs:402)
