[2026-10-08T20:46:55Z INFO ] Serial port: '/dev/ttyACM3'
[2026-10-08T20:46:55Z INFO ] Connecting...
[2026-10-08T20:46:55Z INFO ] Using flash stub
I (448) boot: Loaded app from partition at offset 0x10000

1.728890 [INFO ] [GNSS] configured=true (octowhere firmware/src/main.rs:1406)
1.762739 [INFO ] [GNSS] reference time 2026-10-08 20:46:55 sent=true (octowhere firmware/src/main.rs:2712)
9.000137 [INFO ] [STARTUP] board 1a38 (octowhere firmware/src/main.rs:330)
9.000175 [INFO ] [STARTUP] reset power_on=true (octowhere firmware/src/main.rs:331)
9.000200 [INFO ] [STARTUP] mesh generation=20 members=0x3 kept=0x0 stored=0xf (octowhere firmware/src/main.rs:334)
9.000241 [INFO ] [STARTUP] load-group read 515740 (octowhere firmware/src/main.rs:344)
9.000289 [INFO ] [STARTUP] load-members read 570143 (octowhere firmware/src/main.rs:344)
9.000337 [INFO ] [STARTUP] load-restored read 570256 (octowhere firmware/src/main.rs:344)
9.000370 [INFO ] [STARTUP] load-rest read 584058 (octowhere firmware/src/main.rs:344)
9.000401 [INFO ] [STARTUP] load-kept read 593371 (octowhere firmware/src/main.rs:344)
9.000431 [INFO ] [STARTUP] main enter 7386747 (octowhere firmware/src/main.rs:351)
9.000482 [INFO ] [STARTUP] esp_hal init 465529 (octowhere firmware/src/main.rs:351)
9.000534 [INFO ] [STARTUP] panel reset 465646 (octowhere firmware/src/main.rs:351)
9.000586 [INFO ] [STARTUP] psram ready 472343 (octowhere firmware/src/main.rs:351)
9.000639 [INFO ] [STARTUP] settings loaded 514828 (octowhere firmware/src/main.rs:351)
9.000694 [INFO ] [STARTUP] trng on 514930 (octowhere firmware/src/main.rs:351)
9.000807 [INFO ] [STARTUP] mesh-store read 593416 (octowhere firmware/src/main.rs:351)
9.000861 [INFO ] [STARTUP] core1 starting 593756 (octowhere firmware/src/main.rs:351)
9.000916 [INFO ] [STARTUP] core1 started 611190 (octowhere firmware/src/main.rs:351)
9.000969 [INFO ] [STARTUP] core1 enter 611455 (octowhere firmware/src/main.rs:351)
9.001022 [INFO ] [STARTUP] identity made 636962 (octowhere firmware/src/main.rs:351)
9.001075 [INFO ] [STARTUP] bring_up enter 639532 (octowhere firmware/src/main.rs:351)
9.001129 [INFO ] [STARTUP] frame_loop first 639824 (octowhere firmware/src/main.rs:351)
9.001185 [INFO ] [STARTUP] frame_loop drawn 658806 (octowhere firmware/src/main.rs:351)
9.001241 [INFO ] [STARTUP] i2c powered 719760 (octowhere firmware/src/main.rs:351)
9.001292 [INFO ] [STARTUP] POWER start 720192 (octowhere firmware/src/main.rs:351)
9.001344 [INFO ] [STARTUP] POWER answered 721988 (octowhere firmware/src/main.rs:351)
9.001399 [INFO ] [STARTUP] exio reset 743769 (octowhere firmware/src/main.rs:351)
9.001450 [INFO ] [STARTUP] CLOCK start 743974 (octowhere firmware/src/main.rs:351)
9.001502 [INFO ] [STARTUP] TOUCH start 744094 (octowhere firmware/src/main.rs:351)
9.001554 [INFO ] [STARTUP] MOTION start 744158 (octowhere firmware/src/main.rs:351)
9.001607 [INFO ] [STARTUP] display up 744279 (octowhere firmware/src/main.rs:351)
9.001658 [INFO ] [STARTUP] MAGNET start 744316 (octowhere firmware/src/main.rs:351)
9.001711 [INFO ] [STARTUP] flush0 start 744324 (octowhere firmware/src/main.rs:351)
9.001811 [INFO ] [STARTUP] CLOCK answered 745470 (octowhere firmware/src/main.rs:351)
9.001866 [INFO ] [STARTUP] flush0 end 756736 (octowhere firmware/src/main.rs:351)
9.001916 [INFO ] [STARTUP] flush1 start 756786 (octowhere firmware/src/main.rs:351)
9.001969 [INFO ] [STARTUP] frame_loop handed 756884 (octowhere firmware/src/main.rs:351)
9.002025 [INFO ] [STARTUP] flush1 end 785162 (octowhere firmware/src/main.rs:351)
9.002077 [INFO ] [STARTUP] panel lit 785373 (octowhere firmware/src/main.rs:351)
9.002127 [INFO ] [STARTUP] TOUCH answered 867722 (octowhere firmware/src/main.rs:351)
9.002181 [INFO ] [STARTUP] MOTION answered 897392 (octowhere firmware/src/main.rs:351)
9.002236 [INFO ] [STARTUP] MAGNET answered 969931 (octowhere firmware/src/main.rs:351)
9.002291 [INFO ] [STARTUP] gnss-settle end 1002932 (octowhere firmware/src/main.rs:351)
9.002345 [INFO ] [STARTUP] GNSS start 1003049 (octowhere firmware/src/main.rs:351)
9.002396 [INFO ] [STARTUP] GNSS answered 1019594 (octowhere firmware/src/main.rs:351)
9.002450 [INFO ] [STARTUP] RADIO start 1019802 (octowhere firmware/src/main.rs:351)
9.002502 [INFO ] [STARTUP] RADIO answered 1021949 (octowhere firmware/src/main.rs:351)
9.002557 [INFO ] [STARTUP] bring_up exit 1066590 (octowhere firmware/src/main.rs:351)
9.002610 [INFO ] [STARTUP] GNSS-config end 1728921 (octowhere firmware/src/main.rs:351)
9.002664 [INFO ] [STARTUP] startup over 6095808 (octowhere firmware/src/main.rs:351)
9.002716 [INFO ] [STARTUP] done (octowhere firmware/src/main.rs:353)
