[2026-10-08T20:47:21Z INFO ] Serial port: '/dev/ttyACM3'
[2026-10-08T20:47:21Z INFO ] Connecting...
[2026-10-08T20:47:21Z INFO ] Using flash stub
I (448) boot: Loaded app from partition at offset 0x10000

1.729702 [INFO ] [GNSS] configured=true (octowhere firmware/src/main.rs:1406)
1.763462 [INFO ] [GNSS] reference time 2026-10-08 20:47:21 sent=true (octowhere firmware/src/main.rs:2712)
9.000136 [INFO ] [STARTUP] board 1a38 (octowhere firmware/src/main.rs:330)
9.000181 [INFO ] [STARTUP] reset power_on=true (octowhere firmware/src/main.rs:331)
9.000206 [INFO ] [STARTUP] mesh generation=20 members=0x3 kept=0x0 stored=0xf (octowhere firmware/src/main.rs:334)
9.000247 [INFO ] [STARTUP] load-group read 515842 (octowhere firmware/src/main.rs:344)
9.000295 [INFO ] [STARTUP] load-members read 570246 (octowhere firmware/src/main.rs:344)
9.000343 [INFO ] [STARTUP] load-restored read 570358 (octowhere firmware/src/main.rs:344)
9.000376 [INFO ] [STARTUP] load-rest read 584160 (octowhere firmware/src/main.rs:344)
9.000406 [INFO ] [STARTUP] load-kept read 593473 (octowhere firmware/src/main.rs:344)
9.000437 [INFO ] [STARTUP] main enter 7388355 (octowhere firmware/src/main.rs:351)
9.000488 [INFO ] [STARTUP] esp_hal init 465631 (octowhere firmware/src/main.rs:351)
9.000540 [INFO ] [STARTUP] panel reset 465748 (octowhere firmware/src/main.rs:351)
9.000592 [INFO ] [STARTUP] psram ready 472445 (octowhere firmware/src/main.rs:351)
9.000645 [INFO ] [STARTUP] settings loaded 514930 (octowhere firmware/src/main.rs:351)
9.000700 [INFO ] [STARTUP] trng on 515032 (octowhere firmware/src/main.rs:351)
9.000734 [INFO ] [STARTUP] mesh-store read 593519 (octowhere firmware/src/main.rs:351)
9.000853 [INFO ] [STARTUP] core1 starting 593858 (octowhere firmware/src/main.rs:351)
9.000907 [INFO ] [STARTUP] core1 started 611292 (octowhere firmware/src/main.rs:351)
9.000961 [INFO ] [STARTUP] core1 enter 611556 (octowhere firmware/src/main.rs:351)
9.001013 [INFO ] [STARTUP] identity made 637064 (octowhere firmware/src/main.rs:351)
9.001066 [INFO ] [STARTUP] bring_up enter 639634 (octowhere firmware/src/main.rs:351)
9.001121 [INFO ] [STARTUP] frame_loop first 639926 (octowhere firmware/src/main.rs:351)
9.001176 [INFO ] [STARTUP] frame_loop drawn 658908 (octowhere firmware/src/main.rs:351)
9.001232 [INFO ] [STARTUP] i2c powered 719862 (octowhere firmware/src/main.rs:351)
9.001284 [INFO ] [STARTUP] POWER start 720294 (octowhere firmware/src/main.rs:351)
9.001336 [INFO ] [STARTUP] POWER answered 722090 (octowhere firmware/src/main.rs:351)
9.001390 [INFO ] [STARTUP] exio reset 743872 (octowhere firmware/src/main.rs:351)
9.001441 [INFO ] [STARTUP] CLOCK start 744077 (octowhere firmware/src/main.rs:351)
9.001493 [INFO ] [STARTUP] TOUCH start 744197 (octowhere firmware/src/main.rs:351)
9.001546 [INFO ] [STARTUP] MOTION start 744262 (octowhere firmware/src/main.rs:351)
9.001599 [INFO ] [STARTUP] display up 744383 (octowhere firmware/src/main.rs:351)
9.001650 [INFO ] [STARTUP] MAGNET start 744420 (octowhere firmware/src/main.rs:351)
9.001703 [INFO ] [STARTUP] flush0 start 744428 (octowhere firmware/src/main.rs:351)
9.001756 [INFO ] [STARTUP] CLOCK answered 745574 (octowhere firmware/src/main.rs:351)
9.001853 [INFO ] [STARTUP] flush0 end 756839 (octowhere firmware/src/main.rs:351)
9.001904 [INFO ] [STARTUP] flush1 start 756889 (octowhere firmware/src/main.rs:351)
9.001957 [INFO ] [STARTUP] frame_loop handed 756987 (octowhere firmware/src/main.rs:351)
9.002013 [INFO ] [STARTUP] flush1 end 785310 (octowhere firmware/src/main.rs:351)
9.002064 [INFO ] [STARTUP] panel lit 785516 (octowhere firmware/src/main.rs:351)
9.002115 [INFO ] [STARTUP] TOUCH answered 869126 (octowhere firmware/src/main.rs:351)
9.002169 [INFO ] [STARTUP] MOTION answered 897493 (octowhere firmware/src/main.rs:351)
9.002224 [INFO ] [STARTUP] MAGNET answered 970217 (octowhere firmware/src/main.rs:351)
9.002279 [INFO ] [STARTUP] gnss-settle end 1003221 (octowhere firmware/src/main.rs:351)
9.002333 [INFO ] [STARTUP] GNSS start 1003338 (octowhere firmware/src/main.rs:351)
9.002384 [INFO ] [STARTUP] GNSS answered 1019902 (octowhere firmware/src/main.rs:351)
9.002438 [INFO ] [STARTUP] RADIO start 1020111 (octowhere firmware/src/main.rs:351)
9.002490 [INFO ] [STARTUP] RADIO answered 1022256 (octowhere firmware/src/main.rs:351)
9.002545 [INFO ] [STARTUP] bring_up exit 1066897 (octowhere firmware/src/main.rs:351)
9.002597 [INFO ] [STARTUP] GNSS-config end 1729735 (octowhere firmware/src/main.rs:351)
9.002652 [INFO ] [STARTUP] startup over 6096929 (octowhere firmware/src/main.rs:351)
9.002704 [INFO ] [STARTUP] done (octowhere firmware/src/main.rs:353)
