[2026-10-08T20:47:08Z INFO ] Serial port: '/dev/ttyACM3'
[2026-10-08T20:47:08Z INFO ] Connecting...
[2026-10-08T20:47:08Z INFO ] Using flash stub
I (448) boot: Loaded app from partition at offset 0x10000

1.721095 [INFO ] [GNSS] configured=true (octowhere firmware/src/main.rs:1406)
1.765430 [INFO ] [GNSS] reference time 2026-10-08 20:47:08 sent=true (octowhere firmware/src/main.rs:2712)
9.000134 [INFO ] [STARTUP] board 1a38 (octowhere firmware/src/main.rs:330)
9.000173 [INFO ] [STARTUP] reset power_on=true (octowhere firmware/src/main.rs:331)
9.000198 [INFO ] [STARTUP] mesh generation=20 members=0x3 kept=0x0 stored=0xf (octowhere firmware/src/main.rs:334)
9.000243 [INFO ] [STARTUP] load-group read 516240 (octowhere firmware/src/main.rs:344)
9.000288 [INFO ] [STARTUP] load-members read 570643 (octowhere firmware/src/main.rs:344)
9.000335 [INFO ] [STARTUP] load-restored read 570756 (octowhere firmware/src/main.rs:344)
9.000368 [INFO ] [STARTUP] load-rest read 584558 (octowhere firmware/src/main.rs:344)
9.000399 [INFO ] [STARTUP] load-kept read 593871 (octowhere firmware/src/main.rs:344)
9.000429 [INFO ] [STARTUP] main enter 7394754 (octowhere firmware/src/main.rs:351)
9.000480 [INFO ] [STARTUP] esp_hal init 466029 (octowhere firmware/src/main.rs:351)
9.000533 [INFO ] [STARTUP] panel reset 466146 (octowhere firmware/src/main.rs:351)
9.000585 [INFO ] [STARTUP] psram ready 472843 (octowhere firmware/src/main.rs:351)
9.000637 [INFO ] [STARTUP] settings loaded 515328 (octowhere firmware/src/main.rs:351)
9.000692 [INFO ] [STARTUP] trng on 515430 (octowhere firmware/src/main.rs:351)
9.000726 [INFO ] [STARTUP] mesh-store read 593916 (octowhere firmware/src/main.rs:351)
9.000780 [INFO ] [STARTUP] core1 starting 594256 (octowhere firmware/src/main.rs:351)
9.000834 [INFO ] [STARTUP] core1 started 611689 (octowhere firmware/src/main.rs:351)
9.000888 [INFO ] [STARTUP] core1 enter 611954 (octowhere firmware/src/main.rs:351)
9.001019 [INFO ] [STARTUP] identity made 637461 (octowhere firmware/src/main.rs:351)
9.001072 [INFO ] [STARTUP] bring_up enter 640032 (octowhere firmware/src/main.rs:351)
9.001126 [INFO ] [STARTUP] frame_loop first 640324 (octowhere firmware/src/main.rs:351)
9.001182 [INFO ] [STARTUP] frame_loop drawn 659306 (octowhere firmware/src/main.rs:351)
9.001238 [INFO ] [STARTUP] i2c powered 720259 (octowhere firmware/src/main.rs:351)
9.001289 [INFO ] [STARTUP] POWER start 720692 (octowhere firmware/src/main.rs:351)
9.001342 [INFO ] [STARTUP] POWER answered 722488 (octowhere firmware/src/main.rs:351)
9.001396 [INFO ] [STARTUP] exio reset 744269 (octowhere firmware/src/main.rs:351)
9.001447 [INFO ] [STARTUP] CLOCK start 744474 (octowhere firmware/src/main.rs:351)
9.001499 [INFO ] [STARTUP] TOUCH start 744594 (octowhere firmware/src/main.rs:351)
9.001552 [INFO ] [STARTUP] MOTION start 744658 (octowhere firmware/src/main.rs:351)
9.001605 [INFO ] [STARTUP] display up 744780 (octowhere firmware/src/main.rs:351)
9.001656 [INFO ] [STARTUP] MAGNET start 744817 (octowhere firmware/src/main.rs:351)
9.001708 [INFO ] [STARTUP] flush0 start 744824 (octowhere firmware/src/main.rs:351)
9.001761 [INFO ] [STARTUP] CLOCK answered 745970 (octowhere firmware/src/main.rs:351)
9.001816 [INFO ] [STARTUP] flush0 end 757236 (octowhere firmware/src/main.rs:351)
9.001867 [INFO ] [STARTUP] flush1 start 757286 (octowhere firmware/src/main.rs:351)
9.001919 [INFO ] [STARTUP] frame_loop handed 757384 (octowhere firmware/src/main.rs:351)
9.002023 [INFO ] [STARTUP] flush1 end 785710 (octowhere firmware/src/main.rs:351)
9.002074 [INFO ] [STARTUP] panel lit 785927 (octowhere firmware/src/main.rs:351)
9.002125 [INFO ] [STARTUP] TOUCH answered 869094 (octowhere firmware/src/main.rs:351)
9.002179 [INFO ] [STARTUP] MOTION answered 897901 (octowhere firmware/src/main.rs:351)
9.002234 [INFO ] [STARTUP] MAGNET answered 970582 (octowhere firmware/src/main.rs:351)
9.002289 [INFO ] [STARTUP] gnss-settle end 1003594 (octowhere firmware/src/main.rs:351)
9.002343 [INFO ] [STARTUP] GNSS start 1003711 (octowhere firmware/src/main.rs:351)
9.002394 [INFO ] [STARTUP] GNSS answered 1020273 (octowhere firmware/src/main.rs:351)
9.002448 [INFO ] [STARTUP] RADIO start 1020481 (octowhere firmware/src/main.rs:351)
9.002500 [INFO ] [STARTUP] RADIO answered 1022629 (octowhere firmware/src/main.rs:351)
9.002555 [INFO ] [STARTUP] bring_up exit 1067270 (octowhere firmware/src/main.rs:351)
9.002607 [INFO ] [STARTUP] GNSS-config end 1721141 (octowhere firmware/src/main.rs:351)
9.002662 [INFO ] [STARTUP] startup over 6098876 (octowhere firmware/src/main.rs:351)
9.002714 [INFO ] [STARTUP] done (octowhere firmware/src/main.rs:353)
