[2026-10-01T20:31:39Z INFO ] Serial port: '/dev/ttyACM0'
[2026-10-01T20:31:39Z INFO ] Connecting...
[2026-10-01T20:31:39Z INFO ] Using flash stub
I (436) esp_image: segment 4: paddr=00154fac vaddr=4037a660 size2.237759 [INFO ] [BOOT] Gnss Answered in 622ms (octowhere octowhere/src/main.rs:1713)
2.244096 [INFO ] [GNSS] no reference time: the RTC has none (octowhere octowhere/src/main.rs:2181)
2.244201 [INFO ] [BOOT] answered: power=true clock=true touch=true motion=true magnet=true gnss=true (octowhere octowhere/src/main.rs:2026)
2.246341 [INFO ] [LORA] init_ok (octowhere octowhere/src/main.rs:2314)
2.246382 [INFO ] [TOUCH] OK resolution=466x466 firmware=0x1000001 checksum=0x693275ee (octowhere octowhere/src/main.rs:2065)
2.247974 [INFO ] [MESH] id=28 tuned=true powered=true listening for 135s first (octowhere octowhere/src/mesh.rs:105)
2.248149 [INFO ] [MEM] internal_used=10624 psram_used=868736 (octowhere octowhere/src/main.rs:2100)
72.495556 [INFO ] [DISPLAY] panel off (octowhere octowhere/src/main.rs:2477)
121.065430 [INFO ] [MESH] heard id=24 timebase=Node(24) hops=0 taken=Adopted late_us=None len=30 rssi=-27 snr=6 entries=0 new=0 neighbours=0x00000000 (octowhere octowhere/src/mesh.rs:294)
121.065705 [INFO ] [MESH] timebase root=24 hops=1 (octowhere octowhere/src/mesh.rs:429)
126.585939 [INFO ] [MESH] round=39797484 sending=true (octowhere octowhere/src/mesh.rs:151)
126.688929 [INFO ] [MESH] sent round=39797484 len=30 entries=0 neighbours=0x01000000 late_us=31 switched=true started=true done=true flags=Some(8) (octowhere octowhere/src/mesh.rs:360)
166.065267 [INFO ] [MESH] heard id=24 timebase=Node(24) hops=0 taken=Refined late_us=Some(-136) len=30 rssi=-26 snr=6 entries=0 new=0 neighbours=0x10000000 (octowhere octowhere/src/mesh.rs:294)
171.585937 [INFO ] [MESH] round=39797485 sending=true (octowhere octowhere/src/mesh.rs:151)
171.688491 [INFO ] [MESH] sent round=39797485 len=30 entries=0 neighbours=0x01000000 late_us=26 switched=true started=true done=true flags=Some(8) (octowhere octowhere/src/mesh.rs:360)
216.585804 [INFO ] [MESH] round=39797486 sending=false (octowhere octowhere/src/mesh.rs:151)
256.065052 [INFO ] [MESH] heard id=24 timebase=Node(24) hops=0 taken=Refined late_us=Some(-227) len=30 rssi=-26 snr=7 entries=0 new=0 neighbours=0x10000000 (octowhere octowhere/src/mesh.rs:294)
261.585805 [INFO ] [MESH] round=39797487 sending=false (octowhere octowhere/src/mesh.rs:151)
306.585573 [INFO ] [MESH] round=39797488 sending=true (octowhere octowhere/src/mesh.rs:151)
306.688170 [INFO ] [MESH] sent round=39797488 len=30 entries=0 neighbours=0x01000000 late_us=36 switched=true started=true done=true flags=Some(8) (octowhere octowhere/src/mesh.rs:360)
351.585579 [INFO ] [MESH] round=39797489 sending=false (octowhere octowhere/src/mesh.rs:151)
391.064699 [INFO ] [MESH] heard id=24 timebase=Node(24) hops=0 taken=Refined late_us=Some(-342) len=30 rssi=-27 snr=6 entries=0 new=0 neighbours=0x10000000 (octowhere octowhere/src/mesh.rs:294)
396.585578 [INFO ] [MESH] round=39797490 sending=false (octowhere octowhere/src/mesh.rs:151)
441.585230 [INFO ] [MESH] round=39797491 sending=true (octowhere octowhere/src/mesh.rs:151)
441.687786 [INFO ] [MESH] sent round=39797491 len=30 entries=0 neighbours=0x01000000 late_us=20 switched=true started=true done=true flags=Some(8) (octowhere octowhere/src/mesh.rs:360)
