[2026-10-01T20:29:14Z INFO ] Serial port: '/dev/ttyACM1'
[2026-10-01T20:29:14Z INFO ] Connecting...
[2026-10-01T20:29:14Z INFO ] Using flash stub
I (436) esp_image: segment 4: paddr=00154fac vaddr=4037a660 size2.249637 [INFO ] [BOOT] Gnss Answered in 622ms (octowhere octowhere/src/main.rs:1713)
2.288592 [INFO ] [GNSS] reference time 2026-10-01 20:29:10 sent=true (octowhere octowhere/src/main.rs:2170)
2.288691 [INFO ] [BOOT] answered: power=true clock=true touch=true motion=true magnet=true gnss=true (octowhere octowhere/src/main.rs:2026)
2.291619 [INFO ] [LORA] init_ok (octowhere octowhere/src/main.rs:2314)
2.291682 [INFO ] [TOUCH] OK resolution=466x466 firmware=0x1000001 checksum=0x693275ee (octowhere octowhere/src/main.rs:2065)
2.293244 [INFO ] [MEM] internal_used=10624 psram_used=868736 (octowhere octowhere/src/main.rs:2100)
2.293323 [INFO ] [MESH] id=24 tuned=true powered=true listening for 135s first (octowhere octowhere/src/mesh.rs:105)
42.265703 [INFO ] [DISPLAY] shift 3 0 (octowhere octowhere/src/main.rs:643)
51.494649 [INFO ] [DISPLAY] shift 2 2 (octowhere octowhere/src/main.rs:643)
111.428954 [INFO ] [DISPLAY] shift 0 3 (octowhere octowhere/src/main.rs:643)
137.294035 [INFO ] [MESH] timebase root=24 hops=0 (octowhere octowhere/src/mesh.rs:429)
171.422522 [INFO ] [DISPLAY] shift -2 2 (octowhere octowhere/src/main.rs:643)
175.809464 [INFO ] [MESH] round=39797482 sending=false (octowhere octowhere/src/mesh.rs:151)
220.809472 [INFO ] [MESH] round=39797483 sending=false (octowhere octowhere/src/mesh.rs:151)
231.626656 [INFO ] [DISPLAY] shift -3 0 (octowhere octowhere/src/main.rs:643)
265.809452 [INFO ] [MESH] round=39797484 sending=true (octowhere octowhere/src/mesh.rs:151)
265.912375 [INFO ] [MESH] sent round=39797484 len=30 entries=0 neighbours=0x00000000 late_us=54 switched=true started=true done=true flags=Some(8) (octowhere octowhere/src/mesh.rs:360)
271.538729 [INFO ] [MESH] heard id=28 timebase=Node(24) hops=1 taken=Ignored late_us=Some(-146) len=30 rssi=-30 snr=7 entries=0 new=0 neighbours=0x01000000 (octowhere octowhere/src/mesh.rs:294)
291.576040 [INFO ] [DISPLAY] shift -2 -2 (octowhere octowhere/src/main.rs:643)
310.809474 [INFO ] [MESH] round=39797485 sending=true (octowhere octowhere/src/mesh.rs:151)
310.911731 [INFO ] [MESH] sent round=39797485 len=30 entries=0 neighbours=0x10000000 late_us=57 switched=true started=true done=true flags=Some(8) (octowhere octowhere/src/mesh.rs:360)
316.538871 [INFO ] [MESH] heard id=28 timebase=Node(24) hops=1 taken=Ignored late_us=Some(-2) len=30 rssi=-30 snr=7 entries=0 new=0 neighbours=0x01000000 (octowhere octowhere/src/mesh.rs:294)
351.585564 [INFO ] [DISPLAY] shift 0 -3 (octowhere octowhere/src/main.rs:643)
355.809448 [INFO ] [MESH] round=39797486 sending=false (octowhere octowhere/src/mesh.rs:151)
400.809454 [INFO ] [MESH] round=39797487 sending=true (octowhere octowhere/src/mesh.rs:151)
400.912376 [INFO ] [MESH] sent round=39797487 len=30 entries=0 neighbours=0x10000000 late_us=50 switched=true started=true done=true flags=Some(8) (octowhere octowhere/src/mesh.rs:360)
411.521440 [INFO ] [DISPLAY] shift 2 -2 (octowhere octowhere/src/main.rs:643)
445.809474 [INFO ] [MESH] round=39797488 sending=false (octowhere octowhere/src/mesh.rs:151)
451.538843 [INFO ] [MESH] heard id=28 timebase=Node(24) hops=1 taken=Ignored late_us=Some(-28) len=30 rssi=-29 snr=7 entries=0 new=0 neighbours=0x01000000 (octowhere octowhere/src/mesh.rs:294)
471.493012 [INFO ] [DISPLAY] shift 0 0 (octowhere octowhere/src/main.rs:643)
490.809451 [INFO ] [MESH] round=39797489 sending=false (octowhere octowhere/src/mesh.rs:151)
531.422789 [INFO ] [DISPLAY] shift 3 0 (octowhere octowhere/src/main.rs:643)
535.809466 [INFO ] [MESH] round=39797490 sending=true (octowhere octowhere/src/mesh.rs:151)
535.911715 [INFO ] [MESH] sent round=39797490 len=30 entries=0 neighbours=0x10000000 late_us=45 switched=true started=true done=true flags=Some(8) (octowhere octowhere/src/mesh.rs:360)
580.809469 [INFO ] [MESH] round=39797491 sending=false (octowhere octowhere/src/mesh.rs:151)
586.538810 [INFO ] [MESH] heard id=28 timebase=Node(24) hops=1 taken=Ignored late_us=Some(-60) len=30 rssi=-27 snr=7 entries=0 new=0 neighbours=0x01000000 (octowhere octowhere/src/mesh.rs:294)
591.625162 [INFO ] [DISPLAY] shift 2 2 (octowhere octowhere/src/main.rs:643)
