[2026-10-01T02:03:02Z INFO ] Serial port: '/dev/ttyACM2'
[2026-10-01T02:03:02Z INFO ] Connecting...
[2026-10-01T02:03:03Z INFO ] Using flash stub
I (428) esp_image: segment 4: paddr=0014c718 vaddr=40379d4c size1.528191 [INFO ] [FLUSHBENCH] case=full region=frame shift=0,0 n=64 min=11503 median=11507 p90=11583 max=11803 (octowhere octowhere-flush/src/flush_bench.rs:36)
2.252131 [INFO ] [BOOT] Gnss Answered in 634ms (octowhere octowhere-flush/src/main.rs:1652)
2.277649 [INFO ] [FLUSHBENCH] case=full region=frame shift=3,0 n=64 min=11563 median=11675 p90=11792 max=12607 (octowhere octowhere-flush/src/flush_bench.rs:36)
2.285129 [INFO ] [GNSS] reference time 2026-10-01 02:03:02 sent=true (octowhere octowhere-flush/src/main.rs:1980)
2.285196 [INFO ] [BOOT] answered: power=true clock=true touch=true motion=true magnet=true gnss=true (octowhere octowhere-flush/src/main.rs:1994)
2.287732 [INFO ] [LORA] init_ok (octowhere octowhere-flush/src/main.rs:2237)
2.287813 [INFO ] [TOUCH] OK resolution=466x466 firmware=0x1000001 checksum=0x693275ee (octowhere octowhere-flush/src/main.rs:2033)
2.289416 [INFO ] [MEM] internal_used=10624 psram_used=868736 (octowhere octowhere-flush/src/main.rs:2063)
3.027224 [INFO ] [FLUSHBENCH] case=full region=frame shift=2,2 n=64 min=11544 median=11598 p90=12013 max=13362 (octowhere octowhere-flush/src/flush_bench.rs:36)
3.769085 [INFO ] [FLUSHBENCH] case=full region=frame shift=0,3 n=64 min=11532 median=11536 p90=11718 max=12114 (octowhere octowhere-flush/src/flush_bench.rs:36)
4.510814 [INFO ] [FLUSHBENCH] case=full region=frame shift=-2,2 n=64 min=11544 median=11548 p90=11735 max=12081 (octowhere octowhere-flush/src/flush_bench.rs:36)
5.254977 [INFO ] [FLUSHBENCH] case=full region=frame shift=-3,0 n=64 min=11562 median=11566 p90=11766 max=12128 (octowhere octowhere-flush/src/flush_bench.rs:36)
5.999233 [INFO ] [FLUSHBENCH] case=full region=frame shift=-2,-2 n=64 min=11560 median=11564 p90=11777 max=12142 (octowhere octowhere-flush/src/flush_bench.rs:36)
6.742344 [INFO ] [FLUSHBENCH] case=full region=frame shift=0,-3 n=64 min=11557 median=11560 p90=11758 max=12057 (octowhere octowhere-flush/src/flush_bench.rs:36)
7.486749 [INFO ] [FLUSHBENCH] case=full region=frame shift=2,-2 n=64 min=11561 median=11564 p90=11811 max=12194 (octowhere octowhere-flush/src/flush_bench.rs:36)
7.684660 [INFO ] [FLUSHBENCH] case=before region=band shift=0,0 n=64 min=3060 median=3064 p90=3201 max=3424 (octowhere octowhere-flush/src/flush_bench.rs:36)
7.884728 [INFO ] [FLUSHBENCH] case=region region=band shift=0,0 n=64 min=3078 median=3082 p90=3221 max=3609 (octowhere octowhere-flush/src/flush_bench.rs:36)
8.082484 [INFO ] [FLUSHBENCH] case=region region=band shift=3,0 n=64 min=3084 median=3088 p90=3088 max=3113 (octowhere octowhere-flush/src/flush_bench.rs:36)
8.281019 [INFO ] [FLUSHBENCH] case=region region=band shift=2,2 n=64 min=3082 median=3085 p90=3086 max=3440 (octowhere octowhere-flush/src/flush_bench.rs:36)
8.304842 [INFO ] [FLUSHBENCH] case=before region=gauge shift=0,0 n=64 min=367 median=367 p90=368 max=549 (octowhere octowhere-flush/src/flush_bench.rs:36)
8.329436 [INFO ] [FLUSHBENCH] case=region region=gauge shift=0,0 n=64 min=381 median=382 p90=382 max=425 (octowhere octowhere-flush/src/flush_bench.rs:36)
8.355856 [INFO ] [FLUSHBENCH] case=region region=gauge shift=3,0 n=64 min=393 median=393 p90=458 max=656 (octowhere octowhere-flush/src/flush_bench.rs:36)
8.380458 [INFO ] [FLUSHBENCH] case=region region=gauge shift=2,2 n=64 min=381 median=382 p90=382 max=428 (octowhere octowhere-flush/src/flush_bench.rs:36)
8.697663 [INFO ] [FLUSHBENCH] case=before region=compass shift=0,0 n=64 min=4924 median=4925 p90=5020 max=5415 (octowhere octowhere-flush/src/flush_bench.rs:36)
9.017461 [INFO ] [FLUSHBENCH] case=region region=compass shift=0,0 n=64 min=4951 median=4951 p90=5061 max=5398 (octowhere octowhere-flush/src/flush_bench.rs:36)
9.333838 [INFO ] [FLUSHBENCH] case=region region=compass shift=3,0 n=64 min=4922 median=4923 p90=4923 max=5295 (octowhere octowhere-flush/src/flush_bench.rs:36)
9.653096 [INFO ] [FLUSHBENCH] case=region region=compass shift=2,2 n=64 min=4951 median=4951 p90=5113 max=5306 (octowhere octowhere-flush/src/flush_bench.rs:36)
9.662909 [INFO ] [FLUSHBENCH] case=before region=small shift=0,0 n=64 min=145 median=146 p90=148 max=381 (octowhere octowhere-flush/src/flush_bench.rs:36)
9.673989 [INFO ] [FLUSHBENCH] case=region region=small shift=0,0 n=64 min=167 median=168 p90=168 max=262 (octowhere octowhere-flush/src/flush_bench.rs:36)
9.685628 [INFO ] [FLUSHBENCH] case=region region=small shift=3,0 n=64 min=177 median=178 p90=178 max=246 (octowhere octowhere-flush/src/flush_bench.rs:36)
9.696598 [INFO ] [FLUSHBENCH] case=region region=small shift=2,2 n=64 min=167 median=168 p90=172 max=190 (octowhere octowhere-flush/src/flush_bench.rs:36)
9.703079 [INFO ] [FLUSHBENCH] case=before region=rows shift=0,0 n=64 min=94 median=95 p90=106 max=216 (octowhere octowhere-flush/src/flush_bench.rs:36)
9.709486 [INFO ] [FLUSHBENCH] case=region region=rows shift=0,0 n=64 min=96 median=97 p90=97 max=180 (octowhere octowhere-flush/src/flush_bench.rs:36)
9.716141 [INFO ] [FLUSHBENCH] case=region region=rows shift=3,0 n=64 min=100 median=100 p90=107 max=121 (octowhere octowhere-flush/src/flush_bench.rs:36)
9.722550 [INFO ] [FLUSHBENCH] case=region region=rows shift=2,2 n=64 min=97 median=98 p90=98 max=123 (octowhere octowhere-flush/src/flush_bench.rs:36)
9.722609 [INFO ] [FLUSHBENCH] round 1 (octowhere octowhere-flush/src/flush_bench.rs:57)
10.461784 [INFO ] [FLUSHBENCH] case=full region=frame shift=0,0 n=64 min=11503 median=11506 p90=11639 max=11958 (octowhere octowhere-flush/src/flush_bench.rs:36)
11.206980 [INFO ] [FLUSHBENCH] case=full region=frame shift=3,0 n=64 min=11563 median=11567 p90=11838 max=12194 (octowhere octowhere-flush/src/flush_bench.rs:36)
11.950474 [INFO ] [FLUSHBENCH] case=full region=frame shift=2,2 n=64 min=11543 median=11547 p90=11773 max=12125 (octowhere octowhere-flush/src/flush_bench.rs:36)
12.692130 [INFO ] [FLUSHBENCH] case=full region=frame shift=0,3 n=64 min=11533 median=11536 p90=11788 max=12059 (octowhere octowhere-flush/src/flush_bench.rs:36)
13.435265 [INFO ] [FLUSHBENCH] case=full region=frame shift=-2,2 n=64 min=11544 median=11548 p90=11773 max=12114 (octowhere octowhere-flush/src/flush_bench.rs:36)
14.180216 [INFO ] [FLUSHBENCH] case=full region=frame shift=-3,0 n=64 min=11562 median=11566 p90=11842 max=12273 (octowhere octowhere-flush/src/flush_bench.rs:36)
14.924917 [INFO ] [FLUSHBENCH] case=full region=frame shift=-2,-2 n=64 min=11560 median=11564 p90=11838 max=12161 (octowhere octowhere-flush/src/flush_bench.rs:36)
15.667832 [INFO ] [FLUSHBENCH] case=full region=frame shift=0,-3 n=64 min=11557 median=11560 p90=11743 max=12099 (octowhere octowhere-flush/src/flush_bench.rs:36)
16.411448 [INFO ] [FLUSHBENCH] case=full region=frame shift=2,-2 n=64 min=11561 median=11565 p90=11763 max=12157 (octowhere octowhere-flush/src/flush_bench.rs:36)
16.608523 [INFO ] [FLUSHBENCH] case=before region=band shift=0,0 n=64 min=3060 median=3064 p90=3064 max=3508 (octowhere octowhere-flush/src/flush_bench.rs:36)
16.809370 [INFO ] [FLUSHBENCH] case=region region=band shift=0,0 n=64 min=3078 median=3090 p90=3246 max=3758 (octowhere octowhere-flush/src/flush_bench.rs:36)
17.007995 [INFO ] [FLUSHBENCH] case=region region=band shift=3,0 n=64 min=3084 median=3088 p90=3094 max=3371 (octowhere octowhere-flush/src/flush_bench.rs:36)
17.206817 [INFO ] [FLUSHBENCH] case=region region=band shift=2,2 n=64 min=3082 median=3085 p90=3105 max=3441 (octowhere octowhere-flush/src/flush_bench.rs:36)
17.230663 [INFO ] [FLUSHBENCH] case=before region=gauge shift=0,0 n=64 min=367 median=367 p90=368 max=548 (octowhere octowhere-flush/src/flush_bench.rs:36)
17.255258 [INFO ] [FLUSHBENCH] case=region region=gauge shift=0,0 n=64 min=381 median=382 p90=382 max=423 (octowhere octowhere-flush/src/flush_bench.rs:36)
17.280521 [INFO ] [FLUSHBENCH] case=region region=gauge shift=3,0 n=64 min=393 median=393 p90=393 max=394 (octowhere octowhere-flush/src/flush_bench.rs:36)
17.305055 [INFO ] [FLUSHBENCH] case=region region=gauge shift=2,2 n=64 min=381 median=382 p90=382 max=382 (octowhere octowhere-flush/src/flush_bench.rs:36)
17.621530 [INFO ] [FLUSHBENCH] case=before region=compass shift=0,0 n=64 min=4922 median=4925 p90=4925 max=5316 (octowhere octowhere-flush/src/flush_bench.rs:36)
17.943016 [INFO ] [FLUSHBENCH] case=region region=compass shift=0,0 n=64 min=4951 median=4960 p90=5151 max=5552 (octowhere octowhere-flush/src/flush_bench.rs:36)
18.259307 [INFO ] [FLUSHBENCH] case=region region=compass shift=3,0 n=64 min=4922 median=4922 p90=4923 max=5283 (octowhere octowhere-flush/src/flush_bench.rs:36)
18.577730 [INFO ] [FLUSHBENCH] case=region region=compass shift=2,2 n=64 min=4951 median=4951 p90=4988 max=5395 (octowhere octowhere-flush/src/flush_bench.rs:36)
18.587445 [INFO ] [FLUSHBENCH] case=before region=small shift=0,0 n=64 min=145 median=146 p90=146 max=363 (octowhere octowhere-flush/src/flush_bench.rs:36)
18.598327 [INFO ] [FLUSHBENCH] case=region region=small shift=0,0 n=64 min=167 median=168 p90=168 max=191 (octowhere octowhere-flush/src/flush_bench.rs:36)
18.609805 [INFO ] [FLUSHBENCH] case=region region=small shift=3,0 n=64 min=177 median=178 p90=178 max=180 (octowhere octowhere-flush/src/flush_bench.rs:36)
18.620655 [INFO ] [FLUSHBENCH] case=region region=small shift=2,2 n=64 min=167 median=168 p90=168 max=168 (octowhere octowhere-flush/src/flush_bench.rs:36)
18.626844 [INFO ] [FLUSHBENCH] case=before region=rows shift=0,0 n=64 min=94 median=95 p90=95 max=108 (octowhere octowhere-flush/src/flush_bench.rs:36)
18.633151 [INFO ] [FLUSHBENCH] case=region region=rows shift=0,0 n=64 min=96 median=97 p90=97 max=97 (octowhere octowhere-flush/src/flush_bench.rs:36)
18.639677 [INFO ] [FLUSHBENCH] case=region region=rows shift=3,0 n=64 min=100 median=100 p90=101 max=102 (octowhere octowhere-flush/src/flush_bench.rs:36)
18.646342 [INFO ] [FLUSHBENCH] case=region region=rows shift=2,2 n=64 min=97 median=98 p90=98 max=161 (octowhere octowhere-flush/src/flush_bench.rs:36)
18.646405 [INFO ] [FLUSHBENCH] round 2 (octowhere octowhere-flush/src/flush_bench.rs:57)
19.386398 [INFO ] [FLUSHBENCH] case=full region=frame shift=0,0 n=64 min=11503 median=11507 p90=11686 max=12054 (octowhere octowhere-flush/src/flush_bench.rs:36)
20.131149 [INFO ] [FLUSHBENCH] case=full region=frame shift=3,0 n=64 min=11563 median=11567 p90=11798 max=12103 (octowhere octowhere-flush/src/flush_bench.rs:36)
20.874538 [INFO ] [FLUSHBENCH] case=full region=frame shift=2,2 n=64 min=11543 median=11547 p90=11798 max=12119 (octowhere octowhere-flush/src/flush_bench.rs:36)
21.615803 [INFO ] [FLUSHBENCH] case=full region=frame shift=0,3 n=64 min=11533 median=11536 p90=11675 max=12101 (octowhere octowhere-flush/src/flush_bench.rs:36)
22.359447 [INFO ] [FLUSHBENCH] case=full region=frame shift=-2,2 n=64 min=11544 median=11548 p90=11790 max=12138 (octowhere octowhere-flush/src/flush_bench.rs:36)
23.104360 [INFO ] [FLUSHBENCH] case=full region=frame shift=-3,0 n=64 min=11562 median=11566 p90=11839 max=12188 (octowhere octowhere-flush/src/flush_bench.rs:36)
23.848921 [INFO ] [FLUSHBENCH] case=full region=frame shift=-2,-2 n=64 min=11560 median=11564 p90=11792 max=12312 (octowhere octowhere-flush/src/flush_bench.rs:36)
24.591423 [INFO ] [FLUSHBENCH] case=full region=frame shift=0,-3 n=64 min=11557 median=11560 p90=11721 max=11928 (octowhere octowhere-flush/src/flush_bench.rs:36)
25.335822 [INFO ] [FLUSHBENCH] case=full region=frame shift=2,-2 n=64 min=11561 median=11565 p90=11795 max=12134 (octowhere octowhere-flush/src/flush_bench.rs:36)
25.533377 [INFO ] [FLUSHBENCH] case=before region=band shift=0,0 n=64 min=3060 median=3064 p90=3079 max=3577 (octowhere octowhere-flush/src/flush_bench.rs:36)
25.732089 [INFO ] [FLUSHBENCH] case=region region=band shift=0,0 n=64 min=3078 median=3081 p90=3148 max=3304 (octowhere octowhere-flush/src/flush_bench.rs:36)
25.932523 [INFO ] [FLUSHBENCH] case=region region=band shift=3,0 n=64 min=3084 median=3088 p90=3218 max=3727 (octowhere octowhere-flush/src/flush_bench.rs:36)
26.131484 [INFO ] [FLUSHBENCH] case=region region=band shift=2,2 n=64 min=3082 median=3085 p90=3126 max=3594 (octowhere octowhere-flush/src/flush_bench.rs:36)
26.155315 [INFO ] [FLUSHBENCH] case=before region=gauge shift=0,0 n=64 min=367 median=367 p90=368 max=549 (octowhere octowhere-flush/src/flush_bench.rs:36)
26.179900 [INFO ] [FLUSHBENCH] case=region region=gauge shift=0,0 n=64 min=381 median=382 p90=382 max=413 (octowhere octowhere-flush/src/flush_bench.rs:36)
26.205163 [INFO ] [FLUSHBENCH] case=region region=gauge shift=3,0 n=64 min=393 median=393 p90=393 max=394 (octowhere octowhere-flush/src/flush_bench.rs:36)
26.230342 [INFO ] [FLUSHBENCH] case=region region=gauge shift=2,2 n=64 min=381 median=382 p90=382 max=596 (octowhere octowhere-flush/src/flush_bench.rs:36)
26.547442 [INFO ] [FLUSHBENCH] case=before region=compass shift=0,0 n=64 min=4924 median=4925 p90=5017 max=5448 (octowhere octowhere-flush/src/flush_bench.rs:36)
26.867821 [INFO ] [FLUSHBENCH] case=region region=compass shift=0,0 n=64 min=4951 median=4958 p90=5075 max=5674 (octowhere octowhere-flush/src/flush_bench.rs:36)
27.184277 [INFO ] [FLUSHBENCH] case=region region=compass shift=3,0 n=64 min=4922 median=4922 p90=4946 max=5388 (octowhere octowhere-flush/src/flush_bench.rs:36)
27.502932 [INFO ] [FLUSHBENCH] case=region region=compass shift=2,2 n=64 min=4951 median=4951 p90=5015 max=5312 (octowhere octowhere-flush/src/flush_bench.rs:36)
27.512596 [INFO ] [FLUSHBENCH] case=before region=small shift=0,0 n=64 min=145 median=146 p90=146 max=327 (octowhere octowhere-flush/src/flush_bench.rs:36)
27.524231 [INFO ] [FLUSHBENCH] case=region region=small shift=0,0 n=64 min=167 median=168 p90=203 max=330 (octowhere octowhere-flush/src/flush_bench.rs:36)
27.535744 [INFO ] [FLUSHBENCH] case=region region=small shift=3,0 n=64 min=177 median=178 p90=178 max=201 (octowhere octowhere-flush/src/flush_bench.rs:36)
27.546594 [INFO ] [FLUSHBENCH] case=region region=small shift=2,2 n=64 min=167 median=168 p90=168 max=168 (octowhere octowhere-flush/src/flush_bench.rs:36)
27.552890 [INFO ] [FLUSHBENCH] case=before region=rows shift=0,0 n=64 min=94 median=95 p90=95 max=199 (octowhere octowhere-flush/src/flush_bench.rs:36)
27.559223 [INFO ] [FLUSHBENCH] case=region region=rows shift=0,0 n=64 min=96 median=97 p90=97 max=121 (octowhere octowhere-flush/src/flush_bench.rs:36)
27.565747 [INFO ] [FLUSHBENCH] case=region region=rows shift=3,0 n=64 min=100 median=100 p90=101 max=102 (octowhere octowhere-flush/src/flush_bench.rs:36)
27.572117 [INFO ] [FLUSHBENCH] case=region region=rows shift=2,2 n=64 min=97 median=98 p90=98 max=98 (octowhere octowhere-flush/src/flush_bench.rs:36)
27.572181 [INFO ] [FLUSHBENCH] round 3 (octowhere octowhere-flush/src/flush_bench.rs:57)
28.312634 [INFO ] [FLUSHBENCH] case=full region=frame shift=0,0 n=64 min=11503 median=11507 p90=11622 max=12485 (octowhere octowhere-flush/src/flush_bench.rs:36)
29.057347 [INFO ] [FLUSHBENCH] case=full region=frame shift=3,0 n=64 min=11563 median=11567 p90=11780 max=12320 (octowhere octowhere-flush/src/flush_bench.rs:36)
29.800626 [INFO ] [FLUSHBENCH] case=full region=frame shift=2,2 n=64 min=11543 median=11547 p90=11829 max=12180 (octowhere octowhere-flush/src/flush_bench.rs:36)
30.541521 [INFO ] [FLUSHBENCH] case=full region=frame shift=0,3 n=64 min=11533 median=11536 p90=11679 max=11897 (octowhere octowhere-flush/src/flush_bench.rs:36)
31.285230 [INFO ] [FLUSHBENCH] case=full region=frame shift=-2,2 n=64 min=11544 median=11548 p90=11812 max=12306 (octowhere octowhere-flush/src/flush_bench.rs:36)
32.029950 [INFO ] [FLUSHBENCH] case=full region=frame shift=-3,0 n=64 min=11562 median=11566 p90=11859 max=12128 (octowhere octowhere-flush/src/flush_bench.rs:36)
32.773964 [INFO ] [FLUSHBENCH] case=full region=frame shift=-2,-2 n=64 min=11560 median=11564 p90=11775 max=12211 (octowhere octowhere-flush/src/flush_bench.rs:36)
33.516507 [INFO ] [FLUSHBENCH] case=full region=frame shift=0,-3 n=64 min=11557 median=11560 p90=11695 max=11939 (octowhere octowhere-flush/src/flush_bench.rs:36)
34.260946 [INFO ] [FLUSHBENCH] case=full region=frame shift=2,-2 n=64 min=11561 median=11565 p90=11861 max=12226 (octowhere octowhere-flush/src/flush_bench.rs:36)
34.458511 [INFO ] [FLUSHBENCH] case=before region=band shift=0,0 n=64 min=3060 median=3064 p90=3080 max=3495 (octowhere octowhere-flush/src/flush_bench.rs:36)
34.657281 [INFO ] [FLUSHBENCH] case=region region=band shift=0,0 n=64 min=3077 median=3081 p90=3154 max=3425 (octowhere octowhere-flush/src/flush_bench.rs:36)
34.858690 [INFO ] [FLUSHBENCH] case=region region=band shift=3,0 n=64 min=3084 median=3100 p90=3254 max=3576 (octowhere octowhere-flush/src/flush_bench.rs:36)
35.056812 [INFO ] [FLUSHBENCH] case=region region=band shift=2,2 n=64 min=3082 median=3085 p90=3086 max=3330 (octowhere octowhere-flush/src/flush_bench.rs:36)
35.080626 [INFO ] [FLUSHBENCH] case=before region=gauge shift=0,0 n=64 min=367 median=367 p90=368 max=538 (octowhere octowhere-flush/src/flush_bench.rs:36)
35.105965 [INFO ] [FLUSHBENCH] case=region region=gauge shift=0,0 n=64 min=381 median=382 p90=400 max=623 (octowhere octowhere-flush/src/flush_bench.rs:36)
35.131291 [INFO ] [FLUSHBENCH] case=region region=gauge shift=3,0 n=64 min=393 median=393 p90=393 max=432 (octowhere octowhere-flush/src/flush_bench.rs:36)
35.155825 [INFO ] [FLUSHBENCH] case=region region=gauge shift=2,2 n=64 min=381 median=382 p90=382 max=382 (octowhere octowhere-flush/src/flush_bench.rs:36)
35.472441 [INFO ] [FLUSHBENCH] case=before region=compass shift=0,0 n=64 min=4924 median=4925 p90=4931 max=5363 (octowhere octowhere-flush/src/flush_bench.rs:36)
35.792863 [INFO ] [FLUSHBENCH] case=region region=compass shift=0,0 n=64 min=4951 median=4965 p90=5058 max=5573 (octowhere octowhere-flush/src/flush_bench.rs:36)
36.110332 [INFO ] [FLUSHBENCH] case=region region=compass shift=3,0 n=64 min=4922 median=4923 p90=5045 max=5527 (octowhere octowhere-flush/src/flush_bench.rs:36)
36.428595 [INFO ] [FLUSHBENCH] case=region region=compass shift=2,2 n=64 min=4951 median=4951 p90=4979 max=5331 (octowhere octowhere-flush/src/flush_bench.rs:36)
36.438275 [INFO ] [FLUSHBENCH] case=before region=small shift=0,0 n=64 min=145 median=146 p90=146 max=344 (octowhere octowhere-flush/src/flush_bench.rs:36)
36.449186 [INFO ] [FLUSHBENCH] case=region region=small shift=0,0 n=64 min=167 median=168 p90=168 max=212 (octowhere octowhere-flush/src/flush_bench.rs:36)
36.460662 [INFO ] [FLUSHBENCH] case=region region=small shift=3,0 n=64 min=177 median=178 p90=178 max=180 (octowhere octowhere-flush/src/flush_bench.rs:36)
36.471515 [INFO ] [FLUSHBENCH] case=region region=small shift=2,2 n=64 min=167 median=168 p90=168 max=168 (octowhere octowhere-flush/src/flush_bench.rs:36)
36.477706 [INFO ] [FLUSHBENCH] case=before region=rows shift=0,0 n=64 min=94 median=95 p90=95 max=108 (octowhere octowhere-flush/src/flush_bench.rs:36)
36.484010 [INFO ] [FLUSHBENCH] case=region region=rows shift=0,0 n=64 min=96 median=97 p90=97 max=97 (octowhere octowhere-flush/src/flush_bench.rs:36)
36.490536 [INFO ] [FLUSHBENCH] case=region region=rows shift=3,0 n=64 min=100 median=100 p90=101 max=102 (octowhere octowhere-flush/src/flush_bench.rs:36)
36.496906 [INFO ] [FLUSHBENCH] case=region region=rows shift=2,2 n=64 min=97 median=98 p90=98 max=98 (octowhere octowhere-flush/src/flush_bench.rs:36)
36.496968 [INFO ] [FLUSHBENCH] round 4 (octowhere octowhere-flush/src/flush_bench.rs:57)
37.236788 [INFO ] [FLUSHBENCH] case=full region=frame shift=0,0 n=64 min=11503 median=11507 p90=11669 max=12025 (octowhere octowhere-flush/src/flush_bench.rs:36)
37.981882 [INFO ] [FLUSHBENCH] case=full region=frame shift=3,0 n=64 min=11563 median=11568 p90=11842 max=12117 (octowhere octowhere-flush/src/flush_bench.rs:36)
38.724296 [INFO ] [FLUSHBENCH] case=full region=frame shift=2,2 n=64 min=11544 median=11547 p90=11774 max=11890 (octowhere octowhere-flush/src/flush_bench.rs:36)
39.466489 [INFO ] [FLUSHBENCH] case=full region=frame shift=0,3 n=64 min=11532 median=11536 p90=11762 max=12137 (octowhere octowhere-flush/src/flush_bench.rs:36)
40.209828 [INFO ] [FLUSHBENCH] case=full region=frame shift=-2,2 n=64 min=11544 median=11548 p90=11784 max=12072 (octowhere octowhere-flush/src/flush_bench.rs:36)
40.954472 [INFO ] [FLUSHBENCH] case=full region=frame shift=-3,0 n=64 min=11562 median=11566 p90=11788 max=12062 (octowhere octowhere-flush/src/flush_bench.rs:36)
41.697948 [INFO ] [FLUSHBENCH] case=full region=frame shift=-2,-2 n=64 min=11560 median=11564 p90=11809 max=12010 (octowhere octowhere-flush/src/flush_bench.rs:36)
42.441866 [INFO ] [FLUSHBENCH] case=full region=frame shift=0,-3 n=64 min=11557 median=11561 p90=11840 max=12144 (octowhere octowhere-flush/src/flush_bench.rs:36)
43.186515 [INFO ] [FLUSHBENCH] case=full region=frame shift=2,-2 n=64 min=11561 median=11565 p90=11807 max=12233 (octowhere octowhere-flush/src/flush_bench.rs:36)
43.383544 [INFO ] [FLUSHBENCH] case=before region=band shift=0,0 n=64 min=3060 median=3064 p90=3064 max=3362 (octowhere octowhere-flush/src/flush_bench.rs:36)
43.581793 [INFO ] [FLUSHBENCH] case=region region=band shift=0,0 n=64 min=3078 median=3081 p90=3082 max=3543 (octowhere octowhere-flush/src/flush_bench.rs:36)
43.782894 [INFO ] [FLUSHBENCH] case=region region=band shift=3,0 n=64 min=3084 median=3097 p90=3226 max=3707 (octowhere octowhere-flush/src/flush_bench.rs:36)
43.982250 [INFO ] [FLUSHBENCH] case=region region=band shift=2,2 n=64 min=3082 median=3085 p90=3154 max=3523 (octowhere octowhere-flush/src/flush_bench.rs:36)
44.006080 [INFO ] [FLUSHBENCH] case=before region=gauge shift=0,0 n=64 min=367 median=367 p90=368 max=543 (octowhere octowhere-flush/src/flush_bench.rs:36)
44.030676 [INFO ] [FLUSHBENCH] case=region region=gauge shift=0,0 n=64 min=381 median=382 p90=382 max=429 (octowhere octowhere-flush/src/flush_bench.rs:36)
44.055939 [INFO ] [FLUSHBENCH] case=region region=gauge shift=3,0 n=64 min=393 median=393 p90=393 max=394 (octowhere octowhere-flush/src/flush_bench.rs:36)
44.080461 [INFO ] [FLUSHBENCH] case=region region=gauge shift=2,2 n=64 min=382 median=382 p90=382 max=382 (octowhere octowhere-flush/src/flush_bench.rs:36)
44.397220 [INFO ] [FLUSHBENCH] case=before region=compass shift=0,0 n=64 min=4921 median=4925 p90=4933 max=5323 (octowhere octowhere-flush/src/flush_bench.rs:36)
44.717035 [INFO ] [FLUSHBENCH] case=region region=compass shift=0,0 n=64 min=4951 median=4951 p90=5121 max=5456 (octowhere octowhere-flush/src/flush_bench.rs:36)
45.034971 [INFO ] [FLUSHBENCH] case=region region=compass shift=3,0 n=64 min=4922 median=4923 p90=5035 max=5549 (octowhere octowhere-flush/src/flush_bench.rs:36)
45.353170 [INFO ] [FLUSHBENCH] case=region region=compass shift=2,2 n=64 min=4951 median=4951 p90=4952 max=5359 (octowhere octowhere-flush/src/flush_bench.rs:36)
45.362863 [INFO ] [FLUSHBENCH] case=before region=small shift=0,0 n=64 min=145 median=146 p90=146 max=353 (octowhere octowhere-flush/src/flush_bench.rs:36)
45.374358 [INFO ] [FLUSHBENCH] case=region region=small shift=0,0 n=64 min=167 median=168 p90=193 max=359 (octowhere octowhere-flush/src/flush_bench.rs:36)
45.385866 [INFO ] [FLUSHBENCH] case=region region=small shift=3,0 n=64 min=177 median=178 p90=178 max=206 (octowhere octowhere-flush/src/flush_bench.rs:36)
45.396716 [INFO ] [FLUSHBENCH] case=region region=small shift=2,2 n=64 min=167 median=168 p90=168 max=168 (octowhere octowhere-flush/src/flush_bench.rs:36)
45.403022 [INFO ] [FLUSHBENCH] case=before region=rows shift=0,0 n=64 min=94 median=95 p90=95 max=210 (octowhere octowhere-flush/src/flush_bench.rs:36)
45.409345 [INFO ] [FLUSHBENCH] case=region region=rows shift=0,0 n=64 min=96 median=97 p90=97 max=114 (octowhere octowhere-flush/src/flush_bench.rs:36)
45.415871 [INFO ] [FLUSHBENCH] case=region region=rows shift=3,0 n=64 min=100 median=100 p90=101 max=102 (octowhere octowhere-flush/src/flush_bench.rs:36)
45.422241 [INFO ] [FLUSHBENCH] case=region region=rows shift=2,2 n=64 min=97 median=98 p90=98 max=98 (octowhere octowhere-flush/src/flush_bench.rs:36)
45.422306 [INFO ] [FLUSHBENCH] round 5 (octowhere octowhere-flush/src/flush_bench.rs:57)
46.161960 [INFO ] [FLUSHBENCH] case=full region=frame shift=0,0 n=64 min=11503 median=11507 p90=11653 max=11970 (octowhere octowhere-flush/src/flush_bench.rs:36)
46.906651 [INFO ] [FLUSHBENCH] case=full region=frame shift=3,0 n=64 min=11563 median=11567 p90=11792 max=12285 (octowhere octowhere-flush/src/flush_bench.rs:36)
47.648710 [INFO ] [FLUSHBENCH] case=full region=frame shift=2,2 n=64 min=11543 median=11547 p90=11723 max=12076 (octowhere octowhere-flush/src/flush_bench.rs:36)
48.391193 [INFO ] [FLUSHBENCH] case=full region=frame shift=0,3 n=64 min=11532 median=11536 p90=11784 max=12015 (octowhere octowhere-flush/src/flush_bench.rs:36)
49.134523 [INFO ] [FLUSHBENCH] case=full region=frame shift=-2,2 n=64 min=11544 median=11548 p90=11773 max=12131 (octowhere octowhere-flush/src/flush_bench.rs:36)
49.879118 [INFO ] [FLUSHBENCH] case=full region=frame shift=-3,0 n=64 min=11562 median=11566 p90=11827 max=12077 (octowhere octowhere-flush/src/flush_bench.rs:36)
50.621996 [INFO ] [FLUSHBENCH] case=full region=frame shift=-2,-2 n=64 min=11561 median=11564 p90=11738 max=12006 (octowhere octowhere-flush/src/flush_bench.rs:36)
51.366753 [INFO ] [FLUSHBENCH] case=full region=frame shift=0,-3 n=64 min=11557 median=11561 p90=11818 max=12163 (octowhere octowhere-flush/src/flush_bench.rs:36)
52.112200 [INFO ] [FLUSHBENCH] case=full region=frame shift=2,-2 n=64 min=11561 median=11564 p90=11780 max=12424 (octowhere octowhere-flush/src/flush_bench.rs:36)
52.309661 [INFO ] [FLUSHBENCH] case=before region=band shift=0,0 n=64 min=3060 median=3064 p90=3070 max=3481 (octowhere octowhere-flush/src/flush_bench.rs:36)
52.508326 [INFO ] [FLUSHBENCH] case=region region=band shift=0,0 n=64 min=3078 median=3081 p90=3111 max=3509 (octowhere octowhere-flush/src/flush_bench.rs:36)
52.707759 [INFO ] [FLUSHBENCH] case=region region=band shift=3,0 n=64 min=3084 median=3090 p90=3171 max=3394 (octowhere octowhere-flush/src/flush_bench.rs:36)
52.907749 [INFO ] [FLUSHBENCH] case=region region=band shift=2,2 n=64 min=3082 median=3085 p90=3150 max=3975 (octowhere octowhere-flush/src/flush_bench.rs:36)
52.932077 [INFO ] [FLUSHBENCH] case=before region=gauge shift=0,0 n=64 min=367 median=367 p90=395 max=550 (octowhere octowhere-flush/src/flush_bench.rs:36)
52.956792 [INFO ] [FLUSHBENCH] case=region region=gauge shift=0,0 n=64 min=381 median=382 p90=382 max=523 (octowhere octowhere-flush/src/flush_bench.rs:36)
52.982066 [INFO ] [FLUSHBENCH] case=region region=gauge shift=3,0 n=64 min=393 median=393 p90=394 max=403 (octowhere octowhere-flush/src/flush_bench.rs:36)
53.007373 [INFO ] [FLUSHBENCH] case=region region=gauge shift=2,2 n=64 min=381 median=382 p90=416 max=546 (octowhere octowhere-flush/src/flush_bench.rs:36)
53.323928 [INFO ] [FLUSHBENCH] case=before region=compass shift=0,0 n=64 min=4924 median=4925 p90=4944 max=5305 (octowhere octowhere-flush/src/flush_bench.rs:36)
53.642437 [INFO ] [FLUSHBENCH] case=region region=compass shift=0,0 n=64 min=4951 median=4951 p90=4977 max=5453 (octowhere octowhere-flush/src/flush_bench.rs:36)
53.961084 [INFO ] [FLUSHBENCH] case=region region=compass shift=3,0 n=64 min=4922 median=4926 p90=5042 max=5474 (octowhere octowhere-flush/src/flush_bench.rs:36)
54.280147 [INFO ] [FLUSHBENCH] case=region region=compass shift=2,2 n=64 min=4951 median=4951 p90=5064 max=5531 (octowhere octowhere-flush/src/flush_bench.rs:36)
54.289829 [INFO ] [FLUSHBENCH] case=before region=small shift=0,0 n=64 min=145 median=146 p90=146 max=345 (octowhere octowhere-flush/src/flush_bench.rs:36)
54.300723 [INFO ] [FLUSHBENCH] case=region region=small shift=0,0 n=64 min=167 median=168 p90=168 max=199 (octowhere octowhere-flush/src/flush_bench.rs:36)
54.312201 [INFO ] [FLUSHBENCH] case=region region=small shift=3,0 n=64 min=177 median=178 p90=178 max=180 (octowhere octowhere-flush/src/flush_bench.rs:36)
54.323056 [INFO ] [FLUSHBENCH] case=region region=small shift=2,2 n=64 min=167 median=168 p90=168 max=168 (octowhere octowhere-flush/src/flush_bench.rs:36)
54.329245 [INFO ] [FLUSHBENCH] case=before region=rows shift=0,0 n=64 min=94 median=95 p90=95 max=109 (octowhere octowhere-flush/src/flush_bench.rs:36)
54.335550 [INFO ] [FLUSHBENCH] case=region region=rows shift=0,0 n=64 min=96 median=97 p90=97 max=97 (octowhere octowhere-flush/src/flush_bench.rs:36)
54.342075 [INFO ] [FLUSHBENCH] case=region region=rows shift=3,0 n=64 min=100 median=100 p90=101 max=102 (octowhere octowhere-flush/src/flush_bench.rs:36)
54.348445 [INFO ] [FLUSHBENCH] case=region region=rows shift=2,2 n=64 min=97 median=98 p90=98 max=98 (octowhere octowhere-flush/src/flush_bench.rs:36)
54.348509 [INFO ] [FLUSHBENCH] round 6 (octowhere octowhere-flush/src/flush_bench.rs:57)
55.088464 [INFO ] [FLUSHBENCH] case=full region=frame shift=0,0 n=64 min=11503 median=11507 p90=11636 max=12449 (octowhere octowhere-flush/src/flush_bench.rs:36)
55.833450 [INFO ] [FLUSHBENCH] case=full region=frame shift=3,0 n=64 min=11563 median=11567 p90=11823 max=12491 (octowhere octowhere-flush/src/flush_bench.rs:36)
56.575313 [INFO ] [FLUSHBENCH] case=full region=frame shift=2,2 n=64 min=11543 median=11547 p90=11697 max=12114 (octowhere octowhere-flush/src/flush_bench.rs:36)
57.317695 [INFO ] [FLUSHBENCH] case=full region=frame shift=0,3 n=64 min=11533 median=11536 p90=11763 max=12119 (octowhere octowhere-flush/src/flush_bench.rs:36)
58.061378 [INFO ] [FLUSHBENCH] case=full region=frame shift=-2,2 n=64 min=11544 median=11548 p90=11844 max=12086 (octowhere octowhere-flush/src/flush_bench.rs:36)
58.806354 [INFO ] [FLUSHBENCH] case=full region=frame shift=-3,0 n=64 min=11562 median=11566 p90=11820 max=12527 (octowhere octowhere-flush/src/flush_bench.rs:36)
