[2026-10-06T16:37:00Z INFO ] Serial port: '/dev/ttyACM0'
[2026-10-06T16:37:00Z INFO ] Connecting...
[2026-10-06T16:37:01Z INFO ] Using flash stub
I (273) esp_image: segment 3: paddr=000ba244 vaddr=00000000 size9.000131 [INFO ] [STARTUP] reset power_on=true (octowhere firmware/src/main.rs:297)
9.000175 [INFO ] [STARTUP] bring_up enter 906613 (octowhere firmware/src/main.rs:300)
9.000228 [INFO ] [STARTUP] frame_loop first 906801 (octowhere firmware/src/main.rs:300)
9.000272 [INFO ] [STARTUP] i2c powered 986758 (octowhere firmware/src/main.rs:300)
9.000312 [INFO ] [STARTUP] POWER start 987216 (octowhere firmware/src/main.rs:300)
9.000359 [INFO ] [STARTUP] POWER answered 989081 (octowhere firmware/src/main.rs:300)
9.000401 [INFO ] [STARTUP] exio reset 1010847 (octowhere firmware/src/main.rs:300)
9.000441 [INFO ] [STARTUP] CLOCK start 1011059 (octowhere firmware/src/main.rs:300)
9.000481 [INFO ] [STARTUP] TOUCH start 1011139 (octowhere firmware/src/main.rs:300)
9.000574 [INFO ] [STARTUP] MOTION start 1011193 (octowhere firmware/src/main.rs:300)
9.000615 [INFO ] [STARTUP] MAGNET start 1011268 (octowhere firmware/src/main.rs:300)
9.000657 [INFO ] [STARTUP] gnss-settle end 1011336 (octowhere firmware/src/main.rs:300)
9.000705 [INFO ] [STARTUP] CLOCK answered 1011907 (octowhere firmware/src/main.rs:300)
9.000748 [INFO ] [STARTUP] TOUCH answered 1122434 (octowhere firmware/src/main.rs:300)
9.000790 [INFO ] [STARTUP] MAGNET answered 1155350 (octowhere firmware/src/main.rs:300)
9.000834 [INFO ] [STARTUP] MOTION answered 1163468 (octowhere firmware/src/main.rs:300)
9.000877 [INFO ] [STARTUP] GNSS start 1163596 (octowhere firmware/src/main.rs:300)
9.000916 [INFO ] [STARTUP] GNSS answered 1174406 (octowhere firmware/src/main.rs:300)
9.000958 [INFO ] [STARTUP] RADIO start 1174592 (octowhere firmware/src/main.rs:300)
9.000999 [INFO ] [STARTUP] RADIO answered 1177429 (octowhere firmware/src/main.rs:300)
9.001041 [INFO ] [STARTUP] bring_up exit 1222296 (octowhere firmware/src/main.rs:300)
9.001082 [INFO ] [STARTUP] GNSS-config end 1433615 (octowhere firmware/src/main.rs:300)
9.001131 [INFO ] [STARTUP] startup over 6376385 (octowhere firmware/src/main.rs:300)
9.001172 [INFO ] [STARTUP] done (octowhere firmware/src/main.rs:302)
