[2026-10-06T16:36:48Z INFO ] Serial port: '/dev/ttyACM0'
[2026-10-06T16:36:48Z INFO ] Connecting...
[2026-10-06T16:36:48Z INFO ] Using flash stub
I (268) esp_image: segment 2: paddr=000b6338 vaddr=40378000 size9.000117 [INFO ] [STARTUP] reset power_on=true (octowhere firmware/src/main.rs:297)
9.000162 [INFO ] [STARTUP] bring_up enter 906606 (octowhere firmware/src/main.rs:300)
9.000251 [INFO ] [STARTUP] frame_loop first 906793 (octowhere firmware/src/main.rs:300)
9.000295 [INFO ] [STARTUP] i2c powered 986751 (octowhere firmware/src/main.rs:300)
9.000335 [INFO ] [STARTUP] POWER start 987208 (octowhere firmware/src/main.rs:300)
9.000382 [INFO ] [STARTUP] POWER answered 989073 (octowhere firmware/src/main.rs:300)
9.000424 [INFO ] [STARTUP] exio reset 1010840 (octowhere firmware/src/main.rs:300)
9.000463 [INFO ] [STARTUP] CLOCK start 1011051 (octowhere firmware/src/main.rs:300)
9.000504 [INFO ] [STARTUP] TOUCH start 1011132 (octowhere firmware/src/main.rs:300)
9.000544 [INFO ] [STARTUP] MOTION start 1011185 (octowhere firmware/src/main.rs:300)
9.000586 [INFO ] [STARTUP] MAGNET start 1011261 (octowhere firmware/src/main.rs:300)
9.000627 [INFO ] [STARTUP] gnss-settle end 1011329 (octowhere firmware/src/main.rs:300)
9.000676 [INFO ] [STARTUP] CLOCK answered 1011899 (octowhere firmware/src/main.rs:300)
9.000718 [INFO ] [STARTUP] TOUCH answered 1122427 (octowhere firmware/src/main.rs:300)
9.000761 [INFO ] [STARTUP] MAGNET answered 1155353 (octowhere firmware/src/main.rs:300)
9.000804 [INFO ] [STARTUP] MOTION answered 1163453 (octowhere firmware/src/main.rs:300)
9.000847 [INFO ] [STARTUP] GNSS start 1163581 (octowhere firmware/src/main.rs:300)
9.000886 [INFO ] [STARTUP] GNSS answered 1174389 (octowhere firmware/src/main.rs:300)
9.000928 [INFO ] [STARTUP] RADIO start 1174575 (octowhere firmware/src/main.rs:300)
9.000969 [INFO ] [STARTUP] RADIO answered 1177396 (octowhere firmware/src/main.rs:300)
9.001012 [INFO ] [STARTUP] bring_up exit 1222265 (octowhere firmware/src/main.rs:300)
9.001053 [INFO ] [STARTUP] GNSS-config end 1432121 (octowhere firmware/src/main.rs:300)
9.001102 [INFO ] [STARTUP] startup over 6366553 (octowhere firmware/src/main.rs:300)
9.001143 [INFO ] [STARTUP] done (octowhere firmware/src/main.rs:302)
