[2026-10-06T16:37:26Z INFO ] Serial port: '/dev/ttyACM0'
[2026-10-06T16:37:26Z INFO ] Connecting...
[2026-10-06T16:37:27Z INFO ] Using flash stub
e=03f04h ( 16132) load

9.000130 [INFO ] [STARTUP] reset power_on=true (octowhere firmware/src/main.rs:297)
9.000173 [INFO ] [STARTUP] bring_up enter 906609 (octowhere firmware/src/main.rs:300)
9.000229 [INFO ] [STARTUP] frame_loop first 906796 (octowhere firmware/src/main.rs:300)
9.000285 [INFO ] [STARTUP] i2c powered 986754 (octowhere firmware/src/main.rs:300)
9.000336 [INFO ] [STARTUP] POWER start 987212 (octowhere firmware/src/main.rs:300)
9.000389 [INFO ] [STARTUP] POWER answered 989077 (octowhere firmware/src/main.rs:300)
9.000479 [INFO ] [STARTUP] exio reset 1010844 (octowhere firmware/src/main.rs:300)
9.000530 [INFO ] [STARTUP] CLOCK start 1011055 (octowhere firmware/src/main.rs:300)
9.000582 [INFO ] [STARTUP] TOUCH start 1011135 (octowhere firmware/src/main.rs:300)
9.000634 [INFO ] [STARTUP] MOTION start 1011189 (octowhere firmware/src/main.rs:300)
9.000687 [INFO ] [STARTUP] MAGNET start 1011264 (octowhere firmware/src/main.rs:300)
9.000740 [INFO ] [STARTUP] gnss-settle end 1011333 (octowhere firmware/src/main.rs:300)
9.000794 [INFO ] [STARTUP] CLOCK answered 1011903 (octowhere firmware/src/main.rs:300)
9.000849 [INFO ] [STARTUP] TOUCH answered 1122431 (octowhere firmware/src/main.rs:300)
9.000903 [INFO ] [STARTUP] MAGNET answered 1155345 (octowhere firmware/src/main.rs:300)
9.000958 [INFO ] [STARTUP] MOTION answered 1163463 (octowhere firmware/src/main.rs:300)
9.001013 [INFO ] [STARTUP] GNSS start 1163591 (octowhere firmware/src/main.rs:300)
9.001064 [INFO ] [STARTUP] GNSS answered 1174402 (octowhere firmware/src/main.rs:300)
9.001118 [INFO ] [STARTUP] RADIO start 1174587 (octowhere firmware/src/main.rs:300)
9.001170 [INFO ] [STARTUP] RADIO answered 1177421 (octowhere firmware/src/main.rs:300)
9.001225 [INFO ] [STARTUP] bring_up exit 1222284 (octowhere firmware/src/main.rs:300)
9.001277 [INFO ] [STARTUP] GNSS-config end 1440599 (octowhere firmware/src/main.rs:300)
9.001332 [INFO ] [STARTUP] startup over 6372295 (octowhere firmware/src/main.rs:300)
9.001385 [INFO ] [STARTUP] done (octowhere firmware/src/main.rs:302)
