[2026-10-06T16:37:13Z INFO ] Serial port: '/dev/ttyACM0'
[2026-10-06T16:37:13Z INFO ] Connecting...
[2026-10-06T16:37:14Z INFO ] Using flash stub
I (268) esp_image: segment 2: paddr=000b6338 vaddr=40378000 size9.000618 [INFO ] [STARTUP] reset power_on=true (octowhere firmware/src/main.rs:297)
9.000662 [INFO ] [STARTUP] bring_up enter 906605 (octowhere firmware/src/main.rs:300)
9.000713 [INFO ] [STARTUP] frame_loop first 906793 (octowhere firmware/src/main.rs:300)
9.000757 [INFO ] [STARTUP] i2c powered 986750 (octowhere firmware/src/main.rs:300)
9.000797 [INFO ] [STARTUP] POWER start 987208 (octowhere firmware/src/main.rs:300)
9.000844 [INFO ] [STARTUP] POWER answered 989072 (octowhere firmware/src/main.rs:300)
9.000886 [INFO ] [STARTUP] exio reset 1010840 (octowhere firmware/src/main.rs:300)
9.000925 [INFO ] [STARTUP] CLOCK start 1011051 (octowhere firmware/src/main.rs:300)
9.000966 [INFO ] [STARTUP] TOUCH start 1011132 (octowhere firmware/src/main.rs:300)
9.001006 [INFO ] [STARTUP] MOTION start 1011186 (octowhere firmware/src/main.rs:300)
9.001047 [INFO ] [STARTUP] MAGNET start 1011261 (octowhere firmware/src/main.rs:300)
9.001089 [INFO ] [STARTUP] gnss-settle end 1011329 (octowhere firmware/src/main.rs:300)
9.001137 [INFO ] [STARTUP] CLOCK answered 1011900 (octowhere firmware/src/main.rs:300)
9.001180 [INFO ] [STARTUP] TOUCH answered 1122430 (octowhere firmware/src/main.rs:300)
9.001223 [INFO ] [STARTUP] MAGNET answered 1155353 (octowhere firmware/src/main.rs:300)
9.001266 [INFO ] [STARTUP] MOTION answered 1163453 (octowhere firmware/src/main.rs:300)
9.001309 [INFO ] [STARTUP] GNSS start 1163581 (octowhere firmware/src/main.rs:300)
9.001348 [INFO ] [STARTUP] GNSS answered 1174389 (octowhere firmware/src/main.rs:300)
9.001390 [INFO ] [STARTUP] RADIO start 1174575 (octowhere firmware/src/main.rs:300)
9.001432 [INFO ] [STARTUP] RADIO answered 1177396 (octowhere firmware/src/main.rs:300)
9.001475 [INFO ] [STARTUP] bring_up exit 1222265 (octowhere firmware/src/main.rs:300)
9.001568 [INFO ] [STARTUP] GNSS-config end 1432196 (octowhere firmware/src/main.rs:300)
9.001617 [INFO ] [STARTUP] startup over 6370086 (octowhere firmware/src/main.rs:300)
9.001658 [INFO ] [STARTUP] done (octowhere firmware/src/main.rs:302)
