[2026-10-06T16:37:40Z INFO ] Serial port: '/dev/ttyACM0'
[2026-10-06T16:37:40Z INFO ] Connecting...
[2026-10-06T16:37:40Z INFO ] Using flash stub
I (268) esp_image: segment 2: paddr=000b6338 vaddr=40378000 size9.000123 [INFO ] [STARTUP] reset power_on=true (octowhere firmware/src/main.rs:297)
9.000168 [INFO ] [STARTUP] bring_up enter 906604 (octowhere firmware/src/main.rs:300)
9.000219 [INFO ] [STARTUP] frame_loop first 906791 (octowhere firmware/src/main.rs:300)
9.000263 [INFO ] [STARTUP] i2c powered 986749 (octowhere firmware/src/main.rs:300)
9.000303 [INFO ] [STARTUP] POWER start 987206 (octowhere firmware/src/main.rs:300)
9.000349 [INFO ] [STARTUP] POWER answered 989071 (octowhere firmware/src/main.rs:300)
9.000392 [INFO ] [STARTUP] exio reset 1010839 (octowhere firmware/src/main.rs:300)
9.000431 [INFO ] [STARTUP] CLOCK start 1011050 (octowhere firmware/src/main.rs:300)
9.000471 [INFO ] [STARTUP] TOUCH start 1011131 (octowhere firmware/src/main.rs:300)
9.000512 [INFO ] [STARTUP] MOTION start 1011185 (octowhere firmware/src/main.rs:300)
9.000553 [INFO ] [STARTUP] MAGNET start 1011260 (octowhere firmware/src/main.rs:300)
9.000594 [INFO ] [STARTUP] gnss-settle end 1011328 (octowhere firmware/src/main.rs:300)
9.000643 [INFO ] [STARTUP] CLOCK answered 1011899 (octowhere firmware/src/main.rs:300)
9.000686 [INFO ] [STARTUP] TOUCH answered 1122427 (octowhere firmware/src/main.rs:300)
9.000728 [INFO ] [STARTUP] MAGNET answered 1155340 (octowhere firmware/src/main.rs:300)
9.000771 [INFO ] [STARTUP] MOTION answered 1163460 (octowhere firmware/src/main.rs:300)
9.000814 [INFO ] [STARTUP] GNSS start 1163588 (octowhere firmware/src/main.rs:300)
9.000854 [INFO ] [STARTUP] GNSS answered 1174399 (octowhere firmware/src/main.rs:300)
9.000896 [INFO ] [STARTUP] RADIO start 1174584 (octowhere firmware/src/main.rs:300)
9.000936 [INFO ] [STARTUP] RADIO answered 1177418 (octowhere firmware/src/main.rs:300)
9.000979 [INFO ] [STARTUP] bring_up exit 1222281 (octowhere firmware/src/main.rs:300)
9.001020 [INFO ] [STARTUP] GNSS-config end 1452687 (octowhere firmware/src/main.rs:300)
9.001117 [INFO ] [STARTUP] startup over 6376953 (octowhere firmware/src/main.rs:300)
9.001159 [INFO ] [STARTUP] done (octowhere firmware/src/main.rs:302)
