[2026-10-06T16:38:49Z INFO ] Serial port: '/dev/ttyACM1'
[2026-10-06T16:38:49Z INFO ] Connecting...
[2026-10-06T16:38:49Z INFO ] Using flash stub
I (268) esp_image: segment 2: paddr=000b6338 vaddr=40378000 size1.823174 [INFO ] [GNSS] configured=true (octowhere firmware/src/main.rs:1317)
1.823798 [INFO ] [GNSS] no reference time: the RTC has none (octowhere firmware/src/main.rs:2606)
9.000091 [INFO ] [STARTUP] reset power_on=true (octowhere firmware/src/main.rs:297)
9.000134 [INFO ] [STARTUP] bring_up enter 852360 (octowhere firmware/src/main.rs:300)
9.000192 [INFO ] [STARTUP] frame_loop first 852548 (octowhere firmware/src/main.rs:300)
9.000235 [INFO ] [STARTUP] i2c powered 932506 (octowhere firmware/src/main.rs:300)
9.000275 [INFO ] [STARTUP] POWER start 932963 (octowhere firmware/src/main.rs:300)
9.000322 [INFO ] [STARTUP] POWER answered 934828 (octowhere firmware/src/main.rs:300)
9.000365 [INFO ] [STARTUP] exio reset 956596 (octowhere firmware/src/main.rs:300)
9.000404 [INFO ] [STARTUP] CLOCK start 956771 (octowhere firmware/src/main.rs:300)
9.000445 [INFO ] [STARTUP] TOUCH start 956856 (octowhere firmware/src/main.rs:300)
9.000486 [INFO ] [STARTUP] MOTION start 956911 (octowhere firmware/src/main.rs:300)
9.000527 [INFO ] [STARTUP] MAGNET start 956986 (octowhere firmware/src/main.rs:300)
9.000569 [INFO ] [STARTUP] CLOCK answered 957621 (octowhere firmware/src/main.rs:300)
9.000611 [INFO ] [STARTUP] gnss-settle end 1000020 (octowhere firmware/src/main.rs:300)
9.000660 [INFO ] [STARTUP] TOUCH answered 1068155 (octowhere firmware/src/main.rs:300)
9.000703 [INFO ] [STARTUP] MAGNET answered 1100990 (octowhere firmware/src/main.rs:300)
9.000747 [INFO ] [STARTUP] MOTION answered 1109186 (octowhere firmware/src/main.rs:300)
9.000887 [INFO ] [STARTUP] GNSS start 1109316 (octowhere firmware/src/main.rs:300)
9.000927 [INFO ] [STARTUP] GNSS answered 1120109 (octowhere firmware/src/main.rs:300)
9.000969 [INFO ] [STARTUP] RADIO start 1120286 (octowhere firmware/src/main.rs:300)
9.001010 [INFO ] [STARTUP] RADIO answered 1123111 (octowhere firmware/src/main.rs:300)
9.001053 [INFO ] [STARTUP] bring_up exit 1168037 (octowhere firmware/src/main.rs:300)
9.001094 [INFO ] [STARTUP] GNSS-config end 1823203 (octowhere firmware/src/main.rs:300)
9.001143 [INFO ] [STARTUP] startup over 6319609 (octowhere firmware/src/main.rs:300)
9.001184 [INFO ] [STARTUP] done (octowhere firmware/src/main.rs:302)
