[2026-10-06T16:38:23Z INFO ] Serial port: '/dev/ttyACM1'
[2026-10-06T16:38:23Z INFO ] Connecting...
[2026-10-06T16:38:23Z INFO ] Using flash stub
I (273) esp_image: segment 3: paddr=000ba244 vaddr=00000000 size1.844169 [INFO ] [GNSS] configured=true (octowhere firmware/src/main.rs:1317)
1.844795 [INFO ] [GNSS] no reference time: the RTC has none (octowhere firmware/src/main.rs:2606)
9.000149 [INFO ] [STARTUP] reset power_on=true (octowhere firmware/src/main.rs:297)
9.000192 [INFO ] [STARTUP] bring_up enter 852368 (octowhere firmware/src/main.rs:300)
9.000247 [INFO ] [STARTUP] frame_loop first 852555 (octowhere firmware/src/main.rs:300)
9.000291 [INFO ] [STARTUP] i2c powered 932512 (octowhere firmware/src/main.rs:300)
9.000331 [INFO ] [STARTUP] POWER start 932970 (octowhere firmware/src/main.rs:300)
9.000378 [INFO ] [STARTUP] POWER answered 934835 (octowhere firmware/src/main.rs:300)
9.000421 [INFO ] [STARTUP] exio reset 956602 (octowhere firmware/src/main.rs:300)
9.000461 [INFO ] [STARTUP] CLOCK start 956777 (octowhere firmware/src/main.rs:300)
9.000501 [INFO ] [STARTUP] TOUCH start 956862 (octowhere firmware/src/main.rs:300)
9.000542 [INFO ] [STARTUP] MOTION start 956917 (octowhere firmware/src/main.rs:300)
9.000584 [INFO ] [STARTUP] MAGNET start 956993 (octowhere firmware/src/main.rs:300)
9.000625 [INFO ] [STARTUP] CLOCK answered 957627 (octowhere firmware/src/main.rs:300)
9.000668 [INFO ] [STARTUP] gnss-settle end 1000019 (octowhere firmware/src/main.rs:300)
9.000717 [INFO ] [STARTUP] TOUCH answered 1068159 (octowhere firmware/src/main.rs:300)
9.000760 [INFO ] [STARTUP] MAGNET answered 1100982 (octowhere firmware/src/main.rs:300)
9.000804 [INFO ] [STARTUP] MOTION answered 1109192 (octowhere firmware/src/main.rs:300)
9.000944 [INFO ] [STARTUP] GNSS start 1109323 (octowhere firmware/src/main.rs:300)
9.000983 [INFO ] [STARTUP] GNSS answered 1120115 (octowhere firmware/src/main.rs:300)
9.001025 [INFO ] [STARTUP] RADIO start 1120295 (octowhere firmware/src/main.rs:300)
9.001066 [INFO ] [STARTUP] RADIO answered 1123127 (octowhere firmware/src/main.rs:300)
9.001109 [INFO ] [STARTUP] bring_up exit 1168050 (octowhere firmware/src/main.rs:300)
9.001150 [INFO ] [STARTUP] GNSS-config end 1844193 (octowhere firmware/src/main.rs:300)
9.001199 [INFO ] [STARTUP] startup over 6318763 (octowhere firmware/src/main.rs:300)
9.001241 [INFO ] [STARTUP] done (octowhere firmware/src/main.rs:302)
