[2026-10-06T16:39:02Z INFO ] Serial port: '/dev/ttyACM1'
[2026-10-06T16:39:02Z INFO ] Connecting...
[2026-10-06T16:39:02Z INFO ] Using flash stub
I (273) esp_image: segment 3: paddr=000ba244 vaddr=00000000 size1.865300 [INFO ] [GNSS] configured=true (octowhere firmware/src/main.rs:1317)
1.866067 [INFO ] [GNSS] no reference time: the RTC has none (octowhere firmware/src/main.rs:2606)
6.544543 [INFO ] [MESH] not ours len=90 rssi=-112 (octowhere_node octowhere-node/src/node.rs:1541)
9.000145 [INFO ] [STARTUP] reset power_on=true (octowhere firmware/src/main.rs:297)
9.000188 [INFO ] [STARTUP] bring_up enter 852368 (octowhere firmware/src/main.rs:300)
9.000241 [INFO ] [STARTUP] frame_loop first 852555 (octowhere firmware/src/main.rs:300)
9.000285 [INFO ] [STARTUP] i2c powered 932513 (octowhere firmware/src/main.rs:300)
9.000325 [INFO ] [STARTUP] POWER start 932970 (octowhere firmware/src/main.rs:300)
9.000372 [INFO ] [STARTUP] POWER answered 934835 (octowhere firmware/src/main.rs:300)
9.000415 [INFO ] [STARTUP] exio reset 956603 (octowhere firmware/src/main.rs:300)
9.000455 [INFO ] [STARTUP] CLOCK start 956778 (octowhere firmware/src/main.rs:300)
9.000496 [INFO ] [STARTUP] TOUCH start 956863 (octowhere firmware/src/main.rs:300)
9.000537 [INFO ] [STARTUP] MOTION start 956918 (octowhere firmware/src/main.rs:300)
9.000678 [INFO ] [STARTUP] MAGNET start 956994 (octowhere firmware/src/main.rs:300)
9.000719 [INFO ] [STARTUP] CLOCK answered 957628 (octowhere firmware/src/main.rs:300)
9.000762 [INFO ] [STARTUP] gnss-settle end 1000019 (octowhere firmware/src/main.rs:300)
9.000811 [INFO ] [STARTUP] TOUCH answered 1068161 (octowhere firmware/src/main.rs:300)
9.000854 [INFO ] [STARTUP] MAGNET answered 1100979 (octowhere firmware/src/main.rs:300)
9.000897 [INFO ] [STARTUP] MOTION answered 1109177 (octowhere firmware/src/main.rs:300)
9.000941 [INFO ] [STARTUP] GNSS start 1109308 (octowhere firmware/src/main.rs:300)
9.000980 [INFO ] [STARTUP] GNSS answered 1120097 (octowhere firmware/src/main.rs:300)
9.001022 [INFO ] [STARTUP] RADIO start 1120277 (octowhere firmware/src/main.rs:300)
9.001063 [INFO ] [STARTUP] RADIO answered 1123098 (octowhere firmware/src/main.rs:300)
9.001106 [INFO ] [STARTUP] bring_up exit 1168022 (octowhere firmware/src/main.rs:300)
9.001147 [INFO ] [STARTUP] GNSS-config end 1865331 (octowhere firmware/src/main.rs:300)
9.001196 [INFO ] [STARTUP] startup over 6320660 (octowhere firmware/src/main.rs:300)
9.001238 [INFO ] [STARTUP] done (octowhere firmware/src/main.rs:302)
