[2026-10-06T16:38:36Z INFO ] Serial port: '/dev/ttyACM1'
[2026-10-06T16:38:36Z INFO ] Connecting...
[2026-10-06T16:38:36Z INFO ] Using flash stub
I (273) esp_image: segment 3: paddr=000ba244 vaddr=00000000 size1.823167 [INFO ] [GNSS] configured=true (octowhere firmware/src/main.rs:1317)
1.823772 [INFO ] [GNSS] no reference time: the RTC has none (octowhere firmware/src/main.rs:2606)
9.000488 [INFO ] [STARTUP] reset power_on=true (octowhere firmware/src/main.rs:297)
9.000538 [INFO ] [STARTUP] bring_up enter 852368 (octowhere firmware/src/main.rs:300)
9.000593 [INFO ] [STARTUP] frame_loop first 852555 (octowhere firmware/src/main.rs:300)
9.000637 [INFO ] [STARTUP] i2c powered 932513 (octowhere firmware/src/main.rs:300)
9.000677 [INFO ] [STARTUP] POWER start 932970 (octowhere firmware/src/main.rs:300)
9.000724 [INFO ] [STARTUP] POWER answered 934835 (octowhere firmware/src/main.rs:300)
9.000767 [INFO ] [STARTUP] exio reset 956603 (octowhere firmware/src/main.rs:300)
9.000806 [INFO ] [STARTUP] CLOCK start 956778 (octowhere firmware/src/main.rs:300)
9.000847 [INFO ] [STARTUP] TOUCH start 956862 (octowhere firmware/src/main.rs:300)
9.000888 [INFO ] [STARTUP] MOTION start 956918 (octowhere firmware/src/main.rs:300)
9.000929 [INFO ] [STARTUP] MAGNET start 956993 (octowhere firmware/src/main.rs:300)
9.000971 [INFO ] [STARTUP] CLOCK answered 957628 (octowhere firmware/src/main.rs:300)
9.001013 [INFO ] [STARTUP] gnss-settle end 1000019 (octowhere firmware/src/main.rs:300)
9.001062 [INFO ] [STARTUP] TOUCH answered 1068162 (octowhere firmware/src/main.rs:300)
9.001105 [INFO ] [STARTUP] MAGNET answered 1100979 (octowhere firmware/src/main.rs:300)
9.001148 [INFO ] [STARTUP] MOTION answered 1109178 (octowhere firmware/src/main.rs:300)
9.001192 [INFO ] [STARTUP] GNSS start 1109309 (octowhere firmware/src/main.rs:300)
9.001231 [INFO ] [STARTUP] GNSS answered 1120095 (octowhere firmware/src/main.rs:300)
9.001273 [INFO ] [STARTUP] RADIO start 1120275 (octowhere firmware/src/main.rs:300)
9.001314 [INFO ] [STARTUP] RADIO answered 1123107 (octowhere firmware/src/main.rs:300)
9.001357 [INFO ] [STARTUP] bring_up exit 1168029 (octowhere firmware/src/main.rs:300)
9.001400 [INFO ] [STARTUP] GNSS-config end 1823194 (octowhere firmware/src/main.rs:300)
9.001552 [INFO ] [STARTUP] startup over 6318579 (octowhere firmware/src/main.rs:300)
9.001594 [INFO ] [STARTUP] done (octowhere firmware/src/main.rs:302)
