[2026-10-06T16:38:10Z INFO ] Serial port: '/dev/ttyACM1'
[2026-10-06T16:38:10Z INFO ] Connecting...
[2026-10-06T16:38:10Z INFO ] Using flash stub
I (268) esp_image: segment 2: paddr=000b6338 vaddr=40378000 size1.821168 [INFO ] [GNSS] configured=true (octowhere firmware/src/main.rs:1317)
1.821874 [INFO ] [GNSS] no reference time: the RTC has none (octowhere firmware/src/main.rs:2606)
9.000136 [INFO ] [STARTUP] reset power_on=true (octowhere firmware/src/main.rs:297)
9.000179 [INFO ] [STARTUP] bring_up enter 852360 (octowhere firmware/src/main.rs:300)
9.000229 [INFO ] [STARTUP] frame_loop first 852548 (octowhere firmware/src/main.rs:300)
9.000273 [INFO ] [STARTUP] i2c powered 932505 (octowhere firmware/src/main.rs:300)
9.000313 [INFO ] [STARTUP] POWER start 932963 (octowhere firmware/src/main.rs:300)
9.000360 [INFO ] [STARTUP] POWER answered 934828 (octowhere firmware/src/main.rs:300)
9.000403 [INFO ] [STARTUP] exio reset 956595 (octowhere firmware/src/main.rs:300)
9.000442 [INFO ] [STARTUP] CLOCK start 956770 (octowhere firmware/src/main.rs:300)
9.000483 [INFO ] [STARTUP] TOUCH start 956855 (octowhere firmware/src/main.rs:300)
9.000524 [INFO ] [STARTUP] MOTION start 956911 (octowhere firmware/src/main.rs:300)
9.000565 [INFO ] [STARTUP] MAGNET start 956986 (octowhere firmware/src/main.rs:300)
9.000607 [INFO ] [STARTUP] CLOCK answered 957620 (octowhere firmware/src/main.rs:300)
9.000649 [INFO ] [STARTUP] gnss-settle end 1000019 (octowhere firmware/src/main.rs:300)
9.000698 [INFO ] [STARTUP] TOUCH answered 1068153 (octowhere firmware/src/main.rs:300)
9.000741 [INFO ] [STARTUP] MAGNET answered 1100989 (octowhere firmware/src/main.rs:300)
9.000784 [INFO ] [STARTUP] MOTION answered 1109184 (octowhere firmware/src/main.rs:300)
9.000828 [INFO ] [STARTUP] GNSS start 1109315 (octowhere firmware/src/main.rs:300)
9.000869 [INFO ] [STARTUP] GNSS answered 1120107 (octowhere firmware/src/main.rs:300)
9.000911 [INFO ] [STARTUP] RADIO start 1120284 (octowhere firmware/src/main.rs:300)
9.001021 [INFO ] [STARTUP] RADIO answered 1123104 (octowhere firmware/src/main.rs:300)
9.001064 [INFO ] [STARTUP] bring_up exit 1168035 (octowhere firmware/src/main.rs:300)
9.001105 [INFO ] [STARTUP] GNSS-config end 1821197 (octowhere firmware/src/main.rs:300)
9.001154 [INFO ] [STARTUP] startup over 6317870 (octowhere firmware/src/main.rs:300)
9.001195 [INFO ] [STARTUP] done (octowhere firmware/src/main.rs:302)
