[2026-10-01T19:19:10Z INFO ] Serial port: '/dev/ttyACM0'
[2026-10-01T19:19:10Z INFO ] Connecting...
[2026-10-01T19:19:10Z INFO ] Using flash stub
I (436) esp_image: segment 4: paddr=00155074 vaddr=4037a650 size2.237645 [INFO ] [BOOT] Gnss Answered in 622ms (octowhere octowhere-pa/src/main.rs:1713)
2.244228 [INFO ] [GNSS] no reference time: the RTC has none (octowhere octowhere-pa/src/main.rs:2181)
2.244252 [INFO ] [BOOT] answered: power=true clock=true touch=true motion=true magnet=true gnss=true (octowhere octowhere-pa/src/main.rs:2026)
2.246368 [INFO ] [LORA] init_ok (octowhere octowhere-pa/src/main.rs:2314)
2.246410 [INFO ] [TOUCH] OK resolution=466x466 firmware=0x1000001 checksum=0x693275ee (octowhere octowhere-pa/src/main.rs:2065)
2.247935 [INFO ] [MESH] id=28 tuned=true powered=true listening for 135s first (octowhere octowhere-pa/src/mesh.rs:103)
2.248837 [WARN ] [MESH] receive failed: PacketNotReady flags=Some(0) (octowhere octowhere-pa/src/mesh.rs:236)
2.248956 [WARN ] [MESH] DIO0 is high with no flag raised; polling the radio's flags from here (octowhere octowhere-pa/src/mesh.rs:242)
2.249026 [INFO ] [MEM] internal_used=10624 psram_used=868736 (octowhere octowhere-pa/src/main.rs:2100)
15.218022 [INFO ] [BENCH] heard id=24 setting=1 rssi=-39 snr=5 (octowhere octowhere-pa/src/mesh.rs:287)
15.218080 [INFO ] [MESH] heard id=24 timebase=Node(24) hops=0 taken=Adopted late_us=None len=30 rssi=-39 snr=5 entries=0 new=0 neighbours=0x00000000 (octowhere octowhere-pa/src/mesh.rs:291)
15.218365 [INFO ] [MESH] timebase root=24 hops=1 (octowhere octowhere-pa/src/mesh.rs:444)
20.739781 [INFO ] [MESH] round=39797385 sending=true (octowhere octowhere-pa/src/mesh.rs:149)
20.740242 [INFO ] [BENCH] setting=1 power=2 rfo=false set=true (octowhere octowhere-pa/src/mesh.rs:323)
20.843091 [INFO ] [MESH] sent round=39797385 len=30 entries=0 neighbours=0x01000000 late_us=58 switched=true started=true done=true flags=Some(8) (octowhere octowhere-pa/src/mesh.rs:375)
60.217581 [INFO ] [BENCH] heard id=24 setting=2 rssi=-105 snr=-2 (octowhere octowhere-pa/src/mesh.rs:287)
60.217641 [INFO ] [MESH] heard id=24 timebase=Node(24) hops=0 taken=Refined late_us=Some(-403) len=30 rssi=-105 snr=-2 entries=0 new=0 neighbours=0x10000000 (octowhere octowhere-pa/src/mesh.rs:291)
65.739824 [INFO ] [MESH] round=39797386 sending=true (octowhere octowhere-pa/src/mesh.rs:149)
65.740296 [INFO ] [BENCH] setting=2 power=14 rfo=true set=true (octowhere octowhere-pa/src/mesh.rs:323)
65.843044 [INFO ] [MESH] sent round=39797386 len=30 entries=0 neighbours=0x01000000 late_us=47 switched=true started=true done=true flags=Some(8) (octowhere octowhere-pa/src/mesh.rs:375)
72.494582 [INFO ] [DISPLAY] panel off (octowhere octowhere-pa/src/main.rs:2477)
105.217851 [INFO ] [BENCH] heard id=24 setting=3 rssi=-102 snr=0 (octowhere octowhere-pa/src/mesh.rs:287)
105.217920 [INFO ] [MESH] heard id=24 timebase=Node(24) hops=0 taken=Refined late_us=Some(285) len=30 rssi=-102 snr=0 entries=0 new=0 neighbours=0x10000000 (octowhere octowhere-pa/src/mesh.rs:291)
110.739371 [INFO ] [MESH] round=39797387 sending=true (octowhere octowhere-pa/src/mesh.rs:149)
110.739825 [INFO ] [BENCH] setting=3 power=0 rfo=true set=true (octowhere octowhere-pa/src/mesh.rs:323)
110.842690 [INFO ] [MESH] sent round=39797387 len=30 entries=0 neighbours=0x01000000 late_us=70 switched=true started=true done=true flags=Some(8) (octowhere octowhere-pa/src/mesh.rs:375)
150.218038 [INFO ] [BENCH] heard id=24 setting=0 rssi=-25 snr=7 (octowhere octowhere-pa/src/mesh.rs:287)
150.218089 [INFO ] [MESH] heard id=24 timebase=Node(24) hops=0 taken=Refined late_us=Some(169) len=30 rssi=-25 snr=7 entries=0 new=0 neighbours=0x10000000 (octowhere octowhere-pa/src/mesh.rs:291)
155.739681 [INFO ] [MESH] round=39797388 sending=true (octowhere octowhere-pa/src/mesh.rs:149)
155.740134 [INFO ] [BENCH] setting=0 power=17 rfo=false set=true (octowhere octowhere-pa/src/mesh.rs:323)
155.842220 [INFO ] [MESH] sent round=39797388 len=30 entries=0 neighbours=0x01000000 late_us=59 switched=true started=true done=true flags=Some(8) (octowhere octowhere-pa/src/mesh.rs:375)
195.217571 [INFO ] [BENCH] heard id=24 setting=1 rssi=-45 snr=6 (octowhere octowhere-pa/src/mesh.rs:287)
195.217631 [INFO ] [MESH] heard id=24 timebase=Node(24) hops=0 taken=Refined late_us=Some(-460) len=30 rssi=-45 snr=6 entries=0 new=0 neighbours=0x10000000 (octowhere octowhere-pa/src/mesh.rs:291)
200.739825 [INFO ] [MESH] round=39797389 sending=true (octowhere octowhere-pa/src/mesh.rs:149)
200.740277 [INFO ] [BENCH] setting=1 power=2 rfo=false set=true (octowhere octowhere-pa/src/mesh.rs:323)
200.843215 [INFO ] [MESH] sent round=39797389 len=30 entries=0 neighbours=0x01000000 late_us=72 switched=true started=true done=true flags=Some(8) (octowhere octowhere-pa/src/mesh.rs:375)
209.856135 [ERROR] Packet termination failed due to PayloadCrcError (sx127xlora sx127x-lora/src/driver.rs:478)
209.856264 [WARN ] [MESH] receive failed: PacketTermination flags=Some(0) (octowhere octowhere-pa/src/mesh.rs:236)
240.217479 [INFO ] [BENCH] heard id=24 setting=2 rssi=-109 snr=-2 (octowhere octowhere-pa/src/mesh.rs:287)
240.217539 [INFO ] [MESH] heard id=24 timebase=Node(24) hops=0 taken=Refined late_us=Some(-92) len=30 rssi=-109 snr=-2 entries=0 new=0 neighbours=0x10000000 (octowhere octowhere-pa/src/mesh.rs:291)
245.739426 [INFO ] [MESH] round=39797390 sending=true (octowhere octowhere-pa/src/mesh.rs:149)
245.739872 [INFO ] [BENCH] setting=2 power=14 rfo=true set=true (octowhere octowhere-pa/src/mesh.rs:323)
245.842151 [INFO ] [MESH] sent round=39797390 len=30 entries=0 neighbours=0x01000000 late_us=86 switched=true started=true done=true flags=Some(8) (octowhere octowhere-pa/src/mesh.rs:375)
285.217694 [INFO ] [BENCH] heard id=24 setting=3 rssi=-98 snr=0 (octowhere octowhere-pa/src/mesh.rs:287)
285.217752 [INFO ] [MESH] heard id=24 timebase=Node(24) hops=0 taken=Refined late_us=Some(219) len=30 rssi=-98 snr=0 entries=0 new=0 neighbours=0x10000000 (octowhere octowhere-pa/src/mesh.rs:291)
290.739273 [INFO ] [MESH] round=39797391 sending=true (octowhere octowhere-pa/src/mesh.rs:149)
290.739735 [INFO ] [BENCH] setting=3 power=0 rfo=true set=true (octowhere octowhere-pa/src/mesh.rs:323)
290.841831 [INFO ] [MESH] sent round=39797391 len=30 entries=0 neighbours=0x01000000 late_us=66 switched=true started=true done=true flags=Some(8) (octowhere octowhere-pa/src/mesh.rs:375)
330.217375 [INFO ] [BENCH] heard id=24 setting=0 rssi=-30 snr=6 (octowhere octowhere-pa/src/mesh.rs:287)
330.217435 [INFO ] [MESH] heard id=24 timebase=Node(24) hops=0 taken=Refined late_us=Some(-310) len=30 rssi=-30 snr=6 entries=0 new=0 neighbours=0x10000000 (octowhere octowhere-pa/src/mesh.rs:291)
335.739491 [INFO ] [MESH] round=39797392 sending=true (octowhere octowhere-pa/src/mesh.rs:149)
335.739939 [INFO ] [BENCH] setting=0 power=17 rfo=false set=true (octowhere octowhere-pa/src/mesh.rs:323)
335.842244 [INFO ] [MESH] sent round=39797392 len=30 entries=0 neighbours=0x01000000 late_us=69 switched=true started=true done=true flags=Some(8) (octowhere octowhere-pa/src/mesh.rs:375)
375.217676 [INFO ] [BENCH] heard id=24 setting=1 rssi=-43 snr=6 (octowhere octowhere-pa/src/mesh.rs:287)
375.217736 [INFO ] [MESH] heard id=24 timebase=Node(24) hops=0 taken=Refined late_us=Some(285) len=30 rssi=-43 snr=6 entries=0 new=0 neighbours=0x10000000 (octowhere octowhere-pa/src/mesh.rs:291)
380.739223 [INFO ] [MESH] round=39797393 sending=true (octowhere octowhere-pa/src/mesh.rs:149)
380.739670 [INFO ] [BENCH] setting=1 power=2 rfo=false set=true (octowhere octowhere-pa/src/mesh.rs:323)
380.841738 [INFO ] [MESH] sent round=39797393 len=30 entries=0 neighbours=0x01000000 late_us=59 switched=true started=true done=true flags=Some(8) (octowhere octowhere-pa/src/mesh.rs:375)
420.216865 [INFO ] [BENCH] heard id=24 setting=2 rssi=-103 snr=-1 (octowhere octowhere-pa/src/mesh.rs:287)
420.216931 [INFO ] [MESH] heard id=24 timebase=Node(24) hops=0 taken=Refined late_us=Some(-800) len=30 rssi=-103 snr=-1 entries=0 new=0 neighbours=0x10000000 (octowhere octowhere-pa/src/mesh.rs:291)
425.739469 [INFO ] [MESH] round=39797394 sending=true (octowhere octowhere-pa/src/mesh.rs:149)
425.739912 [INFO ] [BENCH] setting=2 power=14 rfo=true set=true (octowhere octowhere-pa/src/mesh.rs:323)
425.842080 [INFO ] [MESH] sent round=39797394 len=30 entries=0 neighbours=0x01000000 late_us=66 switched=true started=true done=true flags=Some(8) (octowhere octowhere-pa/src/mesh.rs:375)
465.216851 [INFO ] [BENCH] heard id=24 setting=3 rssi=-105 snr=0 (octowhere octowhere-pa/src/mesh.rs:287)
465.216910 [INFO ] [MESH] heard id=24 timebase=Node(24) hops=0 taken=Refined late_us=Some(-33) len=30 rssi=-105 snr=0 entries=0 new=0 neighbours=0x10000000 (octowhere octowhere-pa/src/mesh.rs:291)
470.738669 [INFO ] [MESH] round=39797395 sending=true (octowhere octowhere-pa/src/mesh.rs:149)
470.739114 [INFO ] [BENCH] setting=3 power=0 rfo=true set=true (octowhere octowhere-pa/src/mesh.rs:323)
470.841753 [INFO ] [MESH] sent round=39797395 len=30 entries=0 neighbours=0x01000000 late_us=86 switched=true started=true done=true flags=Some(8) (octowhere octowhere-pa/src/mesh.rs:375)
510.217062 [INFO ] [BENCH] heard id=24 setting=0 rssi=-32 snr=7 (octowhere octowhere-pa/src/mesh.rs:287)
510.217126 [INFO ] [MESH] heard id=24 timebase=Node(24) hops=0 taken=Refined late_us=Some(228) len=30 rssi=-32 snr=7 entries=0 new=0 neighbours=0x10000000 (octowhere octowhere-pa/src/mesh.rs:291)
515.738634 [INFO ] [MESH] round=39797396 sending=true (octowhere octowhere-pa/src/mesh.rs:149)
515.739093 [INFO ] [BENCH] setting=0 power=17 rfo=false set=true (octowhere octowhere-pa/src/mesh.rs:323)
515.841197 [INFO ] [MESH] sent round=39797396 len=30 entries=0 neighbours=0x01000000 late_us=70 switched=true started=true done=true flags=Some(8) (octowhere octowhere-pa/src/mesh.rs:375)
555.216545 [INFO ] [BENCH] heard id=24 setting=1 rssi=-41 snr=6 (octowhere octowhere-pa/src/mesh.rs:287)
555.216605 [INFO ] [MESH] heard id=24 timebase=Node(24) hops=0 taken=Refined late_us=Some(-524) len=30 rssi=-41 snr=6 entries=0 new=0 neighbours=0x10000000 (octowhere octowhere-pa/src/mesh.rs:291)
560.738863 [INFO ] [MESH] round=39797397 sending=true (octowhere octowhere-pa/src/mesh.rs:149)
560.739310 [INFO ] [BENCH] setting=1 power=2 rfo=false set=true (octowhere octowhere-pa/src/mesh.rs:323)
560.841731 [INFO ] [MESH] sent round=39797397 len=30 entries=0 neighbours=0x01000000 late_us=70 switched=true started=true done=true flags=Some(8) (octowhere octowhere-pa/src/mesh.rs:375)
