[2026-10-01T19:16:42Z INFO ] Serial port: '/dev/ttyACM1'
[2026-10-01T19:16:42Z INFO ] Connecting...
[2026-10-01T19:16:42Z INFO ] Using flash stub
I (436) esp_image: segment 4: paddr=00155074 vaddr=4037a650 size2.249213 [INFO ] [BOOT] Gnss Answered in 622ms (octowhere octowhere-pa/src/main.rs:1713)
2.288281 [INFO ] [GNSS] reference time 2026-10-01 19:16:39 sent=true (octowhere octowhere-pa/src/main.rs:2170)
2.288332 [INFO ] [BOOT] answered: power=true clock=true touch=true motion=true magnet=true gnss=true (octowhere octowhere-pa/src/main.rs:2026)
2.291213 [INFO ] [LORA] init_ok (octowhere octowhere-pa/src/main.rs:2314)
2.291281 [INFO ] [TOUCH] OK resolution=466x466 firmware=0x1000001 checksum=0x693275ee (octowhere octowhere-pa/src/main.rs:2065)
2.293006 [INFO ] [MESH] id=24 tuned=true powered=true listening for 135s first (octowhere octowhere-pa/src/mesh.rs:103)
2.293567 [INFO ] [MEM] internal_used=10624 psram_used=868736 (octowhere octowhere-pa/src/main.rs:2100)
42.242234 [INFO ] [DISPLAY] shift 3 0 (octowhere octowhere-pa/src/main.rs:643)
83.460126 [INFO ] [DISPLAY] shift 2 2 (octowhere octowhere-pa/src/main.rs:643)
137.293726 [INFO ] [MESH] timebase root=24 hops=0 (octowhere octowhere-pa/src/mesh.rs:444)
143.406868 [INFO ] [DISPLAY] shift 0 3 (octowhere octowhere-pa/src/main.rs:643)
162.788699 [INFO ] [MESH] round=39797385 sending=true (octowhere octowhere-pa/src/mesh.rs:149)
162.789161 [INFO ] [BENCH] setting=1 power=2 rfo=false set=true (octowhere octowhere-pa/src/mesh.rs:323)
162.891543 [INFO ] [MESH] sent round=39797385 len=30 entries=0 neighbours=0x00000000 late_us=74 switched=true started=true done=true flags=Some(8) (octowhere octowhere-pa/src/mesh.rs:375)
168.519572 [INFO ] [BENCH] heard id=28 setting=1 rssi=-38 snr=6 (octowhere octowhere-pa/src/mesh.rs:287)
168.519632 [INFO ] [MESH] heard id=28 timebase=Node(24) hops=1 taken=Ignored late_us=Some(2534) len=30 rssi=-38 snr=6 entries=0 new=0 neighbours=0x01000000 (octowhere octowhere-pa/src/mesh.rs:291)
203.355459 [INFO ] [DISPLAY] shift -2 2 (octowhere octowhere-pa/src/main.rs:643)
207.788682 [INFO ] [MESH] round=39797386 sending=true (octowhere octowhere-pa/src/mesh.rs:149)
207.789148 [INFO ] [BENCH] setting=2 power=14 rfo=true set=true (octowhere octowhere-pa/src/mesh.rs:323)
207.891640 [INFO ] [MESH] sent round=39797386 len=30 entries=0 neighbours=0x10000000 late_us=51 switched=true started=true done=true flags=Some(8) (octowhere octowhere-pa/src/mesh.rs:375)
213.519696 [INFO ] [BENCH] heard id=28 setting=2 rssi=-96 snr=1 (octowhere octowhere-pa/src/mesh.rs:287)
213.519756 [INFO ] [MESH] heard id=28 timebase=Node(24) hops=1 taken=Ignored late_us=Some(2665) len=30 rssi=-96 snr=1 entries=0 new=0 neighbours=0x01000000 (octowhere octowhere-pa/src/mesh.rs:291)
252.788703 [INFO ] [MESH] round=39797387 sending=true (octowhere octowhere-pa/src/mesh.rs:149)
252.789159 [INFO ] [BENCH] setting=3 power=0 rfo=true set=true (octowhere octowhere-pa/src/mesh.rs:323)
252.891691 [INFO ] [MESH] sent round=39797387 len=30 entries=0 neighbours=0x10000000 late_us=61 switched=true started=true done=true flags=Some(8) (octowhere octowhere-pa/src/mesh.rs:375)
258.519236 [INFO ] [BENCH] heard id=28 setting=3 rssi=-94 snr=3 (octowhere octowhere-pa/src/mesh.rs:287)
258.519297 [INFO ] [MESH] heard id=28 timebase=Node(24) hops=1 taken=Ignored late_us=Some(2211) len=30 rssi=-94 snr=3 entries=0 new=0 neighbours=0x01000000 (octowhere octowhere-pa/src/mesh.rs:291)
263.298223 [INFO ] [DISPLAY] shift -3 0 (octowhere octowhere-pa/src/main.rs:643)
297.788697 [INFO ] [MESH] round=39797388 sending=true (octowhere octowhere-pa/src/mesh.rs:149)
297.789165 [INFO ] [BENCH] setting=0 power=17 rfo=false set=true (octowhere octowhere-pa/src/mesh.rs:323)
297.891047 [INFO ] [MESH] sent round=39797388 len=30 entries=0 neighbours=0x10000000 late_us=55 switched=true started=true done=true flags=Some(8) (octowhere octowhere-pa/src/mesh.rs:375)
303.519586 [INFO ] [BENCH] heard id=28 setting=0 rssi=-22 snr=7 (octowhere octowhere-pa/src/mesh.rs:287)
303.519649 [INFO ] [MESH] heard id=28 timebase=Node(24) hops=1 taken=Ignored late_us=Some(2566) len=30 rssi=-22 snr=7 entries=0 new=0 neighbours=0x01000000 (octowhere octowhere-pa/src/mesh.rs:291)
323.300447 [INFO ] [DISPLAY] shift -2 -2 (octowhere octowhere-pa/src/main.rs:643)
342.788690 [INFO ] [MESH] round=39797389 sending=true (octowhere octowhere-pa/src/mesh.rs:149)
342.789163 [INFO ] [BENCH] setting=1 power=2 rfo=false set=true (octowhere octowhere-pa/src/mesh.rs:323)
342.891046 [INFO ] [MESH] sent round=39797389 len=30 entries=0 neighbours=0x10000000 late_us=53 switched=true started=true done=true flags=Some(8) (octowhere octowhere-pa/src/mesh.rs:375)
348.519911 [INFO ] [BENCH] heard id=28 setting=1 rssi=-39 snr=6 (octowhere octowhere-pa/src/mesh.rs:287)
348.519985 [INFO ] [MESH] heard id=28 timebase=Node(24) hops=1 taken=Ignored late_us=Some(2876) len=30 rssi=-39 snr=6 entries=0 new=0 neighbours=0x01000000 (octowhere octowhere-pa/src/mesh.rs:291)
383.365263 [INFO ] [DISPLAY] shift 0 -3 (octowhere octowhere-pa/src/main.rs:643)
387.788690 [INFO ] [MESH] round=39797390 sending=true (octowhere octowhere-pa/src/mesh.rs:149)
387.789156 [INFO ] [BENCH] setting=2 power=14 rfo=true set=true (octowhere octowhere-pa/src/mesh.rs:323)
387.891687 [INFO ] [MESH] sent round=39797390 len=30 entries=0 neighbours=0x10000000 late_us=53 switched=true started=true done=true flags=Some(8) (octowhere octowhere-pa/src/mesh.rs:375)
393.519627 [INFO ] [BENCH] heard id=28 setting=2 rssi=-96 snr=1 (octowhere octowhere-pa/src/mesh.rs:287)
393.519686 [INFO ] [MESH] heard id=28 timebase=Node(24) hops=1 taken=Ignored late_us=Some(2606) len=30 rssi=-96 snr=1 entries=0 new=0 neighbours=0x01000000 (octowhere octowhere-pa/src/mesh.rs:291)
432.788689 [INFO ] [MESH] round=39797391 sending=true (octowhere octowhere-pa/src/mesh.rs:149)
432.789146 [INFO ] [BENCH] setting=3 power=0 rfo=true set=true (octowhere octowhere-pa/src/mesh.rs:323)
432.891043 [INFO ] [MESH] sent round=39797391 len=30 entries=0 neighbours=0x10000000 late_us=54 switched=true started=true done=true flags=Some(8) (octowhere octowhere-pa/src/mesh.rs:375)
438.519508 [INFO ] [BENCH] heard id=28 setting=3 rssi=-95 snr=1 (octowhere octowhere-pa/src/mesh.rs:287)
438.519564 [INFO ] [MESH] heard id=28 timebase=Node(24) hops=1 taken=Ignored late_us=Some(2485) len=30 rssi=-95 snr=1 entries=0 new=0 neighbours=0x01000000 (octowhere octowhere-pa/src/mesh.rs:291)
443.412867 [INFO ] [DISPLAY] shift 2 -2 (octowhere octowhere-pa/src/main.rs:643)
477.788688 [INFO ] [MESH] round=39797392 sending=true (octowhere octowhere-pa/src/mesh.rs:149)
477.789155 [INFO ] [BENCH] setting=0 power=17 rfo=false set=true (octowhere octowhere-pa/src/mesh.rs:323)
477.891048 [INFO ] [MESH] sent round=39797392 len=30 entries=0 neighbours=0x10000000 late_us=51 switched=true started=true done=true flags=Some(8) (octowhere octowhere-pa/src/mesh.rs:375)
483.519875 [INFO ] [BENCH] heard id=28 setting=0 rssi=-22 snr=7 (octowhere octowhere-pa/src/mesh.rs:287)
483.519932 [INFO ] [MESH] heard id=28 timebase=Node(24) hops=1 taken=Ignored late_us=Some(2842) len=30 rssi=-22 snr=7 entries=0 new=0 neighbours=0x01000000 (octowhere octowhere-pa/src/mesh.rs:291)
503.477102 [INFO ] [DISPLAY] shift 0 0 (octowhere octowhere-pa/src/main.rs:643)
522.788692 [INFO ] [MESH] round=39797393 sending=true (octowhere octowhere-pa/src/mesh.rs:149)
522.789164 [INFO ] [BENCH] setting=1 power=2 rfo=false set=true (octowhere octowhere-pa/src/mesh.rs:323)
522.891692 [INFO ] [MESH] sent round=39797393 len=30 entries=0 neighbours=0x10000000 late_us=57 switched=true started=true done=true flags=Some(8) (octowhere octowhere-pa/src/mesh.rs:375)
528.519618 [INFO ] [BENCH] heard id=28 setting=1 rssi=-41 snr=6 (octowhere octowhere-pa/src/mesh.rs:287)
528.519681 [INFO ] [MESH] heard id=28 timebase=Node(24) hops=1 taken=Ignored late_us=Some(2587) len=30 rssi=-41 snr=6 entries=0 new=0 neighbours=0x01000000 (octowhere octowhere-pa/src/mesh.rs:291)
563.267273 [INFO ] [DISPLAY] shift 3 0 (octowhere octowhere-pa/src/main.rs:643)
567.788685 [INFO ] [MESH] round=39797394 sending=true (octowhere octowhere-pa/src/mesh.rs:149)
567.789146 [INFO ] [BENCH] setting=2 power=14 rfo=true set=true (octowhere octowhere-pa/src/mesh.rs:323)
567.891053 [INFO ] [MESH] sent round=39797394 len=30 entries=0 neighbours=0x10000000 late_us=52 switched=true started=true done=true flags=Some(8) (octowhere octowhere-pa/src/mesh.rs:375)
573.520051 [INFO ] [BENCH] heard id=28 setting=2 rssi=-96 snr=0 (octowhere octowhere-pa/src/mesh.rs:287)
573.520110 [INFO ] [MESH] heard id=28 timebase=Node(24) hops=1 taken=Ignored late_us=Some(3028) len=30 rssi=-96 snr=0 entries=0 new=0 neighbours=0x01000000 (octowhere octowhere-pa/src/mesh.rs:291)
612.788680 [INFO ] [MESH] round=39797395 sending=true (octowhere octowhere-pa/src/mesh.rs:149)
612.789131 [INFO ] [BENCH] setting=3 power=0 rfo=true set=true (octowhere octowhere-pa/src/mesh.rs:323)
612.891038 [INFO ] [MESH] sent round=39797395 len=30 entries=0 neighbours=0x10000000 late_us=51 switched=true started=true done=true flags=Some(8) (octowhere octowhere-pa/src/mesh.rs:375)
618.518243 [ERROR] Packet termination failed due to PayloadCrcError (sx127xlora sx127x-lora/src/driver.rs:478)
618.518377 [WARN ] [MESH] receive failed: PacketTermination flags=Some(0) (octowhere octowhere-pa/src/mesh.rs:236)
618.518471 [WARN ] [MESH] DIO0 is high with no flag raised; polling the radio's flags from here (octowhere octowhere-pa/src/mesh.rs:242)
623.320524 [INFO ] [DISPLAY] shift 2 2 (octowhere octowhere-pa/src/main.rs:643)
657.788692 [INFO ] [MESH] round=39797396 sending=true (octowhere octowhere-pa/src/mesh.rs:149)
657.789156 [INFO ] [BENCH] setting=0 power=17 rfo=false set=true (octowhere octowhere-pa/src/mesh.rs:323)
657.891769 [INFO ] [MESH] sent round=39797396 len=30 entries=0 neighbours=0x10000000 late_us=66 switched=true started=true done=true flags=Some(8) (octowhere octowhere-pa/src/mesh.rs:375)
663.519117 [INFO ] [BENCH] heard id=28 setting=0 rssi=-22 snr=7 (octowhere octowhere-pa/src/mesh.rs:287)
663.519178 [INFO ] [MESH] heard id=28 timebase=Node(24) hops=1 taken=Ignored late_us=Some(2260) len=30 rssi=-22 snr=7 entries=0 new=0 neighbours=0x01000000 (octowhere octowhere-pa/src/mesh.rs:291)
683.363418 [INFO ] [DISPLAY] shift 0 3 (octowhere octowhere-pa/src/main.rs:643)
702.788679 [INFO ] [MESH] round=39797397 sending=true (octowhere octowhere-pa/src/mesh.rs:149)
702.789149 [INFO ] [BENCH] setting=1 power=2 rfo=false set=true (octowhere octowhere-pa/src/mesh.rs:323)
702.891176 [INFO ] [MESH] sent round=39797397 len=30 entries=0 neighbours=0x10000000 late_us=55 switched=true started=true done=true flags=Some(8) (octowhere octowhere-pa/src/mesh.rs:375)
708.519977 [INFO ] [BENCH] heard id=28 setting=1 rssi=-39 snr=7 (octowhere octowhere-pa/src/mesh.rs:287)
708.520033 [INFO ] [MESH] heard id=28 timebase=Node(24) hops=1 taken=Ignored late_us=Some(3132) len=30 rssi=-39 snr=7 entries=0 new=0 neighbours=0x01000000 (octowhere octowhere-pa/src/mesh.rs:291)
