[2026-10-08T20:50:29Z INFO ] Serial port: '/dev/ttyACM3'
[2026-10-08T20:50:29Z INFO ] Connecting...
[2026-10-08T20:50:30Z INFO ] Using flash stub
I (448) boot: Loaded app from partition at offset 0x10000

2.234897 [INFO ] [BOOT] Gnss Answered in 1234ms (octowhere firmware/src/main.rs:2145)
2.234978 [INFO ] [BOOT] answered: power=true clock=true touch=true motion=true magnet=true gnss=true (octowhere firmware/src/main.rs:2547)
2.285083 [INFO ] [LORA] init_ok (octowhere firmware/src/main.rs:2867)
2.285204 [INFO ] [BOOT] Radio Answered in 50ms (octowhere firmware/src/main.rs:2145)
2.285401 [INFO ] [TOUCH] OK resolution=466x466 firmware=0x1000001 checksum=0x693275ee (octowhere firmware/src/main.rs:2600)
2.285909 [INFO ] [MESH] id=0 name=Dredge members=2 mac=[44, 1b, f6, 86, 1a, 38] (octowhere_node octowhere-node/src/node.rs:715)
2.325999 [INFO ] [MESH] tuned=true (octowhere_node octowhere-node/src/node.rs:773)
2.327893 [INFO ] [MESH] id=0 members=2 generation=20 removal pending=false declinable until=None old keys=0 (octowhere_node octowhere-node/src/node.rs:921)
2.329755 [INFO ] [MEM] internal_used=66712 psram_used=1102332 (octowhere firmware/src/main.rs:2637)
2.979671 [INFO ] [GNSS] configured=true (octowhere firmware/src/main.rs:1422)
3.013332 [INFO ] [GNSS] reference time 2026-10-08 20:50:30 sent=true (octowhere firmware/src/main.rs:2728)
9.000135 [INFO ] [STARTUP] board 1a38 (octowhere firmware/src/main.rs:330)
9.000180 [INFO ] [STARTUP] reset power_on=true (octowhere firmware/src/main.rs:331)
9.000205 [INFO ] [STARTUP] mesh generation=20 members=0x3 kept=0x0 stored=0xf (octowhere firmware/src/main.rs:334)
9.000246 [INFO ] [STARTUP] load-group read 516280 (octowhere firmware/src/main.rs:344)
9.000295 [INFO ] [STARTUP] load-members read 570684 (octowhere firmware/src/main.rs:344)
9.000327 [INFO ] [STARTUP] load-restored read 570794 (octowhere firmware/src/main.rs:344)
9.000433 [INFO ] [STARTUP] load-rest read 584592 (octowhere firmware/src/main.rs:344)
9.000463 [INFO ] [STARTUP] load-kept read 593887 (octowhere firmware/src/main.rs:344)
9.000494 [INFO ] [STARTUP] main enter 7395511 (octowhere firmware/src/main.rs:351)
9.000545 [INFO ] [STARTUP] esp_hal init 466068 (octowhere firmware/src/main.rs:351)
9.000597 [INFO ] [STARTUP] panel reset 466181 (octowhere firmware/src/main.rs:351)
9.000649 [INFO ] [STARTUP] psram ready 472893 (octowhere firmware/src/main.rs:351)
9.000702 [INFO ] [STARTUP] settings loaded 515367 (octowhere firmware/src/main.rs:351)
9.000757 [INFO ] [STARTUP] trng on 515465 (octowhere firmware/src/main.rs:351)
9.000791 [INFO ] [STARTUP] mesh-store read 593931 (octowhere firmware/src/main.rs:351)
9.000845 [INFO ] [STARTUP] core1 starting 594291 (octowhere firmware/src/main.rs:351)
9.000899 [INFO ] [STARTUP] core1 started 611717 (octowhere firmware/src/main.rs:351)
9.000953 [INFO ] [STARTUP] core1 enter 611949 (octowhere firmware/src/main.rs:351)
9.001005 [INFO ] [STARTUP] identity made 637412 (octowhere firmware/src/main.rs:351)
9.001058 [INFO ] [STARTUP] bring_up enter 639979 (octowhere firmware/src/main.rs:351)
9.001112 [INFO ] [STARTUP] frame_loop first 640217 (octowhere firmware/src/main.rs:351)
9.001168 [INFO ] [STARTUP] frame_loop drawn 659202 (octowhere firmware/src/main.rs:351)
9.001224 [INFO ] [STARTUP] te-before-start silent 674026 (octowhere firmware/src/main.rs:351)
9.001283 [INFO ] [STARTUP] te-check end 674028 (octowhere firmware/src/main.rs:351)
9.001336 [INFO ] [STARTUP] i2c powered 720125 (octowhere firmware/src/main.rs:351)
9.001436 [INFO ] [STARTUP] POWER start 720565 (octowhere firmware/src/main.rs:351)
9.001489 [INFO ] [STARTUP] POWER answered 722361 (octowhere firmware/src/main.rs:351)
9.001543 [INFO ] [STARTUP] exio reset 744106 (octowhere firmware/src/main.rs:351)
9.001594 [INFO ] [STARTUP] CLOCK start 744272 (octowhere firmware/src/main.rs:351)
9.001646 [INFO ] [STARTUP] TOUCH start 744360 (octowhere firmware/src/main.rs:351)
9.001699 [INFO ] [STARTUP] MOTION start 744403 (octowhere firmware/src/main.rs:351)
9.001752 [INFO ] [STARTUP] MAGNET start 744498 (octowhere firmware/src/main.rs:351)
9.001805 [INFO ] [STARTUP] CLOCK answered 745098 (octowhere firmware/src/main.rs:351)
9.001859 [INFO ] [STARTUP] display up 804995 (octowhere firmware/src/main.rs:351)
9.001910 [INFO ] [STARTUP] flush0 start 805027 (octowhere firmware/src/main.rs:351)
9.001963 [INFO ] [STARTUP] flush0 end 816812 (octowhere firmware/src/main.rs:351)
9.002014 [INFO ] [STARTUP] flush1 start 816866 (octowhere firmware/src/main.rs:351)
9.002067 [INFO ] [STARTUP] frame_loop handed 816946 (octowhere firmware/src/main.rs:351)
9.002123 [INFO ] [STARTUP] flush1 end 845955 (octowhere firmware/src/main.rs:351)
9.002174 [INFO ] [STARTUP] panel lit 846191 (octowhere firmware/src/main.rs:351)
9.002209 [INFO ] [STARTUP] TOUCH answered 858262 (octowhere firmware/src/main.rs:351)
9.002263 [INFO ] [STARTUP] MOTION answered 897037 (octowhere firmware/src/main.rs:351)
9.002318 [INFO ] [STARTUP] MAGNET answered 898555 (octowhere firmware/src/main.rs:351)
9.002440 [INFO ] [STARTUP] gnss-settle end 1000440 (octowhere firmware/src/main.rs:351)
9.002494 [INFO ] [STARTUP] GNSS start 1000556 (octowhere firmware/src/main.rs:351)
9.002545 [INFO ] [STARTUP] GNSS answered 2234795 (octowhere firmware/src/main.rs:351)
9.002599 [INFO ] [STARTUP] RADIO start 2235022 (octowhere firmware/src/main.rs:351)
9.002651 [INFO ] [STARTUP] RADIO answered 2285120 (octowhere firmware/src/main.rs:351)
9.002705 [INFO ] [STARTUP] bring_up exit 2329790 (octowhere firmware/src/main.rs:351)
9.002758 [INFO ] [STARTUP] GNSS-config end 2979707 (octowhere firmware/src/main.rs:351)
9.002812 [INFO ] [STARTUP] startup over 7308642 (octowhere firmware/src/main.rs:351)
9.002865 [INFO ] [STARTUP] done (octowhere firmware/src/main.rs:353)
