[2026-10-08T20:49:45Z INFO ] Serial port: '/dev/ttyACM3'
[2026-10-08T20:49:45Z INFO ] Connecting...
[2026-10-08T20:49:46Z INFO ] Using flash stub
I (448) boot: Loaded app from partition at offset 0x10000

1.756843 [INFO ] [GNSS] configured=true (octowhere firmware/src/main.rs:1422)
1.791403 [INFO ] [GNSS] reference time 2026-10-08 20:49:45 sent=true (octowhere firmware/src/main.rs:2726)
9.000130 [INFO ] [STARTUP] board 1a38 (octowhere firmware/src/main.rs:330)
9.000176 [INFO ] [STARTUP] reset power_on=true (octowhere firmware/src/main.rs:331)
9.000201 [INFO ] [STARTUP] mesh generation=20 members=0x3 kept=0x0 stored=0xf (octowhere firmware/src/main.rs:334)
9.000242 [INFO ] [STARTUP] load-group read 516165 (octowhere firmware/src/main.rs:344)
9.000291 [INFO ] [STARTUP] load-members read 570567 (octowhere firmware/src/main.rs:344)
9.000323 [INFO ] [STARTUP] load-restored read 570678 (octowhere firmware/src/main.rs:344)
9.000356 [INFO ] [STARTUP] load-rest read 584474 (octowhere firmware/src/main.rs:344)
9.000387 [INFO ] [STARTUP] load-kept read 593758 (octowhere firmware/src/main.rs:344)
9.000417 [INFO ] [STARTUP] main enter 7394508 (octowhere firmware/src/main.rs:351)
9.000468 [INFO ] [STARTUP] esp_hal init 465997 (octowhere firmware/src/main.rs:351)
9.000520 [INFO ] [STARTUP] panel reset 466081 (octowhere firmware/src/main.rs:351)
9.000644 [INFO ] [STARTUP] psram ready 472792 (octowhere firmware/src/main.rs:351)
9.000696 [INFO ] [STARTUP] settings loaded 515258 (octowhere firmware/src/main.rs:351)
9.000751 [INFO ] [STARTUP] trng on 515352 (octowhere firmware/src/main.rs:351)
9.000785 [INFO ] [STARTUP] mesh-store read 593799 (octowhere firmware/src/main.rs:351)
9.000839 [INFO ] [STARTUP] core1 starting 594143 (octowhere firmware/src/main.rs:351)
9.000894 [INFO ] [STARTUP] core1 started 611564 (octowhere firmware/src/main.rs:351)
9.000947 [INFO ] [STARTUP] core1 enter 611802 (octowhere firmware/src/main.rs:351)
9.000999 [INFO ] [STARTUP] te-before-start pulsed 630184 (octowhere firmware/src/main.rs:351)
9.001059 [INFO ] [STARTUP] te-check end 630221 (octowhere firmware/src/main.rs:351)
9.001111 [INFO ] [STARTUP] identity made 637342 (octowhere firmware/src/main.rs:351)
9.001164 [INFO ] [STARTUP] bring_up enter 639892 (octowhere firmware/src/main.rs:351)
9.001218 [INFO ] [STARTUP] frame_loop first 640105 (octowhere firmware/src/main.rs:351)
9.001274 [INFO ] [STARTUP] frame_loop drawn 659110 (octowhere firmware/src/main.rs:351)
9.001330 [INFO ] [STARTUP] i2c powered 720037 (octowhere firmware/src/main.rs:351)
9.001381 [INFO ] [STARTUP] POWER start 720492 (octowhere firmware/src/main.rs:351)
9.001434 [INFO ] [STARTUP] POWER answered 722297 (octowhere firmware/src/main.rs:351)
9.001488 [INFO ] [STARTUP] exio reset 744030 (octowhere firmware/src/main.rs:351)
9.001539 [INFO ] [STARTUP] CLOCK start 744196 (octowhere firmware/src/main.rs:351)
9.001644 [INFO ] [STARTUP] TOUCH start 744263 (octowhere firmware/src/main.rs:351)
9.001696 [INFO ] [STARTUP] MOTION start 744315 (octowhere firmware/src/main.rs:351)
9.001749 [INFO ] [STARTUP] MAGNET start 744401 (octowhere firmware/src/main.rs:351)
9.001802 [INFO ] [STARTUP] CLOCK answered 745023 (octowhere firmware/src/main.rs:351)
9.001856 [INFO ] [STARTUP] display up 761031 (octowhere firmware/src/main.rs:351)
9.001907 [INFO ] [STARTUP] flush0 start 761061 (octowhere firmware/src/main.rs:351)
9.001960 [INFO ] [STARTUP] flush0 end 773108 (octowhere firmware/src/main.rs:351)
9.002011 [INFO ] [STARTUP] flush1 start 773174 (octowhere firmware/src/main.rs:351)
9.002064 [INFO ] [STARTUP] frame_loop handed 773235 (octowhere firmware/src/main.rs:351)
9.002121 [INFO ] [STARTUP] flush1 end 794659 (octowhere firmware/src/main.rs:351)
9.002172 [INFO ] [STARTUP] panel lit 795008 (octowhere firmware/src/main.rs:351)
9.002222 [INFO ] [STARTUP] TOUCH answered 868189 (octowhere firmware/src/main.rs:351)
9.002276 [INFO ] [STARTUP] MOTION answered 896386 (octowhere firmware/src/main.rs:351)
9.002331 [INFO ] [STARTUP] MAGNET answered 997494 (octowhere firmware/src/main.rs:351)
9.002386 [INFO ] [STARTUP] gnss-settle end 1000080 (octowhere firmware/src/main.rs:351)
9.002441 [INFO ] [STARTUP] GNSS start 1000182 (octowhere firmware/src/main.rs:351)
9.002492 [INFO ] [STARTUP] GNSS answered 1012643 (octowhere firmware/src/main.rs:351)
9.002545 [INFO ] [STARTUP] RADIO start 1012861 (octowhere firmware/src/main.rs:351)
9.002644 [INFO ] [STARTUP] RADIO answered 1014997 (octowhere firmware/src/main.rs:351)
9.002698 [INFO ] [STARTUP] bring_up exit 1059002 (octowhere firmware/src/main.rs:351)
9.002751 [INFO ] [STARTUP] GNSS-config end 1756904 (octowhere firmware/src/main.rs:351)
9.002805 [INFO ] [STARTUP] startup over 6103513 (octowhere firmware/src/main.rs:351)
9.002858 [INFO ] [STARTUP] done (octowhere firmware/src/main.rs:353)
