[2026-10-08T20:50:16Z INFO ] Serial port: '/dev/ttyACM3'
[2026-10-08T20:50:16Z INFO ] Connecting...
[2026-10-08T20:50:17Z INFO ] Using flash stub
I (448) boot: Loaded app from partition at offset 0x10000

1.799071 [INFO ] [GNSS] configured=true (octowhere firmware/src/main.rs:1422)
1.832523 [INFO ] [GNSS] reference time 2026-10-08 20:50:16 sent=true (octowhere firmware/src/main.rs:2728)
9.000134 [INFO ] [STARTUP] board 1a38 (octowhere firmware/src/main.rs:330)
9.000174 [INFO ] [STARTUP] reset power_on=true (octowhere firmware/src/main.rs:331)
9.000200 [INFO ] [STARTUP] mesh generation=20 members=0x3 kept=0x0 stored=0xf (octowhere firmware/src/main.rs:334)
9.000308 [INFO ] [STARTUP] load-group read 516276 (octowhere firmware/src/main.rs:344)
9.000354 [INFO ] [STARTUP] load-members read 570680 (octowhere firmware/src/main.rs:344)
9.000386 [INFO ] [STARTUP] load-restored read 570789 (octowhere firmware/src/main.rs:344)
9.000419 [INFO ] [STARTUP] load-rest read 584587 (octowhere firmware/src/main.rs:344)
9.000450 [INFO ] [STARTUP] load-kept read 593883 (octowhere firmware/src/main.rs:344)
9.000480 [INFO ] [STARTUP] main enter 7395546 (octowhere firmware/src/main.rs:351)
9.000531 [INFO ] [STARTUP] esp_hal init 466063 (octowhere firmware/src/main.rs:351)
9.000584 [INFO ] [STARTUP] panel reset 466176 (octowhere firmware/src/main.rs:351)
9.000635 [INFO ] [STARTUP] psram ready 472889 (octowhere firmware/src/main.rs:351)
9.000687 [INFO ] [STARTUP] settings loaded 515363 (octowhere firmware/src/main.rs:351)
9.000742 [INFO ] [STARTUP] trng on 515460 (octowhere firmware/src/main.rs:351)
9.000776 [INFO ] [STARTUP] mesh-store read 593926 (octowhere firmware/src/main.rs:351)
9.000830 [INFO ] [STARTUP] core1 starting 594287 (octowhere firmware/src/main.rs:351)
9.000885 [INFO ] [STARTUP] core1 started 611712 (octowhere firmware/src/main.rs:351)
9.000939 [INFO ] [STARTUP] core1 enter 611945 (octowhere firmware/src/main.rs:351)
9.000991 [INFO ] [STARTUP] identity made 637408 (octowhere firmware/src/main.rs:351)
9.001044 [INFO ] [STARTUP] bring_up enter 639975 (octowhere firmware/src/main.rs:351)
9.001098 [INFO ] [STARTUP] frame_loop first 640212 (octowhere firmware/src/main.rs:351)
9.001154 [INFO ] [STARTUP] frame_loop drawn 659198 (octowhere firmware/src/main.rs:351)
9.001209 [INFO ] [STARTUP] te-before-start silent 674021 (octowhere firmware/src/main.rs:351)
9.001324 [INFO ] [STARTUP] te-check end 674023 (octowhere firmware/src/main.rs:351)
9.001377 [INFO ] [STARTUP] i2c powered 720121 (octowhere firmware/src/main.rs:351)
9.001428 [INFO ] [STARTUP] POWER start 720561 (octowhere firmware/src/main.rs:351)
9.001481 [INFO ] [STARTUP] POWER answered 722358 (octowhere firmware/src/main.rs:351)
9.001535 [INFO ] [STARTUP] exio reset 744102 (octowhere firmware/src/main.rs:351)
9.001586 [INFO ] [STARTUP] CLOCK start 744267 (octowhere firmware/src/main.rs:351)
9.001638 [INFO ] [STARTUP] TOUCH start 744355 (octowhere firmware/src/main.rs:351)
9.001690 [INFO ] [STARTUP] MOTION start 744399 (octowhere firmware/src/main.rs:351)
9.001744 [INFO ] [STARTUP] MAGNET start 744494 (octowhere firmware/src/main.rs:351)
9.001796 [INFO ] [STARTUP] CLOCK answered 745093 (octowhere firmware/src/main.rs:351)
9.001851 [INFO ] [STARTUP] display up 804987 (octowhere firmware/src/main.rs:351)
9.001902 [INFO ] [STARTUP] flush0 start 805019 (octowhere firmware/src/main.rs:351)
9.001955 [INFO ] [STARTUP] flush0 end 816801 (octowhere firmware/src/main.rs:351)
9.002006 [INFO ] [STARTUP] flush1 start 816855 (octowhere firmware/src/main.rs:351)
9.002059 [INFO ] [STARTUP] frame_loop handed 816935 (octowhere firmware/src/main.rs:351)
9.002115 [INFO ] [STARTUP] flush1 end 845942 (octowhere firmware/src/main.rs:351)
9.002166 [INFO ] [STARTUP] panel lit 846171 (octowhere firmware/src/main.rs:351)
9.002216 [INFO ] [STARTUP] TOUCH answered 858246 (octowhere firmware/src/main.rs:351)
9.002319 [INFO ] [STARTUP] MOTION answered 897032 (octowhere firmware/src/main.rs:351)
9.002374 [INFO ] [STARTUP] MAGNET answered 898455 (octowhere firmware/src/main.rs:351)
9.002429 [INFO ] [STARTUP] gnss-settle end 1000349 (octowhere firmware/src/main.rs:351)
9.002483 [INFO ] [STARTUP] GNSS start 1000464 (octowhere firmware/src/main.rs:351)
9.002534 [INFO ] [STARTUP] GNSS answered 1018562 (octowhere firmware/src/main.rs:351)
9.002588 [INFO ] [STARTUP] RADIO start 1018937 (octowhere firmware/src/main.rs:351)
9.002640 [INFO ] [STARTUP] RADIO answered 1037264 (octowhere firmware/src/main.rs:351)
9.002694 [INFO ] [STARTUP] bring_up exit 1082609 (octowhere firmware/src/main.rs:351)
9.002747 [INFO ] [STARTUP] GNSS-config end 1799106 (octowhere firmware/src/main.rs:351)
9.002802 [INFO ] [STARTUP] startup over 6099165 (octowhere firmware/src/main.rs:351)
9.002855 [INFO ] [STARTUP] done (octowhere firmware/src/main.rs:353)
