[2026-10-08T20:49:32Z INFO ] Serial port: '/dev/ttyACM3'
[2026-10-08T20:49:32Z INFO ] Connecting...
[2026-10-08T20:49:33Z INFO ] Using flash stub
I (448) boot: Loaded app from partition at offset 0x10000

1.709469 [INFO ] [GNSS] configured=true (octowhere firmware/src/main.rs:1422)
1.743300 [INFO ] [GNSS] reference time 2026-10-08 20:49:32 sent=true (octowhere firmware/src/main.rs:2726)
9.000129 [INFO ] [STARTUP] board 1a38 (octowhere firmware/src/main.rs:330)
9.000176 [INFO ] [STARTUP] reset power_on=true (octowhere firmware/src/main.rs:331)
9.000201 [INFO ] [STARTUP] mesh generation=20 members=0x3 kept=0x0 stored=0xf (octowhere firmware/src/main.rs:334)
9.000242 [INFO ] [STARTUP] load-group read 516168 (octowhere firmware/src/main.rs:344)
9.000290 [INFO ] [STARTUP] load-members read 570570 (octowhere firmware/src/main.rs:344)
9.000322 [INFO ] [STARTUP] load-restored read 570681 (octowhere firmware/src/main.rs:344)
9.000356 [INFO ] [STARTUP] load-rest read 584477 (octowhere firmware/src/main.rs:344)
9.000386 [INFO ] [STARTUP] load-kept read 593761 (octowhere firmware/src/main.rs:344)
9.000416 [INFO ] [STARTUP] main enter 7394508 (octowhere firmware/src/main.rs:351)
9.000468 [INFO ] [STARTUP] esp_hal init 466000 (octowhere firmware/src/main.rs:351)
9.000520 [INFO ] [STARTUP] panel reset 466084 (octowhere firmware/src/main.rs:351)
9.000572 [INFO ] [STARTUP] psram ready 472795 (octowhere firmware/src/main.rs:351)
9.000624 [INFO ] [STARTUP] settings loaded 515261 (octowhere firmware/src/main.rs:351)
9.000680 [INFO ] [STARTUP] trng on 515355 (octowhere firmware/src/main.rs:351)
9.000713 [INFO ] [STARTUP] mesh-store read 593802 (octowhere firmware/src/main.rs:351)
9.000768 [INFO ] [STARTUP] core1 starting 594146 (octowhere firmware/src/main.rs:351)
9.000822 [INFO ] [STARTUP] core1 started 611567 (octowhere firmware/src/main.rs:351)
9.000875 [INFO ] [STARTUP] core1 enter 611805 (octowhere firmware/src/main.rs:351)
9.000928 [INFO ] [STARTUP] te-before-start pulsed 621138 (octowhere firmware/src/main.rs:351)
9.000987 [INFO ] [STARTUP] te-check end 621174 (octowhere firmware/src/main.rs:351)
9.001040 [INFO ] [STARTUP] identity made 637345 (octowhere firmware/src/main.rs:351)
9.001173 [INFO ] [STARTUP] bring_up enter 639895 (octowhere firmware/src/main.rs:351)
9.001227 [INFO ] [STARTUP] frame_loop first 640108 (octowhere firmware/src/main.rs:351)
9.001283 [INFO ] [STARTUP] frame_loop drawn 659113 (octowhere firmware/src/main.rs:351)
9.001338 [INFO ] [STARTUP] i2c powered 720040 (octowhere firmware/src/main.rs:351)
9.001390 [INFO ] [STARTUP] POWER start 720495 (octowhere firmware/src/main.rs:351)
9.001443 [INFO ] [STARTUP] POWER answered 722301 (octowhere firmware/src/main.rs:351)
9.001497 [INFO ] [STARTUP] exio reset 744105 (octowhere firmware/src/main.rs:351)
9.001548 [INFO ] [STARTUP] CLOCK start 744307 (octowhere firmware/src/main.rs:351)
9.001600 [INFO ] [STARTUP] TOUCH start 744415 (octowhere firmware/src/main.rs:351)
9.001653 [INFO ] [STARTUP] MOTION start 744458 (octowhere firmware/src/main.rs:351)
9.001706 [INFO ] [STARTUP] MAGNET start 744551 (octowhere firmware/src/main.rs:351)
9.001758 [INFO ] [STARTUP] CLOCK answered 745264 (octowhere firmware/src/main.rs:351)
9.001813 [INFO ] [STARTUP] display up 752037 (octowhere firmware/src/main.rs:351)
9.001864 [INFO ] [STARTUP] flush0 start 752057 (octowhere firmware/src/main.rs:351)
9.001917 [INFO ] [STARTUP] flush0 end 763862 (octowhere firmware/src/main.rs:351)
9.001968 [INFO ] [STARTUP] flush1 start 763921 (octowhere firmware/src/main.rs:351)
9.002021 [INFO ] [STARTUP] frame_loop handed 764092 (octowhere firmware/src/main.rs:351)
9.002077 [INFO ] [STARTUP] flush1 end 785895 (octowhere firmware/src/main.rs:351)
9.002171 [INFO ] [STARTUP] panel lit 786260 (octowhere firmware/src/main.rs:351)
9.002206 [INFO ] [STARTUP] TOUCH answered 869034 (octowhere firmware/src/main.rs:351)
9.002261 [INFO ] [STARTUP] MOTION answered 897030 (octowhere firmware/src/main.rs:351)
9.002316 [INFO ] [STARTUP] gnss-settle end 1004320 (octowhere firmware/src/main.rs:351)
9.002370 [INFO ] [STARTUP] MAGNET answered 1005481 (octowhere firmware/src/main.rs:351)
9.002425 [INFO ] [STARTUP] GNSS start 1005657 (octowhere firmware/src/main.rs:351)
9.002476 [INFO ] [STARTUP] GNSS answered 1017872 (octowhere firmware/src/main.rs:351)
9.002530 [INFO ] [STARTUP] RADIO start 1018089 (octowhere firmware/src/main.rs:351)
9.002582 [INFO ] [STARTUP] RADIO answered 1020199 (octowhere firmware/src/main.rs:351)
9.002636 [INFO ] [STARTUP] bring_up exit 1064183 (octowhere firmware/src/main.rs:351)
9.002689 [INFO ] [STARTUP] GNSS-config end 1709503 (octowhere firmware/src/main.rs:351)
9.002744 [INFO ] [STARTUP] startup over 6115737 (octowhere firmware/src/main.rs:351)
9.002796 [INFO ] [STARTUP] done (octowhere firmware/src/main.rs:353)
