[2026-10-08T20:58:12Z INFO ] Serial port: '/dev/ttyACM2'
[2026-10-08T20:58:12Z INFO ] Connecting...
[2026-10-08T20:58:12Z INFO ] Using flash stub
I (448) boot: Loaded app from partition at offset 0x10000

1.722901 [INFO ] [GNSS] configured=true (octowhere firmware/src/main.rs:1430)
1.756937 [INFO ] [GNSS] reference time 2026-10-08 20:58:12 sent=true (octowhere firmware/src/main.rs:2736)
9.000134 [INFO ] [STARTUP] board 1c1c (octowhere firmware/src/main.rs:330)
9.000189 [INFO ] [STARTUP] reset power_on=true (octowhere firmware/src/main.rs:331)
9.000213 [INFO ] [STARTUP] mesh generation=20 members=0x3 kept=0x0 stored=0xf (octowhere firmware/src/main.rs:334)
9.000254 [INFO ] [STARTUP] load-group read 509516 (octowhere firmware/src/main.rs:344)
9.000297 [INFO ] [STARTUP] load-members read 548143 (octowhere firmware/src/main.rs:344)
9.000343 [INFO ] [STARTUP] load-restored read 548259 (octowhere firmware/src/main.rs:344)
9.000376 [INFO ] [STARTUP] load-rest read 560633 (octowhere firmware/src/main.rs:344)
9.000429 [INFO ] [STARTUP] load-kept read 585203 (octowhere firmware/src/main.rs:344)
9.000459 [INFO ] [STARTUP] main enter 7383632 (octowhere firmware/src/main.rs:351)
9.000510 [INFO ] [STARTUP] esp_hal init 465325 (octowhere firmware/src/main.rs:351)
9.000563 [INFO ] [STARTUP] panel reset 465441 (octowhere firmware/src/main.rs:351)
9.000614 [INFO ] [STARTUP] psram ready 472130 (octowhere firmware/src/main.rs:351)
9.000664 [INFO ] [STARTUP] settings loaded 508751 (octowhere firmware/src/main.rs:351)
9.000718 [INFO ] [STARTUP] trng on 508854 (octowhere firmware/src/main.rs:351)
9.000751 [INFO ] [STARTUP] mesh-store read 585246 (octowhere firmware/src/main.rs:351)
9.000795 [INFO ] [STARTUP] core1 starting 585572 (octowhere firmware/src/main.rs:351)
9.000851 [INFO ] [STARTUP] core1 started 603012 (octowhere firmware/src/main.rs:351)
9.000915 [INFO ] [STARTUP] core1 enter 603250 (octowhere firmware/src/main.rs:351)
9.000968 [INFO ] [STARTUP] identity made 628709 (octowhere firmware/src/main.rs:351)
9.001023 [INFO ] [STARTUP] bring_up enter 631288 (octowhere firmware/src/main.rs:351)
9.001078 [INFO ] [STARTUP] te-before-start silent 665335 (octowhere firmware/src/main.rs:351)
9.001176 [INFO ] [STARTUP] te-check end 665343 (octowhere firmware/src/main.rs:351)
9.001228 [INFO ] [STARTUP] i2c powered 711403 (octowhere firmware/src/main.rs:351)
9.001300 [INFO ] [STARTUP] POWER start 711818 (octowhere firmware/src/main.rs:351)
9.001351 [INFO ] [STARTUP] POWER answered 713652 (octowhere firmware/src/main.rs:351)
9.001421 [INFO ] [STARTUP] exio reset 735400 (octowhere firmware/src/main.rs:351)
9.001473 [INFO ] [STARTUP] CLOCK start 735559 (octowhere firmware/src/main.rs:351)
9.001547 [INFO ] [STARTUP] TOUCH start 735623 (octowhere firmware/src/main.rs:351)
9.001599 [INFO ] [STARTUP] MOTION start 735672 (octowhere firmware/src/main.rs:351)
9.001665 [INFO ] [STARTUP] MAGNET start 735763 (octowhere firmware/src/main.rs:351)
9.001717 [INFO ] [STARTUP] CLOCK answered 736361 (octowhere firmware/src/main.rs:351)
9.001770 [INFO ] [STARTUP] display up 796290 (octowhere firmware/src/main.rs:351)
9.001823 [INFO ] [STARTUP] frame_loop first 796348 (octowhere firmware/src/main.rs:351)
9.001879 [INFO ] [STARTUP] frame_loop drawn 815330 (octowhere firmware/src/main.rs:351)
9.001936 [INFO ] [STARTUP] frame_loop handed 815439 (octowhere firmware/src/main.rs:351)
9.001994 [INFO ] [STARTUP] flush0 start 815551 (octowhere firmware/src/main.rs:351)
9.002057 [INFO ] [STARTUP] flush0 end 830913 (octowhere firmware/src/main.rs:351)
9.002167 [INFO ] [STARTUP] flush1 start 839437 (octowhere firmware/src/main.rs:351)
9.002220 [INFO ] [STARTUP] panel lit 841478 (octowhere firmware/src/main.rs:351)
9.002270 [INFO ] [STARTUP] flush1 end 843820 (octowhere firmware/src/main.rs:351)
9.002311 [INFO ] [STARTUP] TOUCH answered 872873 (octowhere firmware/src/main.rs:351)
9.002365 [INFO ] [STARTUP] MOTION answered 895591 (octowhere firmware/src/main.rs:351)
9.002422 [INFO ] [STARTUP] MAGNET answered 954956 (octowhere firmware/src/main.rs:351)
9.002478 [INFO ] [STARTUP] gnss-settle end 1008172 (octowhere firmware/src/main.rs:351)
9.002553 [INFO ] [STARTUP] GNSS start 1008303 (octowhere firmware/src/main.rs:351)
9.002604 [INFO ] [STARTUP] GNSS answered 1023356 (octowhere firmware/src/main.rs:351)
9.002677 [INFO ] [STARTUP] RADIO start 1023564 (octowhere firmware/src/main.rs:351)
9.002731 [INFO ] [STARTUP] RADIO answered 1025688 (octowhere firmware/src/main.rs:351)
9.002803 [INFO ] [STARTUP] bring_up exit 1072099 (octowhere firmware/src/main.rs:351)
9.002856 [INFO ] [STARTUP] GNSS-config end 1722945 (octowhere firmware/src/main.rs:351)
9.002928 [INFO ] [STARTUP] startup over 6102464 (octowhere firmware/src/main.rs:351)
9.002981 [INFO ] [STARTUP] done (octowhere firmware/src/main.rs:353)
