[2026-10-08T20:57:59Z INFO ] Serial port: '/dev/ttyACM2'
[2026-10-08T20:57:59Z INFO ] Connecting...
[2026-10-08T20:57:59Z INFO ] Using flash stub
I (448) boot: Loaded app from partition at offset 0x10000

1.723027 [INFO ] [GNSS] configured=true (octowhere firmware/src/main.rs:1430)
1.757088 [INFO ] [GNSS] reference time 2026-10-08 20:57:59 sent=true (octowhere firmware/src/main.rs:2736)
9.000131 [INFO ] [STARTUP] board 1c1c (octowhere firmware/src/main.rs:330)
9.000168 [INFO ] [STARTUP] reset power_on=true (octowhere firmware/src/main.rs:331)
9.000193 [INFO ] [STARTUP] mesh generation=20 members=0x3 kept=0x0 stored=0xf (octowhere firmware/src/main.rs:334)
9.000234 [INFO ] [STARTUP] load-group read 509517 (octowhere firmware/src/main.rs:344)
9.000280 [INFO ] [STARTUP] load-members read 548144 (octowhere firmware/src/main.rs:344)
9.000328 [INFO ] [STARTUP] load-restored read 548259 (octowhere firmware/src/main.rs:344)
9.000412 [INFO ] [STARTUP] load-rest read 560633 (octowhere firmware/src/main.rs:344)
9.000442 [INFO ] [STARTUP] load-kept read 585203 (octowhere firmware/src/main.rs:344)
9.000472 [INFO ] [STARTUP] main enter 7383632 (octowhere firmware/src/main.rs:351)
9.000535 [INFO ] [STARTUP] esp_hal init 465325 (octowhere firmware/src/main.rs:351)
9.000587 [INFO ] [STARTUP] panel reset 465441 (octowhere firmware/src/main.rs:351)
9.000641 [INFO ] [STARTUP] psram ready 472130 (octowhere firmware/src/main.rs:351)
9.000692 [INFO ] [STARTUP] settings loaded 508751 (octowhere firmware/src/main.rs:351)
9.000749 [INFO ] [STARTUP] trng on 508854 (octowhere firmware/src/main.rs:351)
9.000788 [INFO ] [STARTUP] mesh-store read 585246 (octowhere firmware/src/main.rs:351)
9.000841 [INFO ] [STARTUP] core1 starting 585572 (octowhere firmware/src/main.rs:351)
9.000897 [INFO ] [STARTUP] core1 started 603012 (octowhere firmware/src/main.rs:351)
9.000952 [INFO ] [STARTUP] core1 enter 603250 (octowhere firmware/src/main.rs:351)
9.001007 [INFO ] [STARTUP] identity made 628709 (octowhere firmware/src/main.rs:351)
9.001061 [INFO ] [STARTUP] bring_up enter 631288 (octowhere firmware/src/main.rs:351)
9.001118 [INFO ] [STARTUP] te-before-start silent 665335 (octowhere firmware/src/main.rs:351)
9.001185 [INFO ] [STARTUP] te-check end 665344 (octowhere firmware/src/main.rs:351)
9.001236 [INFO ] [STARTUP] i2c powered 711402 (octowhere firmware/src/main.rs:351)
9.001294 [INFO ] [STARTUP] POWER start 711818 (octowhere firmware/src/main.rs:351)
9.001407 [INFO ] [STARTUP] POWER answered 713650 (octowhere firmware/src/main.rs:351)
9.001461 [INFO ] [STARTUP] exio reset 735398 (octowhere firmware/src/main.rs:351)
9.001510 [INFO ] [STARTUP] CLOCK start 735557 (octowhere firmware/src/main.rs:351)
9.001553 [INFO ] [STARTUP] TOUCH start 735621 (octowhere firmware/src/main.rs:351)
9.001605 [INFO ] [STARTUP] MOTION start 735670 (octowhere firmware/src/main.rs:351)
9.001680 [INFO ] [STARTUP] MAGNET start 735761 (octowhere firmware/src/main.rs:351)
9.001732 [INFO ] [STARTUP] CLOCK answered 736359 (octowhere firmware/src/main.rs:351)
9.001801 [INFO ] [STARTUP] display up 796290 (octowhere firmware/src/main.rs:351)
9.001852 [INFO ] [STARTUP] frame_loop first 796348 (octowhere firmware/src/main.rs:351)
9.001927 [INFO ] [STARTUP] frame_loop drawn 815330 (octowhere firmware/src/main.rs:351)
9.001982 [INFO ] [STARTUP] frame_loop handed 815440 (octowhere firmware/src/main.rs:351)
9.002052 [INFO ] [STARTUP] flush0 start 815552 (octowhere firmware/src/main.rs:351)
9.002104 [INFO ] [STARTUP] flush0 end 830913 (octowhere firmware/src/main.rs:351)
9.002172 [INFO ] [STARTUP] flush1 start 839436 (octowhere firmware/src/main.rs:351)
9.002225 [INFO ] [STARTUP] panel lit 841413 (octowhere firmware/src/main.rs:351)
9.002298 [INFO ] [STARTUP] flush1 end 843755 (octowhere firmware/src/main.rs:351)
9.002415 [INFO ] [STARTUP] TOUCH answered 872807 (octowhere firmware/src/main.rs:351)
9.002469 [INFO ] [STARTUP] MOTION answered 895546 (octowhere firmware/src/main.rs:351)
9.002542 [INFO ] [STARTUP] MAGNET answered 954896 (octowhere firmware/src/main.rs:351)
9.002598 [INFO ] [STARTUP] gnss-settle end 1008082 (octowhere firmware/src/main.rs:351)
9.002669 [INFO ] [STARTUP] GNSS start 1008214 (octowhere firmware/src/main.rs:351)
9.002720 [INFO ] [STARTUP] GNSS answered 1023263 (octowhere firmware/src/main.rs:351)
9.002796 [INFO ] [STARTUP] RADIO start 1023472 (octowhere firmware/src/main.rs:351)
9.002849 [INFO ] [STARTUP] RADIO answered 1025596 (octowhere firmware/src/main.rs:351)
9.002926 [INFO ] [STARTUP] bring_up exit 1072027 (octowhere firmware/src/main.rs:351)
9.002979 [INFO ] [STARTUP] GNSS-config end 1723071 (octowhere firmware/src/main.rs:351)
9.003051 [INFO ] [STARTUP] startup over 6102726 (octowhere firmware/src/main.rs:351)
9.003104 [INFO ] [STARTUP] done (octowhere firmware/src/main.rs:353)
