[STARTUP] board 1a38
[STARTUP] reset power_on=true
[STARTUP] bring_up enter 909180
[STARTUP] frame_loop first 909368
[STARTUP] i2c powered 989319
[STARTUP] POWER start 989773
[STARTUP] POWER answered 991651
[STARTUP] exio reset 1013390
[STARTUP] CLOCK start 1013580
[STARTUP] TOUCH start 1013674
[STARTUP] MOTION start 1013719
[STARTUP] MAGNET start 1013797
[STARTUP] gnss-settle end 1013877
[STARTUP] CLOCK answered 1014449
[STARTUP] TOUCH answered 1124959
[STARTUP] MAGNET answered 1157790
[STARTUP] MOTION answered 1166016
[STARTUP] GNSS start 1166155
[STARTUP] GNSS answered 1220100
[STARTUP] RADIO start 1220309
[STARTUP] RADIO answered 1222563
[STARTUP] GNSS-config end 1911254
[STARTUP] startup over 6401835
