[STARTUP] board 1a38
[STARTUP] reset power_on=true
[STARTUP] bring_up enter 907986
[STARTUP] frame_loop first 908174
[STARTUP] i2c powered 988125
[STARTUP] POWER start 988579
[STARTUP] POWER answered 990457
[STARTUP] exio reset 1012196
[STARTUP] CLOCK start 1012387
[STARTUP] TOUCH start 1012481
[STARTUP] MOTION start 1012525
[STARTUP] MAGNET start 1012604
[STARTUP] gnss-settle end 1012684
[STARTUP] CLOCK answered 1013256
[STARTUP] TOUCH answered 1123765
[STARTUP] MAGNET answered 1156569
[STARTUP] MOTION answered 1164825
[STARTUP] GNSS start 1164962
[STARTUP] GNSS answered 1218734
[STARTUP] RADIO start 1218943
[STARTUP] RADIO answered 1221206
[STARTUP] GNSS-config end 1909792
[STARTUP] startup over 6400432
