[STARTUP] board 1a38
[STARTUP] reset power_on=true
[STARTUP] bring_up enter 909179
[STARTUP] frame_loop first 909367
[STARTUP] i2c powered 989318
[STARTUP] POWER start 989772
[STARTUP] POWER answered 991650
[STARTUP] exio reset 1013389
[STARTUP] CLOCK start 1013579
[STARTUP] TOUCH start 1013673
[STARTUP] MOTION start 1013718
[STARTUP] MAGNET start 1013796
[STARTUP] gnss-settle end 1013876
[STARTUP] CLOCK answered 1014448
[STARTUP] TOUCH answered 1124957
[STARTUP] MAGNET answered 1157787
[STARTUP] MOTION answered 1166016
[STARTUP] GNSS start 1166155
[STARTUP] GNSS answered 1220032
[STARTUP] RADIO start 1220241
[STARTUP] RADIO answered 1222500
[STARTUP] GNSS-config end 1911212
[STARTUP] startup over 6401535
