[STARTUP] board 1a38
[STARTUP] reset power_on=true
[STARTUP] bring_up enter 909181
[STARTUP] frame_loop first 909369
[STARTUP] i2c powered 989321
[STARTUP] POWER start 989775
[STARTUP] POWER answered 991652
[STARTUP] exio reset 1013391
[STARTUP] CLOCK start 1013581
[STARTUP] TOUCH start 1013676
[STARTUP] MOTION start 1013720
[STARTUP] MAGNET start 1013798
[STARTUP] gnss-settle end 1013879
[STARTUP] CLOCK answered 1014451
[STARTUP] TOUCH answered 1124960
[STARTUP] MAGNET answered 1157765
[STARTUP] MOTION answered 1166019
[STARTUP] GNSS start 1166156
[STARTUP] GNSS answered 1219906
[STARTUP] RADIO start 1220116
[STARTUP] RADIO answered 1222379
[STARTUP] GNSS-config end 1910922
[STARTUP] startup over 6401540
