[STARTUP] board 1a38
[STARTUP] reset power_on=true
[STARTUP] bring_up enter 907988
[STARTUP] frame_loop first 908176
[STARTUP] i2c powered 988127
[STARTUP] POWER start 988581
[STARTUP] POWER answered 990459
[STARTUP] exio reset 1012198
[STARTUP] CLOCK start 1012388
[STARTUP] TOUCH start 1012482
[STARTUP] MOTION start 1012527
[STARTUP] MAGNET start 1012605
[STARTUP] gnss-settle end 1012685
[STARTUP] CLOCK answered 1013257
[STARTUP] TOUCH answered 1123768
[STARTUP] MAGNET answered 1156596
[STARTUP] MOTION answered 1164825
[STARTUP] GNSS start 1164964
[STARTUP] GNSS answered 1218893
[STARTUP] RADIO start 1219102
[STARTUP] RADIO answered 1221362
[STARTUP] GNSS-config end 1889056
[STARTUP] startup over 6410289
