[STARTUP] board 1c1c
[STARTUP] reset power_on=true
[STARTUP] bring_up enter 852421
[STARTUP] frame_loop first 852609
[STARTUP] i2c powered 932561
[STARTUP] POWER start 933015
[STARTUP] POWER answered 934893
[STARTUP] exio reset 956632
[STARTUP] CLOCK start 956804
[STARTUP] TOUCH start 956891
[STARTUP] MOTION start 956930
[STARTUP] MAGNET start 957009
[STARTUP] CLOCK answered 957674
[STARTUP] gnss-settle end 1000021
[STARTUP] TOUCH answered 1068170
[STARTUP] MAGNET answered 1101035
[STARTUP] MOTION answered 1109231
[STARTUP] GNSS start 1109372
[STARTUP] GNSS answered 1163287
[STARTUP] RADIO start 1163496
[STARTUP] RADIO answered 1165755
[STARTUP] GNSS-config end 1854374
[STARTUP] startup over 6350528
