[STARTUP] board 1c1c
[STARTUP] reset power_on=true
[STARTUP] bring_up enter 852421
[STARTUP] frame_loop first 852609
[STARTUP] i2c powered 932561
[STARTUP] POWER start 933015
[STARTUP] POWER answered 934893
[STARTUP] exio reset 956633
[STARTUP] CLOCK start 956806
[STARTUP] TOUCH start 956888
[STARTUP] MOTION start 956931
[STARTUP] MAGNET start 957010
[STARTUP] CLOCK answered 957675
[STARTUP] gnss-settle end 1000021
[STARTUP] TOUCH answered 1068170
[STARTUP] MAGNET answered 1101045
[STARTUP] MOTION answered 1109230
[STARTUP] GNSS start 1109371
[STARTUP] GNSS answered 1163315
[STARTUP] RADIO start 1163524
[STARTUP] RADIO answered 1165783
[STARTUP] GNSS-config end 1854285
[STARTUP] startup over 6367881
