[STARTUP] board 1c1c
[STARTUP] reset power_on=true
[STARTUP] bring_up enter 853747
[STARTUP] frame_loop first 853935
[STARTUP] i2c powered 933886
[STARTUP] POWER start 934340
[STARTUP] POWER answered 936218
[STARTUP] exio reset 957957
[STARTUP] CLOCK start 958130
[STARTUP] TOUCH start 958216
[STARTUP] MOTION start 958256
[STARTUP] MAGNET start 958334
[STARTUP] CLOCK answered 958999
[STARTUP] gnss-settle end 1000021
[STARTUP] TOUCH answered 1069496
[STARTUP] MAGNET answered 1102354
[STARTUP] MOTION answered 1110556
[STARTUP] GNSS start 1110697
[STARTUP] GNSS answered 1164644
[STARTUP] RADIO start 1164853
[STARTUP] RADIO answered 1167112
[STARTUP] GNSS-config end 1855656
[STARTUP] startup over 6346560
