[STARTUP] board 1c1c
[STARTUP] reset power_on=true
[STARTUP] bring_up enter 852421
[STARTUP] frame_loop first 852609
[STARTUP] i2c powered 932560
[STARTUP] POWER start 933014
[STARTUP] POWER answered 934892
[STARTUP] exio reset 956631
[STARTUP] CLOCK start 956803
[STARTUP] TOUCH start 956890
[STARTUP] MOTION start 956929
[STARTUP] MAGNET start 957008
[STARTUP] CLOCK answered 957673
[STARTUP] gnss-settle end 1000020
[STARTUP] TOUCH answered 1068169
[STARTUP] MAGNET answered 1101027
[STARTUP] MOTION answered 1109230
[STARTUP] GNSS start 1109371
[STARTUP] GNSS answered 1163261
[STARTUP] RADIO start 1163470
[STARTUP] RADIO answered 1165730
[STARTUP] GNSS-config end 1854376
[STARTUP] startup over 6348380
