[2026-10-08T21:46:35Z INFO ] Serial port: '/dev/ttyACM3'
[2026-10-08T21:46:35Z INFO ] Connecting...
[2026-10-08T21:46:35Z INFO ] Using flash stub
I (448) boot: Loaded app from partition at offset 0x10000

2.216194 [INFO ] [BOOT] Gnss Answered in 1215ms (octowhere firmware/src/main.rs:2189)
2.216267 [INFO ] [BOOT] answered: power=true clock=true touch=true motion=true magnet=true gnss=true (octowhere firmware/src/main.rs:2607)
2.218454 [INFO ] [LORA] init_ok (octowhere firmware/src/main.rs:2934)
2.218495 [INFO ] [BOOT] Radio Answered in 2ms (octowhere firmware/src/main.rs:2189)
2.218570 [INFO ] [TOUCH] OK resolution=466x466 firmware=0x1000001 checksum=0x693275ee (octowhere firmware/src/main.rs:2660)
2.218720 [INFO ] [MEM] internal_used=57324 psram_used=975248 (octowhere firmware/src/main.rs:2704)
2.218865 [INFO ] [MESH] id=0 name=Dredge members=2 mac=[44, 1b, f6, 86, 1a, 38] (octowhere_node octowhere-node/src/node.rs:715)
2.258426 [INFO ] [MESH] tuned=true (octowhere_node octowhere-node/src/node.rs:773)
2.259632 [INFO ] [MESH] id=0 members=2 generation=20 removal pending=false declinable until=None old keys=0 (octowhere_node octowhere-node/src/node.rs:921)
2.933040 [INFO ] [GNSS] configured=true (octowhere firmware/src/main.rs:1495)
2.933653 [INFO ] [GNSS] no reference time: the RTC has none (octowhere firmware/src/main.rs:2806)
9.000169 [INFO ] [STARTUP] board 1a38 (octowhere firmware/src/main.rs:385)
9.000203 [INFO ] [STARTUP] reset power_on=true (octowhere firmware/src/main.rs:386)
9.000228 [INFO ] [STARTUP] mesh generation=20 members=0x3 kept=0x0 stored=0xf (octowhere firmware/src/main.rs:390)
9.000266 [INFO ] [STARTUP] load-group read 516170 (octowhere firmware/src/main.rs:400)
9.000302 [INFO ] [STARTUP] load-members read 570556 (octowhere firmware/src/main.rs:400)
9.000334 [INFO ] [STARTUP] load-restored read 570664 (octowhere firmware/src/main.rs:400)
9.000368 [INFO ] [STARTUP] load-rest read 584454 (octowhere firmware/src/main.rs:400)
9.000398 [INFO ] [STARTUP] load-kept read 593716 (octowhere firmware/src/main.rs:400)
9.000429 [INFO ] [STARTUP] main enter 462023 (octowhere firmware/src/main.rs:407)
9.000479 [INFO ] [STARTUP] esp_hal init 465876 (octowhere firmware/src/main.rs:407)
9.000532 [INFO ] [STARTUP] panel reset 466002 (octowhere firmware/src/main.rs:407)
9.000584 [INFO ] [STARTUP] psram ready 472718 (octowhere firmware/src/main.rs:407)
9.000636 [INFO ] [STARTUP] settings loaded 515263 (octowhere firmware/src/main.rs:407)
9.000691 [INFO ] [STARTUP] trng on 515356 (octowhere firmware/src/main.rs:407)
9.000725 [INFO ] [STARTUP] mesh-store read 593758 (octowhere firmware/src/main.rs:407)
9.000817 [INFO ] [STARTUP] core1 starting 594096 (octowhere firmware/src/main.rs:407)
9.000871 [INFO ] [STARTUP] core1 started 611531 (octowhere firmware/src/main.rs:407)
9.000925 [INFO ] [STARTUP] core1 enter 611768 (octowhere firmware/src/main.rs:407)
9.000977 [INFO ] [STARTUP] identity made 637291 (octowhere firmware/src/main.rs:407)
9.001030 [INFO ] [STARTUP] bring_up enter 639956 (octowhere firmware/src/main.rs:407)
9.001084 [INFO ] [STARTUP] i2c powered 720060 (octowhere firmware/src/main.rs:407)
9.001136 [INFO ] [STARTUP] POWER start 720486 (octowhere firmware/src/main.rs:407)
9.001188 [INFO ] [STARTUP] POWER answered 722253 (octowhere firmware/src/main.rs:407)
9.001243 [INFO ] [STARTUP] exio reset 744014 (octowhere firmware/src/main.rs:407)
9.001294 [INFO ] [STARTUP] CLOCK start 744201 (octowhere firmware/src/main.rs:407)
9.001346 [INFO ] [STARTUP] TOUCH start 744317 (octowhere firmware/src/main.rs:407)
9.001398 [INFO ] [STARTUP] MOTION start 744362 (octowhere firmware/src/main.rs:407)
9.001451 [INFO ] [STARTUP] MAGNET start 744455 (octowhere firmware/src/main.rs:407)
9.001504 [INFO ] [STARTUP] display up 744750 (octowhere firmware/src/main.rs:407)
9.001555 [INFO ] [STARTUP] CLOCK answered 745307 (octowhere firmware/src/main.rs:407)
9.001609 [INFO ] [STARTUP] frame_loop first 745652 (octowhere firmware/src/main.rs:407)
9.001665 [INFO ] [STARTUP] frame_loop drawn 764587 (octowhere firmware/src/main.rs:407)
9.001721 [INFO ] [STARTUP] frame_loop handed 764729 (octowhere firmware/src/main.rs:407)
9.001819 [INFO ] [STARTUP] flush0 start 764898 (octowhere firmware/src/main.rs:407)
9.001872 [INFO ] [STARTUP] flush0 end 779263 (octowhere firmware/src/main.rs:407)
9.001923 [INFO ] [STARTUP] flush1 start 810245 (octowhere firmware/src/main.rs:407)
9.001976 [INFO ] [STARTUP] panel lit 822959 (octowhere firmware/src/main.rs:407)
9.002011 [INFO ] [STARTUP] flush1 end 824427 (octowhere firmware/src/main.rs:407)
9.002062 [INFO ] [STARTUP] TOUCH answered 856873 (octowhere firmware/src/main.rs:407)
9.002117 [INFO ] [STARTUP] MAGNET answered 892571 (octowhere firmware/src/main.rs:407)
9.002172 [INFO ] [STARTUP] MOTION answered 897215 (octowhere firmware/src/main.rs:407)
9.002227 [INFO ] [STARTUP] gnss-settle end 1000211 (octowhere firmware/src/main.rs:407)
9.002281 [INFO ] [STARTUP] GNSS start 1000385 (octowhere firmware/src/main.rs:407)
9.002332 [INFO ] [STARTUP] GNSS answered 2216089 (octowhere firmware/src/main.rs:407)
9.002385 [INFO ] [STARTUP] RADIO start 2216307 (octowhere firmware/src/main.rs:407)
9.002438 [INFO ] [STARTUP] RADIO answered 2218471 (octowhere firmware/src/main.rs:407)
9.002492 [INFO ] [STARTUP] bring_up exit 2218740 (octowhere firmware/src/main.rs:407)
9.002545 [INFO ] [STARTUP] GNSS-config end 2933071 (octowhere firmware/src/main.rs:407)
9.002599 [INFO ] [STARTUP] startup over 7285229 (octowhere firmware/src/main.rs:407)
9.002652 [INFO ] [FRAMES] 0 woke 745973 drawn 764580 (octowhere firmware/src/main.rs:410)
9.002681 [INFO ] [FRAMES] 1 woke 765299 drawn 810042 (octowhere firmware/src/main.rs:410)
9.002712 [INFO ] [FRAMES] 2 woke 810733 drawn 815980 (octowhere firmware/src/main.rs:410)
9.002808 [INFO ] [FRAMES] 3 woke 824922 drawn 829379 (octowhere firmware/src/main.rs:410)
9.002839 [INFO ] [FRAMES] 4 woke 841515 drawn 847382 (octowhere firmware/src/main.rs:410)
9.002869 [INFO ] [FRAMES] 5 woke 847986 drawn 852693 (octowhere firmware/src/main.rs:410)
9.002900 [INFO ] [FRAMES] 6 woke 858539 drawn 865441 (octowhere firmware/src/main.rs:410)
9.002931 [INFO ] [FRAMES] 7 woke 866071 drawn 876413 (octowhere firmware/src/main.rs:410)
9.002961 [INFO ] [FRAMES] 8 woke 877287 drawn 882357 (octowhere firmware/src/main.rs:410)
9.002992 [INFO ] [FRAMES] 9 woke 893169 drawn 904525 (octowhere firmware/src/main.rs:410)
9.003022 [INFO ] [FRAMES] 10 woke 905212 drawn 920287 (octowhere firmware/src/main.rs:410)
9.003053 [INFO ] [FRAMES] 11 woke 920952 drawn 932245 (octowhere firmware/src/main.rs:410)
9.003084 [INFO ] [FRAMES] 12 woke 932986 drawn 943262 (octowhere firmware/src/main.rs:410)
9.003114 [INFO ] [FRAMES] 13 woke 943926 drawn 953098 (octowhere firmware/src/main.rs:410)
9.003145 [INFO ] [FRAMES] 14 woke 960409 drawn 971440 (octowhere firmware/src/main.rs:410)
9.003175 [INFO ] [FRAMES] 15 woke 976189 drawn 987334 (octowhere firmware/src/main.rs:410)
9.003205 [INFO ] [FRAMES] 16 woke 994744 drawn 1007328 (octowhere firmware/src/main.rs:410)
9.003236 [INFO ] [FRAMES] 17 woke 1009786 drawn 1022652 (octowhere firmware/src/main.rs:410)
9.003267 [INFO ] [FRAMES] 18 woke 1028300 drawn 1036804 (octowhere firmware/src/main.rs:410)
9.003297 [INFO ] [FRAMES] 19 woke 1293711 drawn 1300788 (octowhere firmware/src/main.rs:410)
9.003328 [INFO ] [FRAMES] 20 woke 1551294 drawn 1552015 (octowhere firmware/src/main.rs:410)
9.003358 [INFO ] [FRAMES] 21 woke 1802160 drawn 1802373 (octowhere firmware/src/main.rs:410)
9.003389 [INFO ] [FRAMES] 22 woke 2052484 drawn 2052707 (octowhere firmware/src/main.rs:410)
9.003420 [INFO ] [FRAMES] 23 woke 2260885 drawn 2266943 (octowhere firmware/src/main.rs:410)
9.003450 [INFO ] [FRAMES] 24 woke 2268477 drawn 2273783 (octowhere firmware/src/main.rs:410)
9.003481 [INFO ] [FRAMES] 25 woke 2284850 drawn 2303921 (octowhere firmware/src/main.rs:410)
9.003511 [INFO ] [FRAMES] 26 woke 2304582 drawn 2325963 (octowhere firmware/src/main.rs:410)
9.003542 [INFO ] [FRAMES] 27 woke 2326636 drawn 2347665 (octowhere firmware/src/main.rs:410)
9.003572 [INFO ] [FRAMES] 28 woke 2348334 drawn 2370181 (octowhere firmware/src/main.rs:410)
9.003603 [INFO ] [FRAMES] 29 woke 2370888 drawn 2392095 (octowhere firmware/src/main.rs:410)
9.003634 [INFO ] [FRAMES] 30 woke 2393313 drawn 2414045 (octowhere firmware/src/main.rs:410)
9.003664 [INFO ] [FRAMES] 31 woke 2414735 drawn 2436754 (octowhere firmware/src/main.rs:410)
9.003695 [INFO ] [FRAMES] 32 woke 2437422 drawn 2443824 (octowhere firmware/src/main.rs:410)
9.003808 [INFO ] [FRAMES] 33 woke 2510759 drawn 2512060 (octowhere firmware/src/main.rs:410)
9.003839 [INFO ] [FRAMES] 34 woke 2628662 drawn 2644756 (octowhere firmware/src/main.rs:410)
9.003870 [INFO ] [FRAMES] 35 woke 2662233 drawn 2678347 (octowhere firmware/src/main.rs:410)
9.003900 [INFO ] [FRAMES] 36 woke 2695419 drawn 2713829 (octowhere firmware/src/main.rs:410)
9.003931 [INFO ] [FRAMES] 37 woke 2728712 drawn 2748080 (octowhere firmware/src/main.rs:410)
9.003961 [INFO ] [FRAMES] 38 woke 2763640 drawn 2782210 (octowhere firmware/src/main.rs:410)
9.003992 [INFO ] [FRAMES] 39 woke 2795429 drawn 2814753 (octowhere firmware/src/main.rs:410)
9.004022 [INFO ] [FRAMES] 40 woke 2828684 drawn 2846979 (octowhere firmware/src/main.rs:410)
9.004053 [INFO ] [FRAMES] 41 woke 2862097 drawn 2886972 (octowhere firmware/src/main.rs:410)
9.004083 [INFO ] [FRAMES] 42 woke 2895293 drawn 2918719 (octowhere firmware/src/main.rs:410)
9.004114 [INFO ] [FRAMES] 43 woke 2934351 drawn 2953673 (octowhere firmware/src/main.rs:410)
9.004144 [INFO ] [FRAMES] 44 woke 2962144 drawn 3001734 (octowhere firmware/src/main.rs:410)
9.004175 [INFO ] [FRAMES] 45 woke 3002494 drawn 3030540 (octowhere firmware/src/main.rs:410)
9.004206 [INFO ] [FRAMES] 46 woke 3031144 drawn 3058019 (octowhere firmware/src/main.rs:410)
9.004236 [INFO ] [FRAMES] 47 woke 3061992 drawn 3080016 (octowhere firmware/src/main.rs:410)
9.004267 [INFO ] [POLLS] checks 1223 (octowhere firmware/src/main.rs:417)
9.004293 [INFO ] [STARTUP] done (octowhere firmware/src/main.rs:418)
