[2026-10-08T21:45:51Z INFO ] Serial port: '/dev/ttyACM3'
[2026-10-08T21:45:51Z INFO ] Connecting...
[2026-10-08T21:45:52Z INFO ] Using flash stub
I (449) boot: Loaded app from partition at offset 0x10000

1.936467 [INFO ] [GNSS] configured=true (octowhere firmware/src/main.rs:1495)
1.937059 [INFO ] [GNSS] no reference time: the RTC has none (octowhere firmware/src/main.rs:2814)
9.000136 [INFO ] [STARTUP] board 1a38 (octowhere firmware/src/main.rs:385)
9.000169 [INFO ] [STARTUP] reset power_on=true (octowhere firmware/src/main.rs:386)
9.000194 [INFO ] [STARTUP] mesh generation=20 members=0x3 kept=0x0 stored=0xf (octowhere firmware/src/main.rs:390)
9.000240 [INFO ] [STARTUP] load-group read 516746 (octowhere firmware/src/main.rs:400)
9.000283 [INFO ] [STARTUP] load-members read 571166 (octowhere firmware/src/main.rs:400)
9.000331 [INFO ] [STARTUP] load-restored read 571276 (octowhere firmware/src/main.rs:400)
9.000364 [INFO ] [STARTUP] load-rest read 585101 (octowhere firmware/src/main.rs:400)
9.000394 [INFO ] [STARTUP] load-kept read 594362 (octowhere firmware/src/main.rs:400)
9.000425 [INFO ] [STARTUP] main enter 462546 (octowhere firmware/src/main.rs:407)
9.000476 [INFO ] [STARTUP] esp_hal init 466404 (octowhere firmware/src/main.rs:407)
9.000528 [INFO ] [STARTUP] panel reset 466529 (octowhere firmware/src/main.rs:407)
9.000580 [INFO ] [STARTUP] psram ready 473254 (octowhere firmware/src/main.rs:407)
9.000633 [INFO ] [STARTUP] settings loaded 515826 (octowhere firmware/src/main.rs:407)
9.000688 [INFO ] [STARTUP] trng on 515927 (octowhere firmware/src/main.rs:407)
9.000722 [INFO ] [STARTUP] mesh-store read 594406 (octowhere firmware/src/main.rs:407)
9.000776 [INFO ] [STARTUP] core1 starting 594773 (octowhere firmware/src/main.rs:407)
9.000830 [INFO ] [STARTUP] core1 started 612207 (octowhere firmware/src/main.rs:407)
9.000884 [INFO ] [STARTUP] core1 enter 612434 (octowhere firmware/src/main.rs:407)
9.000936 [INFO ] [STARTUP] identity made 637939 (octowhere firmware/src/main.rs:407)
9.001024 [INFO ] [STARTUP] bring_up enter 640535 (octowhere firmware/src/main.rs:407)
9.001078 [INFO ] [STARTUP] i2c powered 720682 (octowhere firmware/src/main.rs:407)
9.001129 [INFO ] [STARTUP] POWER start 721104 (octowhere firmware/src/main.rs:407)
9.001181 [INFO ] [STARTUP] POWER answered 722914 (octowhere firmware/src/main.rs:407)
9.001235 [INFO ] [STARTUP] exio reset 744760 (octowhere firmware/src/main.rs:407)
9.001286 [INFO ] [STARTUP] CLOCK start 744969 (octowhere firmware/src/main.rs:407)
9.001339 [INFO ] [STARTUP] TOUCH start 745100 (octowhere firmware/src/main.rs:407)
9.001391 [INFO ] [STARTUP] MOTION start 745181 (octowhere firmware/src/main.rs:407)
9.001444 [INFO ] [STARTUP] display up 745279 (octowhere firmware/src/main.rs:407)
9.001495 [INFO ] [STARTUP] MAGNET start 745319 (octowhere firmware/src/main.rs:407)
9.001548 [INFO ] [STARTUP] frame_loop first 745428 (octowhere firmware/src/main.rs:407)
9.001604 [INFO ] [STARTUP] frame_loop drawn 764403 (octowhere firmware/src/main.rs:407)
9.001659 [INFO ] [STARTUP] frame_loop handed 764534 (octowhere firmware/src/main.rs:407)
9.001716 [INFO ] [STARTUP] flush0 start 764718 (octowhere firmware/src/main.rs:407)
9.001769 [INFO ] [STARTUP] flush0 end 780044 (octowhere firmware/src/main.rs:407)
9.001820 [INFO ] [STARTUP] flush1 start 788671 (octowhere firmware/src/main.rs:407)
9.001873 [INFO ] [STARTUP] panel lit 790464 (octowhere firmware/src/main.rs:407)
9.001923 [INFO ] [STARTUP] flush1 end 792599 (octowhere firmware/src/main.rs:407)
9.002021 [INFO ] [STARTUP] CLOCK answered 806885 (octowhere firmware/src/main.rs:407)
9.002076 [INFO ] [STARTUP] TOUCH answered 873415 (octowhere firmware/src/main.rs:407)
9.002130 [INFO ] [STARTUP] MOTION answered 963938 (octowhere firmware/src/main.rs:407)
9.002185 [INFO ] [STARTUP] gnss-settle end 1002497 (octowhere firmware/src/main.rs:407)
9.002239 [INFO ] [STARTUP] MAGNET answered 1091818 (octowhere firmware/src/main.rs:407)
9.002294 [INFO ] [STARTUP] GNSS start 1092042 (octowhere firmware/src/main.rs:407)
9.002345 [INFO ] [STARTUP] GNSS answered 1117379 (octowhere firmware/src/main.rs:407)
9.002399 [INFO ] [STARTUP] RADIO start 1117609 (octowhere firmware/src/main.rs:407)
9.002451 [INFO ] [STARTUP] RADIO answered 1233092 (octowhere firmware/src/main.rs:407)
9.002506 [INFO ] [STARTUP] bring_up exit 1278695 (octowhere firmware/src/main.rs:407)
9.002559 [INFO ] [STARTUP] GNSS-config end 1936495 (octowhere firmware/src/main.rs:407)
9.002613 [INFO ] [STARTUP] startup over 6255267 (octowhere firmware/src/main.rs:407)
9.002665 [INFO ] [FRAMES] 0 woke 745741 drawn 764388 (octowhere firmware/src/main.rs:410)
9.002695 [INFO ] [FRAMES] 1 woke 765117 drawn 788473 (octowhere firmware/src/main.rs:410)
9.002726 [INFO ] [FRAMES] 2 woke 789148 drawn 795344 (octowhere firmware/src/main.rs:410)
9.002756 [INFO ] [FRAMES] 3 woke 795992 drawn 800557 (octowhere firmware/src/main.rs:410)
9.002787 [INFO ] [FRAMES] 4 woke 801157 drawn 805382 (octowhere firmware/src/main.rs:410)
9.002818 [INFO ] [FRAMES] 5 woke 809109 drawn 809848 (octowhere firmware/src/main.rs:410)
9.002848 [INFO ] [FRAMES] 6 woke 809937 drawn 814962 (octowhere firmware/src/main.rs:410)
9.002879 [INFO ] [FRAMES] 7 woke 815579 drawn 820383 (octowhere firmware/src/main.rs:410)
9.002909 [INFO ] [FRAMES] 8 woke 825881 drawn 831277 (octowhere firmware/src/main.rs:410)
9.003016 [INFO ] [FRAMES] 9 woke 832548 drawn 837168 (octowhere firmware/src/main.rs:410)
9.003047 [INFO ] [FRAMES] 10 woke 842951 drawn 848443 (octowhere firmware/src/main.rs:410)
9.003077 [INFO ] [FRAMES] 11 woke 849727 drawn 854675 (octowhere firmware/src/main.rs:410)
9.003108 [INFO ] [FRAMES] 12 woke 859995 drawn 865420 (octowhere firmware/src/main.rs:410)
9.003138 [INFO ] [FRAMES] 13 woke 866645 drawn 871308 (octowhere firmware/src/main.rs:410)
9.003169 [INFO ] [FRAMES] 14 woke 876325 drawn 883611 (octowhere firmware/src/main.rs:410)
9.003200 [INFO ] [FRAMES] 15 woke 884989 drawn 892721 (octowhere firmware/src/main.rs:410)
9.003230 [INFO ] [FRAMES] 16 woke 895518 drawn 900793 (octowhere firmware/src/main.rs:410)
9.003261 [INFO ] [FRAMES] 17 woke 902165 drawn 910439 (octowhere firmware/src/main.rs:410)
9.003291 [INFO ] [FRAMES] 18 woke 911585 drawn 918813 (octowhere firmware/src/main.rs:410)
9.003322 [INFO ] [FRAMES] 19 woke 927269 drawn 932499 (octowhere firmware/src/main.rs:410)
9.003352 [INFO ] [FRAMES] 20 woke 943895 drawn 950951 (octowhere firmware/src/main.rs:410)
9.003383 [INFO ] [FRAMES] 21 woke 952335 drawn 960589 (octowhere firmware/src/main.rs:410)
9.003413 [INFO ] [FRAMES] 22 woke 964231 drawn 969804 (octowhere firmware/src/main.rs:410)
9.003444 [INFO ] [FRAMES] 23 woke 970999 drawn 979383 (octowhere firmware/src/main.rs:410)
9.003475 [INFO ] [FRAMES] 24 woke 994473 drawn 1001755 (octowhere firmware/src/main.rs:410)
9.003505 [INFO ] [FRAMES] 25 woke 1003027 drawn 1011627 (octowhere firmware/src/main.rs:410)
9.003536 [INFO ] [FRAMES] 26 woke 1024436 drawn 1032491 (octowhere firmware/src/main.rs:410)
9.003566 [INFO ] [FRAMES] 27 woke 1054475 drawn 1060130 (octowhere firmware/src/main.rs:410)
9.003597 [INFO ] [FRAMES] 28 woke 1084401 drawn 1089983 (octowhere firmware/src/main.rs:410)
9.003628 [INFO ] [FRAMES] 29 woke 1092337 drawn 1100825 (octowhere firmware/src/main.rs:410)
9.003658 [INFO ] [FRAMES] 30 woke 1101364 drawn 1106467 (octowhere firmware/src/main.rs:410)
9.003689 [INFO ] [FRAMES] 31 woke 1118403 drawn 1124325 (octowhere firmware/src/main.rs:410)
9.003719 [INFO ] [FRAMES] 32 woke 1124949 drawn 1132892 (octowhere firmware/src/main.rs:410)
9.003750 [INFO ] [FRAMES] 33 woke 1134023 drawn 1151308 (octowhere firmware/src/main.rs:410)
9.003780 [INFO ] [FRAMES] 34 woke 1152392 drawn 1171257 (octowhere firmware/src/main.rs:410)
9.003811 [INFO ] [FRAMES] 35 woke 1172359 drawn 1191728 (octowhere firmware/src/main.rs:410)
9.003841 [INFO ] [FRAMES] 36 woke 1192823 drawn 1212273 (octowhere firmware/src/main.rs:410)
9.003872 [INFO ] [FRAMES] 37 woke 1213328 drawn 1231204 (octowhere firmware/src/main.rs:410)
9.003902 [INFO ] [FRAMES] 38 woke 1279401 drawn 1299503 (octowhere firmware/src/main.rs:410)
9.004016 [INFO ] [FRAMES] 39 woke 1300130 drawn 1321250 (octowhere firmware/src/main.rs:410)
9.004047 [INFO ] [FRAMES] 40 woke 1321944 drawn 1327265 (octowhere firmware/src/main.rs:410)
9.004077 [INFO ] [FRAMES] 41 woke 1339621 drawn 1345845 (octowhere firmware/src/main.rs:410)
9.004108 [INFO ] [FRAMES] 42 woke 1369721 drawn 1376073 (octowhere firmware/src/main.rs:410)
9.004139 [INFO ] [FRAMES] 43 woke 1399680 drawn 1406441 (octowhere firmware/src/main.rs:410)
9.004169 [INFO ] [FRAMES] 44 woke 1526561 drawn 1533259 (octowhere firmware/src/main.rs:410)
9.004200 [INFO ] [FRAMES] 45 woke 1599623 drawn 1616477 (octowhere firmware/src/main.rs:410)
9.004230 [INFO ] [FRAMES] 46 woke 1633081 drawn 1651507 (octowhere firmware/src/main.rs:410)
9.004261 [INFO ] [FRAMES] 47 woke 1666445 drawn 1687887 (octowhere firmware/src/main.rs:410)
9.004291 [INFO ] [POLLS] checks 1224 (octowhere firmware/src/main.rs:417)
9.004317 [INFO ] [STARTUP] done (octowhere firmware/src/main.rs:418)
