[2026-10-08T21:46:48Z INFO ] Serial port: '/dev/ttyACM3'
[2026-10-08T21:46:48Z INFO ] Connecting...
[2026-10-08T21:46:49Z INFO ] Using flash stub
I (447) boot: Loaded app from partition at offset 0x10000

1.723268 [INFO ] [GNSS] configured=true (octowhere firmware/src/main.rs:1495)
1.724149 [INFO ] [GNSS] no reference time: the RTC has none (octowhere firmware/src/main.rs:2806)
9.000170 [INFO ] [STARTUP] board 1a38 (octowhere firmware/src/main.rs:385)
9.000214 [INFO ] [STARTUP] reset power_on=true (octowhere firmware/src/main.rs:386)
9.000239 [INFO ] [STARTUP] mesh generation=20 members=0x3 kept=0x0 stored=0xf (octowhere firmware/src/main.rs:390)
9.000277 [INFO ] [STARTUP] load-group read 515334 (octowhere firmware/src/main.rs:400)
9.000313 [INFO ] [STARTUP] load-members read 569720 (octowhere firmware/src/main.rs:400)
9.000345 [INFO ] [STARTUP] load-restored read 569827 (octowhere firmware/src/main.rs:400)
9.000379 [INFO ] [STARTUP] load-rest read 583617 (octowhere firmware/src/main.rs:400)
9.000409 [INFO ] [STARTUP] load-kept read 592880 (octowhere firmware/src/main.rs:400)
9.000440 [INFO ] [STARTUP] main enter 461187 (octowhere firmware/src/main.rs:407)
9.000491 [INFO ] [STARTUP] esp_hal init 465039 (octowhere firmware/src/main.rs:407)
9.000543 [INFO ] [STARTUP] panel reset 465166 (octowhere firmware/src/main.rs:407)
9.000595 [INFO ] [STARTUP] psram ready 471882 (octowhere firmware/src/main.rs:407)
9.000648 [INFO ] [STARTUP] settings loaded 514426 (octowhere firmware/src/main.rs:407)
9.000703 [INFO ] [STARTUP] trng on 514519 (octowhere firmware/src/main.rs:407)
9.000737 [INFO ] [STARTUP] mesh-store read 592922 (octowhere firmware/src/main.rs:407)
9.000791 [INFO ] [STARTUP] core1 starting 593260 (octowhere firmware/src/main.rs:407)
9.000845 [INFO ] [STARTUP] core1 started 610695 (octowhere firmware/src/main.rs:407)
9.000899 [INFO ] [STARTUP] core1 enter 610932 (octowhere firmware/src/main.rs:407)
9.000951 [INFO ] [STARTUP] identity made 636454 (octowhere firmware/src/main.rs:407)
9.001004 [INFO ] [STARTUP] bring_up enter 639120 (octowhere firmware/src/main.rs:407)
9.001058 [INFO ] [STARTUP] i2c powered 719222 (octowhere firmware/src/main.rs:407)
9.001110 [INFO ] [STARTUP] POWER start 719648 (octowhere firmware/src/main.rs:407)
9.001210 [INFO ] [STARTUP] POWER answered 721417 (octowhere firmware/src/main.rs:407)
9.001264 [INFO ] [STARTUP] exio reset 743177 (octowhere firmware/src/main.rs:407)
9.001315 [INFO ] [STARTUP] CLOCK start 743365 (octowhere firmware/src/main.rs:407)
9.001368 [INFO ] [STARTUP] TOUCH start 743481 (octowhere firmware/src/main.rs:407)
9.001420 [INFO ] [STARTUP] MOTION start 743525 (octowhere firmware/src/main.rs:407)
9.001473 [INFO ] [STARTUP] MAGNET start 743619 (octowhere firmware/src/main.rs:407)
9.001526 [INFO ] [STARTUP] display up 743914 (octowhere firmware/src/main.rs:407)
9.001577 [INFO ] [STARTUP] CLOCK answered 744471 (octowhere firmware/src/main.rs:407)
9.001631 [INFO ] [STARTUP] frame_loop first 744816 (octowhere firmware/src/main.rs:407)
9.001687 [INFO ] [STARTUP] frame_loop drawn 763751 (octowhere firmware/src/main.rs:407)
9.001742 [INFO ] [STARTUP] frame_loop handed 763892 (octowhere firmware/src/main.rs:407)
9.001799 [INFO ] [STARTUP] flush0 start 764061 (octowhere firmware/src/main.rs:407)
9.001852 [INFO ] [STARTUP] flush0 end 778485 (octowhere firmware/src/main.rs:407)
9.001903 [INFO ] [STARTUP] flush1 start 809441 (octowhere firmware/src/main.rs:407)
9.001956 [INFO ] [STARTUP] panel lit 822229 (octowhere firmware/src/main.rs:407)
9.002006 [INFO ] [STARTUP] flush1 end 823697 (octowhere firmware/src/main.rs:407)
9.002057 [INFO ] [STARTUP] TOUCH answered 856022 (octowhere firmware/src/main.rs:407)
9.002112 [INFO ] [STARTUP] MAGNET answered 891800 (octowhere firmware/src/main.rs:407)
9.002213 [INFO ] [STARTUP] MOTION answered 896375 (octowhere firmware/src/main.rs:407)
9.002268 [INFO ] [STARTUP] gnss-settle end 1000155 (octowhere firmware/src/main.rs:407)
9.002322 [INFO ] [STARTUP] GNSS start 1000302 (octowhere firmware/src/main.rs:407)
9.002373 [INFO ] [STARTUP] GNSS answered 1011643 (octowhere firmware/src/main.rs:407)
9.002427 [INFO ] [STARTUP] RADIO start 1011863 (octowhere firmware/src/main.rs:407)
9.002479 [INFO ] [STARTUP] RADIO answered 1013971 (octowhere firmware/src/main.rs:407)
9.002533 [INFO ] [STARTUP] bring_up exit 1014226 (octowhere firmware/src/main.rs:407)
9.002586 [INFO ] [STARTUP] GNSS-config end 1723313 (octowhere firmware/src/main.rs:407)
9.002640 [INFO ] [STARTUP] startup over 6101375 (octowhere firmware/src/main.rs:407)
9.002693 [INFO ] [FRAMES] 0 woke 745137 drawn 763744 (octowhere firmware/src/main.rs:410)
9.002722 [INFO ] [FRAMES] 1 woke 764463 drawn 809239 (octowhere firmware/src/main.rs:410)
9.002753 [INFO ] [FRAMES] 2 woke 809930 drawn 815179 (octowhere firmware/src/main.rs:410)
9.002784 [INFO ] [FRAMES] 3 woke 824192 drawn 828649 (octowhere firmware/src/main.rs:410)
9.002814 [INFO ] [FRAMES] 4 woke 840786 drawn 846653 (octowhere firmware/src/main.rs:410)
9.002845 [INFO ] [FRAMES] 5 woke 847256 drawn 851954 (octowhere firmware/src/main.rs:410)
9.002875 [INFO ] [FRAMES] 6 woke 857836 drawn 864739 (octowhere firmware/src/main.rs:410)
9.002906 [INFO ] [FRAMES] 7 woke 865368 drawn 875761 (octowhere firmware/src/main.rs:410)
9.002937 [INFO ] [FRAMES] 8 woke 876632 drawn 881672 (octowhere firmware/src/main.rs:410)
9.002967 [INFO ] [FRAMES] 9 woke 892397 drawn 903764 (octowhere firmware/src/main.rs:410)
9.002998 [INFO ] [FRAMES] 10 woke 904451 drawn 919536 (octowhere firmware/src/main.rs:410)
9.003029 [INFO ] [FRAMES] 11 woke 920195 drawn 931525 (octowhere firmware/src/main.rs:410)
9.003059 [INFO ] [FRAMES] 12 woke 932266 drawn 942541 (octowhere firmware/src/main.rs:410)
9.003090 [INFO ] [FRAMES] 13 woke 943204 drawn 952376 (octowhere firmware/src/main.rs:410)
9.003203 [INFO ] [FRAMES] 14 woke 959705 drawn 970716 (octowhere firmware/src/main.rs:410)
9.003234 [INFO ] [FRAMES] 15 woke 975478 drawn 986623 (octowhere firmware/src/main.rs:410)
9.003265 [INFO ] [FRAMES] 16 woke 994024 drawn 1006650 (octowhere firmware/src/main.rs:410)
9.003295 [INFO ] [FRAMES] 17 woke 1009067 drawn 1069774 (octowhere firmware/src/main.rs:410)
9.003326 [INFO ] [FRAMES] 18 woke 1070398 drawn 1082577 (octowhere firmware/src/main.rs:410)
9.003356 [INFO ] [FRAMES] 19 woke 1083204 drawn 1094759 (octowhere firmware/src/main.rs:410)
9.003387 [INFO ] [FRAMES] 20 woke 1095226 drawn 1113669 (octowhere firmware/src/main.rs:410)
9.003417 [INFO ] [FRAMES] 21 woke 1114223 drawn 1136418 (octowhere firmware/src/main.rs:410)
9.003447 [INFO ] [FRAMES] 22 woke 1137094 drawn 1159117 (octowhere firmware/src/main.rs:410)
9.003478 [INFO ] [FRAMES] 23 woke 1159760 drawn 1180173 (octowhere firmware/src/main.rs:410)
9.003509 [INFO ] [FRAMES] 24 woke 1184325 drawn 1204945 (octowhere firmware/src/main.rs:410)
9.003539 [INFO ] [FRAMES] 25 woke 1206209 drawn 1227374 (octowhere firmware/src/main.rs:410)
9.003570 [INFO ] [FRAMES] 26 woke 1228727 drawn 1248591 (octowhere firmware/src/main.rs:410)
9.003600 [INFO ] [FRAMES] 27 woke 1251062 drawn 1270694 (octowhere firmware/src/main.rs:410)
9.003631 [INFO ] [FRAMES] 28 woke 1306738 drawn 1308076 (octowhere firmware/src/main.rs:410)
9.003662 [INFO ] [FRAMES] 29 woke 1443374 drawn 1459345 (octowhere firmware/src/main.rs:410)
9.003692 [INFO ] [FRAMES] 30 woke 1476815 drawn 1498158 (octowhere firmware/src/main.rs:410)
9.003723 [INFO ] [FRAMES] 31 woke 1510046 drawn 1533557 (octowhere firmware/src/main.rs:410)
9.003753 [INFO ] [FRAMES] 32 woke 1543370 drawn 1570265 (octowhere firmware/src/main.rs:410)
9.003784 [INFO ] [FRAMES] 33 woke 1570826 drawn 1592898 (octowhere firmware/src/main.rs:410)
9.003815 [INFO ] [FRAMES] 34 woke 1593683 drawn 1610457 (octowhere firmware/src/main.rs:410)
9.003845 [INFO ] [FRAMES] 35 woke 1611223 drawn 1631886 (octowhere firmware/src/main.rs:410)
9.003876 [INFO ] [FRAMES] 36 woke 1643352 drawn 1664506 (octowhere firmware/src/main.rs:410)
9.003906 [INFO ] [FRAMES] 37 woke 1676730 drawn 1705826 (octowhere firmware/src/main.rs:410)
9.003937 [INFO ] [FRAMES] 38 woke 1724826 drawn 1743282 (octowhere firmware/src/main.rs:410)
9.003967 [INFO ] [FRAMES] 39 woke 1744043 drawn 1776376 (octowhere firmware/src/main.rs:410)
9.003998 [INFO ] [FRAMES] 40 woke 1777089 drawn 1812410 (octowhere firmware/src/main.rs:410)
9.004028 [INFO ] [FRAMES] 41 woke 1813044 drawn 1835992 (octowhere firmware/src/main.rs:410)
9.004059 [INFO ] [FRAMES] 42 woke 1843966 drawn 1871281 (octowhere firmware/src/main.rs:410)
9.004090 [INFO ] [FRAMES] 43 woke 1876734 drawn 1897529 (octowhere firmware/src/main.rs:410)
9.004204 [INFO ] [FRAMES] 44 woke 1910010 drawn 1930473 (octowhere firmware/src/main.rs:410)
9.004234 [INFO ] [FRAMES] 45 woke 1943342 drawn 1963842 (octowhere firmware/src/main.rs:410)
9.004265 [INFO ] [FRAMES] 46 woke 1976686 drawn 1997873 (octowhere firmware/src/main.rs:410)
9.004295 [INFO ] [FRAMES] 47 woke 2010005 drawn 2031214 (octowhere firmware/src/main.rs:410)
9.004326 [INFO ] [POLLS] checks 1225 (octowhere firmware/src/main.rs:417)
9.004352 [INFO ] [STARTUP] done (octowhere firmware/src/main.rs:418)
