[2026-10-08T21:48:19Z INFO ] Serial port: '/dev/ttyACM3'
[2026-10-08T21:48:19Z INFO ] Connecting...
[2026-10-08T21:48:20Z INFO ] Using flash stub
I (448) boot: Loaded app from partition at offset 0x10000

1.745229 [INFO ] [GNSS] configured=true (octowhere firmware/src/main.rs:1505)
1.745837 [INFO ] [GNSS] no reference time: the RTC has none (octowhere firmware/src/main.rs:2816)
9.000174 [INFO ] [STARTUP] board 1a38 (octowhere firmware/src/main.rs:391)
9.000217 [INFO ] [STARTUP] reset power_on=true (octowhere firmware/src/main.rs:392)
9.000242 [INFO ] [STARTUP] mesh generation=20 members=0x3 kept=0x0 stored=0xf (octowhere firmware/src/main.rs:396)
9.000276 [INFO ] [STARTUP] load-group read 516261 (octowhere firmware/src/main.rs:406)
9.000317 [INFO ] [STARTUP] load-members read 570666 (octowhere firmware/src/main.rs:406)
9.000349 [INFO ] [STARTUP] load-restored read 570782 (octowhere firmware/src/main.rs:406)
9.000382 [INFO ] [STARTUP] load-rest read 584593 (octowhere firmware/src/main.rs:406)
9.000413 [INFO ] [STARTUP] load-kept read 593896 (octowhere firmware/src/main.rs:406)
9.000443 [INFO ] [STARTUP] main enter 462112 (octowhere firmware/src/main.rs:413)
9.000494 [INFO ] [STARTUP] esp_hal init 465981 (octowhere firmware/src/main.rs:413)
9.000546 [INFO ] [STARTUP] panel reset 466105 (octowhere firmware/src/main.rs:413)
9.000599 [INFO ] [STARTUP] psram ready 472792 (octowhere firmware/src/main.rs:413)
9.000651 [INFO ] [STARTUP] settings loaded 515335 (octowhere firmware/src/main.rs:413)
9.000706 [INFO ] [STARTUP] trng on 515443 (octowhere firmware/src/main.rs:413)
9.000740 [INFO ] [STARTUP] mesh-store read 593943 (octowhere firmware/src/main.rs:413)
9.000794 [INFO ] [STARTUP] core1 starting 594291 (octowhere firmware/src/main.rs:413)
9.000848 [INFO ] [STARTUP] core1 started 611728 (octowhere firmware/src/main.rs:413)
9.000902 [INFO ] [STARTUP] core1 enter 611968 (octowhere firmware/src/main.rs:413)
9.000986 [INFO ] [STARTUP] identity made 637454 (octowhere firmware/src/main.rs:413)
9.001039 [INFO ] [STARTUP] bring_up enter 640129 (octowhere firmware/src/main.rs:413)
9.001094 [INFO ] [STARTUP] i2c powered 720235 (octowhere firmware/src/main.rs:413)
9.001145 [INFO ] [STARTUP] POWER start 720662 (octowhere firmware/src/main.rs:413)
9.001198 [INFO ] [STARTUP] POWER answered 722442 (octowhere firmware/src/main.rs:413)
9.001252 [INFO ] [STARTUP] exio reset 744239 (octowhere firmware/src/main.rs:413)
9.001303 [INFO ] [STARTUP] CLOCK start 744474 (octowhere firmware/src/main.rs:413)
9.001355 [INFO ] [STARTUP] TOUCH start 744585 (octowhere firmware/src/main.rs:413)
9.001408 [INFO ] [STARTUP] MOTION start 744633 (octowhere firmware/src/main.rs:413)
9.001461 [INFO ] [STARTUP] MAGNET start 744719 (octowhere firmware/src/main.rs:413)
9.001514 [INFO ] [STARTUP] display up 745078 (octowhere firmware/src/main.rs:413)
9.001565 [INFO ] [STARTUP] CLOCK answered 745665 (octowhere firmware/src/main.rs:413)
9.001619 [INFO ] [STARTUP] frame_loop first 746034 (octowhere firmware/src/main.rs:413)
9.001674 [INFO ] [STARTUP] frame_loop drawn 764951 (octowhere firmware/src/main.rs:413)
9.001730 [INFO ] [STARTUP] frame_loop handed 765108 (octowhere firmware/src/main.rs:413)
9.001786 [INFO ] [STARTUP] flush0 start 765264 (octowhere firmware/src/main.rs:413)
9.001839 [INFO ] [STARTUP] flush0 end 779791 (octowhere firmware/src/main.rs:413)
9.001890 [INFO ] [STARTUP] flush1 start 811660 (octowhere firmware/src/main.rs:413)
9.001987 [INFO ] [STARTUP] panel lit 823277 (octowhere firmware/src/main.rs:413)
9.002038 [INFO ] [STARTUP] flush1 end 824738 (octowhere firmware/src/main.rs:413)
9.002088 [INFO ] [STARTUP] TOUCH answered 857258 (octowhere firmware/src/main.rs:413)
9.002143 [INFO ] [STARTUP] MAGNET answered 893604 (octowhere firmware/src/main.rs:413)
9.002198 [INFO ] [STARTUP] MOTION answered 897522 (octowhere firmware/src/main.rs:413)
9.002253 [INFO ] [STARTUP] gnss-settle end 1000187 (octowhere firmware/src/main.rs:413)
9.002307 [INFO ] [STARTUP] GNSS start 1000344 (octowhere firmware/src/main.rs:413)
9.002358 [INFO ] [STARTUP] GNSS answered 1011686 (octowhere firmware/src/main.rs:413)
9.002412 [INFO ] [STARTUP] RADIO start 1011901 (octowhere firmware/src/main.rs:413)
9.002464 [INFO ] [STARTUP] RADIO answered 1014015 (octowhere firmware/src/main.rs:413)
9.002518 [INFO ] [STARTUP] bring_up exit 1014285 (octowhere firmware/src/main.rs:413)
9.002571 [INFO ] [STARTUP] GNSS-config end 1745263 (octowhere firmware/src/main.rs:413)
9.002626 [INFO ] [STARTUP] startup over 6102439 (octowhere firmware/src/main.rs:413)
9.002678 [INFO ] [FRAMES] 0 woke 746347 drawn 764943 (octowhere firmware/src/main.rs:416)
9.002708 [INFO ] [FRAMES] 1 woke 765682 drawn 811443 (octowhere firmware/src/main.rs:416)
9.002738 [INFO ] [FRAMES] 2 woke 812117 drawn 817351 (octowhere firmware/src/main.rs:416)
9.002769 [INFO ] [FRAMES] 3 woke 825243 drawn 829712 (octowhere firmware/src/main.rs:416)
9.002799 [INFO ] [FRAMES] 4 woke 841859 drawn 847763 (octowhere firmware/src/main.rs:416)
9.002830 [INFO ] [FRAMES] 5 woke 848371 drawn 853081 (octowhere firmware/src/main.rs:416)
9.002860 [INFO ] [FRAMES] 6 woke 858845 drawn 865738 (octowhere firmware/src/main.rs:416)
9.002891 [INFO ] [FRAMES] 7 woke 866354 drawn 876203 (octowhere firmware/src/main.rs:416)
9.002980 [INFO ] [FRAMES] 8 woke 877620 drawn 882702 (octowhere firmware/src/main.rs:416)
9.003011 [INFO ] [FRAMES] 9 woke 893854 drawn 903086 (octowhere firmware/src/main.rs:416)
9.003041 [INFO ] [FRAMES] 10 woke 903770 drawn 916782 (octowhere firmware/src/main.rs:416)
9.003072 [INFO ] [FRAMES] 11 woke 917478 drawn 928198 (octowhere firmware/src/main.rs:416)
9.003102 [INFO ] [FRAMES] 12 woke 928874 drawn 937947 (octowhere firmware/src/main.rs:416)
9.003133 [INFO ] [FRAMES] 13 woke 943073 drawn 952439 (octowhere firmware/src/main.rs:416)
9.003164 [INFO ] [FRAMES] 14 woke 960502 drawn 971360 (octowhere firmware/src/main.rs:416)
9.003194 [INFO ] [FRAMES] 15 woke 976679 drawn 988192 (octowhere firmware/src/main.rs:416)
9.003225 [INFO ] [FRAMES] 16 woke 995040 drawn 1007560 (octowhere firmware/src/main.rs:416)
9.003255 [INFO ] [FRAMES] 17 woke 1010113 drawn 1070712 (octowhere firmware/src/main.rs:416)
9.003286 [INFO ] [FRAMES] 18 woke 1071363 drawn 1083624 (octowhere firmware/src/main.rs:416)
9.003316 [INFO ] [FRAMES] 19 woke 1084231 drawn 1095787 (octowhere firmware/src/main.rs:416)
9.003347 [INFO ] [FRAMES] 20 woke 1097276 drawn 1115110 (octowhere firmware/src/main.rs:416)
9.003377 [INFO ] [FRAMES] 21 woke 1115657 drawn 1138155 (octowhere firmware/src/main.rs:416)
9.003408 [INFO ] [FRAMES] 22 woke 1138827 drawn 1160935 (octowhere firmware/src/main.rs:416)
9.003439 [INFO ] [FRAMES] 23 woke 1161592 drawn 1182489 (octowhere firmware/src/main.rs:416)
9.003469 [INFO ] [FRAMES] 24 woke 1185295 drawn 1205545 (octowhere firmware/src/main.rs:416)
9.003500 [INFO ] [FRAMES] 25 woke 1206817 drawn 1228004 (octowhere firmware/src/main.rs:416)
9.003530 [INFO ] [FRAMES] 26 woke 1229360 drawn 1249071 (octowhere firmware/src/main.rs:416)
9.003561 [INFO ] [FRAMES] 27 woke 1252499 drawn 1273008 (octowhere firmware/src/main.rs:416)
9.003591 [INFO ] [FRAMES] 28 woke 1306937 drawn 1308279 (octowhere firmware/src/main.rs:416)
9.003622 [INFO ] [FRAMES] 29 woke 1444384 drawn 1460947 (octowhere firmware/src/main.rs:416)
9.003652 [INFO ] [FRAMES] 30 woke 1477804 drawn 1493994 (octowhere firmware/src/main.rs:416)
9.003683 [INFO ] [FRAMES] 31 woke 1511115 drawn 1529159 (octowhere firmware/src/main.rs:416)
9.003713 [INFO ] [FRAMES] 32 woke 1544394 drawn 1571595 (octowhere firmware/src/main.rs:416)
9.003744 [INFO ] [FRAMES] 33 woke 1572175 drawn 1593242 (octowhere firmware/src/main.rs:416)
9.003775 [INFO ] [FRAMES] 34 woke 1595200 drawn 1611659 (octowhere firmware/src/main.rs:416)
9.003805 [INFO ] [FRAMES] 35 woke 1614123 drawn 1637249 (octowhere firmware/src/main.rs:416)
9.003836 [INFO ] [FRAMES] 36 woke 1644424 drawn 1666670 (octowhere firmware/src/main.rs:416)
9.003866 [INFO ] [FRAMES] 37 woke 1677724 drawn 1706416 (octowhere firmware/src/main.rs:416)
9.003980 [INFO ] [FRAMES] 38 woke 1711071 drawn 1748950 (octowhere firmware/src/main.rs:416)
9.004011 [INFO ] [FRAMES] 39 woke 1749613 drawn 1772999 (octowhere firmware/src/main.rs:416)
9.004041 [INFO ] [FRAMES] 40 woke 1787512 drawn 1819381 (octowhere firmware/src/main.rs:416)
9.004072 [INFO ] [FRAMES] 41 woke 1820051 drawn 1843439 (octowhere firmware/src/main.rs:416)
9.004102 [INFO ] [FRAMES] 42 woke 1845658 drawn 1873070 (octowhere firmware/src/main.rs:416)
9.004133 [INFO ] [FRAMES] 43 woke 1877705 drawn 1897626 (octowhere firmware/src/main.rs:416)
9.004163 [INFO ] [FRAMES] 44 woke 1911086 drawn 1926535 (octowhere firmware/src/main.rs:416)
9.004194 [INFO ] [FRAMES] 45 woke 1944413 drawn 1960448 (octowhere firmware/src/main.rs:416)
9.004224 [INFO ] [FRAMES] 46 woke 1977754 drawn 1994128 (octowhere firmware/src/main.rs:416)
9.004254 [INFO ] [FRAMES] 47 woke 2011128 drawn 2027611 (octowhere firmware/src/main.rs:416)
9.004285 [INFO ] [POLLS] checks 1091 in 29451 us (octowhere firmware/src/main.rs:423)
9.004314 [INFO ] [STARTUP] done (octowhere firmware/src/main.rs:428)
