[2026-10-08T21:46:04Z INFO ] Serial port: '/dev/ttyACM3'
[2026-10-08T21:46:04Z INFO ] Connecting...
[2026-10-08T21:46:05Z INFO ] Using flash stub
I (449) boot: Loaded app from partition at offset 0x10000

1.925274 [INFO ] [GNSS] configured=true (octowhere firmware/src/main.rs:1495)
1.925848 [INFO ] [GNSS] no reference time: the RTC has none (octowhere firmware/src/main.rs:2814)
9.000137 [INFO ] [STARTUP] board 1a38 (octowhere firmware/src/main.rs:385)
9.000174 [INFO ] [STARTUP] reset power_on=true (octowhere firmware/src/main.rs:386)
9.000199 [INFO ] [STARTUP] mesh generation=20 members=0x3 kept=0x0 stored=0xf (octowhere firmware/src/main.rs:390)
9.000244 [INFO ] [STARTUP] load-group read 516751 (octowhere firmware/src/main.rs:400)
9.000289 [INFO ] [STARTUP] load-members read 571171 (octowhere firmware/src/main.rs:400)
9.000336 [INFO ] [STARTUP] load-restored read 571281 (octowhere firmware/src/main.rs:400)
9.000369 [INFO ] [STARTUP] load-rest read 585106 (octowhere firmware/src/main.rs:400)
9.000400 [INFO ] [STARTUP] load-kept read 594367 (octowhere firmware/src/main.rs:400)
9.000430 [INFO ] [STARTUP] main enter 462546 (octowhere firmware/src/main.rs:407)
9.000481 [INFO ] [STARTUP] esp_hal init 466409 (octowhere firmware/src/main.rs:407)
9.000534 [INFO ] [STARTUP] panel reset 466534 (octowhere firmware/src/main.rs:407)
9.000586 [INFO ] [STARTUP] psram ready 473259 (octowhere firmware/src/main.rs:407)
9.000638 [INFO ] [STARTUP] settings loaded 515831 (octowhere firmware/src/main.rs:407)
9.000693 [INFO ] [STARTUP] trng on 515932 (octowhere firmware/src/main.rs:407)
9.000727 [INFO ] [STARTUP] mesh-store read 594411 (octowhere firmware/src/main.rs:407)
9.000849 [INFO ] [STARTUP] core1 starting 594778 (octowhere firmware/src/main.rs:407)
9.000903 [INFO ] [STARTUP] core1 started 612212 (octowhere firmware/src/main.rs:407)
9.000957 [INFO ] [STARTUP] core1 enter 612439 (octowhere firmware/src/main.rs:407)
9.001009 [INFO ] [STARTUP] identity made 637944 (octowhere firmware/src/main.rs:407)
9.001062 [INFO ] [STARTUP] bring_up enter 640539 (octowhere firmware/src/main.rs:407)
9.001117 [INFO ] [STARTUP] i2c powered 720688 (octowhere firmware/src/main.rs:407)
9.001168 [INFO ] [STARTUP] POWER start 721110 (octowhere firmware/src/main.rs:407)
9.001220 [INFO ] [STARTUP] POWER answered 722920 (octowhere firmware/src/main.rs:407)
9.001274 [INFO ] [STARTUP] exio reset 744766 (octowhere firmware/src/main.rs:407)
9.001325 [INFO ] [STARTUP] CLOCK start 744975 (octowhere firmware/src/main.rs:407)
9.001378 [INFO ] [STARTUP] TOUCH start 745107 (octowhere firmware/src/main.rs:407)
9.001430 [INFO ] [STARTUP] MOTION start 745193 (octowhere firmware/src/main.rs:407)
9.001483 [INFO ] [STARTUP] display up 745289 (octowhere firmware/src/main.rs:407)
9.001534 [INFO ] [STARTUP] MAGNET start 745328 (octowhere firmware/src/main.rs:407)
9.001587 [INFO ] [STARTUP] frame_loop first 745438 (octowhere firmware/src/main.rs:407)
9.001643 [INFO ] [STARTUP] frame_loop drawn 764412 (octowhere firmware/src/main.rs:407)
9.001698 [INFO ] [STARTUP] frame_loop handed 764544 (octowhere firmware/src/main.rs:407)
9.001755 [INFO ] [STARTUP] flush0 start 764727 (octowhere firmware/src/main.rs:407)
9.001848 [INFO ] [STARTUP] flush0 end 780054 (octowhere firmware/src/main.rs:407)
9.001899 [INFO ] [STARTUP] flush1 start 788680 (octowhere firmware/src/main.rs:407)
9.001952 [INFO ] [STARTUP] panel lit 790235 (octowhere firmware/src/main.rs:407)
9.002002 [INFO ] [STARTUP] flush1 end 792467 (octowhere firmware/src/main.rs:407)
9.002053 [INFO ] [STARTUP] CLOCK answered 806805 (octowhere firmware/src/main.rs:407)
9.002107 [INFO ] [STARTUP] TOUCH answered 873285 (octowhere firmware/src/main.rs:407)
9.002162 [INFO ] [STARTUP] MOTION answered 963398 (octowhere firmware/src/main.rs:407)
9.002217 [INFO ] [STARTUP] gnss-settle end 1001949 (octowhere firmware/src/main.rs:407)
9.002271 [INFO ] [STARTUP] MAGNET answered 1091265 (octowhere firmware/src/main.rs:407)
9.002326 [INFO ] [STARTUP] GNSS start 1091488 (octowhere firmware/src/main.rs:407)
9.002377 [INFO ] [STARTUP] GNSS answered 1116853 (octowhere firmware/src/main.rs:407)
9.002431 [INFO ] [STARTUP] RADIO start 1117083 (octowhere firmware/src/main.rs:407)
9.002483 [INFO ] [STARTUP] RADIO answered 1232437 (octowhere firmware/src/main.rs:407)
9.002537 [INFO ] [STARTUP] bring_up exit 1278012 (octowhere firmware/src/main.rs:407)
9.002590 [INFO ] [STARTUP] GNSS-config end 1925304 (octowhere firmware/src/main.rs:407)
9.002644 [INFO ] [STARTUP] startup over 6257043 (octowhere firmware/src/main.rs:407)
9.002696 [INFO ] [FRAMES] 0 woke 745750 drawn 764398 (octowhere firmware/src/main.rs:410)
9.002726 [INFO ] [FRAMES] 1 woke 765126 drawn 788483 (octowhere firmware/src/main.rs:410)
9.002841 [INFO ] [FRAMES] 2 woke 789157 drawn 795279 (octowhere firmware/src/main.rs:410)
9.002871 [INFO ] [FRAMES] 3 woke 795931 drawn 800498 (octowhere firmware/src/main.rs:410)
9.002902 [INFO ] [FRAMES] 4 woke 801100 drawn 805326 (octowhere firmware/src/main.rs:410)
9.002932 [INFO ] [FRAMES] 5 woke 808992 drawn 809735 (octowhere firmware/src/main.rs:410)
9.002963 [INFO ] [FRAMES] 6 woke 809817 drawn 814846 (octowhere firmware/src/main.rs:410)
9.002994 [INFO ] [FRAMES] 7 woke 815462 drawn 820266 (octowhere firmware/src/main.rs:410)
9.003024 [INFO ] [FRAMES] 8 woke 825661 drawn 831031 (octowhere firmware/src/main.rs:410)
9.003055 [INFO ] [FRAMES] 9 woke 832310 drawn 836937 (octowhere firmware/src/main.rs:410)
9.003085 [INFO ] [FRAMES] 10 woke 842757 drawn 848292 (octowhere firmware/src/main.rs:410)
9.003116 [INFO ] [FRAMES] 11 woke 849501 drawn 854438 (octowhere firmware/src/main.rs:410)
9.003147 [INFO ] [FRAMES] 12 woke 859663 drawn 864981 (octowhere firmware/src/main.rs:410)
9.003177 [INFO ] [FRAMES] 13 woke 866380 drawn 871068 (octowhere firmware/src/main.rs:410)
9.003208 [INFO ] [FRAMES] 14 woke 876056 drawn 883335 (octowhere firmware/src/main.rs:410)
9.003238 [INFO ] [FRAMES] 15 woke 884711 drawn 892457 (octowhere firmware/src/main.rs:410)
9.003269 [INFO ] [FRAMES] 16 woke 895230 drawn 900505 (octowhere firmware/src/main.rs:410)
9.003299 [INFO ] [FRAMES] 17 woke 901872 drawn 910167 (octowhere firmware/src/main.rs:410)
9.003330 [INFO ] [FRAMES] 18 woke 911312 drawn 918533 (octowhere firmware/src/main.rs:410)
9.003360 [INFO ] [FRAMES] 19 woke 926917 drawn 932142 (octowhere firmware/src/main.rs:410)
9.003391 [INFO ] [FRAMES] 20 woke 943439 drawn 950500 (octowhere firmware/src/main.rs:410)
9.003422 [INFO ] [FRAMES] 21 woke 951763 drawn 959736 (octowhere firmware/src/main.rs:410)
9.003452 [INFO ] [FRAMES] 22 woke 963682 drawn 969268 (octowhere firmware/src/main.rs:410)
9.003483 [INFO ] [FRAMES] 23 woke 970457 drawn 978836 (octowhere firmware/src/main.rs:410)
9.003513 [INFO ] [FRAMES] 24 woke 993923 drawn 1001206 (octowhere firmware/src/main.rs:410)
9.003544 [INFO ] [FRAMES] 25 woke 1002478 drawn 1011050 (octowhere firmware/src/main.rs:410)
9.003575 [INFO ] [FRAMES] 26 woke 1023887 drawn 1031990 (octowhere firmware/src/main.rs:410)
9.003605 [INFO ] [FRAMES] 27 woke 1053928 drawn 1059575 (octowhere firmware/src/main.rs:410)
9.003636 [INFO ] [FRAMES] 28 woke 1083851 drawn 1089436 (octowhere firmware/src/main.rs:410)
9.003667 [INFO ] [FRAMES] 29 woke 1091805 drawn 1100301 (octowhere firmware/src/main.rs:410)
9.003697 [INFO ] [FRAMES] 30 woke 1100842 drawn 1105938 (octowhere firmware/src/main.rs:410)
9.003728 [INFO ] [FRAMES] 31 woke 1117877 drawn 1123799 (octowhere firmware/src/main.rs:410)
9.003841 [INFO ] [FRAMES] 32 woke 1124424 drawn 1132309 (octowhere firmware/src/main.rs:410)
9.003871 [INFO ] [FRAMES] 33 woke 1133442 drawn 1150749 (octowhere firmware/src/main.rs:410)
9.003902 [INFO ] [FRAMES] 34 woke 1151826 drawn 1170670 (octowhere firmware/src/main.rs:410)
9.003932 [INFO ] [FRAMES] 35 woke 1171771 drawn 1191148 (octowhere firmware/src/main.rs:410)
9.003963 [INFO ] [FRAMES] 36 woke 1192243 drawn 1211613 (octowhere firmware/src/main.rs:410)
9.003993 [INFO ] [FRAMES] 37 woke 1212673 drawn 1230554 (octowhere firmware/src/main.rs:410)
9.004024 [INFO ] [FRAMES] 38 woke 1278717 drawn 1298819 (octowhere firmware/src/main.rs:410)
9.004055 [INFO ] [FRAMES] 39 woke 1299446 drawn 1320567 (octowhere firmware/src/main.rs:410)
9.004085 [INFO ] [FRAMES] 40 woke 1321261 drawn 1326582 (octowhere firmware/src/main.rs:410)
9.004116 [INFO ] [FRAMES] 41 woke 1338938 drawn 1345191 (octowhere firmware/src/main.rs:410)
9.004146 [INFO ] [FRAMES] 42 woke 1369039 drawn 1375263 (octowhere firmware/src/main.rs:410)
9.004177 [INFO ] [FRAMES] 43 woke 1399017 drawn 1405345 (octowhere firmware/src/main.rs:410)
9.004208 [INFO ] [FRAMES] 44 woke 1525942 drawn 1532199 (octowhere firmware/src/main.rs:410)
9.004238 [INFO ] [FRAMES] 45 woke 1598939 drawn 1615177 (octowhere firmware/src/main.rs:410)
9.004268 [INFO ] [FRAMES] 46 woke 1632432 drawn 1650935 (octowhere firmware/src/main.rs:410)
9.004299 [INFO ] [FRAMES] 47 woke 1665743 drawn 1687079 (octowhere firmware/src/main.rs:410)
9.004330 [INFO ] [POLLS] checks 1225 (octowhere firmware/src/main.rs:417)
9.004355 [INFO ] [STARTUP] done (octowhere firmware/src/main.rs:418)
