[2026-10-08T21:48:06Z INFO ] Serial port: '/dev/ttyACM3'
[2026-10-08T21:48:06Z INFO ] Connecting...
[2026-10-08T21:48:06Z INFO ] Using flash stub
I (448) boot: Loaded app from partition at offset 0x10000

1.724332 [INFO ] [GNSS] configured=true (octowhere firmware/src/main.rs:1505)
1.725098 [INFO ] [GNSS] no reference time: the RTC has none (octowhere firmware/src/main.rs:2816)
9.000184 [INFO ] [STARTUP] board 1a38 (octowhere firmware/src/main.rs:391)
9.000221 [INFO ] [STARTUP] reset power_on=true (octowhere firmware/src/main.rs:392)
9.000246 [INFO ] [STARTUP] mesh generation=20 members=0x3 kept=0x0 stored=0xf (octowhere firmware/src/main.rs:396)
9.000279 [INFO ] [STARTUP] load-group read 516266 (octowhere firmware/src/main.rs:406)
9.000320 [INFO ] [STARTUP] load-members read 570671 (octowhere firmware/src/main.rs:406)
9.000352 [INFO ] [STARTUP] load-restored read 570787 (octowhere firmware/src/main.rs:406)
9.000386 [INFO ] [STARTUP] load-rest read 584598 (octowhere firmware/src/main.rs:406)
9.000416 [INFO ] [STARTUP] load-kept read 593901 (octowhere firmware/src/main.rs:406)
9.000447 [INFO ] [STARTUP] main enter 462112 (octowhere firmware/src/main.rs:413)
9.000497 [INFO ] [STARTUP] esp_hal init 465986 (octowhere firmware/src/main.rs:413)
9.000550 [INFO ] [STARTUP] panel reset 466110 (octowhere firmware/src/main.rs:413)
9.000602 [INFO ] [STARTUP] psram ready 472797 (octowhere firmware/src/main.rs:413)
9.000654 [INFO ] [STARTUP] settings loaded 515340 (octowhere firmware/src/main.rs:413)
9.000709 [INFO ] [STARTUP] trng on 515448 (octowhere firmware/src/main.rs:413)
9.000743 [INFO ] [STARTUP] mesh-store read 593948 (octowhere firmware/src/main.rs:413)
9.000797 [INFO ] [STARTUP] core1 starting 594296 (octowhere firmware/src/main.rs:413)
9.000931 [INFO ] [STARTUP] core1 started 611733 (octowhere firmware/src/main.rs:413)
9.000985 [INFO ] [STARTUP] core1 enter 611973 (octowhere firmware/src/main.rs:413)
9.001038 [INFO ] [STARTUP] identity made 637459 (octowhere firmware/src/main.rs:413)
9.001091 [INFO ] [STARTUP] bring_up enter 640134 (octowhere firmware/src/main.rs:413)
9.001145 [INFO ] [STARTUP] i2c powered 720240 (octowhere firmware/src/main.rs:413)
9.001197 [INFO ] [STARTUP] POWER start 720667 (octowhere firmware/src/main.rs:413)
9.001249 [INFO ] [STARTUP] POWER answered 722447 (octowhere firmware/src/main.rs:413)
9.001303 [INFO ] [STARTUP] exio reset 744244 (octowhere firmware/src/main.rs:413)
9.001354 [INFO ] [STARTUP] CLOCK start 744479 (octowhere firmware/src/main.rs:413)
9.001406 [INFO ] [STARTUP] TOUCH start 744590 (octowhere firmware/src/main.rs:413)
9.001459 [INFO ] [STARTUP] MOTION start 744638 (octowhere firmware/src/main.rs:413)
9.001512 [INFO ] [STARTUP] MAGNET start 744723 (octowhere firmware/src/main.rs:413)
9.001565 [INFO ] [STARTUP] display up 745083 (octowhere firmware/src/main.rs:413)
9.001616 [INFO ] [STARTUP] CLOCK answered 745669 (octowhere firmware/src/main.rs:413)
9.001670 [INFO ] [STARTUP] frame_loop first 746038 (octowhere firmware/src/main.rs:413)
9.001726 [INFO ] [STARTUP] frame_loop drawn 764955 (octowhere firmware/src/main.rs:413)
9.001781 [INFO ] [STARTUP] frame_loop handed 765112 (octowhere firmware/src/main.rs:413)
9.001838 [INFO ] [STARTUP] flush0 start 765268 (octowhere firmware/src/main.rs:413)
9.001930 [INFO ] [STARTUP] flush0 end 779795 (octowhere firmware/src/main.rs:413)
9.001981 [INFO ] [STARTUP] flush1 start 811661 (octowhere firmware/src/main.rs:413)
9.002034 [INFO ] [STARTUP] panel lit 823277 (octowhere firmware/src/main.rs:413)
9.002085 [INFO ] [STARTUP] flush1 end 824738 (octowhere firmware/src/main.rs:413)
9.002136 [INFO ] [STARTUP] TOUCH answered 857332 (octowhere firmware/src/main.rs:413)
9.002190 [INFO ] [STARTUP] MAGNET answered 893632 (octowhere firmware/src/main.rs:413)
9.002245 [INFO ] [STARTUP] MOTION answered 897486 (octowhere firmware/src/main.rs:413)
9.002300 [INFO ] [STARTUP] gnss-settle end 1000189 (octowhere firmware/src/main.rs:413)
9.002354 [INFO ] [STARTUP] GNSS start 1000346 (octowhere firmware/src/main.rs:413)
9.002405 [INFO ] [STARTUP] GNSS answered 1011687 (octowhere firmware/src/main.rs:413)
9.002459 [INFO ] [STARTUP] RADIO start 1011905 (octowhere firmware/src/main.rs:413)
9.002511 [INFO ] [STARTUP] RADIO answered 1014010 (octowhere firmware/src/main.rs:413)
9.002565 [INFO ] [STARTUP] bring_up exit 1014280 (octowhere firmware/src/main.rs:413)
9.002618 [INFO ] [STARTUP] GNSS-config end 1724376 (octowhere firmware/src/main.rs:413)
9.002672 [INFO ] [STARTUP] startup over 6099996 (octowhere firmware/src/main.rs:413)
9.002725 [INFO ] [FRAMES] 0 woke 746351 drawn 764947 (octowhere firmware/src/main.rs:416)
9.002755 [INFO ] [FRAMES] 1 woke 765686 drawn 811444 (octowhere firmware/src/main.rs:416)
9.002785 [INFO ] [FRAMES] 2 woke 812119 drawn 817351 (octowhere firmware/src/main.rs:416)
9.002816 [INFO ] [FRAMES] 3 woke 825243 drawn 829712 (octowhere firmware/src/main.rs:416)
9.002923 [INFO ] [FRAMES] 4 woke 841849 drawn 847753 (octowhere firmware/src/main.rs:416)
9.002954 [INFO ] [FRAMES] 5 woke 848361 drawn 853067 (octowhere firmware/src/main.rs:416)
9.002984 [INFO ] [FRAMES] 6 woke 858870 drawn 865761 (octowhere firmware/src/main.rs:416)
9.003015 [INFO ] [FRAMES] 7 woke 866378 drawn 876300 (octowhere firmware/src/main.rs:416)
9.003045 [INFO ] [FRAMES] 8 woke 877715 drawn 882802 (octowhere firmware/src/main.rs:416)
9.003076 [INFO ] [FRAMES] 9 woke 892273 drawn 903007 (octowhere firmware/src/main.rs:416)
9.003106 [INFO ] [FRAMES] 10 woke 903690 drawn 916679 (octowhere firmware/src/main.rs:416)
9.003137 [INFO ] [FRAMES] 11 woke 917382 drawn 928083 (octowhere firmware/src/main.rs:416)
9.003168 [INFO ] [FRAMES] 12 woke 928756 drawn 937822 (octowhere firmware/src/main.rs:416)
9.003198 [INFO ] [FRAMES] 13 woke 943022 drawn 952388 (octowhere firmware/src/main.rs:416)
9.003229 [INFO ] [FRAMES] 14 woke 960421 drawn 971284 (octowhere firmware/src/main.rs:416)
9.003259 [INFO ] [FRAMES] 15 woke 976549 drawn 988054 (octowhere firmware/src/main.rs:416)
9.003290 [INFO ] [FRAMES] 16 woke 994889 drawn 1007427 (octowhere firmware/src/main.rs:416)
9.003320 [INFO ] [FRAMES] 17 woke 1009974 drawn 1070712 (octowhere firmware/src/main.rs:416)
9.003351 [INFO ] [FRAMES] 18 woke 1071362 drawn 1083558 (octowhere firmware/src/main.rs:416)
9.003381 [INFO ] [FRAMES] 19 woke 1084167 drawn 1095927 (octowhere firmware/src/main.rs:416)
9.003412 [INFO ] [FRAMES] 20 woke 1097165 drawn 1114922 (octowhere firmware/src/main.rs:416)
9.003442 [INFO ] [FRAMES] 21 woke 1115477 drawn 1137999 (octowhere firmware/src/main.rs:416)
9.003473 [INFO ] [FRAMES] 22 woke 1138669 drawn 1160798 (octowhere firmware/src/main.rs:416)
9.003504 [INFO ] [FRAMES] 23 woke 1161449 drawn 1182303 (octowhere firmware/src/main.rs:416)
9.003534 [INFO ] [FRAMES] 24 woke 1185105 drawn 1205363 (octowhere firmware/src/main.rs:416)
9.003565 [INFO ] [FRAMES] 25 woke 1205992 drawn 1227881 (octowhere firmware/src/main.rs:416)
9.003595 [INFO ] [FRAMES] 26 woke 1229255 drawn 1248995 (octowhere firmware/src/main.rs:416)
9.003626 [INFO ] [FRAMES] 27 woke 1252241 drawn 1272071 (octowhere firmware/src/main.rs:416)
9.003656 [INFO ] [FRAMES] 28 woke 1306896 drawn 1308243 (octowhere firmware/src/main.rs:416)
9.003687 [INFO ] [FRAMES] 29 woke 1444319 drawn 1460880 (octowhere firmware/src/main.rs:416)
9.003718 [INFO ] [FRAMES] 30 woke 1477665 drawn 1499165 (octowhere firmware/src/main.rs:416)
9.003748 [INFO ] [FRAMES] 31 woke 1510977 drawn 1534388 (octowhere firmware/src/main.rs:416)
9.003779 [INFO ] [FRAMES] 32 woke 1544340 drawn 1571388 (octowhere firmware/src/main.rs:416)
9.003809 [INFO ] [FRAMES] 33 woke 1571984 drawn 1593714 (octowhere firmware/src/main.rs:416)
9.003923 [INFO ] [FRAMES] 34 woke 1594697 drawn 1611431 (octowhere firmware/src/main.rs:416)
9.003954 [INFO ] [FRAMES] 35 woke 1612316 drawn 1636716 (octowhere firmware/src/main.rs:416)
9.003984 [INFO ] [FRAMES] 36 woke 1644333 drawn 1666136 (octowhere firmware/src/main.rs:416)
9.004015 [INFO ] [FRAMES] 37 woke 1677705 drawn 1706504 (octowhere firmware/src/main.rs:416)
9.004045 [INFO ] [FRAMES] 38 woke 1725937 drawn 1744421 (octowhere firmware/src/main.rs:416)
9.004076 [INFO ] [FRAMES] 39 woke 1745195 drawn 1783021 (octowhere firmware/src/main.rs:416)
9.004106 [INFO ] [FRAMES] 40 woke 1783744 drawn 1827956 (octowhere firmware/src/main.rs:416)
9.004137 [INFO ] [FRAMES] 41 woke 1828526 drawn 1866198 (octowhere firmware/src/main.rs:416)
9.004167 [INFO ] [FRAMES] 42 woke 1867051 drawn 1892935 (octowhere firmware/src/main.rs:416)
9.004198 [INFO ] [FRAMES] 43 woke 1908938 drawn 1924839 (octowhere firmware/src/main.rs:416)
9.004228 [INFO ] [FRAMES] 44 woke 1925488 drawn 1957935 (octowhere firmware/src/main.rs:416)
9.004259 [INFO ] [FRAMES] 45 woke 1958644 drawn 1978959 (octowhere firmware/src/main.rs:416)
9.004289 [INFO ] [FRAMES] 46 woke 1979551 drawn 2007524 (octowhere firmware/src/main.rs:416)
9.004320 [INFO ] [FRAMES] 47 woke 2011007 drawn 2032717 (octowhere firmware/src/main.rs:416)
9.004351 [INFO ] [POLLS] checks 1090 in 29551 us (octowhere firmware/src/main.rs:423)
9.004380 [INFO ] [STARTUP] done (octowhere firmware/src/main.rs:428)
