[2026-10-08T20:39:50Z INFO ] Serial port: '/dev/ttyACM3'
[2026-10-08T20:39:50Z INFO ] Connecting...
[2026-10-08T20:39:51Z INFO ] Using flash stub
I (448) boot: Loaded app from partition at offset 0x10000

1.719509 [INFO ] [GNSS] configured=true (octowhere firmware/src/main.rs:1368)
1.753227 [INFO ] [GNSS] reference time 2026-10-08 20:39:50 sent=true (octowhere firmware/src/main.rs:2665)
9.000136 [INFO ] [STARTUP] board 1a38 (octowhere firmware/src/main.rs:303)
9.000182 [INFO ] [STARTUP] reset power_on=true (octowhere firmware/src/main.rs:304)
9.000221 [INFO ] [STARTUP] load-group read 515989 (octowhere firmware/src/main.rs:308)
9.000268 [INFO ] [STARTUP] load-members read 570398 (octowhere firmware/src/main.rs:308)
9.000301 [INFO ] [STARTUP] load-restored read 570507 (octowhere firmware/src/main.rs:308)
9.000334 [INFO ] [STARTUP] load-rest read 584329 (octowhere firmware/src/main.rs:308)
9.000365 [INFO ] [STARTUP] load-kept read 593604 (octowhere firmware/src/main.rs:308)
9.000395 [INFO ] [STARTUP] main enter 7389800 (octowhere firmware/src/main.rs:315)
9.000446 [INFO ] [STARTUP] esp_hal init 465713 (octowhere firmware/src/main.rs:315)
9.000498 [INFO ] [STARTUP] psram ready 472501 (octowhere firmware/src/main.rs:315)
9.000551 [INFO ] [STARTUP] settings loaded 515070 (octowhere firmware/src/main.rs:315)
9.000652 [INFO ] [STARTUP] trng on 515175 (octowhere firmware/src/main.rs:315)
9.000701 [INFO ] [STARTUP] mesh-store read 593639 (octowhere firmware/src/main.rs:315)
9.000755 [INFO ] [STARTUP] identity made 616901 (octowhere firmware/src/main.rs:315)
9.000808 [INFO ] [STARTUP] mesh-store loaded 618125 (octowhere firmware/src/main.rs:315)
9.000865 [INFO ] [STARTUP] core1 starting 618488 (octowhere firmware/src/main.rs:315)
9.000919 [INFO ] [STARTUP] core1 started 635920 (octowhere firmware/src/main.rs:315)
9.000973 [INFO ] [STARTUP] core1 enter 636144 (octowhere firmware/src/main.rs:315)
9.001025 [INFO ] [STARTUP] bring_up enter 639595 (octowhere firmware/src/main.rs:315)
9.001079 [INFO ] [STARTUP] frame_loop first 639787 (octowhere firmware/src/main.rs:315)
9.001135 [INFO ] [STARTUP] frame_loop drawn 658996 (octowhere firmware/src/main.rs:315)
9.001191 [INFO ] [STARTUP] i2c powered 719742 (octowhere firmware/src/main.rs:315)
9.001242 [INFO ] [STARTUP] POWER start 720210 (octowhere firmware/src/main.rs:315)
9.001295 [INFO ] [STARTUP] POWER answered 722061 (octowhere firmware/src/main.rs:315)
9.001349 [INFO ] [STARTUP] exio reset 743777 (octowhere firmware/src/main.rs:315)
9.001400 [INFO ] [STARTUP] CLOCK start 743947 (octowhere firmware/src/main.rs:315)
9.001452 [INFO ] [STARTUP] TOUCH start 744031 (octowhere firmware/src/main.rs:315)
9.001505 [INFO ] [STARTUP] MOTION start 744081 (octowhere firmware/src/main.rs:315)
9.001557 [INFO ] [STARTUP] MAGNET start 744158 (octowhere firmware/src/main.rs:315)
9.001650 [INFO ] [STARTUP] CLOCK answered 744794 (octowhere firmware/src/main.rs:315)
9.001705 [INFO ] [STARTUP] TOUCH answered 855374 (octowhere firmware/src/main.rs:315)
9.001759 [INFO ] [STARTUP] MAGNET answered 888350 (octowhere firmware/src/main.rs:315)
9.001814 [INFO ] [STARTUP] MOTION answered 896290 (octowhere firmware/src/main.rs:315)
9.001869 [INFO ] [STARTUP] display up 898829 (octowhere firmware/src/main.rs:315)
9.001920 [INFO ] [STARTUP] flush0 start 898846 (octowhere firmware/src/main.rs:315)
9.001973 [INFO ] [STARTUP] flush0 end 910636 (octowhere firmware/src/main.rs:315)
9.002024 [INFO ] [STARTUP] flush1 start 910705 (octowhere firmware/src/main.rs:315)
9.002077 [INFO ] [STARTUP] frame_loop handed 910809 (octowhere firmware/src/main.rs:315)
9.002133 [INFO ] [STARTUP] flush1 end 939244 (octowhere firmware/src/main.rs:315)
9.002184 [INFO ] [STARTUP] panel lit 939459 (octowhere firmware/src/main.rs:315)
9.002235 [INFO ] [STARTUP] gnss-settle end 1007241 (octowhere firmware/src/main.rs:315)
9.002289 [INFO ] [STARTUP] GNSS start 1007369 (octowhere firmware/src/main.rs:315)
9.002340 [INFO ] [STARTUP] GNSS answered 1027491 (octowhere firmware/src/main.rs:315)
9.002393 [INFO ] [STARTUP] RADIO start 1027895 (octowhere firmware/src/main.rs:315)
9.002446 [INFO ] [STARTUP] RADIO answered 1031122 (octowhere firmware/src/main.rs:315)
9.002500 [INFO ] [STARTUP] bring_up exit 1076069 (octowhere firmware/src/main.rs:315)
9.002553 [INFO ] [STARTUP] GNSS-config end 1719544 (octowhere firmware/src/main.rs:315)
9.002651 [INFO ] [STARTUP] startup over 6112409 (octowhere firmware/src/main.rs:315)
9.002704 [INFO ] [STARTUP] done (octowhere firmware/src/main.rs:317)
