[2026-10-08T20:40:03Z INFO ] Serial port: '/dev/ttyACM3'
[2026-10-08T20:40:03Z INFO ] Connecting...
[2026-10-08T20:40:03Z INFO ] Using flash stub
I (448) boot: Loaded app from partition at offset 0x10000

2.271639 [INFO ] [BOOT] Gnss Answered in 1264ms (octowhere firmware/src/main.rs:2091)
2.271717 [INFO ] [BOOT] answered: power=true clock=true touch=true motion=true magnet=true gnss=true (octowhere firmware/src/main.rs:2484)
2.285484 [INFO ] [LORA] init_ok (octowhere firmware/src/main.rs:2804)
2.285575 [INFO ] [BOOT] Radio Answered in 13ms (octowhere firmware/src/main.rs:2091)
2.285765 [INFO ] [TOUCH] OK resolution=466x466 firmware=0x1000001 checksum=0x693275ee (octowhere firmware/src/main.rs:2537)
2.286436 [INFO ] [MESH] id=0 name=Dredge members=2 mac=[44, 1b, f6, 86, 1a, 38] (octowhere_node octowhere-node/src/node.rs:715)
2.326863 [INFO ] [MESH] tuned=true (octowhere_node octowhere-node/src/node.rs:773)
2.328054 [INFO ] [MESH] id=0 members=2 generation=20 removal pending=false declinable until=None old keys=0 (octowhere_node octowhere-node/src/node.rs:921)
2.329158 [INFO ] [MEM] internal_used=66712 psram_used=1102332 (octowhere firmware/src/main.rs:2574)
2.985360 [INFO ] [GNSS] configured=true (octowhere firmware/src/main.rs:1368)
3.019132 [INFO ] [GNSS] reference time 2026-10-08 20:40:04 sent=true (octowhere firmware/src/main.rs:2665)
9.000143 [INFO ] [STARTUP] board 1a38 (octowhere firmware/src/main.rs:303)
9.000188 [INFO ] [STARTUP] reset power_on=true (octowhere firmware/src/main.rs:304)
9.000227 [INFO ] [STARTUP] load-group read 515991 (octowhere firmware/src/main.rs:308)
9.000275 [INFO ] [STARTUP] load-members read 570400 (octowhere firmware/src/main.rs:308)
9.000307 [INFO ] [STARTUP] load-restored read 570509 (octowhere firmware/src/main.rs:308)
9.000340 [INFO ] [STARTUP] load-rest read 584331 (octowhere firmware/src/main.rs:308)
9.000371 [INFO ] [STARTUP] load-kept read 593606 (octowhere firmware/src/main.rs:308)
9.000401 [INFO ] [STARTUP] main enter 7389800 (octowhere firmware/src/main.rs:315)
9.000452 [INFO ] [STARTUP] esp_hal init 465715 (octowhere firmware/src/main.rs:315)
9.000504 [INFO ] [STARTUP] psram ready 472503 (octowhere firmware/src/main.rs:315)
9.000556 [INFO ] [STARTUP] settings loaded 515072 (octowhere firmware/src/main.rs:315)
9.000611 [INFO ] [STARTUP] trng on 515177 (octowhere firmware/src/main.rs:315)
9.000736 [INFO ] [STARTUP] mesh-store read 593641 (octowhere firmware/src/main.rs:315)
9.000791 [INFO ] [STARTUP] identity made 616903 (octowhere firmware/src/main.rs:315)
9.000844 [INFO ] [STARTUP] mesh-store loaded 618127 (octowhere firmware/src/main.rs:315)
9.000900 [INFO ] [STARTUP] core1 starting 618490 (octowhere firmware/src/main.rs:315)
9.000954 [INFO ] [STARTUP] core1 started 635922 (octowhere firmware/src/main.rs:315)
9.001008 [INFO ] [STARTUP] core1 enter 636146 (octowhere firmware/src/main.rs:315)
9.001060 [INFO ] [STARTUP] bring_up enter 639597 (octowhere firmware/src/main.rs:315)
9.001115 [INFO ] [STARTUP] frame_loop first 639789 (octowhere firmware/src/main.rs:315)
9.001170 [INFO ] [STARTUP] frame_loop drawn 658998 (octowhere firmware/src/main.rs:315)
9.001226 [INFO ] [STARTUP] i2c powered 719744 (octowhere firmware/src/main.rs:315)
9.001278 [INFO ] [STARTUP] POWER start 720212 (octowhere firmware/src/main.rs:315)
9.001330 [INFO ] [STARTUP] POWER answered 722064 (octowhere firmware/src/main.rs:315)
9.001384 [INFO ] [STARTUP] exio reset 743781 (octowhere firmware/src/main.rs:315)
9.001435 [INFO ] [STARTUP] CLOCK start 743950 (octowhere firmware/src/main.rs:315)
9.001487 [INFO ] [STARTUP] TOUCH start 744034 (octowhere firmware/src/main.rs:315)
9.001540 [INFO ] [STARTUP] MOTION start 744085 (octowhere firmware/src/main.rs:315)
9.001593 [INFO ] [STARTUP] MAGNET start 744162 (octowhere firmware/src/main.rs:315)
9.001646 [INFO ] [STARTUP] CLOCK answered 744798 (octowhere firmware/src/main.rs:315)
9.001742 [INFO ] [STARTUP] TOUCH answered 855376 (octowhere firmware/src/main.rs:315)
9.001796 [INFO ] [STARTUP] MAGNET answered 888357 (octowhere firmware/src/main.rs:315)
9.001851 [INFO ] [STARTUP] MOTION answered 896301 (octowhere firmware/src/main.rs:315)
9.001906 [INFO ] [STARTUP] display up 898821 (octowhere firmware/src/main.rs:315)
9.001957 [INFO ] [STARTUP] flush0 start 898838 (octowhere firmware/src/main.rs:315)
9.002010 [INFO ] [STARTUP] flush0 end 910628 (octowhere firmware/src/main.rs:315)
9.002061 [INFO ] [STARTUP] flush1 start 910697 (octowhere firmware/src/main.rs:315)
9.002114 [INFO ] [STARTUP] frame_loop handed 910801 (octowhere firmware/src/main.rs:315)
9.002170 [INFO ] [STARTUP] flush1 end 939239 (octowhere firmware/src/main.rs:315)
9.002221 [INFO ] [STARTUP] panel lit 939457 (octowhere firmware/src/main.rs:315)
9.002271 [INFO ] [STARTUP] gnss-settle end 1007270 (octowhere firmware/src/main.rs:315)
9.002326 [INFO ] [STARTUP] GNSS start 1007397 (octowhere firmware/src/main.rs:315)
9.002377 [INFO ] [STARTUP] GNSS answered 2271537 (octowhere firmware/src/main.rs:315)
9.002430 [INFO ] [STARTUP] RADIO start 2271758 (octowhere firmware/src/main.rs:315)
9.002483 [INFO ] [STARTUP] RADIO answered 2285513 (octowhere firmware/src/main.rs:315)
9.002537 [INFO ] [STARTUP] bring_up exit 2329186 (octowhere firmware/src/main.rs:315)
9.002590 [INFO ] [STARTUP] GNSS-config end 2985399 (octowhere firmware/src/main.rs:315)
9.002644 [INFO ] [STARTUP] startup over 7305981 (octowhere firmware/src/main.rs:315)
9.002740 [INFO ] [STARTUP] done (octowhere firmware/src/main.rs:317)
