[2026-10-08T20:39:37Z INFO ] Serial port: '/dev/ttyACM3'
[2026-10-08T20:39:37Z INFO ] Connecting...
[2026-10-08T20:39:38Z INFO ] Using flash stub
I (447) boot: Loaded app from partition at offset 0x10000

1.719236 [INFO ] [GNSS] configured=true (octowhere firmware/src/main.rs:1368)
1.753114 [INFO ] [GNSS] reference time 2026-10-08 20:39:37 sent=true (octowhere firmware/src/main.rs:2665)
9.000136 [INFO ] [STARTUP] board 1a38 (octowhere firmware/src/main.rs:303)
9.000257 [INFO ] [STARTUP] reset power_on=true (octowhere firmware/src/main.rs:304)
9.000296 [INFO ] [STARTUP] load-group read 515153 (octowhere firmware/src/main.rs:308)
9.000343 [INFO ] [STARTUP] load-members read 569563 (octowhere firmware/src/main.rs:308)
9.000376 [INFO ] [STARTUP] load-restored read 569672 (octowhere firmware/src/main.rs:308)
9.000409 [INFO ] [STARTUP] load-rest read 583493 (octowhere firmware/src/main.rs:308)
9.000439 [INFO ] [STARTUP] load-kept read 592769 (octowhere firmware/src/main.rs:308)
9.000470 [INFO ] [STARTUP] main enter 7376398 (octowhere firmware/src/main.rs:315)
9.000520 [INFO ] [STARTUP] esp_hal init 464878 (octowhere firmware/src/main.rs:315)
9.000573 [INFO ] [STARTUP] psram ready 471665 (octowhere firmware/src/main.rs:315)
9.000625 [INFO ] [STARTUP] settings loaded 514235 (octowhere firmware/src/main.rs:315)
9.000680 [INFO ] [STARTUP] trng on 514340 (octowhere firmware/src/main.rs:315)
9.000729 [INFO ] [STARTUP] mesh-store read 592804 (octowhere firmware/src/main.rs:315)
9.000783 [INFO ] [STARTUP] identity made 616066 (octowhere firmware/src/main.rs:315)
9.000836 [INFO ] [STARTUP] mesh-store loaded 617290 (octowhere firmware/src/main.rs:315)
9.000892 [INFO ] [STARTUP] core1 starting 617652 (octowhere firmware/src/main.rs:315)
9.000947 [INFO ] [STARTUP] core1 started 635084 (octowhere firmware/src/main.rs:315)
9.001000 [INFO ] [STARTUP] core1 enter 635309 (octowhere firmware/src/main.rs:315)
9.001053 [INFO ] [STARTUP] bring_up enter 638760 (octowhere firmware/src/main.rs:315)
9.001107 [INFO ] [STARTUP] frame_loop first 638952 (octowhere firmware/src/main.rs:315)
9.001163 [INFO ] [STARTUP] frame_loop drawn 658159 (octowhere firmware/src/main.rs:315)
9.001271 [INFO ] [STARTUP] i2c powered 718907 (octowhere firmware/src/main.rs:315)
9.001323 [INFO ] [STARTUP] POWER start 719375 (octowhere firmware/src/main.rs:315)
9.001375 [INFO ] [STARTUP] POWER answered 721228 (octowhere firmware/src/main.rs:315)
9.001430 [INFO ] [STARTUP] exio reset 742945 (octowhere firmware/src/main.rs:315)
9.001481 [INFO ] [STARTUP] CLOCK start 743115 (octowhere firmware/src/main.rs:315)
9.001533 [INFO ] [STARTUP] TOUCH start 743199 (octowhere firmware/src/main.rs:315)
9.001585 [INFO ] [STARTUP] MOTION start 743249 (octowhere firmware/src/main.rs:315)
9.001638 [INFO ] [STARTUP] MAGNET start 743326 (octowhere firmware/src/main.rs:315)
9.001691 [INFO ] [STARTUP] CLOCK answered 743962 (octowhere firmware/src/main.rs:315)
9.001746 [INFO ] [STARTUP] TOUCH answered 854540 (octowhere firmware/src/main.rs:315)
9.001800 [INFO ] [STARTUP] MAGNET answered 887517 (octowhere firmware/src/main.rs:315)
9.001855 [INFO ] [STARTUP] MOTION answered 895465 (octowhere firmware/src/main.rs:315)
9.001910 [INFO ] [STARTUP] display up 897980 (octowhere firmware/src/main.rs:315)
9.001961 [INFO ] [STARTUP] flush0 start 897997 (octowhere firmware/src/main.rs:315)
9.002014 [INFO ] [STARTUP] flush0 end 909787 (octowhere firmware/src/main.rs:315)
9.002065 [INFO ] [STARTUP] flush1 start 909856 (octowhere firmware/src/main.rs:315)
9.002118 [INFO ] [STARTUP] frame_loop handed 909960 (octowhere firmware/src/main.rs:315)
9.002174 [INFO ] [STARTUP] flush1 end 938498 (octowhere firmware/src/main.rs:315)
9.002267 [INFO ] [STARTUP] panel lit 938718 (octowhere firmware/src/main.rs:315)
9.002317 [INFO ] [STARTUP] gnss-settle end 1006539 (octowhere firmware/src/main.rs:315)
9.002371 [INFO ] [STARTUP] GNSS start 1006666 (octowhere firmware/src/main.rs:315)
9.002422 [INFO ] [STARTUP] GNSS answered 1026805 (octowhere firmware/src/main.rs:315)
9.002476 [INFO ] [STARTUP] RADIO start 1027215 (octowhere firmware/src/main.rs:315)
9.002528 [INFO ] [STARTUP] RADIO answered 1030438 (octowhere firmware/src/main.rs:315)
9.002583 [INFO ] [STARTUP] bring_up exit 1075388 (octowhere firmware/src/main.rs:315)
9.002635 [INFO ] [STARTUP] GNSS-config end 1719268 (octowhere firmware/src/main.rs:315)
9.002689 [INFO ] [STARTUP] startup over 6112198 (octowhere firmware/src/main.rs:315)
9.002742 [INFO ] [STARTUP] done (octowhere firmware/src/main.rs:317)
