7.160447 [INFO ] [CTRLBENCH] scan lines [0, 0, 0, 0, 0, 0, 0, 0, 0, 0, 0, 0, 0, 0, 0, 0] (octowhere firmware/src/controls_bench.rs:77)
8.160567 [INFO ] [CTRLBENCH] te vblank at 150: 60 a second (octowhere firmware/src/controls_bench.rs:79)
9.160981 [INFO ] [CTRLBENCH] te off: 0 a second (octowhere firmware/src/controls_bench.rs:84)
10.161429 [INFO ] [CTRLBENCH] te v and h blank: 26342 a second (octowhere firmware/src/controls_bench.rs:86)
11.161859 [INFO ] [CTRLBENCH] te back at 150: 184 a second (octowhere firmware/src/controls_bench.rs:93)
11.162176 [INFO ] [CTRLBENCH] partial: rows 150 to 315 only (octowhere firmware/src/controls_bench.rs:60)
17.162499 [INFO ] [CTRLBENCH] normal again (octowhere firmware/src/controls_bench.rs:60)
23.162819 [INFO ] [CTRLBENCH] idle: eight colours (octowhere firmware/src/controls_bench.rs:60)
29.163289 [INFO ] [CTRLBENCH] high-brightness mode at 255 (octowhere firmware/src/controls_bench.rs:60)
35.163686 [INFO ] [CTRLBENCH] plain level again (octowhere firmware/src/controls_bench.rs:60)
41.164089 [INFO ] [CTRLBENCH] sunlight low (octowhere firmware/src/controls_bench.rs:60)
47.164487 [INFO ] [CTRLBENCH] sunlight medium (octowhere firmware/src/controls_bench.rs:60)
53.164873 [INFO ] [CTRLBENCH] sunlight high (octowhere firmware/src/controls_bench.rs:60)
59.165274 [INFO ] [CTRLBENCH] current limit on (octowhere firmware/src/controls_bench.rs:60)
65.165698 [INFO ] [CTRLBENCH] deep standby (octowhere firmware/src/controls_bench.rs:60)
72.438343 [INFO ] [CTRLBENCH] after deep standby: te 59 a second (octowhere firmware/src/controls_bench.rs:136)
72.438377 [INFO ] [CTRLBENCH] back from deep standby (octowhere firmware/src/controls_bench.rs:60)
78.438524 [INFO ] [CTRLBENCH] round 1 (octowhere firmware/src/controls_bench.rs:67)
78.450422 [INFO ] [CTRLBENCH] pattern at the plain level (octowhere firmware/src/controls_bench.rs:60)
84.472061 [INFO ] [CTRLBENCH] scan lines [0, 0, 0, 0, 0, 0, 0, 0, 0, 0, 0, 0, 0, 0, 0, 0] (octowhere firmware/src/controls_bench.rs:77)
85.472195 [INFO ] [CTRLBENCH] te vblank at 150: 59 a second (octowhere firmware/src/controls_bench.rs:79)
86.472596 [INFO ] [CTRLBENCH] te off: 0 a second (octowhere firmware/src/controls_bench.rs:84)
87.472965 [INFO ] [CTRLBENCH] te v and h blank: 26382 a second (octowhere firmware/src/controls_bench.rs:86)
88.473393 [INFO ] [CTRLBENCH] te back at 150: 360 a second (octowhere firmware/src/controls_bench.rs:93)
88.473727 [INFO ] [CTRLBENCH] partial: rows 150 to 315 only (octowhere firmware/src/controls_bench.rs:60)
94.474068 [INFO ] [CTRLBENCH] normal again (octowhere firmware/src/controls_bench.rs:60)
100.474403 [INFO ] [CTRLBENCH] idle: eight colours (octowhere firmware/src/controls_bench.rs:60)
106.474864 [INFO ] [CTRLBENCH] high-brightness mode at 255 (octowhere firmware/src/controls_bench.rs:60)
112.475273 [INFO ] [CTRLBENCH] plain level again (octowhere firmware/src/controls_bench.rs:60)
118.475681 [INFO ] [CTRLBENCH] sunlight low (octowhere firmware/src/controls_bench.rs:60)
124.476076 [INFO ] [CTRLBENCH] sunlight medium (octowhere firmware/src/controls_bench.rs:60)
130.476468 [INFO ] [CTRLBENCH] sunlight high (octowhere firmware/src/controls_bench.rs:60)
136.476874 [INFO ] [CTRLBENCH] current limit on (octowhere firmware/src/controls_bench.rs:60)
142.477290 [INFO ] [CTRLBENCH] deep standby (octowhere firmware/src/controls_bench.rs:60)
149.749786 [INFO ] [CTRLBENCH] after deep standby: te 59 a second (octowhere firmware/src/controls_bench.rs:136)
149.749822 [INFO ] [CTRLBENCH] back from deep standby (octowhere firmware/src/controls_bench.rs:60)
155.749954 [INFO ] [CTRLBENCH] round 2 (octowhere firmware/src/controls_bench.rs:67)
155.761855 [INFO ] [CTRLBENCH] pattern at the plain level (octowhere firmware/src/controls_bench.rs:60)
161.783495 [INFO ] [CTRLBENCH] scan lines [0, 0, 0, 0, 0, 0, 0, 0, 0, 0, 0, 0, 0, 0, 0, 0] (octowhere firmware/src/controls_bench.rs:77)
162.783617 [INFO ] [CTRLBENCH] te vblank at 150: 59 a second (octowhere firmware/src/controls_bench.rs:79)
163.784012 [INFO ] [CTRLBENCH] te off: 0 a second (octowhere firmware/src/controls_bench.rs:84)
164.784331 [INFO ] [CTRLBENCH] te v and h blank: 26459 a second (octowhere firmware/src/controls_bench.rs:86)
165.784743 [INFO ] [CTRLBENCH] te back at 150: 73 a second (octowhere firmware/src/controls_bench.rs:93)
165.785070 [INFO ] [CTRLBENCH] partial: rows 150 to 315 only (octowhere firmware/src/controls_bench.rs:60)
171.785402 [INFO ] [CTRLBENCH] normal again (octowhere firmware/src/controls_bench.rs:60)
177.785741 [INFO ] [CTRLBENCH] idle: eight colours (octowhere firmware/src/controls_bench.rs:60)
183.786190 [INFO ] [CTRLBENCH] high-brightness mode at 255 (octowhere firmware/src/controls_bench.rs:60)
189.786589 [INFO ] [CTRLBENCH] plain level again (octowhere firmware/src/controls_bench.rs:60)
195.786990 [INFO ] [CTRLBENCH] sunlight low (octowhere firmware/src/controls_bench.rs:60)
