I (273) esp_image: segment 3: paddr=000b9ef4 vaddr=00000000 size1.852438 [INFO ] [FLUSHBENCH] case=full region=frame shift=0,0 n=64 min=11505 median=11506 p90=11580 max=11824 (octowhere firmware/src/flush_bench.rs:36)
2.616700 [INFO ] [FLUSHBENCH] case=full region=frame shift=3,0 n=64 min=11562 median=11635 p90=11851 max=19875 (octowhere firmware/src/flush_bench.rs:36)
3.364946 [INFO ] [FLUSHBENCH] case=full region=frame shift=2,2 n=64 min=11542 median=11565 p90=12004 max=12543 (octowhere firmware/src/flush_bench.rs:36)
4.105404 [INFO ] [FLUSHBENCH] case=full region=frame shift=0,3 n=64 min=11531 median=11532 p90=11533 max=12413 (octowhere firmware/src/flush_bench.rs:36)
4.848288 [INFO ] [FLUSHBENCH] case=full region=frame shift=-2,2 n=64 min=11543 median=11544 p90=11741 max=12411 (octowhere firmware/src/flush_bench.rs:36)
5.592875 [INFO ] [FLUSHBENCH] case=full region=frame shift=-3,0 n=64 min=11561 median=11562 p90=11747 max=12440 (octowhere firmware/src/flush_bench.rs:36)
6.336839 [INFO ] [FLUSHBENCH] case=full region=frame shift=-2,-2 n=64 min=11559 median=11561 p90=11701 max=12416 (octowhere firmware/src/flush_bench.rs:36)
7.079931 [INFO ] [FLUSHBENCH] case=full region=frame shift=0,-3 n=64 min=11556 median=11557 p90=11697 max=12489 (octowhere firmware/src/flush_bench.rs:36)
7.824245 [INFO ] [FLUSHBENCH] case=full region=frame shift=2,-2 n=64 min=11559 median=11561 p90=11738 max=12482 (octowhere firmware/src/flush_bench.rs:36)
8.021819 [INFO ] [FLUSHBENCH] case=before region=band shift=0,0 n=64 min=3064 median=3066 p90=3067 max=3687 (octowhere firmware/src/flush_bench.rs:36)
8.221150 [INFO ] [FLUSHBENCH] case=region region=band shift=0,0 n=64 min=3078 median=3081 p90=3112 max=3888 (octowhere firmware/src/flush_bench.rs:36)
8.421045 [INFO ] [FLUSHBENCH] case=region region=band shift=3,0 n=64 min=3085 median=3087 p90=3109 max=3869 (octowhere firmware/src/flush_bench.rs:36)
8.618573 [INFO ] [FLUSHBENCH] case=region region=band shift=2,2 n=64 min=3082 median=3084 p90=3085 max=3109 (octowhere firmware/src/flush_bench.rs:36)
8.642376 [INFO ] [FLUSHBENCH] case=before region=gauge shift=0,0 n=64 min=367 median=367 p90=368 max=518 (octowhere firmware/src/flush_bench.rs:36)
8.668139 [INFO ] [FLUSHBENCH] case=region region=gauge shift=0,0 n=64 min=381 median=382 p90=450 max=665 (octowhere firmware/src/flush_bench.rs:36)
8.693425 [INFO ] [FLUSHBENCH] case=region region=gauge shift=3,0 n=64 min=393 median=393 p90=393 max=408 (octowhere firmware/src/flush_bench.rs:36)
8.717959 [INFO ] [FLUSHBENCH] case=region region=gauge shift=2,2 n=64 min=381 median=382 p90=382 max=382 (octowhere firmware/src/flush_bench.rs:36)
9.039118 [INFO ] [FLUSHBENCH] case=before region=compass shift=0,0 n=64 min=4926 median=4928 p90=5064 max=7454 (octowhere firmware/src/flush_bench.rs:36)
9.360458 [INFO ] [FLUSHBENCH] case=region region=compass shift=0,0 n=64 min=4949 median=4954 p90=5114 max=5862 (octowhere firmware/src/flush_bench.rs:36)
9.678608 [INFO ] [FLUSHBENCH] case=region region=compass shift=3,0 n=64 min=4921 median=4922 p90=4943 max=5961 (octowhere firmware/src/flush_bench.rs:36)
9.996822 [INFO ] [FLUSHBENCH] case=region region=compass shift=2,2 n=64 min=4949 median=4951 p90=4952 max=5803 (octowhere firmware/src/flush_bench.rs:36)
10.006474 [INFO ] [FLUSHBENCH] case=before region=small shift=0,0 n=64 min=145 median=146 p90=146 max=312 (octowhere firmware/src/flush_bench.rs:36)
10.017347 [INFO ] [FLUSHBENCH] case=region region=small shift=0,0 n=64 min=167 median=168 p90=168 max=181 (octowhere firmware/src/flush_bench.rs:36)
10.028824 [INFO ] [FLUSHBENCH] case=region region=small shift=3,0 n=64 min=177 median=178 p90=178 max=180 (octowhere firmware/src/flush_bench.rs:36)
10.039673 [INFO ] [FLUSHBENCH] case=region region=small shift=2,2 n=64 min=167 median=168 p90=168 max=168 (octowhere firmware/src/flush_bench.rs:36)
10.045863 [INFO ] [FLUSHBENCH] case=before region=rows shift=0,0 n=64 min=94 median=95 p90=95 max=109 (octowhere firmware/src/flush_bench.rs:36)
10.052171 [INFO ] [FLUSHBENCH] case=region region=rows shift=0,0 n=64 min=96 median=97 p90=97 max=97 (octowhere firmware/src/flush_bench.rs:36)
10.058694 [INFO ] [FLUSHBENCH] case=region region=rows shift=3,0 n=64 min=100 median=100 p90=101 max=101 (octowhere firmware/src/flush_bench.rs:36)
10.065063 [INFO ] [FLUSHBENCH] case=region region=rows shift=2,2 n=64 min=97 median=98 p90=98 max=98 (octowhere firmware/src/flush_bench.rs:36)
10.065122 [INFO ] [FLUSHBENCH] round 1 (octowhere firmware/src/flush_bench.rs:57)
10.805452 [INFO ] [FLUSHBENCH] case=full region=frame shift=0,0 n=64 min=11505 median=11506 p90=11691 max=12250 (octowhere firmware/src/flush_bench.rs:36)
11.550196 [INFO ] [FLUSHBENCH] case=full region=frame shift=3,0 n=64 min=11561 median=11563 p90=11747 max=12537 (octowhere firmware/src/flush_bench.rs:36)
12.293176 [INFO ] [FLUSHBENCH] case=full region=frame shift=2,2 n=64 min=11542 median=11544 p90=11727 max=12441 (octowhere firmware/src/flush_bench.rs:36)
13.034464 [INFO ] [FLUSHBENCH] case=full region=frame shift=0,3 n=64 min=11531 median=11532 p90=11658 max=12547 (octowhere firmware/src/flush_bench.rs:36)
13.777691 [INFO ] [FLUSHBENCH] case=full region=frame shift=-2,2 n=64 min=11543 median=11544 p90=11739 max=12406 (octowhere firmware/src/flush_bench.rs:36)
14.522540 [INFO ] [FLUSHBENCH] case=full region=frame shift=-3,0 n=64 min=11561 median=11562 p90=11791 max=12419 (octowhere firmware/src/flush_bench.rs:36)
15.267372 [INFO ] [FLUSHBENCH] case=full region=frame shift=-2,-2 n=64 min=11559 median=11561 p90=11844 max=12701 (octowhere firmware/src/flush_bench.rs:36)
16.010269 [INFO ] [FLUSHBENCH] case=full region=frame shift=0,-3 n=64 min=11556 median=11557 p90=11611 max=12443 (octowhere firmware/src/flush_bench.rs:36)
16.754562 [INFO ] [FLUSHBENCH] case=full region=frame shift=2,-2 n=64 min=11559 median=11561 p90=11781 max=12810 (octowhere firmware/src/flush_bench.rs:36)
16.951062 [INFO ] [FLUSHBENCH] case=before region=band shift=0,0 n=64 min=3064 median=3066 p90=3067 max=3206 (octowhere firmware/src/flush_bench.rs:36)
17.149842 [INFO ] [FLUSHBENCH] case=region region=band shift=0,0 n=64 min=3078 median=3080 p90=3101 max=3859 (octowhere firmware/src/flush_bench.rs:36)
17.350875 [INFO ] [FLUSHBENCH] case=region region=band shift=3,0 n=64 min=3085 median=3089 p90=3198 max=4056 (octowhere firmware/src/flush_bench.rs:36)
17.549922 [INFO ] [FLUSHBENCH] case=region region=band shift=2,2 n=64 min=3082 median=3084 p90=3085 max=4109 (octowhere firmware/src/flush_bench.rs:36)
17.573732 [INFO ] [FLUSHBENCH] case=before region=gauge shift=0,0 n=64 min=367 median=367 p90=368 max=528 (octowhere firmware/src/flush_bench.rs:36)
17.598307 [INFO ] [FLUSHBENCH] case=region region=gauge shift=0,0 n=64 min=381 median=382 p90=382 max=412 (octowhere firmware/src/flush_bench.rs:36)
17.623570 [INFO ] [FLUSHBENCH] case=region region=gauge shift=3,0 n=64 min=393 median=393 p90=394 max=394 (octowhere firmware/src/flush_bench.rs:36)
17.648106 [INFO ] [FLUSHBENCH] case=region region=gauge shift=2,2 n=64 min=381 median=382 p90=382 max=382 (octowhere firmware/src/flush_bench.rs:36)
17.964832 [INFO ] [FLUSHBENCH] case=before region=compass shift=0,0 n=64 min=4921 median=4928 p90=4929 max=5747 (octowhere firmware/src/flush_bench.rs:36)
18.285952 [INFO ] [FLUSHBENCH] case=region region=compass shift=0,0 n=64 min=4949 median=4956 p90=5136 max=5920 (octowhere firmware/src/flush_bench.rs:36)
18.602558 [INFO ] [FLUSHBENCH] case=region region=compass shift=3,0 n=64 min=4921 median=4923 p90=4923 max=5877 (octowhere firmware/src/flush_bench.rs:36)
18.920998 [INFO ] [FLUSHBENCH] case=region region=compass shift=2,2 n=64 min=4949 median=4951 p90=4952 max=5712 (octowhere firmware/src/flush_bench.rs:36)
18.930650 [INFO ] [FLUSHBENCH] case=before region=small shift=0,0 n=64 min=145 median=146 p90=146 max=319 (octowhere firmware/src/flush_bench.rs:36)
18.941518 [INFO ] [FLUSHBENCH] case=region region=small shift=0,0 n=64 min=167 median=168 p90=168 max=176 (octowhere firmware/src/flush_bench.rs:36)
18.952995 [INFO ] [FLUSHBENCH] case=region region=small shift=3,0 n=64 min=177 median=178 p90=178 max=181 (octowhere firmware/src/flush_bench.rs:36)
18.963847 [INFO ] [FLUSHBENCH] case=region region=small shift=2,2 n=64 min=167 median=168 p90=168 max=168 (octowhere firmware/src/flush_bench.rs:36)
18.970037 [INFO ] [FLUSHBENCH] case=before region=rows shift=0,0 n=64 min=94 median=95 p90=95 max=108 (octowhere firmware/src/flush_bench.rs:36)
18.976342 [INFO ] [FLUSHBENCH] case=region region=rows shift=0,0 n=64 min=96 median=97 p90=97 max=97 (octowhere firmware/src/flush_bench.rs:36)
18.982866 [INFO ] [FLUSHBENCH] case=region region=rows shift=3,0 n=64 min=100 median=100 p90=101 max=101 (octowhere firmware/src/flush_bench.rs:36)
18.989235 [INFO ] [FLUSHBENCH] case=region region=rows shift=2,2 n=64 min=97 median=98 p90=98 max=98 (octowhere firmware/src/flush_bench.rs:36)
18.989297 [INFO ] [FLUSHBENCH] round 2 (octowhere firmware/src/flush_bench.rs:57)
19.729274 [INFO ] [FLUSHBENCH] case=full region=frame shift=0,0 n=64 min=11505 median=11506 p90=11677 max=12142 (octowhere firmware/src/flush_bench.rs:36)
20.478375 [INFO ] [FLUSHBENCH] case=full region=frame shift=3,0 n=64 min=11561 median=11564 p90=11918 max=13580 (octowhere firmware/src/flush_bench.rs:36)
21.220488 [INFO ] [FLUSHBENCH] case=full region=frame shift=2,2 n=64 min=11542 median=11543 p90=11698 max=12356 (octowhere firmware/src/flush_bench.rs:36)
21.962480 [INFO ] [FLUSHBENCH] case=full region=frame shift=0,3 n=64 min=11531 median=11532 p90=11685 max=12398 (octowhere firmware/src/flush_bench.rs:36)
22.705844 [INFO ] [FLUSHBENCH] case=full region=frame shift=-2,2 n=64 min=11543 median=11544 p90=11726 max=12545 (octowhere firmware/src/flush_bench.rs:36)
23.450284 [INFO ] [FLUSHBENCH] case=full region=frame shift=-3,0 n=64 min=11561 median=11562 p90=11751 max=12548 (octowhere firmware/src/flush_bench.rs:36)
24.193597 [INFO ] [FLUSHBENCH] case=full region=frame shift=-2,-2 n=64 min=11559 median=11560 p90=11701 max=12505 (octowhere firmware/src/flush_bench.rs:36)
24.937260 [INFO ] [FLUSHBENCH] case=full region=frame shift=0,-3 n=64 min=11556 median=11557 p90=11738 max=12432 (octowhere firmware/src/flush_bench.rs:36)
25.681774 [INFO ] [FLUSHBENCH] case=full region=frame shift=2,-2 n=64 min=11559 median=11561 p90=11759 max=12524 (octowhere firmware/src/flush_bench.rs:36)
25.879316 [INFO ] [FLUSHBENCH] case=before region=band shift=0,0 n=64 min=3064 median=3066 p90=3067 max=3654 (octowhere firmware/src/flush_bench.rs:36)
26.076745 [INFO ] [FLUSHBENCH] case=region region=band shift=0,0 n=64 min=3078 median=3080 p90=3081 max=3253 (octowhere firmware/src/flush_bench.rs:36)
26.276782 [INFO ] [FLUSHBENCH] case=region region=band shift=3,0 n=64 min=3085 median=3088 p90=3163 max=3806 (octowhere firmware/src/flush_bench.rs:36)
26.475919 [INFO ] [FLUSHBENCH] case=region region=band shift=2,2 n=64 min=3082 median=3084 p90=3085 max=3992 (octowhere firmware/src/flush_bench.rs:36)
26.499756 [INFO ] [FLUSHBENCH] case=before region=gauge shift=0,0 n=64 min=367 median=367 p90=368 max=541 (octowhere firmware/src/flush_bench.rs:36)
26.524332 [INFO ] [FLUSHBENCH] case=region region=gauge shift=0,0 n=64 min=381 median=382 p90=382 max=413 (octowhere firmware/src/flush_bench.rs:36)
26.549594 [INFO ] [FLUSHBENCH] case=region region=gauge shift=3,0 n=64 min=393 median=393 p90=394 max=394 (octowhere firmware/src/flush_bench.rs:36)
26.574130 [INFO ] [FLUSHBENCH] case=region region=gauge shift=2,2 n=64 min=381 median=382 p90=382 max=382 (octowhere firmware/src/flush_bench.rs:36)
26.891379 [INFO ] [FLUSHBENCH] case=before region=compass shift=0,0 n=64 min=4921 median=4927 p90=4929 max=5719 (octowhere firmware/src/flush_bench.rs:36)
27.210333 [INFO ] [FLUSHBENCH] case=region region=compass shift=0,0 n=64 min=4949 median=4951 p90=4992 max=6057 (octowhere firmware/src/flush_bench.rs:36)
27.528149 [INFO ] [FLUSHBENCH] case=region region=compass shift=3,0 n=64 min=4921 median=4923 p90=4953 max=5911 (octowhere firmware/src/flush_bench.rs:36)
27.846278 [INFO ] [FLUSHBENCH] case=region region=compass shift=2,2 n=64 min=4949 median=4950 p90=4952 max=5622 (octowhere firmware/src/flush_bench.rs:36)
27.856829 [INFO ] [FLUSHBENCH] case=before region=small shift=0,0 n=64 min=145 median=146 p90=191 max=312 (octowhere firmware/src/flush_bench.rs:36)
27.867969 [INFO ] [FLUSHBENCH] case=region region=small shift=0,0 n=64 min=167 median=168 p90=168 max=383 (octowhere firmware/src/flush_bench.rs:36)
27.879456 [INFO ] [FLUSHBENCH] case=region region=small shift=3,0 n=64 min=177 median=178 p90=178 max=186 (octowhere firmware/src/flush_bench.rs:36)
27.890308 [INFO ] [FLUSHBENCH] case=region region=small shift=2,2 n=64 min=167 median=168 p90=168 max=168 (octowhere firmware/src/flush_bench.rs:36)
27.896559 [INFO ] [FLUSHBENCH] case=before region=rows shift=0,0 n=64 min=94 median=95 p90=95 max=162 (octowhere firmware/src/flush_bench.rs:36)
27.902870 [INFO ] [FLUSHBENCH] case=region region=rows shift=0,0 n=64 min=96 median=97 p90=97 max=101 (octowhere firmware/src/flush_bench.rs:36)
27.909392 [INFO ] [FLUSHBENCH] case=region region=rows shift=3,0 n=64 min=100 median=100 p90=101 max=101 (octowhere firmware/src/flush_bench.rs:36)
27.915762 [INFO ] [FLUSHBENCH] case=region region=rows shift=2,2 n=64 min=97 median=98 p90=98 max=98 (octowhere firmware/src/flush_bench.rs:36)
27.915822 [INFO ] [FLUSHBENCH] round 3 (octowhere firmware/src/flush_bench.rs:57)
28.656114 [INFO ] [FLUSHBENCH] case=full region=frame shift=0,0 n=64 min=11505 median=11506 p90=11705 max=12405 (octowhere firmware/src/flush_bench.rs:36)
29.401572 [INFO ] [FLUSHBENCH] case=full region=frame shift=3,0 n=64 min=11561 median=11563 p90=11840 max=12516 (octowhere firmware/src/flush_bench.rs:36)
30.144002 [INFO ] [FLUSHBENCH] case=full region=frame shift=2,2 n=64 min=11542 median=11543 p90=11697 max=12355 (octowhere firmware/src/flush_bench.rs:36)
30.885791 [INFO ] [FLUSHBENCH] case=full region=frame shift=0,3 n=64 min=11531 median=11532 p90=11669 max=12519 (octowhere firmware/src/flush_bench.rs:36)
31.628792 [INFO ] [FLUSHBENCH] case=full region=frame shift=-2,2 n=64 min=11543 median=11544 p90=11730 max=12542 (octowhere firmware/src/flush_bench.rs:36)
32.372987 [INFO ] [FLUSHBENCH] case=full region=frame shift=-3,0 n=64 min=11561 median=11562 p90=11805 max=12433 (octowhere firmware/src/flush_bench.rs:36)
33.116078 [INFO ] [FLUSHBENCH] case=full region=frame shift=-2,-2 n=64 min=11559 median=11560 p90=11670 max=12436 (octowhere firmware/src/flush_bench.rs:36)
33.860649 [INFO ] [FLUSHBENCH] case=full region=frame shift=0,-3 n=64 min=11556 median=11557 p90=11794 max=12414 (octowhere firmware/src/flush_bench.rs:36)
34.604996 [INFO ] [FLUSHBENCH] case=full region=frame shift=2,-2 n=64 min=11559 median=11561 p90=11781 max=12513 (octowhere firmware/src/flush_bench.rs:36)
34.802645 [INFO ] [FLUSHBENCH] case=before region=band shift=0,0 n=64 min=3064 median=3066 p90=3067 max=3846 (octowhere firmware/src/flush_bench.rs:36)
35.001296 [INFO ] [FLUSHBENCH] case=region region=band shift=0,0 n=64 min=3078 median=3080 p90=3081 max=3771 (octowhere firmware/src/flush_bench.rs:36)
35.200642 [INFO ] [FLUSHBENCH] case=region region=band shift=3,0 n=64 min=3085 median=3087 p90=3107 max=4073 (octowhere firmware/src/flush_bench.rs:36)
35.399085 [INFO ] [FLUSHBENCH] case=region region=band shift=2,2 n=64 min=3082 median=3084 p90=3108 max=3596 (octowhere firmware/src/flush_bench.rs:36)
35.422891 [INFO ] [FLUSHBENCH] case=before region=gauge shift=0,0 n=64 min=367 median=367 p90=368 max=520 (octowhere firmware/src/flush_bench.rs:36)
35.448760 [INFO ] [FLUSHBENCH] case=region region=gauge shift=0,0 n=64 min=381 median=382 p90=454 max=711 (octowhere firmware/src/flush_bench.rs:36)
35.474074 [INFO ] [FLUSHBENCH] case=region region=gauge shift=3,0 n=64 min=393 median=393 p90=394 max=422 (octowhere firmware/src/flush_bench.rs:36)
35.498608 [INFO ] [FLUSHBENCH] case=region region=gauge shift=2,2 n=64 min=381 median=382 p90=382 max=382 (octowhere firmware/src/flush_bench.rs:36)
35.815164 [INFO ] [FLUSHBENCH] case=before region=compass shift=0,0 n=64 min=4926 median=4928 p90=4929 max=5615 (octowhere firmware/src/flush_bench.rs:36)
36.133682 [INFO ] [FLUSHBENCH] case=region region=compass shift=0,0 n=64 min=4949 median=4951 p90=4968 max=5856 (octowhere firmware/src/flush_bench.rs:36)
36.452840 [INFO ] [FLUSHBENCH] case=region region=compass shift=3,0 n=64 min=4921 median=4923 p90=5056 max=5895 (octowhere firmware/src/flush_bench.rs:36)
36.771096 [INFO ] [FLUSHBENCH] case=region region=compass shift=2,2 n=64 min=4949 median=4951 p90=4952 max=5780 (octowhere firmware/src/flush_bench.rs:36)
36.780736 [INFO ] [FLUSHBENCH] case=before region=small shift=0,0 n=64 min=145 median=146 p90=146 max=310 (octowhere firmware/src/flush_bench.rs:36)
36.791623 [INFO ] [FLUSHBENCH] case=region region=small shift=0,0 n=64 min=167 median=168 p90=168 max=190 (octowhere firmware/src/flush_bench.rs:36)
36.803101 [INFO ] [FLUSHBENCH] case=region region=small shift=3,0 n=64 min=177 median=178 p90=178 max=180 (octowhere firmware/src/flush_bench.rs:36)
36.813956 [INFO ] [FLUSHBENCH] case=region region=small shift=2,2 n=64 min=167 median=168 p90=168 max=168 (octowhere firmware/src/flush_bench.rs:36)
36.820145 [INFO ] [FLUSHBENCH] case=before region=rows shift=0,0 n=64 min=94 median=95 p90=95 max=109 (octowhere firmware/src/flush_bench.rs:36)
36.826450 [INFO ] [FLUSHBENCH] case=region region=rows shift=0,0 n=64 min=96 median=97 p90=97 max=97 (octowhere firmware/src/flush_bench.rs:36)
36.832973 [INFO ] [FLUSHBENCH] case=region region=rows shift=3,0 n=64 min=100 median=100 p90=101 max=101 (octowhere firmware/src/flush_bench.rs:36)
36.839343 [INFO ] [FLUSHBENCH] case=region region=rows shift=2,2 n=64 min=97 median=98 p90=98 max=98 (octowhere firmware/src/flush_bench.rs:36)
36.839407 [INFO ] [FLUSHBENCH] round 4 (octowhere firmware/src/flush_bench.rs:57)
37.579957 [INFO ] [FLUSHBENCH] case=full region=frame shift=0,0 n=64 min=11505 median=11506 p90=11682 max=12239 (octowhere firmware/src/flush_bench.rs:36)
38.324411 [INFO ] [FLUSHBENCH] case=full region=frame shift=3,0 n=64 min=11561 median=11563 p90=11732 max=12548 (octowhere firmware/src/flush_bench.rs:36)
39.066311 [INFO ] [FLUSHBENCH] case=full region=frame shift=2,2 n=64 min=11542 median=11543 p90=11573 max=12466 (octowhere firmware/src/flush_bench.rs:36)
39.808596 [INFO ] [FLUSHBENCH] case=full region=frame shift=0,3 n=64 min=11531 median=11532 p90=11665 max=12835 (octowhere firmware/src/flush_bench.rs:36)
40.551995 [INFO ] [FLUSHBENCH] case=full region=frame shift=-2,2 n=64 min=11543 median=11544 p90=11697 max=12867 (octowhere firmware/src/flush_bench.rs:36)
41.296431 [INFO ] [FLUSHBENCH] case=full region=frame shift=-3,0 n=64 min=11561 median=11562 p90=11739 max=12457 (octowhere firmware/src/flush_bench.rs:36)
42.039478 [INFO ] [FLUSHBENCH] case=full region=frame shift=-2,-2 n=64 min=11559 median=11560 p90=11631 max=12344 (octowhere firmware/src/flush_bench.rs:36)
42.783372 [INFO ] [FLUSHBENCH] case=full region=frame shift=0,-3 n=64 min=11556 median=11557 p90=11713 max=12492 (octowhere firmware/src/flush_bench.rs:36)
43.527436 [INFO ] [FLUSHBENCH] case=full region=frame shift=2,-2 n=64 min=11559 median=11561 p90=11721 max=12494 (octowhere firmware/src/flush_bench.rs:36)
43.723956 [INFO ] [FLUSHBENCH] case=before region=band shift=0,0 n=64 min=3064 median=3066 p90=3067 max=3223 (octowhere firmware/src/flush_bench.rs:36)
43.922536 [INFO ] [FLUSHBENCH] case=region region=band shift=0,0 n=64 min=3078 median=3080 p90=3081 max=3867 (octowhere firmware/src/flush_bench.rs:36)
44.121662 [INFO ] [FLUSHBENCH] case=region region=band shift=3,0 n=64 min=3085 median=3087 p90=3114 max=3755 (octowhere firmware/src/flush_bench.rs:36)
44.321866 [INFO ] [FLUSHBENCH] case=region region=band shift=2,2 n=64 min=3082 median=3085 p90=3145 max=3846 (octowhere firmware/src/flush_bench.rs:36)
44.345677 [INFO ] [FLUSHBENCH] case=before region=gauge shift=0,0 n=64 min=367 median=367 p90=368 max=521 (octowhere firmware/src/flush_bench.rs:36)
44.370273 [INFO ] [FLUSHBENCH] case=region region=gauge shift=0,0 n=64 min=381 median=382 p90=382 max=427 (octowhere firmware/src/flush_bench.rs:36)
44.395536 [INFO ] [FLUSHBENCH] case=region region=gauge shift=3,0 n=64 min=393 median=393 p90=394 max=394 (octowhere firmware/src/flush_bench.rs:36)
44.420072 [INFO ] [FLUSHBENCH] case=region region=gauge shift=2,2 n=64 min=381 median=382 p90=382 max=382 (octowhere firmware/src/flush_bench.rs:36)
44.736991 [INFO ] [FLUSHBENCH] case=before region=compass shift=0,0 n=64 min=4921 median=4927 p90=4929 max=5749 (octowhere firmware/src/flush_bench.rs:36)
45.056196 [INFO ] [FLUSHBENCH] case=region region=compass shift=0,0 n=64 min=4949 median=4951 p90=4958 max=5653 (octowhere firmware/src/flush_bench.rs:36)
45.374665 [INFO ] [FLUSHBENCH] case=region region=compass shift=3,0 n=64 min=4921 median=4926 p90=5048 max=5970 (octowhere firmware/src/flush_bench.rs:36)
45.692826 [INFO ] [FLUSHBENCH] case=region region=compass shift=2,2 n=64 min=4949 median=4951 p90=4952 max=5731 (octowhere firmware/src/flush_bench.rs:36)
45.702451 [INFO ] [FLUSHBENCH] case=before region=small shift=0,0 n=64 min=145 median=146 p90=146 max=302 (octowhere firmware/src/flush_bench.rs:36)
45.713322 [INFO ] [FLUSHBENCH] case=region region=small shift=0,0 n=64 min=167 median=168 p90=168 max=176 (octowhere firmware/src/flush_bench.rs:36)
45.724799 [INFO ] [FLUSHBENCH] case=region region=small shift=3,0 n=64 min=177 median=178 p90=178 max=181 (octowhere firmware/src/flush_bench.rs:36)
45.735650 [INFO ] [FLUSHBENCH] case=region region=small shift=2,2 n=64 min=167 median=168 p90=168 max=168 (octowhere firmware/src/flush_bench.rs:36)
45.741840 [INFO ] [FLUSHBENCH] case=before region=rows shift=0,0 n=64 min=94 median=95 p90=95 max=109 (octowhere firmware/src/flush_bench.rs:36)
45.748148 [INFO ] [FLUSHBENCH] case=region region=rows shift=0,0 n=64 min=96 median=97 p90=97 max=97 (octowhere firmware/src/flush_bench.rs:36)
45.754672 [INFO ] [FLUSHBENCH] case=region region=rows shift=3,0 n=64 min=100 median=100 p90=101 max=101 (octowhere firmware/src/flush_bench.rs:36)
45.761041 [INFO ] [FLUSHBENCH] case=region region=rows shift=2,2 n=64 min=97 median=98 p90=98 max=98 (octowhere firmware/src/flush_bench.rs:36)
45.761106 [INFO ] [FLUSHBENCH] round 5 (octowhere firmware/src/flush_bench.rs:57)
46.501575 [INFO ] [FLUSHBENCH] case=full region=frame shift=0,0 n=64 min=11505 median=11506 p90=11660 max=12294 (octowhere firmware/src/flush_bench.rs:36)
47.245687 [INFO ] [FLUSHBENCH] case=full region=frame shift=3,0 n=64 min=11561 median=11563 p90=11737 max=12371 (octowhere firmware/src/flush_bench.rs:36)
47.987713 [INFO ] [FLUSHBENCH] case=full region=frame shift=2,2 n=64 min=11542 median=11543 p90=11577 max=12547 (octowhere firmware/src/flush_bench.rs:36)
48.729972 [INFO ] [FLUSHBENCH] case=full region=frame shift=0,3 n=64 min=11531 median=11533 p90=11691 max=12252 (octowhere firmware/src/flush_bench.rs:36)
49.473096 [INFO ] [FLUSHBENCH] case=full region=frame shift=-2,2 n=64 min=11543 median=11544 p90=11733 max=12375 (octowhere firmware/src/flush_bench.rs:36)
50.216241 [INFO ] [FLUSHBENCH] case=full region=frame shift=-3,0 n=64 min=11561 median=11562 p90=11697 max=12389 (octowhere firmware/src/flush_bench.rs:36)
50.959765 [INFO ] [FLUSHBENCH] case=full region=frame shift=-2,-2 n=64 min=11559 median=11560 p90=11707 max=12352 (octowhere firmware/src/flush_bench.rs:36)
51.703776 [INFO ] [FLUSHBENCH] case=full region=frame shift=0,-3 n=64 min=11556 median=11557 p90=11720 max=12474 (octowhere firmware/src/flush_bench.rs:36)
52.447802 [INFO ] [FLUSHBENCH] case=full region=frame shift=2,-2 n=64 min=11559 median=11561 p90=11728 max=12446 (octowhere firmware/src/flush_bench.rs:36)
52.645419 [INFO ] [FLUSHBENCH] case=before region=band shift=0,0 n=64 min=3064 median=3066 p90=3067 max=3704 (octowhere firmware/src/flush_bench.rs:36)
52.842854 [INFO ] [FLUSHBENCH] case=region region=band shift=0,0 n=64 min=3078 median=3080 p90=3081 max=3256 (octowhere firmware/src/flush_bench.rs:36)
53.041528 [INFO ] [FLUSHBENCH] case=region region=band shift=3,0 n=64 min=3085 median=3087 p90=3087 max=3746 (octowhere firmware/src/flush_bench.rs:36)
53.241643 [INFO ] [FLUSHBENCH] case=region region=band shift=2,2 n=64 min=3082 median=3088 p90=3210 max=3833 (octowhere firmware/src/flush_bench.rs:36)
53.265574 [INFO ] [FLUSHBENCH] case=before region=gauge shift=0,0 n=64 min=367 median=367 p90=368 max=525 (octowhere firmware/src/flush_bench.rs:36)
53.290194 [INFO ] [FLUSHBENCH] case=region region=gauge shift=0,0 n=64 min=381 median=382 p90=382 max=443 (octowhere firmware/src/flush_bench.rs:36)
53.315459 [INFO ] [FLUSHBENCH] case=region region=gauge shift=3,0 n=64 min=393 median=393 p90=394 max=395 (octowhere firmware/src/flush_bench.rs:36)
53.339994 [INFO ] [FLUSHBENCH] case=region region=gauge shift=2,2 n=64 min=381 median=382 p90=382 max=382 (octowhere firmware/src/flush_bench.rs:36)
53.657486 [INFO ] [FLUSHBENCH] case=before region=compass shift=0,0 n=64 min=4926 median=4928 p90=4931 max=5759 (octowhere firmware/src/flush_bench.rs:36)
53.975648 [INFO ] [FLUSHBENCH] case=region region=compass shift=0,0 n=64 min=4949 median=4950 p90=4952 max=5740 (octowhere firmware/src/flush_bench.rs:36)
54.293344 [INFO ] [FLUSHBENCH] case=region region=compass shift=3,0 n=64 min=4921 median=4924 p90=4993 max=5905 (octowhere firmware/src/flush_bench.rs:36)
54.612085 [INFO ] [FLUSHBENCH] case=region region=compass shift=2,2 n=64 min=4949 median=4950 p90=4952 max=5978 (octowhere firmware/src/flush_bench.rs:36)
54.621722 [INFO ] [FLUSHBENCH] case=before region=small shift=0,0 n=64 min=145 median=146 p90=146 max=304 (octowhere firmware/src/flush_bench.rs:36)
54.633722 [INFO ] [FLUSHBENCH] case=region region=small shift=0,0 n=64 min=167 median=168 p90=245 max=291 (octowhere firmware/src/flush_bench.rs:36)
54.645234 [INFO ] [FLUSHBENCH] case=region region=small shift=3,0 n=64 min=177 median=178 p90=178 max=202 (octowhere firmware/src/flush_bench.rs:36)
54.656086 [INFO ] [FLUSHBENCH] case=region region=small shift=2,2 n=64 min=167 median=168 p90=168 max=168 (octowhere firmware/src/flush_bench.rs:36)
54.662400 [INFO ] [FLUSHBENCH] case=before region=rows shift=0,0 n=64 min=94 median=95 p90=95 max=207 (octowhere firmware/src/flush_bench.rs:36)
54.668730 [INFO ] [FLUSHBENCH] case=region region=rows shift=0,0 n=64 min=96 median=97 p90=97 max=121 (octowhere firmware/src/flush_bench.rs:36)
54.675255 [INFO ] [FLUSHBENCH] case=region region=rows shift=3,0 n=64 min=100 median=100 p90=101 max=101 (octowhere firmware/src/flush_bench.rs:36)
54.681624 [INFO ] [FLUSHBENCH] case=region region=rows shift=2,2 n=64 min=97 median=98 p90=98 max=98 (octowhere firmware/src/flush_bench.rs:36)
54.681708 [INFO ] [FLUSHBENCH] round 6 (octowhere firmware/src/flush_bench.rs:57)
55.422239 [INFO ] [FLUSHBENCH] case=full region=frame shift=0,0 n=64 min=11505 median=11506 p90=11688 max=12262 (octowhere firmware/src/flush_bench.rs:36)
56.165700 [INFO ] [FLUSHBENCH] case=full region=frame shift=3,0 n=64 min=11561 median=11562 p90=11723 max=12370 (octowhere firmware/src/flush_bench.rs:36)
56.908276 [INFO ] [FLUSHBENCH] case=full region=frame shift=2,2 n=64 min=11542 median=11543 p90=11671 max=12540 (octowhere firmware/src/flush_bench.rs:36)
57.650529 [INFO ] [FLUSHBENCH] case=full region=frame shift=0,3 n=64 min=11531 median=11532 p90=11726 max=12436 (octowhere firmware/src/flush_bench.rs:36)
58.393746 [INFO ] [FLUSHBENCH] case=full region=frame shift=-2,2 n=64 min=11543 median=11544 p90=11698 max=12517 (octowhere firmware/src/flush_bench.rs:36)
59.137117 [INFO ] [FLUSHBENCH] case=full region=frame shift=-3,0 n=64 min=11561 median=11562 p90=11701 max=12553 (octowhere firmware/src/flush_bench.rs:36)
59.881303 [INFO ] [FLUSHBENCH] case=full region=frame shift=-2,-2 n=64 min=11559 median=11560 p90=11707 max=12467 (octowhere firmware/src/flush_bench.rs:36)
60.625535 [INFO ] [FLUSHBENCH] case=full region=frame shift=0,-3 n=64 min=11556 median=11557 p90=11769 max=12557 (octowhere firmware/src/flush_bench.rs:36)
61.370019 [INFO ] [FLUSHBENCH] case=full region=frame shift=2,-2 n=64 min=11559 median=11561 p90=11726 max=12393 (octowhere firmware/src/flush_bench.rs:36)
61.567762 [INFO ] [FLUSHBENCH] case=before region=band shift=0,0 n=64 min=3064 median=3066 p90=3067 max=3762 (octowhere firmware/src/flush_bench.rs:36)
61.766465 [INFO ] [FLUSHBENCH] case=region region=band shift=0,0 n=64 min=3078 median=3080 p90=3081 max=3754 (octowhere firmware/src/flush_bench.rs:36)
61.965363 [INFO ] [FLUSHBENCH] case=region region=band shift=3,0 n=64 min=3085 median=3087 p90=3087 max=3939 (octowhere firmware/src/flush_bench.rs:36)
62.163182 [INFO ] [FLUSHBENCH] case=region region=band shift=2,2 n=64 min=3082 median=3084 p90=3093 max=3257 (octowhere firmware/src/flush_bench.rs:36)
62.187052 [INFO ] [FLUSHBENCH] case=before region=gauge shift=0,0 n=64 min=367 median=367 p90=373 max=514 (octowhere firmware/src/flush_bench.rs:36)
62.212966 [INFO ] [FLUSHBENCH] case=region region=gauge shift=0,0 n=64 min=381 median=382 p90=458 max=608 (octowhere firmware/src/flush_bench.rs:36)
62.238936 [INFO ] [FLUSHBENCH] case=region region=gauge shift=3,0 n=64 min=393 median=393 p90=403 max=641 (octowhere firmware/src/flush_bench.rs:36)
62.263587 [INFO ] [FLUSHBENCH] case=region region=gauge shift=2,2 n=64 min=381 median=382 p90=382 max=423 (octowhere firmware/src/flush_bench.rs:36)
62.580563 [INFO ] [FLUSHBENCH] case=before region=compass shift=0,0 n=64 min=4926 median=4928 p90=4929 max=5739 (octowhere firmware/src/flush_bench.rs:36)
62.899049 [INFO ] [FLUSHBENCH] case=region region=compass shift=0,0 n=64 min=4949 median=4950 p90=4952 max=5872 (octowhere firmware/src/flush_bench.rs:36)
63.216612 [INFO ] [FLUSHBENCH] case=region region=compass shift=3,0 n=64 min=4921 median=4924 p90=4954 max=5805 (octowhere firmware/src/flush_bench.rs:36)
63.536446 [INFO ] [FLUSHBENCH] case=region region=compass shift=2,2 n=64 min=4949 median=4951 p90=5052 max=5928 (octowhere firmware/src/flush_bench.rs:36)
63.546098 [INFO ] [FLUSHBENCH] case=before region=small shift=0,0 n=64 min=145 median=146 p90=146 max=319 (octowhere firmware/src/flush_bench.rs:36)
63.556976 [INFO ] [FLUSHBENCH] case=region region=small shift=0,0 n=64 min=167 median=168 p90=168 max=183 (octowhere firmware/src/flush_bench.rs:36)
63.568452 [INFO ] [FLUSHBENCH] case=region region=small shift=3,0 n=64 min=177 median=178 p90=178 max=180 (octowhere firmware/src/flush_bench.rs:36)
63.579305 [INFO ] [FLUSHBENCH] case=region region=small shift=2,2 n=64 min=167 median=168 p90=168 max=168 (octowhere firmware/src/flush_bench.rs:36)
63.585496 [INFO ] [FLUSHBENCH] case=before region=rows shift=0,0 n=64 min=94 median=95 p90=95 max=108 (octowhere firmware/src/flush_bench.rs:36)
63.591800 [INFO ] [FLUSHBENCH] case=region region=rows shift=0,0 n=64 min=96 median=97 p90=97 max=97 (octowhere firmware/src/flush_bench.rs:36)
63.598325 [INFO ] [FLUSHBENCH] case=region region=rows shift=3,0 n=64 min=100 median=100 p90=101 max=101 (octowhere firmware/src/flush_bench.rs:36)
63.604694 [INFO ] [FLUSHBENCH] case=region region=rows shift=2,2 n=64 min=97 median=98 p90=98 max=98 (octowhere firmware/src/flush_bench.rs:36)
63.604757 [INFO ] [FLUSHBENCH] round 7 (octowhere firmware/src/flush_bench.rs:57)
64.344915 [INFO ] [FLUSHBENCH] case=full region=frame shift=0,0 n=64 min=11505 median=11506 p90=11643 max=12279 (octowhere firmware/src/flush_bench.rs:36)
65.088233 [INFO ] [FLUSHBENCH] case=full region=frame shift=3,0 n=64 min=11561 median=11562 p90=11694 max=12523 (octowhere firmware/src/flush_bench.rs:36)
65.831528 [INFO ] [FLUSHBENCH] case=full region=frame shift=2,2 n=64 min=11542 median=11543 p90=11683 max=13057 (octowhere firmware/src/flush_bench.rs:36)
66.573842 [INFO ] [FLUSHBENCH] case=full region=frame shift=0,3 n=64 min=11531 median=11532 p90=11715 max=12526 (octowhere firmware/src/flush_bench.rs:36)
67.317298 [INFO ] [FLUSHBENCH] case=full region=frame shift=-2,2 n=64 min=11543 median=11544 p90=11711 max=12730 (octowhere firmware/src/flush_bench.rs:36)
68.060270 [INFO ] [FLUSHBENCH] case=full region=frame shift=-3,0 n=64 min=11561 median=11562 p90=11672 max=12378 (octowhere firmware/src/flush_bench.rs:36)
68.804359 [INFO ] [FLUSHBENCH] case=full region=frame shift=-2,-2 n=64 min=11559 median=11561 p90=11711 max=12431 (octowhere firmware/src/flush_bench.rs:36)
69.548599 [INFO ] [FLUSHBENCH] case=full region=frame shift=0,-3 n=64 min=11556 median=11557 p90=11765 max=12560 (octowhere firmware/src/flush_bench.rs:36)
70.292501 [INFO ] [FLUSHBENCH] case=full region=frame shift=2,-2 n=64 min=11559 median=11561 p90=11731 max=12396 (octowhere firmware/src/flush_bench.rs:36)
70.489175 [INFO ] [FLUSHBENCH] case=before region=band shift=0,0 n=64 min=3064 median=3066 p90=3067 max=3376 (octowhere firmware/src/flush_bench.rs:36)
70.687933 [INFO ] [FLUSHBENCH] case=region region=band shift=0,0 n=64 min=3078 median=3080 p90=3081 max=3905 (octowhere firmware/src/flush_bench.rs:36)
70.886753 [INFO ] [FLUSHBENCH] case=region region=band shift=3,0 n=64 min=3085 median=3087 p90=3087 max=3865 (octowhere firmware/src/flush_bench.rs:36)
71.085363 [INFO ] [FLUSHBENCH] case=region region=band shift=2,2 n=64 min=3082 median=3084 p90=3085 max=3694 (octowhere firmware/src/flush_bench.rs:36)
71.109269 [INFO ] [FLUSHBENCH] case=before region=gauge shift=0,0 n=64 min=367 median=367 p90=368 max=527 (octowhere firmware/src/flush_bench.rs:36)
71.134051 [INFO ] [FLUSHBENCH] case=region region=gauge shift=0,0 n=64 min=381 median=382 p90=393 max=473 (octowhere firmware/src/flush_bench.rs:36)
71.159405 [INFO ] [FLUSHBENCH] case=region region=gauge shift=3,0 n=64 min=393 median=393 p90=397 max=409 (octowhere firmware/src/flush_bench.rs:36)
71.184026 [INFO ] [FLUSHBENCH] case=region region=gauge shift=2,2 n=64 min=381 median=382 p90=386 max=393 (octowhere firmware/src/flush_bench.rs:36)
71.501730 [INFO ] [FLUSHBENCH] case=before region=compass shift=0,0 n=64 min=4926 median=4928 p90=4969 max=5807 (octowhere firmware/src/flush_bench.rs:36)
71.821033 [INFO ] [FLUSHBENCH] case=region region=compass shift=0,0 n=64 min=4949 median=4950 p90=4955 max=5846 (octowhere firmware/src/flush_bench.rs:36)
72.137441 [INFO ] [FLUSHBENCH] case=region region=compass shift=3,0 n=64 min=4921 median=4922 p90=4933 max=5766 (octowhere firmware/src/flush_bench.rs:36)
72.457027 [INFO ] [FLUSHBENCH] case=region region=compass shift=2,2 n=64 min=4949 median=4952 p90=5024 max=5807 (octowhere firmware/src/flush_bench.rs:36)
72.466694 [INFO ] [FLUSHBENCH] case=before region=small shift=0,0 n=64 min=145 median=146 p90=146 max=319 (octowhere firmware/src/flush_bench.rs:36)
72.477585 [INFO ] [FLUSHBENCH] case=region region=small shift=0,0 n=64 min=167 median=168 p90=168 max=198 (octowhere firmware/src/flush_bench.rs:36)
72.489063 [INFO ] [FLUSHBENCH] case=region region=small shift=3,0 n=64 min=177 median=178 p90=178 max=180 (octowhere firmware/src/flush_bench.rs:36)
72.499915 [INFO ] [FLUSHBENCH] case=region region=small shift=2,2 n=64 min=167 median=168 p90=168 max=168 (octowhere firmware/src/flush_bench.rs:36)
72.506103 [INFO ] [FLUSHBENCH] case=before region=rows shift=0,0 n=64 min=94 median=95 p90=95 max=109 (octowhere firmware/src/flush_bench.rs:36)
72.512408 [INFO ] [FLUSHBENCH] case=region region=rows shift=0,0 n=64 min=96 median=97 p90=97 max=97 (octowhere firmware/src/flush_bench.rs:36)
72.518932 [INFO ] [FLUSHBENCH] case=region region=rows shift=3,0 n=64 min=100 median=100 p90=101 max=101 (octowhere firmware/src/flush_bench.rs:36)
72.525301 [INFO ] [FLUSHBENCH] case=region region=rows shift=2,2 n=64 min=97 median=98 p90=98 max=98 (octowhere firmware/src/flush_bench.rs:36)
72.525364 [INFO ] [FLUSHBENCH] round 8 (octowhere firmware/src/flush_bench.rs:57)
73.265313 [INFO ] [FLUSHBENCH] case=full region=frame shift=0,0 n=64 min=11505 median=11506 p90=11694 max=12168 (octowhere firmware/src/flush_bench.rs:36)
74.008701 [INFO ] [FLUSHBENCH] case=full region=frame shift=3,0 n=64 min=11561 median=11562 p90=11702 max=12611 (octowhere firmware/src/flush_bench.rs:36)
74.751527 [INFO ] [FLUSHBENCH] case=full region=frame shift=2,2 n=64 min=11542 median=11544 p90=11693 max=12490 (octowhere firmware/src/flush_bench.rs:36)
75.494310 [INFO ] [FLUSHBENCH] case=full region=frame shift=0,3 n=64 min=11531 median=11532 p90=11721 max=12474 (octowhere firmware/src/flush_bench.rs:36)
76.237494 [INFO ] [FLUSHBENCH] case=full region=frame shift=-2,2 n=64 min=11543 median=11544 p90=11699 max=12426 (octowhere firmware/src/flush_bench.rs:36)
76.980697 [INFO ] [FLUSHBENCH] case=full region=frame shift=-3,0 n=64 min=11561 median=11562 p90=11695 max=12573 (octowhere firmware/src/flush_bench.rs:36)
77.725096 [INFO ] [FLUSHBENCH] case=full region=frame shift=-2,-2 n=64 min=11559 median=11561 p90=11750 max=12462 (octowhere firmware/src/flush_bench.rs:36)
78.469540 [INFO ] [FLUSHBENCH] case=full region=frame shift=0,-3 n=64 min=11556 median=11557 p90=11762 max=12567 (octowhere firmware/src/flush_bench.rs:36)
79.213132 [INFO ] [FLUSHBENCH] case=full region=frame shift=2,-2 n=64 min=11559 median=11561 p90=11705 max=12453 (octowhere firmware/src/flush_bench.rs:36)
79.412123 [INFO ] [FLUSHBENCH] case=before region=band shift=0,0 n=64 min=3064 median=3066 p90=3174 max=3935 (octowhere firmware/src/flush_bench.rs:36)
79.609594 [INFO ] [FLUSHBENCH] case=region region=band shift=0,0 n=64 min=3078 median=3080 p90=3081 max=3279 (octowhere firmware/src/flush_bench.rs:36)
79.808442 [INFO ] [FLUSHBENCH] case=region region=band shift=3,0 n=64 min=3085 median=3087 p90=3087 max=3841 (octowhere firmware/src/flush_bench.rs:36)
80.007025 [INFO ] [FLUSHBENCH] case=region region=band shift=2,2 n=64 min=3082 median=3084 p90=3085 max=3751 (octowhere firmware/src/flush_bench.rs:36)
80.030821 [INFO ] [FLUSHBENCH] case=before region=gauge shift=0,0 n=64 min=367 median=367 p90=368 max=522 (octowhere firmware/src/flush_bench.rs:36)
80.055382 [INFO ] [FLUSHBENCH] case=region region=gauge shift=0,0 n=64 min=381 median=382 p90=382 max=398 (octowhere firmware/src/flush_bench.rs:36)
80.080643 [INFO ] [FLUSHBENCH] case=region region=gauge shift=3,0 n=64 min=393 median=393 p90=393 max=394 (octowhere firmware/src/flush_bench.rs:36)
80.105289 [INFO ] [FLUSHBENCH] case=region region=gauge shift=2,2 n=64 min=382 median=382 p90=382 max=479 (octowhere firmware/src/flush_bench.rs:36)
80.424424 [INFO ] [FLUSHBENCH] case=before region=compass shift=0,0 n=64 min=4926 median=4929 p90=5053 max=5799 (octowhere firmware/src/flush_bench.rs:36)
80.742851 [INFO ] [FLUSHBENCH] case=region region=compass shift=0,0 n=64 min=4949 median=4951 p90=4952 max=5779 (octowhere firmware/src/flush_bench.rs:36)
81.059058 [INFO ] [FLUSHBENCH] case=region region=compass shift=3,0 n=64 min=4921 median=4922 p90=4923 max=5614 (octowhere firmware/src/flush_bench.rs:36)
81.379284 [INFO ] [FLUSHBENCH] case=region region=compass shift=2,2 n=64 min=4949 median=4954 p90=5096 max=5876 (octowhere firmware/src/flush_bench.rs:36)
81.388951 [INFO ] [FLUSHBENCH] case=before region=small shift=0,0 n=64 min=145 median=146 p90=146 max=323 (octowhere firmware/src/flush_bench.rs:36)
81.400946 [INFO ] [FLUSHBENCH] case=region region=small shift=0,0 n=64 min=167 median=168 p90=259 max=312 (octowhere firmware/src/flush_bench.rs:36)
81.412670 [INFO ] [FLUSHBENCH] case=region region=small shift=3,0 n=64 min=177 median=178 p90=186 max=239 (octowhere firmware/src/flush_bench.rs:36)
81.423523 [INFO ] [FLUSHBENCH] case=region region=small shift=2,2 n=64 min=167 median=168 p90=168 max=168 (octowhere firmware/src/flush_bench.rs:36)
81.429854 [INFO ] [FLUSHBENCH] case=before region=rows shift=0,0 n=64 min=94 median=95 p90=95 max=217 (octowhere firmware/src/flush_bench.rs:36)
81.436185 [INFO ] [FLUSHBENCH] case=region region=rows shift=0,0 n=64 min=96 median=97 p90=97 max=122 (octowhere firmware/src/flush_bench.rs:36)
81.442710 [INFO ] [FLUSHBENCH] case=region region=rows shift=3,0 n=64 min=100 median=100 p90=101 max=101 (octowhere firmware/src/flush_bench.rs:36)
81.449079 [INFO ] [FLUSHBENCH] case=region region=rows shift=2,2 n=64 min=97 median=98 p90=98 max=98 (octowhere firmware/src/flush_bench.rs:36)
81.449142 [INFO ] [FLUSHBENCH] round 9 (octowhere firmware/src/flush_bench.rs:57)
82.188540 [INFO ] [FLUSHBENCH] case=full region=frame shift=0,0 n=64 min=11505 median=11506 p90=11630 max=12317 (octowhere firmware/src/flush_bench.rs:36)
82.932711 [INFO ] [FLUSHBENCH] case=full region=frame shift=3,0 n=64 min=11561 median=11562 p90=11724 max=12485 (octowhere firmware/src/flush_bench.rs:36)
83.675706 [INFO ] [FLUSHBENCH] case=full region=frame shift=2,2 n=64 min=11542 median=11544 p90=11690 max=12344 (octowhere firmware/src/flush_bench.rs:36)
84.417001 [INFO ] [FLUSHBENCH] case=full region=frame shift=0,3 n=64 min=11531 median=11532 p90=11685 max=12266 (octowhere firmware/src/flush_bench.rs:36)
85.159361 [INFO ] [FLUSHBENCH] case=full region=frame shift=-2,2 n=64 min=11543 median=11544 p90=11683 max=12470 (octowhere firmware/src/flush_bench.rs:36)
85.904357 [INFO ] [FLUSHBENCH] case=full region=frame shift=-3,0 n=64 min=11561 median=11562 p90=11881 max=12512 (octowhere firmware/src/flush_bench.rs:36)
86.649828 [INFO ] [FLUSHBENCH] case=full region=frame shift=-2,-2 n=64 min=11559 median=11561 p90=11745 max=12571 (octowhere firmware/src/flush_bench.rs:36)
87.393967 [INFO ] [FLUSHBENCH] case=full region=frame shift=0,-3 n=64 min=11556 median=11557 p90=11741 max=12705 (octowhere firmware/src/flush_bench.rs:36)
88.137212 [INFO ] [FLUSHBENCH] case=full region=frame shift=2,-2 n=64 min=11559 median=11560 p90=11692 max=12516 (octowhere firmware/src/flush_bench.rs:36)
88.335992 [INFO ] [FLUSHBENCH] case=before region=band shift=0,0 n=64 min=3064 median=3066 p90=3124 max=3779 (octowhere firmware/src/flush_bench.rs:36)
88.534799 [INFO ] [FLUSHBENCH] case=region region=band shift=0,0 n=64 min=3078 median=3080 p90=3081 max=3953 (octowhere firmware/src/flush_bench.rs:36)
88.733718 [INFO ] [FLUSHBENCH] case=region region=band shift=3,0 n=64 min=3085 median=3087 p90=3087 max=3935 (octowhere firmware/src/flush_bench.rs:36)
88.931225 [INFO ] [FLUSHBENCH] case=region region=band shift=2,2 n=64 min=3082 median=3084 p90=3085 max=3102 (octowhere firmware/src/flush_bench.rs:36)
88.955009 [INFO ] [FLUSHBENCH] case=before region=gauge shift=0,0 n=64 min=367 median=367 p90=368 max=512 (octowhere firmware/src/flush_bench.rs:36)
88.980621 [INFO ] [FLUSHBENCH] case=region region=gauge shift=0,0 n=64 min=381 median=382 p90=444 max=626 (octowhere firmware/src/flush_bench.rs:36)
89.005913 [INFO ] [FLUSHBENCH] case=region region=gauge shift=3,0 n=64 min=393 median=393 p90=394 max=410 (octowhere firmware/src/flush_bench.rs:36)
89.030449 [INFO ] [FLUSHBENCH] case=region region=gauge shift=2,2 n=64 min=381 median=382 p90=382 max=382 (octowhere firmware/src/flush_bench.rs:36)
89.348788 [INFO ] [FLUSHBENCH] case=before region=compass shift=0,0 n=64 min=4926 median=4928 p90=4981 max=6442 (octowhere firmware/src/flush_bench.rs:36)
89.667162 [INFO ] [FLUSHBENCH] case=region region=compass shift=0,0 n=64 min=4949 median=4950 p90=4952 max=5905 (octowhere firmware/src/flush_bench.rs:36)
89.983337 [INFO ] [FLUSHBENCH] case=region region=compass shift=3,0 n=64 min=4921 median=4922 p90=4924 max=5725 (octowhere firmware/src/flush_bench.rs:36)
90.304147 [INFO ] [FLUSHBENCH] case=region region=compass shift=2,2 n=64 min=4949 median=4953 p90=5074 max=5965 (octowhere firmware/src/flush_bench.rs:36)
90.313810 [INFO ] [FLUSHBENCH] case=before region=small shift=0,0 n=64 min=145 median=146 p90=146 max=315 (octowhere firmware/src/flush_bench.rs:36)
90.324693 [INFO ] [FLUSHBENCH] case=region region=small shift=0,0 n=64 min=167 median=168 p90=168 max=190 (octowhere firmware/src/flush_bench.rs:36)
90.336172 [INFO ] [FLUSHBENCH] case=region region=small shift=3,0 n=64 min=177 median=178 p90=178 max=181 (octowhere firmware/src/flush_bench.rs:36)
90.347023 [INFO ] [FLUSHBENCH] case=region region=small shift=2,2 n=64 min=167 median=168 p90=168 max=168 (octowhere firmware/src/flush_bench.rs:36)
90.353214 [INFO ] [FLUSHBENCH] case=before region=rows shift=0,0 n=64 min=94 median=95 p90=95 max=108 (octowhere firmware/src/flush_bench.rs:36)
90.359518 [INFO ] [FLUSHBENCH] case=region region=rows shift=0,0 n=64 min=96 median=97 p90=97 max=97 (octowhere firmware/src/flush_bench.rs:36)
90.366043 [INFO ] [FLUSHBENCH] case=region region=rows shift=3,0 n=64 min=100 median=100 p90=101 max=101 (octowhere firmware/src/flush_bench.rs:36)
90.372412 [INFO ] [FLUSHBENCH] case=region region=rows shift=2,2 n=64 min=97 median=98 p90=98 max=98 (octowhere firmware/src/flush_bench.rs:36)
90.372535 [INFO ] [FLUSHBENCH] round 10 (octowhere firmware/src/flush_bench.rs:57)
91.111846 [INFO ] [FLUSHBENCH] case=full region=frame shift=0,0 n=64 min=11505 median=11506 p90=11639 max=12244 (octowhere firmware/src/flush_bench.rs:36)
91.856394 [INFO ] [FLUSHBENCH] case=full region=frame shift=3,0 n=64 min=11561 median=11563 p90=11782 max=12604 (octowhere firmware/src/flush_bench.rs:36)
92.599286 [INFO ] [FLUSHBENCH] case=full region=frame shift=2,2 n=64 min=11542 median=11544 p90=11706 max=12421 (octowhere firmware/src/flush_bench.rs:36)
93.343780 [INFO ] [FLUSHBENCH] case=full region=frame shift=0,3 n=64 min=11531 median=11533 p90=11775 max=13168 (octowhere firmware/src/flush_bench.rs:36)
94.085523 [INFO ] [FLUSHBENCH] case=full region=frame shift=-2,2 n=64 min=11543 median=11544 p90=11596 max=12318 (octowhere firmware/src/flush_bench.rs:36)
94.829737 [INFO ] [FLUSHBENCH] case=full region=frame shift=-3,0 n=64 min=11561 median=11562 p90=11758 max=12314 (octowhere firmware/src/flush_bench.rs:36)
95.573862 [INFO ] [FLUSHBENCH] case=full region=frame shift=-2,-2 n=64 min=11559 median=11561 p90=11808 max=12260 (octowhere firmware/src/flush_bench.rs:36)
96.317767 [INFO ] [FLUSHBENCH] case=full region=frame shift=0,-3 n=64 min=11556 median=11557 p90=11818 max=12149 (octowhere firmware/src/flush_bench.rs:36)
97.060068 [INFO ] [FLUSHBENCH] case=full region=frame shift=2,-2 n=64 min=11559 median=11560 p90=11631 max=12294 (octowhere firmware/src/flush_bench.rs:36)
97.258377 [INFO ] [FLUSHBENCH] case=before region=band shift=0,0 n=64 min=3064 median=3068 p90=3122 max=3510 (octowhere firmware/src/flush_bench.rs:36)
97.457119 [INFO ] [FLUSHBENCH] case=region region=band shift=0,0 n=64 min=3078 median=3080 p90=3094 max=3735 (octowhere firmware/src/flush_bench.rs:36)
97.655842 [INFO ] [FLUSHBENCH] case=region region=band shift=3,0 n=64 min=3085 median=3087 p90=3087 max=3557 (octowhere firmware/src/flush_bench.rs:36)
97.854469 [INFO ] [FLUSHBENCH] case=region region=band shift=2,2 n=64 min=3082 median=3084 p90=3101 max=3590 (octowhere firmware/src/flush_bench.rs:36)
97.878271 [INFO ] [FLUSHBENCH] case=before region=gauge shift=0,0 n=64 min=367 median=367 p90=368 max=520 (octowhere firmware/src/flush_bench.rs:36)
97.902833 [INFO ] [FLUSHBENCH] case=region region=gauge shift=0,0 n=64 min=381 median=382 p90=382 max=403 (octowhere firmware/src/flush_bench.rs:36)
97.928096 [INFO ] [FLUSHBENCH] case=region region=gauge shift=3,0 n=64 min=393 median=393 p90=394 max=394 (octowhere firmware/src/flush_bench.rs:36)
97.952632 [INFO ] [FLUSHBENCH] case=region region=gauge shift=2,2 n=64 min=381 median=382 p90=382 max=382 (octowhere firmware/src/flush_bench.rs:36)
98.270316 [INFO ] [FLUSHBENCH] case=before region=compass shift=0,0 n=64 min=4921 median=4931 p90=5026 max=5421 (octowhere firmware/src/flush_bench.rs:36)
98.589983 [INFO ] [FLUSHBENCH] case=region region=compass shift=0,0 n=64 min=4949 median=4950 p90=5088 max=5488 (octowhere firmware/src/flush_bench.rs:36)
98.906252 [INFO ] [FLUSHBENCH] case=region region=compass shift=3,0 n=64 min=4921 median=4922 p90=4925 max=5476 (octowhere firmware/src/flush_bench.rs:36)
99.225401 [INFO ] [FLUSHBENCH] case=region region=compass shift=2,2 n=64 min=4949 median=4954 p90=5008 max=5442 (octowhere firmware/src/flush_bench.rs:36)
99.235270 [INFO ] [FLUSHBENCH] case=before region=small shift=0,0 n=64 min=145 median=146 p90=146 max=435 (octowhere firmware/src/flush_bench.rs:36)
99.246228 [INFO ] [FLUSHBENCH] case=region region=small shift=0,0 n=64 min=167 median=168 p90=168 max=250 (octowhere firmware/src/flush_bench.rs:36)
99.257712 [INFO ] [FLUSHBENCH] case=region region=small shift=3,0 n=64 min=177 median=178 p90=178 max=185 (octowhere firmware/src/flush_bench.rs:36)
99.268565 [INFO ] [FLUSHBENCH] case=region region=small shift=2,2 n=64 min=167 median=168 p90=168 max=168 (octowhere firmware/src/flush_bench.rs:36)
99.274764 [INFO ] [FLUSHBENCH] case=before region=rows shift=0,0 n=64 min=94 median=95 p90=95 max=119 (octowhere firmware/src/flush_bench.rs:36)
99.281068 [INFO ] [FLUSHBENCH] case=region region=rows shift=0,0 n=64 min=96 median=97 p90=97 max=97 (octowhere firmware/src/flush_bench.rs:36)
99.287591 [INFO ] [FLUSHBENCH] case=region region=rows shift=3,0 n=64 min=100 median=100 p90=101 max=101 (octowhere firmware/src/flush_bench.rs:36)
99.293962 [INFO ] [FLUSHBENCH] case=region region=rows shift=2,2 n=64 min=97 median=98 p90=98 max=98 (octowhere firmware/src/flush_bench.rs:36)
99.294026 [INFO ] [FLUSHBENCH] round 11 (octowhere firmware/src/flush_bench.rs:57)
100.033055 [INFO ] [FLUSHBENCH] case=full region=frame shift=0,0 n=64 min=11505 median=11506 p90=11650 max=12066 (octowhere firmware/src/flush_bench.rs:36)
100.777541 [INFO ] [FLUSHBENCH] case=full region=frame shift=3,0 n=64 min=11561 median=11563 p90=11781 max=12337 (octowhere firmware/src/flush_bench.rs:36)
101.520921 [INFO ] [FLUSHBENCH] case=full region=frame shift=2,2 n=64 min=11542 median=11544 p90=11808 max=12276 (octowhere firmware/src/flush_bench.rs:36)
102.263262 [INFO ] [FLUSHBENCH] case=full region=frame shift=0,3 n=64 min=11531 median=11533 p90=11830 max=12116 (octowhere firmware/src/flush_bench.rs:36)
103.005292 [INFO ] [FLUSHBENCH] case=full region=frame shift=-2,2 n=64 min=11543 median=11544 p90=11707 max=12241 (octowhere firmware/src/flush_bench.rs:36)
103.750020 [INFO ] [FLUSHBENCH] case=full region=frame shift=-3,0 n=64 min=11561 median=11562 p90=11838 max=12292 (octowhere firmware/src/flush_bench.rs:36)
104.494523 [INFO ] [FLUSHBENCH] case=full region=frame shift=-2,-2 n=64 min=11559 median=11561 p90=11861 max=12221 (octowhere firmware/src/flush_bench.rs:36)
105.238495 [INFO ] [FLUSHBENCH] case=full region=frame shift=0,-3 n=64 min=11556 median=11557 p90=11850 max=12069 (octowhere firmware/src/flush_bench.rs:36)
105.982414 [INFO ] [FLUSHBENCH] case=full region=frame shift=2,-2 n=64 min=11559 median=11561 p90=11772 max=12692 (octowhere firmware/src/flush_bench.rs:36)
106.180809 [INFO ] [FLUSHBENCH] case=before region=band shift=0,0 n=64 min=3064 median=3066 p90=3102 max=3807 (octowhere firmware/src/flush_bench.rs:36)
106.380910 [INFO ] [FLUSHBENCH] case=region region=band shift=0,0 n=64 min=3078 median=3081 p90=3258 max=3805 (octowhere firmware/src/flush_bench.rs:36)
106.579497 [INFO ] [FLUSHBENCH] case=region region=band shift=3,0 n=64 min=3085 median=3087 p90=3087 max=3729 (octowhere firmware/src/flush_bench.rs:36)
106.778133 [INFO ] [FLUSHBENCH] case=region region=band shift=2,2 n=64 min=3082 median=3084 p90=3092 max=3519 (octowhere firmware/src/flush_bench.rs:36)
106.801937 [INFO ] [FLUSHBENCH] case=before region=gauge shift=0,0 n=64 min=367 median=367 p90=368 max=530 (octowhere firmware/src/flush_bench.rs:36)
106.826530 [INFO ] [FLUSHBENCH] case=region region=gauge shift=0,0 n=64 min=381 median=382 p90=382 max=431 (octowhere firmware/src/flush_bench.rs:36)
106.851792 [INFO ] [FLUSHBENCH] case=region region=gauge shift=3,0 n=64 min=393 median=393 p90=394 max=394 (octowhere firmware/src/flush_bench.rs:36)
106.876328 [INFO ] [FLUSHBENCH] case=region region=gauge shift=2,2 n=64 min=381 median=382 p90=382 max=382 (octowhere firmware/src/flush_bench.rs:36)
107.194298 [INFO ] [FLUSHBENCH] case=before region=compass shift=0,0 n=64 min=4926 median=4931 p90=5039 max=5445 (octowhere firmware/src/flush_bench.rs:36)
107.513685 [INFO ] [FLUSHBENCH] case=region region=compass shift=0,0 n=64 min=4949 median=4950 p90=5060 max=5641 (octowhere firmware/src/flush_bench.rs:36)
107.830096 [INFO ] [FLUSHBENCH] case=region region=compass shift=3,0 n=64 min=4921 median=4922 p90=4943 max=5275 (octowhere firmware/src/flush_bench.rs:36)
108.148937 [INFO ] [FLUSHBENCH] case=region region=compass shift=2,2 n=64 min=4949 median=4950 p90=5008 max=5334 (octowhere firmware/src/flush_bench.rs:36)
108.158754 [INFO ] [FLUSHBENCH] case=before region=small shift=0,0 n=64 min=145 median=146 p90=155 max=331 (octowhere firmware/src/flush_bench.rs:36)
108.169733 [INFO ] [FLUSHBENCH] case=region region=small shift=0,0 n=64 min=167 median=168 p90=170 max=228 (octowhere firmware/src/flush_bench.rs:36)
108.181980 [INFO ] [FLUSHBENCH] case=region region=small shift=3,0 n=64 min=177 median=178 p90=234 max=275 (octowhere firmware/src/flush_bench.rs:36)
108.192949 [INFO ] [FLUSHBENCH] case=region region=small shift=2,2 n=64 min=167 median=168 p90=168 max=208 (octowhere firmware/src/flush_bench.rs:36)
108.199291 [INFO ] [FLUSHBENCH] case=before region=rows shift=0,0 n=64 min=94 median=95 p90=95 max=225 (octowhere firmware/src/flush_bench.rs:36)
108.205782 [INFO ] [FLUSHBENCH] case=region region=rows shift=0,0 n=64 min=96 median=97 p90=97 max=176 (octowhere firmware/src/flush_bench.rs:36)
108.212317 [INFO ] [FLUSHBENCH] case=region region=rows shift=3,0 n=64 min=100 median=100 p90=101 max=111 (octowhere firmware/src/flush_bench.rs:36)
108.218763 [INFO ] [FLUSHBENCH] case=region region=rows shift=2,2 n=64 min=97 median=98 p90=98 max=151 (octowhere firmware/src/flush_bench.rs:36)
108.218828 [INFO ] [FLUSHBENCH] round 12 (octowhere firmware/src/flush_bench.rs:57)
108.958441 [INFO ] [FLUSHBENCH] case=full region=frame shift=0,0 n=64 min=11505 median=11506 p90=11661 max=12125 (octowhere firmware/src/flush_bench.rs:36)
109.703171 [INFO ] [FLUSHBENCH] case=full region=frame shift=3,0 n=64 min=11561 median=11563 p90=11760 max=12256 (octowhere firmware/src/flush_bench.rs:36)
110.446299 [INFO ] [FLUSHBENCH] case=full region=frame shift=2,2 n=64 min=11542 median=11544 p90=11763 max=12304 (octowhere firmware/src/flush_bench.rs:36)
111.187197 [INFO ] [FLUSHBENCH] case=full region=frame shift=0,3 n=64 min=11531 median=11532 p90=11712 max=12051 (octowhere firmware/src/flush_bench.rs:36)
111.930448 [INFO ] [FLUSHBENCH] case=full region=frame shift=-2,2 n=64 min=11543 median=11544 p90=11739 max=12542 (octowhere firmware/src/flush_bench.rs:36)
112.675046 [INFO ] [FLUSHBENCH] case=full region=frame shift=-3,0 n=64 min=11561 median=11562 p90=11832 max=12504 (octowhere firmware/src/flush_bench.rs:36)
113.419260 [INFO ] [FLUSHBENCH] case=full region=frame shift=-2,-2 n=64 min=11559 median=11561 p90=11792 max=12363 (octowhere firmware/src/flush_bench.rs:36)
114.162312 [INFO ] [FLUSHBENCH] case=full region=frame shift=0,-3 n=64 min=11556 median=11557 p90=11718 max=12203 (octowhere firmware/src/flush_bench.rs:36)
114.906107 [INFO ] [FLUSHBENCH] case=full region=frame shift=2,-2 n=64 min=11559 median=11561 p90=11736 max=12632 (octowhere firmware/src/flush_bench.rs:36)
115.103687 [INFO ] [FLUSHBENCH] case=before region=band shift=0,0 n=64 min=3064 median=3066 p90=3072 max=3444 (octowhere firmware/src/flush_bench.rs:36)
115.303407 [INFO ] [FLUSHBENCH] case=region region=band shift=0,0 n=64 min=3078 median=3083 p90=3172 max=3561 (octowhere firmware/src/flush_bench.rs:36)
115.502332 [INFO ] [FLUSHBENCH] case=region region=band shift=3,0 n=64 min=3085 median=3087 p90=3090 max=3619 (octowhere firmware/src/flush_bench.rs:36)
115.700181 [INFO ] [FLUSHBENCH] case=region region=band shift=2,2 n=64 min=3082 median=3084 p90=3085 max=3413 (octowhere firmware/src/flush_bench.rs:36)
115.724025 [INFO ] [FLUSHBENCH] case=before region=gauge shift=0,0 n=64 min=367 median=367 p90=368 max=549 (octowhere firmware/src/flush_bench.rs:36)
115.749275 [INFO ] [FLUSHBENCH] case=region region=gauge shift=0,0 n=64 min=381 median=382 p90=433 max=577 (octowhere firmware/src/flush_bench.rs:36)
115.774570 [INFO ] [FLUSHBENCH] case=region region=gauge shift=3,0 n=64 min=393 median=393 p90=394 max=409 (octowhere firmware/src/flush_bench.rs:36)
115.799106 [INFO ] [FLUSHBENCH] case=region region=gauge shift=2,2 n=64 min=381 median=382 p90=382 max=382 (octowhere firmware/src/flush_bench.rs:36)
116.116170 [INFO ] [FLUSHBENCH] case=before region=compass shift=0,0 n=64 min=4926 median=4927 p90=4967 max=5471 (octowhere firmware/src/flush_bench.rs:36)
116.435767 [INFO ] [FLUSHBENCH] case=region region=compass shift=0,0 n=64 min=4949 median=4954 p90=5041 max=5517 (octowhere firmware/src/flush_bench.rs:36)
116.752605 [INFO ] [FLUSHBENCH] case=region region=compass shift=3,0 n=64 min=4921 median=4921 p90=4949 max=5513 (octowhere firmware/src/flush_bench.rs:36)
117.071202 [INFO ] [FLUSHBENCH] case=region region=compass shift=2,2 n=64 min=4949 median=4950 p90=4957 max=5446 (octowhere firmware/src/flush_bench.rs:36)
117.080858 [INFO ] [FLUSHBENCH] case=before region=small shift=0,0 n=64 min=145 median=146 p90=146 max=319 (octowhere firmware/src/flush_bench.rs:36)
117.091734 [INFO ] [FLUSHBENCH] case=region region=small shift=0,0 n=64 min=167 median=168 p90=168 max=183 (octowhere firmware/src/flush_bench.rs:36)
117.103218 [INFO ] [FLUSHBENCH] case=region region=small shift=3,0 n=64 min=177 median=178 p90=178 max=181 (octowhere firmware/src/flush_bench.rs:36)
117.114374 [INFO ] [FLUSHBENCH] case=region region=small shift=2,2 n=64 min=167 median=168 p90=174 max=253 (octowhere firmware/src/flush_bench.rs:36)
117.120632 [INFO ] [FLUSHBENCH] case=before region=rows shift=0,0 n=64 min=94 median=95 p90=95 max=149 (octowhere firmware/src/flush_bench.rs:36)
117.126999 [INFO ] [FLUSHBENCH] case=region region=rows shift=0,0 n=64 min=96 median=97 p90=97 max=116 (octowhere firmware/src/flush_bench.rs:36)
117.133566 [INFO ] [FLUSHBENCH] case=region region=rows shift=3,0 n=64 min=100 median=100 p90=101 max=119 (octowhere firmware/src/flush_bench.rs:36)
117.139966 [INFO ] [FLUSHBENCH] case=region region=rows shift=2,2 n=64 min=97 median=98 p90=98 max=105 (octowhere firmware/src/flush_bench.rs:36)
117.140026 [INFO ] [FLUSHBENCH] round 13 (octowhere firmware/src/flush_bench.rs:57)
117.880002 [INFO ] [FLUSHBENCH] case=full region=frame shift=0,0 n=64 min=11505 median=11506 p90=11694 max=12120 (octowhere firmware/src/flush_bench.rs:36)
118.624668 [INFO ] [FLUSHBENCH] case=full region=frame shift=3,0 n=64 min=11561 median=11563 p90=11785 max=12442 (octowhere firmware/src/flush_bench.rs:36)
119.367840 [INFO ] [FLUSHBENCH] case=full region=frame shift=2,2 n=64 min=11542 median=11544 p90=11749 max=12189 (octowhere firmware/src/flush_bench.rs:36)
120.113416 [INFO ] [FLUSHBENCH] case=full region=frame shift=0,3 n=64 min=11531 median=11532 p90=11915 max=13503 (octowhere firmware/src/flush_bench.rs:36)
120.856633 [INFO ] [FLUSHBENCH] case=full region=frame shift=-2,2 n=64 min=11543 median=11544 p90=11804 max=12120 (octowhere firmware/src/flush_bench.rs:36)
121.601471 [INFO ] [FLUSHBENCH] case=full region=frame shift=-3,0 n=64 min=11561 median=11562 p90=11850 max=12368 (octowhere firmware/src/flush_bench.rs:36)
122.346316 [INFO ] [FLUSHBENCH] case=full region=frame shift=-2,-2 n=64 min=11559 median=11561 p90=11866 max=12196 (octowhere firmware/src/flush_bench.rs:36)
123.088836 [INFO ] [FLUSHBENCH] case=full region=frame shift=0,-3 n=64 min=11556 median=11557 p90=11684 max=12049 (octowhere firmware/src/flush_bench.rs:36)
123.832887 [INFO ] [FLUSHBENCH] case=full region=frame shift=2,-2 n=64 min=11559 median=11561 p90=11836 max=12078 (octowhere firmware/src/flush_bench.rs:36)
124.029929 [INFO ] [FLUSHBENCH] case=before region=band shift=0,0 n=64 min=3064 median=3066 p90=3067 max=3310 (octowhere firmware/src/flush_bench.rs:36)
124.229102 [INFO ] [FLUSHBENCH] case=region region=band shift=0,0 n=64 min=3078 median=3080 p90=3143 max=3543 (octowhere firmware/src/flush_bench.rs:36)
124.428235 [INFO ] [FLUSHBENCH] case=region region=band shift=3,0 n=64 min=3085 median=3087 p90=3112 max=3522 (octowhere firmware/src/flush_bench.rs:36)
124.626921 [INFO ] [FLUSHBENCH] case=region region=band shift=2,2 n=64 min=3082 median=3084 p90=3105 max=3617 (octowhere firmware/src/flush_bench.rs:36)
124.650737 [INFO ] [FLUSHBENCH] case=before region=gauge shift=0,0 n=64 min=367 median=367 p90=368 max=531 (octowhere firmware/src/flush_bench.rs:36)
124.675292 [INFO ] [FLUSHBENCH] case=region region=gauge shift=0,0 n=64 min=382 median=382 p90=382 max=405 (octowhere firmware/src/flush_bench.rs:36)
124.700553 [INFO ] [FLUSHBENCH] case=region region=gauge shift=3,0 n=64 min=393 median=393 p90=393 max=394 (octowhere firmware/src/flush_bench.rs:36)
124.725089 [INFO ] [FLUSHBENCH] case=region region=gauge shift=2,2 n=64 min=381 median=382 p90=382 max=382 (octowhere firmware/src/flush_bench.rs:36)
125.042094 [INFO ] [FLUSHBENCH] case=before region=compass shift=0,0 n=64 min=4922 median=4928 p90=4962 max=5400 (octowhere firmware/src/flush_bench.rs:36)
125.362824 [INFO ] [FLUSHBENCH] case=region region=compass shift=0,0 n=64 min=4949 median=4955 p90=5124 max=5760 (octowhere firmware/src/flush_bench.rs:36)
125.679216 [INFO ] [FLUSHBENCH] case=region region=compass shift=3,0 n=64 min=4921 median=4922 p90=4924 max=5424 (octowhere firmware/src/flush_bench.rs:36)
125.997418 [INFO ] [FLUSHBENCH] case=region region=compass shift=2,2 n=64 min=4949 median=4951 p90=4953 max=5529 (octowhere firmware/src/flush_bench.rs:36)
126.007071 [INFO ] [FLUSHBENCH] case=before region=small shift=0,0 n=64 min=145 median=146 p90=146 max=324 (octowhere firmware/src/flush_bench.rs:36)
126.017947 [INFO ] [FLUSHBENCH] case=region region=small shift=0,0 n=64 min=167 median=168 p90=168 max=182 (octowhere firmware/src/flush_bench.rs:36)
126.029703 [INFO ] [FLUSHBENCH] case=region region=small shift=3,0 n=64 min=177 median=178 p90=178 max=272 (octowhere firmware/src/flush_bench.rs:36)
126.040697 [INFO ] [FLUSHBENCH] case=region region=small shift=2,2 n=64 min=167 median=168 p90=168 max=209 (octowhere firmware/src/flush_bench.rs:36)
126.046960 [INFO ] [FLUSHBENCH] case=before region=rows shift=0,0 n=64 min=94 median=95 p90=95 max=171 (octowhere firmware/src/flush_bench.rs:36)
126.053274 [INFO ] [FLUSHBENCH] case=region region=rows shift=0,0 n=64 min=96 median=97 p90=97 max=101 (octowhere firmware/src/flush_bench.rs:36)
126.059799 [INFO ] [FLUSHBENCH] case=region region=rows shift=3,0 n=64 min=100 median=100 p90=101 max=101 (octowhere firmware/src/flush_bench.rs:36)
126.066169 [INFO ] [FLUSHBENCH] case=region region=rows shift=2,2 n=64 min=97 median=98 p90=98 max=98 (octowhere firmware/src/flush_bench.rs:36)
126.066232 [INFO ] [FLUSHBENCH] round 14 (octowhere firmware/src/flush_bench.rs:57)
126.806320 [INFO ] [FLUSHBENCH] case=full region=frame shift=0,0 n=64 min=11505 median=11506 p90=11754 max=12024 (octowhere firmware/src/flush_bench.rs:36)
127.550615 [INFO ] [FLUSHBENCH] case=full region=frame shift=3,0 n=64 min=11561 median=11563 p90=11749 max=12213 (octowhere firmware/src/flush_bench.rs:36)
128.293614 [INFO ] [FLUSHBENCH] case=full region=frame shift=2,2 n=64 min=11542 median=11544 p90=11836 max=12199 (octowhere firmware/src/flush_bench.rs:36)
129.034640 [INFO ] [FLUSHBENCH] case=full region=frame shift=0,3 n=64 min=11531 median=11532 p90=11657 max=12094 (octowhere firmware/src/flush_bench.rs:36)
129.778317 [INFO ] [FLUSHBENCH] case=full region=frame shift=-2,2 n=64 min=11543 median=11544 p90=11775 max=12335 (octowhere firmware/src/flush_bench.rs:36)
130.522916 [INFO ] [FLUSHBENCH] case=full region=frame shift=-3,0 n=64 min=11561 median=11562 p90=11801 max=12265 (octowhere firmware/src/flush_bench.rs:36)
131.267090 [INFO ] [FLUSHBENCH] case=full region=frame shift=-2,-2 n=64 min=11559 median=11561 p90=11812 max=12140 (octowhere firmware/src/flush_bench.rs:36)
132.009713 [INFO ] [FLUSHBENCH] case=full region=frame shift=0,-3 n=64 min=11556 median=11557 p90=11715 max=12143 (octowhere firmware/src/flush_bench.rs:36)
132.753870 [INFO ] [FLUSHBENCH] case=full region=frame shift=2,-2 n=64 min=11559 median=11561 p90=11840 max=12105 (octowhere firmware/src/flush_bench.rs:36)
132.951371 [INFO ] [FLUSHBENCH] case=before region=band shift=0,0 n=64 min=3064 median=3066 p90=3070 max=3481 (octowhere firmware/src/flush_bench.rs:36)
133.149515 [INFO ] [FLUSHBENCH] case=region region=band shift=0,0 n=64 min=3078 median=3080 p90=3107 max=3373 (octowhere firmware/src/flush_bench.rs:36)
133.349894 [INFO ] [FLUSHBENCH] case=region region=band shift=3,0 n=64 min=3085 median=3087 p90=3141 max=3646 (octowhere firmware/src/flush_bench.rs:36)
133.548279 [INFO ] [FLUSHBENCH] case=region region=band shift=2,2 n=64 min=3082 median=3084 p90=3085 max=3717 (octowhere firmware/src/flush_bench.rs:36)
133.572079 [INFO ] [FLUSHBENCH] case=before region=gauge shift=0,0 n=64 min=367 median=367 p90=368 max=525 (octowhere firmware/src/flush_bench.rs:36)
133.597014 [INFO ] [FLUSHBENCH] case=region region=gauge shift=0,0 n=64 min=381 median=382 p90=399 max=483 (octowhere firmware/src/flush_bench.rs:36)
133.622307 [INFO ] [FLUSHBENCH] case=region region=gauge shift=3,0 n=64 min=393 median=393 p90=394 max=411 (octowhere firmware/src/flush_bench.rs:36)
133.646843 [INFO ] [FLUSHBENCH] case=region region=gauge shift=2,2 n=64 min=381 median=382 p90=382 max=382 (octowhere firmware/src/flush_bench.rs:36)
133.964210 [INFO ] [FLUSHBENCH] case=before region=compass shift=0,0 n=64 min=4926 median=4928 p90=4989 max=5451 (octowhere firmware/src/flush_bench.rs:36)
134.283952 [INFO ] [FLUSHBENCH] case=region region=compass shift=0,0 n=64 min=4949 median=4952 p90=5066 max=5509 (octowhere firmware/src/flush_bench.rs:36)
134.600864 [INFO ] [FLUSHBENCH] case=region region=compass shift=3,0 n=64 min=4921 median=4923 p90=4953 max=5701 (octowhere firmware/src/flush_bench.rs:36)
134.918935 [INFO ] [FLUSHBENCH] case=region region=compass shift=2,2 n=64 min=4949 median=4951 p90=4953 max=5429 (octowhere firmware/src/flush_bench.rs:36)
134.928563 [INFO ] [FLUSHBENCH] case=before region=small shift=0,0 n=64 min=146 median=146 p90=146 max=303 (octowhere firmware/src/flush_bench.rs:36)
134.940139 [INFO ] [FLUSHBENCH] case=region region=small shift=0,0 n=64 min=167 median=168 p90=204 max=310 (octowhere firmware/src/flush_bench.rs:36)
134.951635 [INFO ] [FLUSHBENCH] case=region region=small shift=3,0 n=64 min=177 median=178 p90=178 max=190 (octowhere firmware/src/flush_bench.rs:36)
134.962486 [INFO ] [FLUSHBENCH] case=region region=small shift=2,2 n=64 min=167 median=168 p90=168 max=168 (octowhere firmware/src/flush_bench.rs:36)
134.968806 [INFO ] [FLUSHBENCH] case=before region=rows shift=0,0 n=64 min=94 median=95 p90=95 max=215 (octowhere firmware/src/flush_bench.rs:36)
134.975133 [INFO ] [FLUSHBENCH] case=region region=rows shift=0,0 n=64 min=96 median=97 p90=97 max=116 (octowhere firmware/src/flush_bench.rs:36)
134.981658 [INFO ] [FLUSHBENCH] case=region region=rows shift=3,0 n=64 min=100 median=100 p90=101 max=101 (octowhere firmware/src/flush_bench.rs:36)
134.988027 [INFO ] [FLUSHBENCH] case=region region=rows shift=2,2 n=64 min=97 median=98 p90=98 max=98 (octowhere firmware/src/flush_bench.rs:36)
134.988088 [INFO ] [FLUSHBENCH] round 15 (octowhere firmware/src/flush_bench.rs:57)
135.728248 [INFO ] [FLUSHBENCH] case=full region=frame shift=0,0 n=64 min=11505 median=11506 p90=11685 max=12074 (octowhere firmware/src/flush_bench.rs:36)
136.472761 [INFO ] [FLUSHBENCH] case=full region=frame shift=3,0 n=64 min=11561 median=11563 p90=11791 max=12213 (octowhere firmware/src/flush_bench.rs:36)
137.214922 [INFO ] [FLUSHBENCH] case=full region=frame shift=2,2 n=64 min=11542 median=11544 p90=11674 max=12129 (octowhere firmware/src/flush_bench.rs:36)
137.956591 [INFO ] [FLUSHBENCH] case=full region=frame shift=0,3 n=64 min=11531 median=11532 p90=11738 max=12212 (octowhere firmware/src/flush_bench.rs:36)
138.699924 [INFO ] [FLUSHBENCH] case=full region=frame shift=-2,2 n=64 min=11543 median=11544 p90=11727 max=12320 (octowhere firmware/src/flush_bench.rs:36)
139.444369 [INFO ] [FLUSHBENCH] case=full region=frame shift=-3,0 n=64 min=11561 median=11562 p90=11781 max=12631 (octowhere firmware/src/flush_bench.rs:36)
140.187484 [INFO ] [FLUSHBENCH] case=full region=frame shift=-2,-2 n=64 min=11559 median=11561 p90=11721 max=12201 (octowhere firmware/src/flush_bench.rs:36)
140.931460 [INFO ] [FLUSHBENCH] case=full region=frame shift=0,-3 n=64 min=11556 median=11557 p90=11811 max=12633 (octowhere firmware/src/flush_bench.rs:36)
141.675665 [INFO ] [FLUSHBENCH] case=full region=frame shift=2,-2 n=64 min=11559 median=11561 p90=11835 max=12221 (octowhere firmware/src/flush_bench.rs:36)
141.872927 [INFO ] [FLUSHBENCH] case=before region=band shift=0,0 n=64 min=3064 median=3066 p90=3067 max=3564 (octowhere firmware/src/flush_bench.rs:36)
142.071452 [INFO ] [FLUSHBENCH] case=region region=band shift=0,0 n=64 min=3078 median=3080 p90=3093 max=3626 (octowhere firmware/src/flush_bench.rs:36)
142.271789 [INFO ] [FLUSHBENCH] case=region region=band shift=3,0 n=64 min=3085 median=3091 p90=3170 max=3775 (octowhere firmware/src/flush_bench.rs:36)
142.469728 [INFO ] [FLUSHBENCH] case=region region=band shift=2,2 n=64 min=3082 median=3084 p90=3085 max=3424 (octowhere firmware/src/flush_bench.rs:36)
142.493535 [INFO ] [FLUSHBENCH] case=before region=gauge shift=0,0 n=64 min=367 median=367 p90=368 max=521 (octowhere firmware/src/flush_bench.rs:36)
142.518827 [INFO ] [FLUSHBENCH] case=region region=gauge shift=0,0 n=64 min=381 median=382 p90=406 max=598 (octowhere firmware/src/flush_bench.rs:36)
142.544123 [INFO ] [FLUSHBENCH] case=region region=gauge shift=3,0 n=64 min=393 median=393 p90=394 max=406 (octowhere firmware/src/flush_bench.rs:36)
142.568659 [INFO ] [FLUSHBENCH] case=region region=gauge shift=2,2 n=64 min=381 median=382 p90=382 max=382 (octowhere firmware/src/flush_bench.rs:36)
142.885492 [INFO ] [FLUSHBENCH] case=before region=compass shift=0,0 n=64 min=4926 median=4928 p90=4950 max=5409 (octowhere firmware/src/flush_bench.rs:36)
143.204554 [INFO ] [FLUSHBENCH] case=region region=compass shift=0,0 n=64 min=4949 median=4952 p90=5049 max=5364 (octowhere firmware/src/flush_bench.rs:36)
143.522776 [INFO ] [FLUSHBENCH] case=region region=compass shift=3,0 n=64 min=4921 median=4923 p90=5055 max=5692 (octowhere firmware/src/flush_bench.rs:36)
143.841188 [INFO ] [FLUSHBENCH] case=region region=compass shift=2,2 n=64 min=4949 median=4951 p90=4955 max=5603 (octowhere firmware/src/flush_bench.rs:36)
143.850828 [INFO ] [FLUSHBENCH] case=before region=small shift=0,0 n=64 min=145 median=146 p90=146 max=318 (octowhere firmware/src/flush_bench.rs:36)
143.861706 [INFO ] [FLUSHBENCH] case=region region=small shift=0,0 n=64 min=167 median=168 p90=168 max=182 (octowhere firmware/src/flush_bench.rs:36)
143.873184 [INFO ] [FLUSHBENCH] case=region region=small shift=3,0 n=64 min=177 median=178 p90=178 max=180 (octowhere firmware/src/flush_bench.rs:36)
143.884039 [INFO ] [FLUSHBENCH] case=region region=small shift=2,2 n=64 min=167 median=168 p90=168 max=168 (octowhere firmware/src/flush_bench.rs:36)
143.890228 [INFO ] [FLUSHBENCH] case=before region=rows shift=0,0 n=64 min=94 median=95 p90=95 max=109 (octowhere firmware/src/flush_bench.rs:36)
143.896533 [INFO ] [FLUSHBENCH] case=region region=rows shift=0,0 n=64 min=96 median=97 p90=97 max=97 (octowhere firmware/src/flush_bench.rs:36)
143.903056 [INFO ] [FLUSHBENCH] case=region region=rows shift=3,0 n=64 min=100 median=100 p90=101 max=101 (octowhere firmware/src/flush_bench.rs:36)
143.909426 [INFO ] [FLUSHBENCH] case=region region=rows shift=2,2 n=64 min=97 median=98 p90=98 max=98 (octowhere firmware/src/flush_bench.rs:36)
143.909485 [INFO ] [FLUSHBENCH] round 16 (octowhere firmware/src/flush_bench.rs:57)
144.649806 [INFO ] [FLUSHBENCH] case=full region=frame shift=0,0 n=64 min=11505 median=11506 p90=11699 max=12109 (octowhere firmware/src/flush_bench.rs:36)
145.394560 [INFO ] [FLUSHBENCH] case=full region=frame shift=3,0 n=64 min=11561 median=11563 p90=11805 max=12333 (octowhere firmware/src/flush_bench.rs:36)
146.136611 [INFO ] [FLUSHBENCH] case=full region=frame shift=2,2 n=64 min=11542 median=11544 p90=11692 max=12015 (octowhere firmware/src/flush_bench.rs:36)
146.878647 [INFO ] [FLUSHBENCH] case=full region=frame shift=0,3 n=64 min=11531 median=11532 p90=11738 max=12251 (octowhere firmware/src/flush_bench.rs:36)
147.621728 [INFO ] [FLUSHBENCH] case=full region=frame shift=-2,2 n=64 min=11543 median=11544 p90=11865 max=12158 (octowhere firmware/src/flush_bench.rs:36)
148.366013 [INFO ] [FLUSHBENCH] case=full region=frame shift=-3,0 n=64 min=11561 median=11562 p90=11798 max=12297 (octowhere firmware/src/flush_bench.rs:36)
149.108944 [INFO ] [FLUSHBENCH] case=full region=frame shift=-2,-2 n=64 min=11559 median=11561 p90=11752 max=12065 (octowhere firmware/src/flush_bench.rs:36)
