I (272) esp_image: segment 3: paddr=000b9e74 vaddr=00000000 size1.847741 [INFO ] [FLUSHBENCH] case=full region=frame shift=0,0 n=64 min=11473 median=11476 p90=11517 max=11758 (octowhere firmware/src/flush_bench.rs:33)
2.596988 [INFO ] [FLUSHBENCH] case=full region=frame shift=3,0 n=64 min=11512 median=11542 p90=11596 max=18618 (octowhere firmware/src/flush_bench.rs:33)
3.348220 [INFO ] [FLUSHBENCH] case=full region=frame shift=2,2 n=64 min=11493 median=11517 p90=11751 max=19151 (octowhere firmware/src/flush_bench.rs:33)
4.085957 [INFO ] [FLUSHBENCH] case=full region=frame shift=0,3 n=64 min=11482 median=11485 p90=11551 max=12164 (octowhere firmware/src/flush_bench.rs:33)
4.824893 [INFO ] [FLUSHBENCH] case=full region=frame shift=-2,2 n=64 min=11493 median=11496 p90=11610 max=12321 (octowhere firmware/src/flush_bench.rs:33)
5.565284 [INFO ] [FLUSHBENCH] case=full region=frame shift=-3,0 n=64 min=11512 median=11515 p90=11694 max=12171 (octowhere firmware/src/flush_bench.rs:33)
6.306361 [INFO ] [FLUSHBENCH] case=full region=frame shift=-2,-2 n=64 min=11510 median=11513 p90=11730 max=12534 (octowhere firmware/src/flush_bench.rs:33)
7.045655 [INFO ] [FLUSHBENCH] case=full region=frame shift=0,-3 n=64 min=11506 median=11509 p90=11656 max=12153 (octowhere firmware/src/flush_bench.rs:33)
7.785550 [INFO ] [FLUSHBENCH] case=full region=frame shift=2,-2 n=64 min=11509 median=11512 p90=11617 max=12438 (octowhere firmware/src/flush_bench.rs:33)
7.982057 [INFO ] [FLUSHBENCH] case=before region=band shift=0,0 n=64 min=3048 median=3051 p90=3055 max=3539 (octowhere firmware/src/flush_bench.rs:33)
8.180052 [INFO ] [FLUSHBENCH] case=region region=band shift=0,0 n=64 min=3062 median=3066 p90=3115 max=3527 (octowhere firmware/src/flush_bench.rs:33)
8.377142 [INFO ] [FLUSHBENCH] case=region region=band shift=3,0 n=64 min=3069 median=3072 p90=3073 max=3382 (octowhere firmware/src/flush_bench.rs:33)
8.574662 [INFO ] [FLUSHBENCH] case=region region=band shift=2,2 n=64 min=3066 median=3069 p90=3070 max=3545 (octowhere firmware/src/flush_bench.rs:33)
8.598136 [INFO ] [FLUSHBENCH] case=before region=gauge shift=0,0 n=64 min=362 median=363 p90=363 max=485 (octowhere firmware/src/flush_bench.rs:33)
8.622377 [INFO ] [FLUSHBENCH] case=region region=gauge shift=0,0 n=64 min=376 median=377 p90=377 max=392 (octowhere firmware/src/flush_bench.rs:33)
8.647324 [INFO ] [FLUSHBENCH] case=region region=gauge shift=3,0 n=64 min=388 median=388 p90=389 max=389 (octowhere firmware/src/flush_bench.rs:33)
8.671723 [INFO ] [FLUSHBENCH] case=region region=gauge shift=2,2 n=64 min=376 median=377 p90=377 max=497 (octowhere firmware/src/flush_bench.rs:33)
8.987624 [INFO ] [FLUSHBENCH] case=before region=compass shift=0,0 n=64 min=4907 median=4908 p90=4965 max=5537 (octowhere firmware/src/flush_bench.rs:33)
9.305277 [INFO ] [FLUSHBENCH] case=region region=compass shift=0,0 n=64 min=4927 median=4930 p90=5001 max=5459 (octowhere firmware/src/flush_bench.rs:33)
9.620003 [INFO ] [FLUSHBENCH] case=region region=compass shift=3,0 n=64 min=4898 median=4899 p90=4902 max=5308 (octowhere firmware/src/flush_bench.rs:33)
9.936923 [INFO ] [FLUSHBENCH] case=region region=compass shift=2,2 n=64 min=4927 median=4927 p90=4953 max=5327 (octowhere firmware/src/flush_bench.rs:33)
9.946694 [INFO ] [FLUSHBENCH] case=before region=small shift=0,0 n=64 min=141 median=142 p90=159 max=292 (octowhere firmware/src/flush_bench.rs:33)
9.957432 [INFO ] [FLUSHBENCH] case=region region=small shift=0,0 n=64 min=163 median=164 p90=164 max=289 (octowhere firmware/src/flush_bench.rs:33)
9.968657 [INFO ] [FLUSHBENCH] case=region region=small shift=3,0 n=64 min=173 median=174 p90=174 max=176 (octowhere firmware/src/flush_bench.rs:33)
9.979252 [INFO ] [FLUSHBENCH] case=region region=small shift=2,2 n=64 min=163 median=164 p90=164 max=164 (octowhere firmware/src/flush_bench.rs:33)
9.985183 [INFO ] [FLUSHBENCH] case=before region=rows shift=0,0 n=64 min=90 median=90 p90=91 max=119 (octowhere firmware/src/flush_bench.rs:33)
9.991233 [INFO ] [FLUSHBENCH] case=region region=rows shift=0,0 n=64 min=92 median=93 p90=93 max=93 (octowhere firmware/src/flush_bench.rs:33)
9.997501 [INFO ] [FLUSHBENCH] case=region region=rows shift=3,0 n=64 min=96 median=96 p90=97 max=97 (octowhere firmware/src/flush_bench.rs:33)
10.003617 [INFO ] [FLUSHBENCH] case=region region=rows shift=2,2 n=64 min=93 median=94 p90=94 max=94 (octowhere firmware/src/flush_bench.rs:33)
10.003680 [INFO ] [FLUSHBENCH] round 1 (octowhere firmware/src/flush_bench.rs:54)
10.741819 [INFO ] [FLUSHBENCH] case=full region=frame shift=0,0 n=64 min=11473 median=11476 p90=11677 max=12381 (octowhere firmware/src/flush_bench.rs:33)
11.482196 [INFO ] [FLUSHBENCH] case=full region=frame shift=3,0 n=64 min=11512 median=11515 p90=11705 max=12013 (octowhere firmware/src/flush_bench.rs:33)
12.221589 [INFO ] [FLUSHBENCH] case=full region=frame shift=2,2 n=64 min=11493 median=11497 p90=11727 max=12107 (octowhere firmware/src/flush_bench.rs:33)
12.958604 [INFO ] [FLUSHBENCH] case=full region=frame shift=0,3 n=64 min=11482 median=11485 p90=11571 max=11832 (octowhere firmware/src/flush_bench.rs:33)
13.697530 [INFO ] [FLUSHBENCH] case=full region=frame shift=-2,2 n=64 min=11493 median=11496 p90=11714 max=12076 (octowhere firmware/src/flush_bench.rs:33)
14.438092 [INFO ] [FLUSHBENCH] case=full region=frame shift=-3,0 n=64 min=11512 median=11515 p90=11758 max=12081 (octowhere firmware/src/flush_bench.rs:33)
15.178195 [INFO ] [FLUSHBENCH] case=full region=frame shift=-2,-2 n=64 min=11510 median=11513 p90=11741 max=11920 (octowhere firmware/src/flush_bench.rs:33)
15.917161 [INFO ] [FLUSHBENCH] case=full region=frame shift=0,-3 n=64 min=11506 median=11509 p90=11627 max=12097 (octowhere firmware/src/flush_bench.rs:33)
16.657291 [INFO ] [FLUSHBENCH] case=full region=frame shift=2,-2 n=64 min=11509 median=11512 p90=11715 max=12124 (octowhere firmware/src/flush_bench.rs:33)
16.853841 [INFO ] [FLUSHBENCH] case=before region=band shift=0,0 n=64 min=3048 median=3051 p90=3057 max=3424 (octowhere firmware/src/flush_bench.rs:33)
17.051332 [INFO ] [FLUSHBENCH] case=region region=band shift=0,0 n=64 min=3062 median=3066 p90=3114 max=3452 (octowhere firmware/src/flush_bench.rs:33)
17.249169 [INFO ] [FLUSHBENCH] case=region region=band shift=3,0 n=64 min=3069 median=3073 p90=3100 max=3537 (octowhere firmware/src/flush_bench.rs:33)
17.446493 [INFO ] [FLUSHBENCH] case=region region=band shift=2,2 n=64 min=3066 median=3069 p90=3069 max=3724 (octowhere firmware/src/flush_bench.rs:33)
17.469958 [INFO ] [FLUSHBENCH] case=before region=gauge shift=0,0 n=64 min=362 median=363 p90=363 max=477 (octowhere firmware/src/flush_bench.rs:33)
17.494443 [INFO ] [FLUSHBENCH] case=region region=gauge shift=0,0 n=64 min=376 median=377 p90=386 max=465 (octowhere firmware/src/flush_bench.rs:33)
17.519862 [INFO ] [FLUSHBENCH] case=region region=gauge shift=3,0 n=64 min=388 median=388 p90=409 max=488 (octowhere firmware/src/flush_bench.rs:33)
17.544102 [INFO ] [FLUSHBENCH] case=region region=gauge shift=2,2 n=64 min=376 median=377 p90=377 max=388 (octowhere firmware/src/flush_bench.rs:33)
17.859490 [INFO ] [FLUSHBENCH] case=before region=compass shift=0,0 n=64 min=4907 median=4908 p90=4917 max=5458 (octowhere firmware/src/flush_bench.rs:33)
18.177492 [INFO ] [FLUSHBENCH] case=region region=compass shift=0,0 n=64 min=4927 median=4930 p90=5029 max=5402 (octowhere firmware/src/flush_bench.rs:33)
18.492389 [INFO ] [FLUSHBENCH] case=region region=compass shift=3,0 n=64 min=4898 median=4899 p90=4902 max=5533 (octowhere firmware/src/flush_bench.rs:33)
18.809590 [INFO ] [FLUSHBENCH] case=region region=compass shift=2,2 n=64 min=4927 median=4927 p90=4964 max=5352 (octowhere firmware/src/flush_bench.rs:33)
18.818952 [INFO ] [FLUSHBENCH] case=before region=small shift=0,0 n=64 min=141 median=142 p90=142 max=285 (octowhere firmware/src/flush_bench.rs:33)
18.829562 [INFO ] [FLUSHBENCH] case=region region=small shift=0,0 n=64 min=163 median=164 p90=164 max=175 (octowhere firmware/src/flush_bench.rs:33)
18.840784 [INFO ] [FLUSHBENCH] case=region region=small shift=3,0 n=64 min=173 median=174 p90=174 max=177 (octowhere firmware/src/flush_bench.rs:33)
18.851380 [INFO ] [FLUSHBENCH] case=region region=small shift=2,2 n=64 min=163 median=164 p90=164 max=164 (octowhere firmware/src/flush_bench.rs:33)
18.857291 [INFO ] [FLUSHBENCH] case=before region=rows shift=0,0 n=64 min=90 median=90 p90=91 max=104 (octowhere firmware/src/flush_bench.rs:33)
18.863341 [INFO ] [FLUSHBENCH] case=region region=rows shift=0,0 n=64 min=92 median=93 p90=93 max=93 (octowhere firmware/src/flush_bench.rs:33)
18.869610 [INFO ] [FLUSHBENCH] case=region region=rows shift=3,0 n=64 min=96 median=96 p90=97 max=97 (octowhere firmware/src/flush_bench.rs:33)
18.875726 [INFO ] [FLUSHBENCH] case=region region=rows shift=2,2 n=64 min=93 median=94 p90=94 max=94 (octowhere firmware/src/flush_bench.rs:33)
18.875788 [INFO ] [FLUSHBENCH] round 2 (octowhere firmware/src/flush_bench.rs:54)
19.613383 [INFO ] [FLUSHBENCH] case=full region=frame shift=0,0 n=64 min=11473 median=11476 p90=11726 max=12032 (octowhere firmware/src/flush_bench.rs:33)
20.354255 [INFO ] [FLUSHBENCH] case=full region=frame shift=3,0 n=64 min=11512 median=11515 p90=11815 max=12136 (octowhere firmware/src/flush_bench.rs:33)
21.092692 [INFO ] [FLUSHBENCH] case=full region=frame shift=2,2 n=64 min=11493 median=11497 p90=11629 max=12062 (octowhere firmware/src/flush_bench.rs:33)
21.830768 [INFO ] [FLUSHBENCH] case=full region=frame shift=0,3 n=64 min=11482 median=11485 p90=11623 max=12089 (octowhere firmware/src/flush_bench.rs:33)
22.570250 [INFO ] [FLUSHBENCH] case=full region=frame shift=-2,2 n=64 min=11493 median=11496 p90=11728 max=12140 (octowhere firmware/src/flush_bench.rs:33)
23.310274 [INFO ] [FLUSHBENCH] case=full region=frame shift=-3,0 n=64 min=11512 median=11515 p90=11627 max=12223 (octowhere firmware/src/flush_bench.rs:33)
24.049752 [INFO ] [FLUSHBENCH] case=full region=frame shift=-2,-2 n=64 min=11510 median=11513 p90=11647 max=12070 (octowhere firmware/src/flush_bench.rs:33)
24.789363 [INFO ] [FLUSHBENCH] case=full region=frame shift=0,-3 n=64 min=11506 median=11509 p90=11632 max=12129 (octowhere firmware/src/flush_bench.rs:33)
25.529527 [INFO ] [FLUSHBENCH] case=full region=frame shift=2,-2 n=64 min=11509 median=11512 p90=11625 max=12111 (octowhere firmware/src/flush_bench.rs:33)
25.725974 [INFO ] [FLUSHBENCH] case=before region=band shift=0,0 n=64 min=3048 median=3051 p90=3067 max=3424 (octowhere firmware/src/flush_bench.rs:33)
25.923481 [INFO ] [FLUSHBENCH] case=region region=band shift=0,0 n=64 min=3062 median=3066 p90=3086 max=3684 (octowhere firmware/src/flush_bench.rs:33)
26.121743 [INFO ] [FLUSHBENCH] case=region region=band shift=3,0 n=64 min=3069 median=3073 p90=3108 max=3730 (octowhere firmware/src/flush_bench.rs:33)
26.319555 [INFO ] [FLUSHBENCH] case=region region=band shift=2,2 n=64 min=3066 median=3069 p90=3099 max=3432 (octowhere firmware/src/flush_bench.rs:33)
26.343023 [INFO ] [FLUSHBENCH] case=before region=gauge shift=0,0 n=64 min=362 median=363 p90=363 max=472 (octowhere firmware/src/flush_bench.rs:33)
26.367794 [INFO ] [FLUSHBENCH] case=region region=gauge shift=0,0 n=64 min=376 median=377 p90=408 max=508 (octowhere firmware/src/flush_bench.rs:33)
26.392758 [INFO ] [FLUSHBENCH] case=region region=gauge shift=3,0 n=64 min=388 median=388 p90=389 max=394 (octowhere firmware/src/flush_bench.rs:33)
26.416981 [INFO ] [FLUSHBENCH] case=region region=gauge shift=2,2 n=64 min=376 median=377 p90=377 max=377 (octowhere firmware/src/flush_bench.rs:33)
26.732310 [INFO ] [FLUSHBENCH] case=before region=compass shift=0,0 n=64 min=4907 median=4908 p90=4912 max=5439 (octowhere firmware/src/flush_bench.rs:33)
27.049166 [INFO ] [FLUSHBENCH] case=region region=compass shift=0,0 n=64 min=4927 median=4927 p90=4957 max=5382 (octowhere firmware/src/flush_bench.rs:33)
27.365883 [INFO ] [FLUSHBENCH] case=region region=compass shift=3,0 n=64 min=4898 median=4902 p90=5014 max=5582 (octowhere firmware/src/flush_bench.rs:33)
27.682399 [INFO ] [FLUSHBENCH] case=region region=compass shift=2,2 n=64 min=4927 median=4927 p90=4930 max=5360 (octowhere firmware/src/flush_bench.rs:33)
27.691749 [INFO ] [FLUSHBENCH] case=before region=small shift=0,0 n=64 min=141 median=142 p90=142 max=281 (octowhere firmware/src/flush_bench.rs:33)
27.702350 [INFO ] [FLUSHBENCH] case=region region=small shift=0,0 n=64 min=163 median=164 p90=164 max=169 (octowhere firmware/src/flush_bench.rs:33)
27.713572 [INFO ] [FLUSHBENCH] case=region region=small shift=3,0 n=64 min=173 median=174 p90=174 max=177 (octowhere firmware/src/flush_bench.rs:33)
27.724166 [INFO ] [FLUSHBENCH] case=region region=small shift=2,2 n=64 min=163 median=164 p90=164 max=164 (octowhere firmware/src/flush_bench.rs:33)
27.730076 [INFO ] [FLUSHBENCH] case=before region=rows shift=0,0 n=64 min=90 median=90 p90=91 max=104 (octowhere firmware/src/flush_bench.rs:33)
27.736129 [INFO ] [FLUSHBENCH] case=region region=rows shift=0,0 n=64 min=92 median=93 p90=93 max=93 (octowhere firmware/src/flush_bench.rs:33)
27.742397 [INFO ] [FLUSHBENCH] case=region region=rows shift=3,0 n=64 min=96 median=96 p90=97 max=97 (octowhere firmware/src/flush_bench.rs:33)
27.748513 [INFO ] [FLUSHBENCH] case=region region=rows shift=2,2 n=64 min=93 median=94 p90=94 max=94 (octowhere firmware/src/flush_bench.rs:33)
27.748574 [INFO ] [FLUSHBENCH] round 3 (octowhere firmware/src/flush_bench.rs:54)
28.486566 [INFO ] [FLUSHBENCH] case=full region=frame shift=0,0 n=64 min=11473 median=11476 p90=11717 max=11987 (octowhere firmware/src/flush_bench.rs:33)
29.227083 [INFO ] [FLUSHBENCH] case=full region=frame shift=3,0 n=64 min=11512 median=11515 p90=11732 max=12180 (octowhere firmware/src/flush_bench.rs:33)
29.965068 [INFO ] [FLUSHBENCH] case=full region=frame shift=2,2 n=64 min=11493 median=11497 p90=11645 max=11826 (octowhere firmware/src/flush_bench.rs:33)
30.708657 [INFO ] [FLUSHBENCH] case=full region=frame shift=0,3 n=64 min=11482 median=11485 p90=11717 max=15731 (octowhere firmware/src/flush_bench.rs:33)
31.447933 [INFO ] [FLUSHBENCH] case=full region=frame shift=-2,2 n=64 min=11493 median=11496 p90=11609 max=12572 (octowhere firmware/src/flush_bench.rs:33)
32.188405 [INFO ] [FLUSHBENCH] case=full region=frame shift=-3,0 n=64 min=11512 median=11515 p90=11679 max=12575 (octowhere firmware/src/flush_bench.rs:33)
32.929319 [INFO ] [FLUSHBENCH] case=full region=frame shift=-2,-2 n=64 min=11510 median=11513 p90=11696 max=12815 (octowhere firmware/src/flush_bench.rs:33)
33.671627 [INFO ] [FLUSHBENCH] case=full region=frame shift=0,-3 n=64 min=11506 median=11509 p90=11731 max=13593 (octowhere firmware/src/flush_bench.rs:33)
34.412605 [INFO ] [FLUSHBENCH] case=full region=frame shift=2,-2 n=64 min=11509 median=11512 p90=11746 max=12057 (octowhere firmware/src/flush_bench.rs:33)
34.608878 [INFO ] [FLUSHBENCH] case=before region=band shift=0,0 n=64 min=3048 median=3051 p90=3052 max=3620 (octowhere firmware/src/flush_bench.rs:33)
34.806211 [INFO ] [FLUSHBENCH] case=region region=band shift=0,0 n=64 min=3062 median=3066 p90=3069 max=3472 (octowhere firmware/src/flush_bench.rs:33)
35.003943 [INFO ] [FLUSHBENCH] case=region region=band shift=3,0 n=64 min=3069 median=3072 p90=3073 max=3616 (octowhere firmware/src/flush_bench.rs:33)
35.202597 [INFO ] [FLUSHBENCH] case=region region=band shift=2,2 n=64 min=3066 median=3069 p90=3150 max=3479 (octowhere firmware/src/flush_bench.rs:33)
35.226062 [INFO ] [FLUSHBENCH] case=before region=gauge shift=0,0 n=64 min=362 median=363 p90=363 max=487 (octowhere firmware/src/flush_bench.rs:33)
35.250301 [INFO ] [FLUSHBENCH] case=region region=gauge shift=0,0 n=64 min=376 median=377 p90=377 max=391 (octowhere firmware/src/flush_bench.rs:33)
35.275249 [INFO ] [FLUSHBENCH] case=region region=gauge shift=3,0 n=64 min=388 median=388 p90=389 max=389 (octowhere firmware/src/flush_bench.rs:33)
35.299471 [INFO ] [FLUSHBENCH] case=region region=gauge shift=2,2 n=64 min=376 median=377 p90=377 max=377 (octowhere firmware/src/flush_bench.rs:33)
35.614910 [INFO ] [FLUSHBENCH] case=before region=compass shift=0,0 n=64 min=4905 median=4908 p90=4910 max=5463 (octowhere firmware/src/flush_bench.rs:33)
35.931742 [INFO ] [FLUSHBENCH] case=region region=compass shift=0,0 n=64 min=4927 median=4927 p90=4968 max=5333 (octowhere firmware/src/flush_bench.rs:33)
36.248901 [INFO ] [FLUSHBENCH] case=region region=compass shift=3,0 n=64 min=4898 median=4903 p90=5053 max=5673 (octowhere firmware/src/flush_bench.rs:33)
36.565456 [INFO ] [FLUSHBENCH] case=region region=compass shift=2,2 n=64 min=4927 median=4927 p90=4931 max=5583 (octowhere firmware/src/flush_bench.rs:33)
36.574794 [INFO ] [FLUSHBENCH] case=before region=small shift=0,0 n=64 min=141 median=142 p90=142 max=274 (octowhere firmware/src/flush_bench.rs:33)
36.585402 [INFO ] [FLUSHBENCH] case=region region=small shift=0,0 n=64 min=163 median=164 p90=164 max=175 (octowhere firmware/src/flush_bench.rs:33)
36.596624 [INFO ] [FLUSHBENCH] case=region region=small shift=3,0 n=64 min=173 median=174 p90=174 max=177 (octowhere firmware/src/flush_bench.rs:33)
36.607217 [INFO ] [FLUSHBENCH] case=region region=small shift=2,2 n=64 min=163 median=164 p90=164 max=164 (octowhere firmware/src/flush_bench.rs:33)
36.613128 [INFO ] [FLUSHBENCH] case=before region=rows shift=0,0 n=64 min=90 median=90 p90=91 max=104 (octowhere firmware/src/flush_bench.rs:33)
36.619178 [INFO ] [FLUSHBENCH] case=region region=rows shift=0,0 n=64 min=92 median=93 p90=93 max=93 (octowhere firmware/src/flush_bench.rs:33)
36.625446 [INFO ] [FLUSHBENCH] case=region region=rows shift=3,0 n=64 min=96 median=96 p90=97 max=97 (octowhere firmware/src/flush_bench.rs:33)
36.631883 [INFO ] [FLUSHBENCH] case=region region=rows shift=2,2 n=64 min=93 median=94 p90=105 max=155 (octowhere firmware/src/flush_bench.rs:33)
36.631947 [INFO ] [FLUSHBENCH] round 4 (octowhere firmware/src/flush_bench.rs:54)
37.369679 [INFO ] [FLUSHBENCH] case=full region=frame shift=0,0 n=64 min=11473 median=11476 p90=11637 max=12131 (octowhere firmware/src/flush_bench.rs:33)
38.109401 [INFO ] [FLUSHBENCH] case=full region=frame shift=3,0 n=64 min=11512 median=11515 p90=11689 max=11924 (octowhere firmware/src/flush_bench.rs:33)
38.848669 [INFO ] [FLUSHBENCH] case=full region=frame shift=2,2 n=64 min=11493 median=11497 p90=11706 max=12081 (octowhere firmware/src/flush_bench.rs:33)
39.587260 [INFO ] [FLUSHBENCH] case=full region=frame shift=0,3 n=64 min=11482 median=11485 p90=11701 max=11984 (octowhere firmware/src/flush_bench.rs:33)
40.326426 [INFO ] [FLUSHBENCH] case=full region=frame shift=-2,2 n=64 min=11493 median=11496 p90=11729 max=12057 (octowhere firmware/src/flush_bench.rs:33)
41.066217 [INFO ] [FLUSHBENCH] case=full region=frame shift=-3,0 n=64 min=11512 median=11515 p90=11740 max=12013 (octowhere firmware/src/flush_bench.rs:33)
41.806009 [INFO ] [FLUSHBENCH] case=full region=frame shift=-2,-2 n=64 min=11510 median=11513 p90=11656 max=12091 (octowhere firmware/src/flush_bench.rs:33)
42.546311 [INFO ] [FLUSHBENCH] case=full region=frame shift=0,-3 n=64 min=11506 median=11509 p90=11761 max=12196 (octowhere firmware/src/flush_bench.rs:33)
43.286400 [INFO ] [FLUSHBENCH] case=full region=frame shift=2,-2 n=64 min=11509 median=11512 p90=11662 max=12018 (octowhere firmware/src/flush_bench.rs:33)
43.482292 [INFO ] [FLUSHBENCH] case=before region=band shift=0,0 n=64 min=3048 median=3051 p90=3052 max=3352 (octowhere firmware/src/flush_bench.rs:33)
43.679219 [INFO ] [FLUSHBENCH] case=region region=band shift=0,0 n=64 min=3062 median=3066 p90=3066 max=3487 (octowhere firmware/src/flush_bench.rs:33)
43.876814 [INFO ] [FLUSHBENCH] case=region region=band shift=3,0 n=64 min=3069 median=3072 p90=3073 max=3463 (octowhere firmware/src/flush_bench.rs:33)
44.074701 [INFO ] [FLUSHBENCH] case=region region=band shift=2,2 n=64 min=3066 median=3069 p90=3098 max=3603 (octowhere firmware/src/flush_bench.rs:33)
44.098169 [INFO ] [FLUSHBENCH] case=before region=gauge shift=0,0 n=64 min=362 median=363 p90=365 max=450 (octowhere firmware/src/flush_bench.rs:33)
44.122451 [INFO ] [FLUSHBENCH] case=region region=gauge shift=0,0 n=64 min=376 median=377 p90=378 max=390 (octowhere firmware/src/flush_bench.rs:33)
44.147464 [INFO ] [FLUSHBENCH] case=region region=gauge shift=3,0 n=64 min=388 median=388 p90=389 max=418 (octowhere firmware/src/flush_bench.rs:33)
44.172228 [INFO ] [FLUSHBENCH] case=region region=gauge shift=2,2 n=64 min=376 median=377 p90=387 max=533 (octowhere firmware/src/flush_bench.rs:33)
44.488015 [INFO ] [FLUSHBENCH] case=before region=compass shift=0,0 n=64 min=4907 median=4908 p90=4949 max=5494 (octowhere firmware/src/flush_bench.rs:33)
44.805068 [INFO ] [FLUSHBENCH] case=region region=compass shift=0,0 n=64 min=4927 median=4927 p90=5003 max=5285 (octowhere firmware/src/flush_bench.rs:33)
45.120218 [INFO ] [FLUSHBENCH] case=region region=compass shift=3,0 n=64 min=4898 median=4899 p90=4932 max=5392 (octowhere firmware/src/flush_bench.rs:33)
45.437607 [INFO ] [FLUSHBENCH] case=region region=compass shift=2,2 n=64 min=4927 median=4928 p90=5016 max=5393 (octowhere firmware/src/flush_bench.rs:33)
45.447189 [INFO ] [FLUSHBENCH] case=before region=small shift=0,0 n=64 min=141 median=142 p90=149 max=286 (octowhere firmware/src/flush_bench.rs:33)
45.457935 [INFO ] [FLUSHBENCH] case=region region=small shift=0,0 n=64 min=163 median=164 p90=164 max=225 (octowhere firmware/src/flush_bench.rs:33)
45.469170 [INFO ] [FLUSHBENCH] case=region region=small shift=3,0 n=64 min=173 median=174 p90=174 max=186 (octowhere firmware/src/flush_bench.rs:33)
45.479763 [INFO ] [FLUSHBENCH] case=region region=small shift=2,2 n=64 min=163 median=164 p90=164 max=164 (octowhere firmware/src/flush_bench.rs:33)
45.485682 [INFO ] [FLUSHBENCH] case=before region=rows shift=0,0 n=64 min=90 median=90 p90=91 max=114 (octowhere firmware/src/flush_bench.rs:33)
45.491733 [INFO ] [FLUSHBENCH] case=region region=rows shift=0,0 n=64 min=92 median=93 p90=93 max=93 (octowhere firmware/src/flush_bench.rs:33)
45.498000 [INFO ] [FLUSHBENCH] case=region region=rows shift=3,0 n=64 min=96 median=96 p90=97 max=97 (octowhere firmware/src/flush_bench.rs:33)
45.504116 [INFO ] [FLUSHBENCH] case=region region=rows shift=2,2 n=64 min=93 median=94 p90=94 max=94 (octowhere firmware/src/flush_bench.rs:33)
45.504180 [INFO ] [FLUSHBENCH] round 5 (octowhere firmware/src/flush_bench.rs:54)
46.241960 [INFO ] [FLUSHBENCH] case=full region=frame shift=0,0 n=64 min=11473 median=11476 p90=11642 max=12018 (octowhere firmware/src/flush_bench.rs:33)
46.981624 [INFO ] [FLUSHBENCH] case=full region=frame shift=3,0 n=64 min=11512 median=11515 p90=11626 max=12083 (octowhere firmware/src/flush_bench.rs:33)
47.720959 [INFO ] [FLUSHBENCH] case=full region=frame shift=2,2 n=64 min=11493 median=11497 p90=11687 max=12108 (octowhere firmware/src/flush_bench.rs:33)
48.459167 [INFO ] [FLUSHBENCH] case=full region=frame shift=0,3 n=64 min=11482 median=11485 p90=11598 max=12044 (octowhere firmware/src/flush_bench.rs:33)
49.198324 [INFO ] [FLUSHBENCH] case=full region=frame shift=-2,2 n=64 min=11493 median=11497 p90=11746 max=11908 (octowhere firmware/src/flush_bench.rs:33)
49.937775 [INFO ] [FLUSHBENCH] case=full region=frame shift=-3,0 n=64 min=11512 median=11515 p90=11612 max=12040 (octowhere firmware/src/flush_bench.rs:33)
50.678051 [INFO ] [FLUSHBENCH] case=full region=frame shift=-2,-2 n=64 min=11510 median=11513 p90=11747 max=11970 (octowhere firmware/src/flush_bench.rs:33)
51.417805 [INFO ] [FLUSHBENCH] case=full region=frame shift=0,-3 n=64 min=11506 median=11509 p90=11641 max=12007 (octowhere firmware/src/flush_bench.rs:33)
52.157556 [INFO ] [FLUSHBENCH] case=full region=frame shift=2,-2 n=64 min=11509 median=11512 p90=11738 max=11923 (octowhere firmware/src/flush_bench.rs:33)
52.354752 [INFO ] [FLUSHBENCH] case=before region=band shift=0,0 n=64 min=3048 median=3052 p90=3124 max=3651 (octowhere firmware/src/flush_bench.rs:33)
52.551452 [INFO ] [FLUSHBENCH] case=region region=band shift=0,0 n=64 min=3062 median=3066 p90=3066 max=3189 (octowhere firmware/src/flush_bench.rs:33)
52.748760 [INFO ] [FLUSHBENCH] case=region region=band shift=3,0 n=64 min=3069 median=3072 p90=3073 max=3487 (octowhere firmware/src/flush_bench.rs:33)
52.946271 [INFO ] [FLUSHBENCH] case=region region=band shift=2,2 n=64 min=3066 median=3069 p90=3071 max=3588 (octowhere firmware/src/flush_bench.rs:33)
52.969714 [INFO ] [FLUSHBENCH] case=before region=gauge shift=0,0 n=64 min=362 median=363 p90=363 max=460 (octowhere firmware/src/flush_bench.rs:33)
52.993954 [INFO ] [FLUSHBENCH] case=region region=gauge shift=0,0 n=64 min=376 median=377 p90=377 max=392 (octowhere firmware/src/flush_bench.rs:33)
53.019108 [INFO ] [FLUSHBENCH] case=region region=gauge shift=3,0 n=64 min=388 median=388 p90=394 max=475 (octowhere firmware/src/flush_bench.rs:33)
53.043346 [INFO ] [FLUSHBENCH] case=region region=gauge shift=2,2 n=64 min=376 median=377 p90=377 max=385 (octowhere firmware/src/flush_bench.rs:33)
53.360216 [INFO ] [FLUSHBENCH] case=before region=compass shift=0,0 n=64 min=4907 median=4910 p90=5009 max=5542 (octowhere firmware/src/flush_bench.rs:33)
53.677431 [INFO ] [FLUSHBENCH] case=region region=compass shift=0,0 n=64 min=4927 median=4927 p90=4947 max=5589 (octowhere firmware/src/flush_bench.rs:33)
53.992172 [INFO ] [FLUSHBENCH] case=region region=compass shift=3,0 n=64 min=4898 median=4899 p90=4902 max=5411 (octowhere firmware/src/flush_bench.rs:33)
54.310792 [INFO ] [FLUSHBENCH] case=region region=compass shift=2,2 n=64 min=4927 median=4931 p90=5047 max=5483 (octowhere firmware/src/flush_bench.rs:33)
54.320142 [INFO ] [FLUSHBENCH] case=before region=small shift=0,0 n=64 min=141 median=142 p90=142 max=274 (octowhere firmware/src/flush_bench.rs:33)
54.330756 [INFO ] [FLUSHBENCH] case=region region=small shift=0,0 n=64 min=163 median=164 p90=164 max=179 (octowhere firmware/src/flush_bench.rs:33)
54.341978 [INFO ] [FLUSHBENCH] case=region region=small shift=3,0 n=64 min=173 median=174 p90=174 max=176 (octowhere firmware/src/flush_bench.rs:33)
54.352574 [INFO ] [FLUSHBENCH] case=region region=small shift=2,2 n=64 min=163 median=164 p90=164 max=164 (octowhere firmware/src/flush_bench.rs:33)
54.358485 [INFO ] [FLUSHBENCH] case=before region=rows shift=0,0 n=64 min=90 median=90 p90=91 max=104 (octowhere firmware/src/flush_bench.rs:33)
54.364535 [INFO ] [FLUSHBENCH] case=region region=rows shift=0,0 n=64 min=92 median=93 p90=93 max=93 (octowhere firmware/src/flush_bench.rs:33)
54.371485 [INFO ] [FLUSHBENCH] case=region region=rows shift=3,0 n=64 min=96 median=97 p90=126 max=177 (octowhere firmware/src/flush_bench.rs:33)
54.377622 [INFO ] [FLUSHBENCH] case=region region=rows shift=2,2 n=64 min=93 median=94 p90=94 max=105 (octowhere firmware/src/flush_bench.rs:33)
54.377685 [INFO ] [FLUSHBENCH] round 6 (octowhere firmware/src/flush_bench.rs:54)
55.114221 [INFO ] [FLUSHBENCH] case=full region=frame shift=0,0 n=64 min=11473 median=11476 p90=11561 max=11856 (octowhere firmware/src/flush_bench.rs:33)
55.854463 [INFO ] [FLUSHBENCH] case=full region=frame shift=3,0 n=64 min=11512 median=11515 p90=11696 max=12028 (octowhere firmware/src/flush_bench.rs:33)
56.593697 [INFO ] [FLUSHBENCH] case=full region=frame shift=2,2 n=64 min=11493 median=11497 p90=11664 max=12149 (octowhere firmware/src/flush_bench.rs:33)
57.332113 [INFO ] [FLUSHBENCH] case=full region=frame shift=0,3 n=64 min=11482 median=11485 p90=11752 max=11909 (octowhere firmware/src/flush_bench.rs:33)
58.070308 [INFO ] [FLUSHBENCH] case=full region=frame shift=-2,2 n=64 min=11493 median=11496 p90=11600 max=12078 (octowhere firmware/src/flush_bench.rs:33)
58.810589 [INFO ] [FLUSHBENCH] case=full region=frame shift=-3,0 n=64 min=11512 median=11515 p90=11643 max=12280 (octowhere firmware/src/flush_bench.rs:33)
59.550531 [INFO ] [FLUSHBENCH] case=full region=frame shift=-2,-2 n=64 min=11510 median=11513 p90=11655 max=12668 (octowhere firmware/src/flush_bench.rs:33)
60.290509 [INFO ] [FLUSHBENCH] case=full region=frame shift=0,-3 n=64 min=11506 median=11509 p90=11690 max=12109 (octowhere firmware/src/flush_bench.rs:33)
61.029693 [INFO ] [FLUSHBENCH] case=full region=frame shift=2,-2 n=64 min=11509 median=11512 p90=11590 max=11922 (octowhere firmware/src/flush_bench.rs:33)
61.227191 [INFO ] [FLUSHBENCH] case=before region=band shift=0,0 n=64 min=3048 median=3052 p90=3154 max=3491 (octowhere firmware/src/flush_bench.rs:33)
61.424068 [INFO ] [FLUSHBENCH] case=region region=band shift=0,0 n=64 min=3062 median=3066 p90=3066 max=3419 (octowhere firmware/src/flush_bench.rs:33)
61.621577 [INFO ] [FLUSHBENCH] case=region region=band shift=3,0 n=64 min=3069 median=3072 p90=3075 max=3363 (octowhere firmware/src/flush_bench.rs:33)
61.818648 [INFO ] [FLUSHBENCH] case=region region=band shift=2,2 n=64 min=3066 median=3069 p90=3070 max=3399 (octowhere firmware/src/flush_bench.rs:33)
61.842363 [INFO ] [FLUSHBENCH] case=before region=gauge shift=0,0 n=64 min=362 median=363 p90=363 max=627 (octowhere firmware/src/flush_bench.rs:33)
61.866637 [INFO ] [FLUSHBENCH] case=region region=gauge shift=0,0 n=64 min=376 median=377 p90=377 max=412 (octowhere firmware/src/flush_bench.rs:33)
61.891585 [INFO ] [FLUSHBENCH] case=region region=gauge shift=3,0 n=64 min=388 median=388 p90=389 max=389 (octowhere firmware/src/flush_bench.rs:33)
61.915807 [INFO ] [FLUSHBENCH] case=region region=gauge shift=2,2 n=64 min=376 median=377 p90=377 max=377 (octowhere firmware/src/flush_bench.rs:33)
62.233333 [INFO ] [FLUSHBENCH] case=before region=compass shift=0,0 n=64 min=4907 median=4910 p90=5032 max=5623 (octowhere firmware/src/flush_bench.rs:33)
62.549984 [INFO ] [FLUSHBENCH] case=region region=compass shift=0,0 n=64 min=4927 median=4927 p90=4939 max=5224 (octowhere firmware/src/flush_bench.rs:33)
62.865047 [INFO ] [FLUSHBENCH] case=region region=compass shift=3,0 n=64 min=4898 median=4899 p90=4938 max=5373 (octowhere firmware/src/flush_bench.rs:33)
63.182598 [INFO ] [FLUSHBENCH] case=region region=compass shift=2,2 n=64 min=4927 median=4930 p90=5001 max=5536 (octowhere firmware/src/flush_bench.rs:33)
63.191954 [INFO ] [FLUSHBENCH] case=before region=small shift=0,0 n=64 min=141 median=142 p90=142 max=288 (octowhere firmware/src/flush_bench.rs:33)
63.202930 [INFO ] [FLUSHBENCH] case=region region=small shift=0,0 n=64 min=163 median=164 p90=175 max=243 (octowhere firmware/src/flush_bench.rs:33)
63.214506 [INFO ] [FLUSHBENCH] case=region region=small shift=3,0 n=64 min=173 median=174 p90=174 max=316 (octowhere firmware/src/flush_bench.rs:33)
63.225119 [INFO ] [FLUSHBENCH] case=region region=small shift=2,2 n=64 min=163 median=164 p90=164 max=173 (octowhere firmware/src/flush_bench.rs:33)
63.231070 [INFO ] [FLUSHBENCH] case=before region=rows shift=0,0 n=64 min=90 median=90 p90=91 max=138 (octowhere firmware/src/flush_bench.rs:33)
63.237124 [INFO ] [FLUSHBENCH] case=region region=rows shift=0,0 n=64 min=92 median=93 p90=93 max=97 (octowhere firmware/src/flush_bench.rs:33)
63.243393 [INFO ] [FLUSHBENCH] case=region region=rows shift=3,0 n=64 min=96 median=96 p90=97 max=97 (octowhere firmware/src/flush_bench.rs:33)
63.249508 [INFO ] [FLUSHBENCH] case=region region=rows shift=2,2 n=64 min=93 median=94 p90=94 max=94 (octowhere firmware/src/flush_bench.rs:33)
63.249573 [INFO ] [FLUSHBENCH] round 7 (octowhere firmware/src/flush_bench.rs:54)
63.986312 [INFO ] [FLUSHBENCH] case=full region=frame shift=0,0 n=64 min=11473 median=11476 p90=11579 max=11869 (octowhere firmware/src/flush_bench.rs:33)
64.726685 [INFO ] [FLUSHBENCH] case=full region=frame shift=3,0 n=64 min=11512 median=11515 p90=11750 max=12027 (octowhere firmware/src/flush_bench.rs:33)
65.465467 [INFO ] [FLUSHBENCH] case=full region=frame shift=2,2 n=64 min=11493 median=11497 p90=11614 max=11959 (octowhere firmware/src/flush_bench.rs:33)
66.203846 [INFO ] [FLUSHBENCH] case=full region=frame shift=0,3 n=64 min=11482 median=11485 p90=11700 max=12008 (octowhere firmware/src/flush_bench.rs:33)
66.942397 [INFO ] [FLUSHBENCH] case=full region=frame shift=-2,2 n=64 min=11493 median=11496 p90=11600 max=12157 (octowhere firmware/src/flush_bench.rs:33)
67.682971 [INFO ] [FLUSHBENCH] case=full region=frame shift=-3,0 n=64 min=11512 median=11515 p90=11739 max=12165 (octowhere firmware/src/flush_bench.rs:33)
68.423262 [INFO ] [FLUSHBENCH] case=full region=frame shift=-2,-2 n=64 min=11510 median=11513 p90=11768 max=11938 (octowhere firmware/src/flush_bench.rs:33)
69.162234 [INFO ] [FLUSHBENCH] case=full region=frame shift=0,-3 n=64 min=11506 median=11509 p90=11596 max=11863 (octowhere firmware/src/flush_bench.rs:33)
69.902199 [INFO ] [FLUSHBENCH] case=full region=frame shift=2,-2 n=64 min=11509 median=11512 p90=11727 max=11990 (octowhere firmware/src/flush_bench.rs:33)
70.098683 [INFO ] [FLUSHBENCH] case=before region=band shift=0,0 n=64 min=3048 median=3052 p90=3083 max=3372 (octowhere firmware/src/flush_bench.rs:33)
70.297135 [INFO ] [FLUSHBENCH] case=region region=band shift=0,0 n=64 min=3062 median=3066 p90=3143 max=3671 (octowhere firmware/src/flush_bench.rs:33)
70.494362 [INFO ] [FLUSHBENCH] case=region region=band shift=3,0 n=64 min=3069 median=3072 p90=3073 max=3333 (octowhere firmware/src/flush_bench.rs:33)
70.691708 [INFO ] [FLUSHBENCH] case=region region=band shift=2,2 n=64 min=3066 median=3069 p90=3070 max=3527 (octowhere firmware/src/flush_bench.rs:33)
70.715167 [INFO ] [FLUSHBENCH] case=before region=gauge shift=0,0 n=64 min=362 median=363 p90=363 max=473 (octowhere firmware/src/flush_bench.rs:33)
70.739398 [INFO ] [FLUSHBENCH] case=region region=gauge shift=0,0 n=64 min=376 median=377 p90=377 max=382 (octowhere firmware/src/flush_bench.rs:33)
70.764345 [INFO ] [FLUSHBENCH] case=region region=gauge shift=3,0 n=64 min=388 median=388 p90=389 max=389 (octowhere firmware/src/flush_bench.rs:33)
70.789083 [INFO ] [FLUSHBENCH] case=region region=gauge shift=2,2 n=64 min=376 median=377 p90=399 max=511 (octowhere firmware/src/flush_bench.rs:33)
71.104979 [INFO ] [FLUSHBENCH] case=before region=compass shift=0,0 n=64 min=4907 median=4908 p90=4959 max=5403 (octowhere firmware/src/flush_bench.rs:33)
71.422639 [INFO ] [FLUSHBENCH] case=region region=compass shift=0,0 n=64 min=4927 median=4928 p90=5005 max=5465 (octowhere firmware/src/flush_bench.rs:33)
71.737385 [INFO ] [FLUSHBENCH] case=region region=compass shift=3,0 n=64 min=4898 median=4899 p90=4902 max=5276 (octowhere firmware/src/flush_bench.rs:33)
72.054976 [INFO ] [FLUSHBENCH] case=region region=compass shift=2,2 n=64 min=4927 median=4927 p90=5005 max=5536 (octowhere firmware/src/flush_bench.rs:33)
72.064412 [INFO ] [FLUSHBENCH] case=before region=small shift=0,0 n=64 min=141 median=142 p90=144 max=282 (octowhere firmware/src/flush_bench.rs:33)
72.075049 [INFO ] [FLUSHBENCH] case=region region=small shift=0,0 n=64 min=163 median=164 p90=164 max=179 (octowhere firmware/src/flush_bench.rs:33)
72.086299 [INFO ] [FLUSHBENCH] case=region region=small shift=3,0 n=64 min=173 median=174 p90=174 max=182 (octowhere firmware/src/flush_bench.rs:33)
72.096906 [INFO ] [FLUSHBENCH] case=region region=small shift=2,2 n=64 min=163 median=164 p90=164 max=170 (octowhere firmware/src/flush_bench.rs:33)
72.102858 [INFO ] [FLUSHBENCH] case=before region=rows shift=0,0 n=64 min=90 median=91 p90=91 max=116 (octowhere firmware/src/flush_bench.rs:33)
72.108927 [INFO ] [FLUSHBENCH] case=region region=rows shift=0,0 n=64 min=92 median=93 p90=93 max=103 (octowhere firmware/src/flush_bench.rs:33)
72.115210 [INFO ] [FLUSHBENCH] case=region region=rows shift=3,0 n=64 min=96 median=96 p90=97 max=101 (octowhere firmware/src/flush_bench.rs:33)
72.121341 [INFO ] [FLUSHBENCH] case=region region=rows shift=2,2 n=64 min=93 median=94 p90=94 max=103 (octowhere firmware/src/flush_bench.rs:33)
72.121406 [INFO ] [FLUSHBENCH] round 8 (octowhere firmware/src/flush_bench.rs:54)
72.858815 [INFO ] [FLUSHBENCH] case=full region=frame shift=0,0 n=64 min=11473 median=11476 p90=11694 max=11904 (octowhere firmware/src/flush_bench.rs:33)
73.599703 [INFO ] [FLUSHBENCH] case=full region=frame shift=3,0 n=64 min=11512 median=11515 p90=11684 max=12264 (octowhere firmware/src/flush_bench.rs:33)
74.339079 [INFO ] [FLUSHBENCH] case=full region=frame shift=2,2 n=64 min=11493 median=11497 p90=11752 max=12163 (octowhere firmware/src/flush_bench.rs:33)
75.077267 [INFO ] [FLUSHBENCH] case=full region=frame shift=0,3 n=64 min=11482 median=11485 p90=11658 max=12094 (octowhere firmware/src/flush_bench.rs:33)
75.815675 [INFO ] [FLUSHBENCH] case=full region=frame shift=-2,2 n=64 min=11493 median=11496 p90=11612 max=12028 (octowhere firmware/src/flush_bench.rs:33)
76.556158 [INFO ] [FLUSHBENCH] case=full region=frame shift=-3,0 n=64 min=11512 median=11515 p90=11679 max=12082 (octowhere firmware/src/flush_bench.rs:33)
77.296247 [INFO ] [FLUSHBENCH] case=full region=frame shift=-2,-2 n=64 min=11510 median=11513 p90=11727 max=11951 (octowhere firmware/src/flush_bench.rs:33)
78.035280 [INFO ] [FLUSHBENCH] case=full region=frame shift=0,-3 n=64 min=11506 median=11509 p90=11626 max=12081 (octowhere firmware/src/flush_bench.rs:33)
78.775573 [INFO ] [FLUSHBENCH] case=full region=frame shift=2,-2 n=64 min=11509 median=11512 p90=11687 max=12028 (octowhere firmware/src/flush_bench.rs:33)
78.972113 [INFO ] [FLUSHBENCH] case=before region=band shift=0,0 n=64 min=3048 median=3051 p90=3057 max=3537 (octowhere firmware/src/flush_bench.rs:33)
79.170337 [INFO ] [FLUSHBENCH] case=region region=band shift=0,0 n=64 min=3062 median=3066 p90=3143 max=3514 (octowhere firmware/src/flush_bench.rs:33)
79.367919 [INFO ] [FLUSHBENCH] case=region region=band shift=3,0 n=64 min=3069 median=3072 p90=3073 max=3570 (octowhere firmware/src/flush_bench.rs:33)
79.564834 [INFO ] [FLUSHBENCH] case=region region=band shift=2,2 n=64 min=3066 median=3069 p90=3070 max=3384 (octowhere firmware/src/flush_bench.rs:33)
79.588298 [INFO ] [FLUSHBENCH] case=before region=gauge shift=0,0 n=64 min=362 median=363 p90=363 max=475 (octowhere firmware/src/flush_bench.rs:33)
79.612998 [INFO ] [FLUSHBENCH] case=region region=gauge shift=0,0 n=64 min=376 median=377 p90=395 max=485 (octowhere firmware/src/flush_bench.rs:33)
79.637963 [INFO ] [FLUSHBENCH] case=region region=gauge shift=3,0 n=64 min=388 median=388 p90=389 max=393 (octowhere firmware/src/flush_bench.rs:33)
79.662186 [INFO ] [FLUSHBENCH] case=region region=gauge shift=2,2 n=64 min=376 median=377 p90=377 max=377 (octowhere firmware/src/flush_bench.rs:33)
79.977749 [INFO ] [FLUSHBENCH] case=before region=compass shift=0,0 n=64 min=4907 median=4908 p90=4950 max=5297 (octowhere firmware/src/flush_bench.rs:33)
80.295474 [INFO ] [FLUSHBENCH] case=region region=compass shift=0,0 n=64 min=4927 median=4930 p90=5025 max=5462 (octowhere firmware/src/flush_bench.rs:33)
80.612362 [INFO ] [FLUSHBENCH] case=region region=compass shift=3,0 n=64 min=4898 median=4899 p90=4971 max=5835 (octowhere firmware/src/flush_bench.rs:33)
80.932945 [INFO ] [FLUSHBENCH] case=region region=compass shift=2,2 n=64 min=4927 median=4927 p90=5048 max=6268 (octowhere firmware/src/flush_bench.rs:33)
80.942309 [INFO ] [FLUSHBENCH] case=before region=small shift=0,0 n=64 min=141 median=142 p90=142 max=294 (octowhere firmware/src/flush_bench.rs:33)
80.952912 [INFO ] [FLUSHBENCH] case=region region=small shift=0,0 n=64 min=163 median=164 p90=164 max=169 (octowhere firmware/src/flush_bench.rs:33)
80.964134 [INFO ] [FLUSHBENCH] case=region region=small shift=3,0 n=64 min=173 median=174 p90=174 max=177 (octowhere firmware/src/flush_bench.rs:33)
80.975098 [INFO ] [FLUSHBENCH] case=region region=small shift=2,2 n=64 min=163 median=164 p90=176 max=271 (octowhere firmware/src/flush_bench.rs:33)
80.981028 [INFO ] [FLUSHBENCH] case=before region=rows shift=0,0 n=64 min=90 median=90 p90=91 max=118 (octowhere firmware/src/flush_bench.rs:33)
80.987078 [INFO ] [FLUSHBENCH] case=region region=rows shift=0,0 n=64 min=92 median=93 p90=93 max=93 (octowhere firmware/src/flush_bench.rs:33)
80.993344 [INFO ] [FLUSHBENCH] case=region region=rows shift=3,0 n=64 min=96 median=96 p90=97 max=97 (octowhere firmware/src/flush_bench.rs:33)
80.999460 [INFO ] [FLUSHBENCH] case=region region=rows shift=2,2 n=64 min=93 median=94 p90=94 max=94 (octowhere firmware/src/flush_bench.rs:33)
80.999523 [INFO ] [FLUSHBENCH] round 9 (octowhere firmware/src/flush_bench.rs:54)
81.737335 [INFO ] [FLUSHBENCH] case=full region=frame shift=0,0 n=64 min=11473 median=11476 p90=11648 max=12022 (octowhere firmware/src/flush_bench.rs:33)
82.478175 [INFO ] [FLUSHBENCH] case=full region=frame shift=3,0 n=64 min=11512 median=11515 p90=11651 max=12191 (octowhere firmware/src/flush_bench.rs:33)
83.217209 [INFO ] [FLUSHBENCH] case=full region=frame shift=2,2 n=64 min=11493 median=11496 p90=11726 max=12029 (octowhere firmware/src/flush_bench.rs:33)
83.954556 [INFO ] [FLUSHBENCH] case=full region=frame shift=0,3 n=64 min=11482 median=11485 p90=11572 max=12003 (octowhere firmware/src/flush_bench.rs:33)
84.693833 [INFO ] [FLUSHBENCH] case=full region=frame shift=-2,2 n=64 min=11493 median=11497 p90=11732 max=12128 (octowhere firmware/src/flush_bench.rs:33)
85.434293 [INFO ] [FLUSHBENCH] case=full region=frame shift=-3,0 n=64 min=11512 median=11515 p90=11624 max=12602 (octowhere firmware/src/flush_bench.rs:33)
86.174616 [INFO ] [FLUSHBENCH] case=full region=frame shift=-2,-2 n=64 min=11510 median=11513 p90=11711 max=12553 (octowhere firmware/src/flush_bench.rs:33)
86.913837 [INFO ] [FLUSHBENCH] case=full region=frame shift=0,-3 n=64 min=11506 median=11509 p90=11671 max=11970 (octowhere firmware/src/flush_bench.rs:33)
87.654969 [INFO ] [FLUSHBENCH] case=full region=frame shift=2,-2 n=64 min=11509 median=11512 p90=11798 max=12296 (octowhere firmware/src/flush_bench.rs:33)
87.851585 [INFO ] [FLUSHBENCH] case=before region=band shift=0,0 n=64 min=3048 median=3051 p90=3074 max=3516 (octowhere firmware/src/flush_bench.rs:33)
88.048916 [INFO ] [FLUSHBENCH] case=region region=band shift=0,0 n=64 min=3062 median=3066 p90=3071 max=3566 (octowhere firmware/src/flush_bench.rs:33)
88.247247 [INFO ] [FLUSHBENCH] case=region region=band shift=3,0 n=64 min=3069 median=3073 p90=3120 max=3567 (octowhere firmware/src/flush_bench.rs:33)
88.445762 [INFO ] [FLUSHBENCH] case=region region=band shift=2,2 n=64 min=3066 median=3069 p90=3100 max=3557 (octowhere firmware/src/flush_bench.rs:33)
88.469257 [INFO ] [FLUSHBENCH] case=before region=gauge shift=0,0 n=64 min=362 median=363 p90=363 max=504 (octowhere firmware/src/flush_bench.rs:33)
88.493501 [INFO ] [FLUSHBENCH] case=region region=gauge shift=0,0 n=64 min=376 median=377 p90=377 max=394 (octowhere firmware/src/flush_bench.rs:33)
88.518449 [INFO ] [FLUSHBENCH] case=region region=gauge shift=3,0 n=64 min=388 median=388 p90=389 max=389 (octowhere firmware/src/flush_bench.rs:33)
88.543021 [INFO ] [FLUSHBENCH] case=region region=gauge shift=2,2 n=64 min=376 median=377 p90=377 max=507 (octowhere firmware/src/flush_bench.rs:33)
88.858375 [INFO ] [FLUSHBENCH] case=before region=compass shift=0,0 n=64 min=4907 median=4907 p90=4911 max=5481 (octowhere firmware/src/flush_bench.rs:33)
89.175850 [INFO ] [FLUSHBENCH] case=region region=compass shift=0,0 n=64 min=4927 median=4930 p90=5000 max=5512 (octowhere firmware/src/flush_bench.rs:33)
89.491581 [INFO ] [FLUSHBENCH] case=region region=compass shift=3,0 n=64 min=4898 median=4899 p90=4991 max=5486 (octowhere firmware/src/flush_bench.rs:33)
89.808574 [INFO ] [FLUSHBENCH] case=region region=compass shift=2,2 n=64 min=4927 median=4927 p90=4969 max=5341 (octowhere firmware/src/flush_bench.rs:33)
89.817927 [INFO ] [FLUSHBENCH] case=before region=small shift=0,0 n=64 min=141 median=142 p90=142 max=288 (octowhere firmware/src/flush_bench.rs:33)
89.828527 [INFO ] [FLUSHBENCH] case=region region=small shift=0,0 n=64 min=163 median=164 p90=164 max=167 (octowhere firmware/src/flush_bench.rs:33)
89.839749 [INFO ] [FLUSHBENCH] case=region region=small shift=3,0 n=64 min=173 median=174 p90=174 max=177 (octowhere firmware/src/flush_bench.rs:33)
89.850345 [INFO ] [FLUSHBENCH] case=region region=small shift=2,2 n=64 min=163 median=164 p90=164 max=164 (octowhere firmware/src/flush_bench.rs:33)
89.856255 [INFO ] [FLUSHBENCH] case=before region=rows shift=0,0 n=64 min=90 median=90 p90=91 max=104 (octowhere firmware/src/flush_bench.rs:33)
89.862305 [INFO ] [FLUSHBENCH] case=region region=rows shift=0,0 n=64 min=92 median=93 p90=93 max=93 (octowhere firmware/src/flush_bench.rs:33)
89.868574 [INFO ] [FLUSHBENCH] case=region region=rows shift=3,0 n=64 min=96 median=96 p90=97 max=97 (octowhere firmware/src/flush_bench.rs:33)
89.874692 [INFO ] [FLUSHBENCH] case=region region=rows shift=2,2 n=64 min=93 median=94 p90=94 max=94 (octowhere firmware/src/flush_bench.rs:33)
89.874754 [INFO ] [FLUSHBENCH] round 10 (octowhere firmware/src/flush_bench.rs:54)
90.612733 [INFO ] [FLUSHBENCH] case=full region=frame shift=0,0 n=64 min=11473 median=11477 p90=11677 max=12005 (octowhere firmware/src/flush_bench.rs:33)
91.353083 [INFO ] [FLUSHBENCH] case=full region=frame shift=3,0 n=64 min=11512 median=11515 p90=11717 max=12013 (octowhere firmware/src/flush_bench.rs:33)
92.091284 [INFO ] [FLUSHBENCH] case=full region=frame shift=2,2 n=64 min=11493 median=11497 p90=11606 max=11960 (octowhere firmware/src/flush_bench.rs:33)
92.829526 [INFO ] [FLUSHBENCH] case=full region=frame shift=0,3 n=64 min=11482 median=11485 p90=11723 max=12116 (octowhere firmware/src/flush_bench.rs:33)
93.568612 [INFO ] [FLUSHBENCH] case=full region=frame shift=-2,2 n=64 min=11493 median=11496 p90=11704 max=12033 (octowhere firmware/src/flush_bench.rs:33)
94.308945 [INFO ] [FLUSHBENCH] case=full region=frame shift=-3,0 n=64 min=11512 median=11515 p90=11718 max=12064 (octowhere firmware/src/flush_bench.rs:33)
95.048429 [INFO ] [FLUSHBENCH] case=full region=frame shift=-2,-2 n=64 min=11510 median=11513 p90=11697 max=11933 (octowhere firmware/src/flush_bench.rs:33)
95.788213 [INFO ] [FLUSHBENCH] case=full region=frame shift=0,-3 n=64 min=11506 median=11509 p90=11659 max=12100 (octowhere firmware/src/flush_bench.rs:33)
96.528243 [INFO ] [FLUSHBENCH] case=full region=frame shift=2,-2 n=64 min=11509 median=11512 p90=11711 max=12043 (octowhere firmware/src/flush_bench.rs:33)
96.724296 [INFO ] [FLUSHBENCH] case=before region=band shift=0,0 n=64 min=3048 median=3051 p90=3052 max=3461 (octowhere firmware/src/flush_bench.rs:33)
96.921686 [INFO ] [FLUSHBENCH] case=region region=band shift=0,0 n=64 min=3062 median=3066 p90=3066 max=3491 (octowhere firmware/src/flush_bench.rs:33)
97.119403 [INFO ] [FLUSHBENCH] case=region region=band shift=3,0 n=64 min=3069 median=3073 p90=3100 max=3448 (octowhere firmware/src/flush_bench.rs:33)
97.317881 [INFO ] [FLUSHBENCH] case=region region=band shift=2,2 n=64 min=3065 median=3069 p90=3125 max=3495 (octowhere firmware/src/flush_bench.rs:33)
97.341356 [INFO ] [FLUSHBENCH] case=before region=gauge shift=0,0 n=64 min=362 median=362 p90=363 max=484 (octowhere firmware/src/flush_bench.rs:33)
97.365959 [INFO ] [FLUSHBENCH] case=region region=gauge shift=0,0 n=64 min=376 median=377 p90=391 max=511 (octowhere firmware/src/flush_bench.rs:33)
97.390923 [INFO ] [FLUSHBENCH] case=region region=gauge shift=3,0 n=64 min=388 median=388 p90=389 max=395 (octowhere firmware/src/flush_bench.rs:33)
97.415146 [INFO ] [FLUSHBENCH] case=region region=gauge shift=2,2 n=64 min=376 median=377 p90=377 max=377 (octowhere firmware/src/flush_bench.rs:33)
97.730470 [INFO ] [FLUSHBENCH] case=before region=compass shift=0,0 n=64 min=4907 median=4908 p90=4911 max=5465 (octowhere firmware/src/flush_bench.rs:33)
98.047678 [INFO ] [FLUSHBENCH] case=region region=compass shift=0,0 n=64 min=4927 median=4927 p90=4994 max=5392 (octowhere firmware/src/flush_bench.rs:33)
98.363813 [INFO ] [FLUSHBENCH] case=region region=compass shift=3,0 n=64 min=4898 median=4902 p90=4992 max=5440 (octowhere firmware/src/flush_bench.rs:33)
98.680559 [INFO ] [FLUSHBENCH] case=region region=compass shift=2,2 n=64 min=4927 median=4927 p90=4931 max=5355 (octowhere firmware/src/flush_bench.rs:33)
98.689909 [INFO ] [FLUSHBENCH] case=before region=small shift=0,0 n=64 min=141 median=142 p90=142 max=280 (octowhere firmware/src/flush_bench.rs:33)
98.700517 [INFO ] [FLUSHBENCH] case=region region=small shift=0,0 n=64 min=163 median=164 p90=164 max=172 (octowhere firmware/src/flush_bench.rs:33)
98.711739 [INFO ] [FLUSHBENCH] case=region region=small shift=3,0 n=64 min=173 median=174 p90=174 max=177 (octowhere firmware/src/flush_bench.rs:33)
98.722335 [INFO ] [FLUSHBENCH] case=region region=small shift=2,2 n=64 min=163 median=164 p90=164 max=164 (octowhere firmware/src/flush_bench.rs:33)
98.728246 [INFO ] [FLUSHBENCH] case=before region=rows shift=0,0 n=64 min=90 median=90 p90=91 max=104 (octowhere firmware/src/flush_bench.rs:33)
98.734296 [INFO ] [FLUSHBENCH] case=region region=rows shift=0,0 n=64 min=92 median=93 p90=93 max=93 (octowhere firmware/src/flush_bench.rs:33)
98.740565 [INFO ] [FLUSHBENCH] case=region region=rows shift=3,0 n=64 min=96 median=96 p90=97 max=97 (octowhere firmware/src/flush_bench.rs:33)
98.746681 [INFO ] [FLUSHBENCH] case=region region=rows shift=2,2 n=64 min=93 median=94 p90=94 max=94 (octowhere firmware/src/flush_bench.rs:33)
98.746743 [INFO ] [FLUSHBENCH] round 11 (octowhere firmware/src/flush_bench.rs:54)
99.484509 [INFO ] [FLUSHBENCH] case=full region=frame shift=0,0 n=64 min=11473 median=11476 p90=11631 max=12068 (octowhere firmware/src/flush_bench.rs:33)
100.224822 [INFO ] [FLUSHBENCH] case=full region=frame shift=3,0 n=64 min=11512 median=11515 p90=11675 max=12076 (octowhere firmware/src/flush_bench.rs:33)
100.963196 [INFO ] [FLUSHBENCH] case=full region=frame shift=2,2 n=64 min=11493 median=11496 p90=11589 max=12079 (octowhere firmware/src/flush_bench.rs:33)
101.701743 [INFO ] [FLUSHBENCH] case=full region=frame shift=0,3 n=64 min=11482 median=11485 p90=11737 max=11961 (octowhere firmware/src/flush_bench.rs:33)
102.442171 [INFO ] [FLUSHBENCH] case=full region=frame shift=-2,2 n=64 min=11493 median=11497 p90=11819 max=12120 (octowhere firmware/src/flush_bench.rs:33)
103.182266 [INFO ] [FLUSHBENCH] case=full region=frame shift=-3,0 n=64 min=11512 median=11515 p90=11666 max=12099 (octowhere firmware/src/flush_bench.rs:33)
103.921638 [INFO ] [FLUSHBENCH] case=full region=frame shift=-2,-2 n=64 min=11510 median=11513 p90=11688 max=11997 (octowhere firmware/src/flush_bench.rs:33)
104.661825 [INFO ] [FLUSHBENCH] case=full region=frame shift=0,-3 n=64 min=11506 median=11509 p90=11708 max=12057 (octowhere firmware/src/flush_bench.rs:33)
105.401912 [INFO ] [FLUSHBENCH] case=full region=frame shift=2,-2 n=64 min=11509 median=11512 p90=11674 max=12020 (octowhere firmware/src/flush_bench.rs:33)
105.597971 [INFO ] [FLUSHBENCH] case=before region=band shift=0,0 n=64 min=3048 median=3051 p90=3052 max=3610 (octowhere firmware/src/flush_bench.rs:33)
105.795180 [INFO ] [FLUSHBENCH] case=region region=band shift=0,0 n=64 min=3062 median=3066 p90=3068 max=3510 (octowhere firmware/src/flush_bench.rs:33)
105.992809 [INFO ] [FLUSHBENCH] case=region region=band shift=3,0 n=64 min=3069 median=3072 p90=3075 max=3553 (octowhere firmware/src/flush_bench.rs:33)
106.191727 [INFO ] [FLUSHBENCH] case=region region=band shift=2,2 n=64 min=3066 median=3069 p90=3173 max=3503 (octowhere firmware/src/flush_bench.rs:33)
106.215211 [INFO ] [FLUSHBENCH] case=before region=gauge shift=0,0 n=64 min=362 median=363 p90=363 max=488 (octowhere firmware/src/flush_bench.rs:33)
106.239447 [INFO ] [FLUSHBENCH] case=region region=gauge shift=0,0 n=64 min=376 median=377 p90=377 max=388 (octowhere firmware/src/flush_bench.rs:33)
106.264394 [INFO ] [FLUSHBENCH] case=region region=gauge shift=3,0 n=64 min=388 median=388 p90=389 max=389 (octowhere firmware/src/flush_bench.rs:33)
106.288616 [INFO ] [FLUSHBENCH] case=region region=gauge shift=2,2 n=64 min=376 median=377 p90=377 max=377 (octowhere firmware/src/flush_bench.rs:33)
106.603939 [INFO ] [FLUSHBENCH] case=before region=compass shift=0,0 n=64 min=4906 median=4908 p90=4911 max=5523 (octowhere firmware/src/flush_bench.rs:33)
106.921289 [INFO ] [FLUSHBENCH] case=region region=compass shift=0,0 n=64 min=4927 median=4928 p90=5007 max=5445 (octowhere firmware/src/flush_bench.rs:33)
107.237282 [INFO ] [FLUSHBENCH] case=region region=compass shift=3,0 n=64 min=4898 median=4902 p90=4988 max=5418 (octowhere firmware/src/flush_bench.rs:33)
107.554189 [INFO ] [FLUSHBENCH] case=region region=compass shift=2,2 n=64 min=4927 median=4927 p90=4936 max=5421 (octowhere firmware/src/flush_bench.rs:33)
107.563540 [INFO ] [FLUSHBENCH] case=before region=small shift=0,0 n=64 min=141 median=142 p90=142 max=273 (octowhere firmware/src/flush_bench.rs:33)
107.574141 [INFO ] [FLUSHBENCH] case=region region=small shift=0,0 n=64 min=163 median=164 p90=164 max=170 (octowhere firmware/src/flush_bench.rs:33)
107.585364 [INFO ] [FLUSHBENCH] case=region region=small shift=3,0 n=64 min=173 median=174 p90=174 max=177 (octowhere firmware/src/flush_bench.rs:33)
107.595957 [INFO ] [FLUSHBENCH] case=region region=small shift=2,2 n=64 min=163 median=164 p90=164 max=164 (octowhere firmware/src/flush_bench.rs:33)
107.601867 [INFO ] [FLUSHBENCH] case=before region=rows shift=0,0 n=64 min=90 median=90 p90=91 max=104 (octowhere firmware/src/flush_bench.rs:33)
107.607917 [INFO ] [FLUSHBENCH] case=region region=rows shift=0,0 n=64 min=92 median=93 p90=93 max=93 (octowhere firmware/src/flush_bench.rs:33)
107.614184 [INFO ] [FLUSHBENCH] case=region region=rows shift=3,0 n=64 min=96 median=96 p90=97 max=97 (octowhere firmware/src/flush_bench.rs:33)
107.620300 [INFO ] [FLUSHBENCH] case=region region=rows shift=2,2 n=64 min=93 median=94 p90=94 max=94 (octowhere firmware/src/flush_bench.rs:33)
107.620363 [INFO ] [FLUSHBENCH] round 12 (octowhere firmware/src/flush_bench.rs:54)
108.358354 [INFO ] [FLUSHBENCH] case=full region=frame shift=0,0 n=64 min=11473 median=11476 p90=11701 max=12139 (octowhere firmware/src/flush_bench.rs:33)
109.098033 [INFO ] [FLUSHBENCH] case=full region=frame shift=3,0 n=64 min=11512 median=11515 p90=11629 max=12107 (octowhere firmware/src/flush_bench.rs:33)
109.837388 [INFO ] [FLUSHBENCH] case=full region=frame shift=2,2 n=64 min=11493 median=11497 p90=11645 max=12201 (octowhere firmware/src/flush_bench.rs:33)
110.576107 [INFO ] [FLUSHBENCH] case=full region=frame shift=0,3 n=64 min=11482 median=11485 p90=11700 max=12106 (octowhere firmware/src/flush_bench.rs:33)
111.315534 [INFO ] [FLUSHBENCH] case=full region=frame shift=-2,2 n=64 min=11493 median=11497 p90=11704 max=12483 (octowhere firmware/src/flush_bench.rs:33)
112.058074 [INFO ] [FLUSHBENCH] case=full region=frame shift=-3,0 n=64 min=11512 median=11515 p90=11777 max=13634 (octowhere firmware/src/flush_bench.rs:33)
112.799601 [INFO ] [FLUSHBENCH] case=full region=frame shift=-2,-2 n=64 min=11510 median=11513 p90=11799 max=12575 (octowhere firmware/src/flush_bench.rs:33)
113.539563 [INFO ] [FLUSHBENCH] case=full region=frame shift=0,-3 n=64 min=11506 median=11510 p90=11714 max=12235 (octowhere firmware/src/flush_bench.rs:33)
114.280174 [INFO ] [FLUSHBENCH] case=full region=frame shift=2,-2 n=64 min=11509 median=11512 p90=11763 max=12625 (octowhere firmware/src/flush_bench.rs:33)
114.476675 [INFO ] [FLUSHBENCH] case=before region=band shift=0,0 n=64 min=3048 median=3051 p90=3052 max=3528 (octowhere firmware/src/flush_bench.rs:33)
114.673084 [INFO ] [FLUSHBENCH] case=region region=band shift=0,0 n=64 min=3062 median=3066 p90=3066 max=3156 (octowhere firmware/src/flush_bench.rs:33)
114.870602 [INFO ] [FLUSHBENCH] case=region region=band shift=3,0 n=64 min=3069 median=3072 p90=3073 max=3442 (octowhere firmware/src/flush_bench.rs:33)
115.068162 [INFO ] [FLUSHBENCH] case=region region=band shift=2,2 n=64 min=3066 median=3069 p90=3082 max=3454 (octowhere firmware/src/flush_bench.rs:33)
115.091664 [INFO ] [FLUSHBENCH] case=before region=gauge shift=0,0 n=64 min=362 median=363 p90=365 max=460 (octowhere firmware/src/flush_bench.rs:33)
115.115949 [INFO ] [FLUSHBENCH] case=region region=gauge shift=0,0 n=64 min=376 median=377 p90=379 max=398 (octowhere firmware/src/flush_bench.rs:33)
115.140920 [INFO ] [FLUSHBENCH] case=region region=gauge shift=3,0 n=64 min=388 median=388 p90=389 max=394 (octowhere firmware/src/flush_bench.rs:33)
115.165420 [INFO ] [FLUSHBENCH] case=region region=gauge shift=2,2 n=64 min=376 median=377 p90=382 max=500 (octowhere firmware/src/flush_bench.rs:33)
115.482455 [INFO ] [FLUSHBENCH] case=before region=compass shift=0,0 n=64 min=4907 median=4908 p90=5009 max=5460 (octowhere firmware/src/flush_bench.rs:33)
115.799396 [INFO ] [FLUSHBENCH] case=region region=compass shift=0,0 n=64 min=4927 median=4927 p90=4939 max=5544 (octowhere firmware/src/flush_bench.rs:33)
116.114264 [INFO ] [FLUSHBENCH] case=region region=compass shift=3,0 n=64 min=4898 median=4899 p90=4921 max=5381 (octowhere firmware/src/flush_bench.rs:33)
116.431883 [INFO ] [FLUSHBENCH] case=region region=compass shift=2,2 n=64 min=4927 median=4928 p90=5001 max=5520 (octowhere firmware/src/flush_bench.rs:33)
116.441239 [INFO ] [FLUSHBENCH] case=before region=small shift=0,0 n=64 min=141 median=142 p90=142 max=281 (octowhere firmware/src/flush_bench.rs:33)
116.451845 [INFO ] [FLUSHBENCH] case=region region=small shift=0,0 n=64 min=163 median=164 p90=164 max=173 (octowhere firmware/src/flush_bench.rs:33)
116.463661 [INFO ] [FLUSHBENCH] case=region region=small shift=3,0 n=64 min=173 median=174 p90=201 max=314 (octowhere firmware/src/flush_bench.rs:33)
116.474276 [INFO ] [FLUSHBENCH] case=region region=small shift=2,2 n=64 min=163 median=164 p90=164 max=176 (octowhere firmware/src/flush_bench.rs:33)
116.480218 [INFO ] [FLUSHBENCH] case=before region=rows shift=0,0 n=64 min=90 median=90 p90=91 max=131 (octowhere firmware/src/flush_bench.rs:33)
116.486269 [INFO ] [FLUSHBENCH] case=region region=rows shift=0,0 n=64 min=92 median=93 p90=93 max=93 (octowhere firmware/src/flush_bench.rs:33)
116.492888 [INFO ] [FLUSHBENCH] case=region region=rows shift=3,0 n=64 min=96 median=97 p90=117 max=142 (octowhere firmware/src/flush_bench.rs:33)
116.499030 [INFO ] [FLUSHBENCH] case=region region=rows shift=2,2 n=64 min=93 median=94 p90=94 max=111 (octowhere firmware/src/flush_bench.rs:33)
116.499090 [INFO ] [FLUSHBENCH] round 13 (octowhere firmware/src/flush_bench.rs:54)
117.236245 [INFO ] [FLUSHBENCH] case=full region=frame shift=0,0 n=64 min=11473 median=11476 p90=11580 max=11992 (octowhere firmware/src/flush_bench.rs:33)
117.975644 [INFO ] [FLUSHBENCH] case=full region=frame shift=3,0 n=64 min=11512 median=11515 p90=11651 max=11960 (octowhere firmware/src/flush_bench.rs:33)
118.714368 [INFO ] [FLUSHBENCH] case=full region=frame shift=2,2 n=64 min=11493 median=11497 p90=11595 max=12092 (octowhere firmware/src/flush_bench.rs:33)
119.452875 [INFO ] [FLUSHBENCH] case=full region=frame shift=0,3 n=64 min=11482 median=11485 p90=11741 max=11937 (octowhere firmware/src/flush_bench.rs:33)
120.191586 [INFO ] [FLUSHBENCH] case=full region=frame shift=-2,2 n=64 min=11493 median=11497 p90=11681 max=11920 (octowhere firmware/src/flush_bench.rs:33)
120.931210 [INFO ] [FLUSHBENCH] case=full region=frame shift=-3,0 n=64 min=11512 median=11515 p90=11626 max=12078 (octowhere firmware/src/flush_bench.rs:33)
121.671433 [INFO ] [FLUSHBENCH] case=full region=frame shift=-2,-2 n=64 min=11510 median=11513 p90=11717 max=12083 (octowhere firmware/src/flush_bench.rs:33)
122.411668 [INFO ] [FLUSHBENCH] case=full region=frame shift=0,-3 n=64 min=11506 median=11509 p90=11718 max=11982 (octowhere firmware/src/flush_bench.rs:33)
123.150706 [INFO ] [FLUSHBENCH] case=full region=frame shift=2,-2 n=64 min=11509 median=11512 p90=11627 max=11889 (octowhere firmware/src/flush_bench.rs:33)
123.348109 [INFO ] [FLUSHBENCH] case=before region=band shift=0,0 n=64 min=3048 median=3052 p90=3131 max=3525 (octowhere firmware/src/flush_bench.rs:33)
123.545474 [INFO ] [FLUSHBENCH] case=region region=band shift=0,0 n=64 min=3062 median=3066 p90=3072 max=3443 (octowhere firmware/src/flush_bench.rs:33)
123.742234 [INFO ] [FLUSHBENCH] case=region region=band shift=3,0 n=64 min=3069 median=3072 p90=3073 max=3099 (octowhere firmware/src/flush_bench.rs:33)
123.939723 [INFO ] [FLUSHBENCH] case=region region=band shift=2,2 n=64 min=3066 median=3069 p90=3070 max=3467 (octowhere firmware/src/flush_bench.rs:33)
123.963164 [INFO ] [FLUSHBENCH] case=before region=gauge shift=0,0 n=64 min=362 median=363 p90=363 max=458 (octowhere firmware/src/flush_bench.rs:33)
123.987408 [INFO ] [FLUSHBENCH] case=region region=gauge shift=0,0 n=64 min=376 median=377 p90=377 max=393 (octowhere firmware/src/flush_bench.rs:33)
124.012355 [INFO ] [FLUSHBENCH] case=region region=gauge shift=3,0 n=64 min=388 median=388 p90=389 max=389 (octowhere firmware/src/flush_bench.rs:33)
124.037000 [INFO ] [FLUSHBENCH] case=region region=gauge shift=2,2 n=64 min=376 median=377 p90=379 max=474 (octowhere firmware/src/flush_bench.rs:33)
124.354017 [INFO ] [FLUSHBENCH] case=before region=compass shift=0,0 n=64 min=4907 median=4910 p90=4993 max=5738 (octowhere firmware/src/flush_bench.rs:33)
124.670901 [INFO ] [FLUSHBENCH] case=region region=compass shift=0,0 n=64 min=4927 median=4927 p90=4931 max=5667 (octowhere firmware/src/flush_bench.rs:33)
124.985537 [INFO ] [FLUSHBENCH] case=region region=compass shift=3,0 n=64 min=4898 median=4899 p90=4902 max=5314 (octowhere firmware/src/flush_bench.rs:33)
125.303757 [INFO ] [FLUSHBENCH] case=region region=compass shift=2,2 n=64 min=4927 median=4929 p90=5038 max=5624 (octowhere firmware/src/flush_bench.rs:33)
125.313669 [INFO ] [FLUSHBENCH] case=before region=small shift=0,0 n=64 min=141 median=142 p90=150 max=657 (octowhere firmware/src/flush_bench.rs:33)
125.324315 [INFO ] [FLUSHBENCH] case=region region=small shift=0,0 n=64 min=163 median=164 p90=164 max=209 (octowhere firmware/src/flush_bench.rs:33)
125.335538 [INFO ] [FLUSHBENCH] case=region region=small shift=3,0 n=64 min=173 median=174 p90=174 max=177 (octowhere firmware/src/flush_bench.rs:33)
125.346131 [INFO ] [FLUSHBENCH] case=region region=small shift=2,2 n=64 min=163 median=164 p90=164 max=164 (octowhere firmware/src/flush_bench.rs:33)
125.352041 [INFO ] [FLUSHBENCH] case=before region=rows shift=0,0 n=64 min=90 median=90 p90=91 max=104 (octowhere firmware/src/flush_bench.rs:33)
125.358092 [INFO ] [FLUSHBENCH] case=region region=rows shift=0,0 n=64 min=92 median=93 p90=93 max=93 (octowhere firmware/src/flush_bench.rs:33)
125.364361 [INFO ] [FLUSHBENCH] case=region region=rows shift=3,0 n=64 min=96 median=96 p90=97 max=97 (octowhere firmware/src/flush_bench.rs:33)
125.370477 [INFO ] [FLUSHBENCH] case=region region=rows shift=2,2 n=64 min=93 median=94 p90=94 max=94 (octowhere firmware/src/flush_bench.rs:33)
125.370540 [INFO ] [FLUSHBENCH] round 14 (octowhere firmware/src/flush_bench.rs:54)
126.107548 [INFO ] [FLUSHBENCH] case=full region=frame shift=0,0 n=64 min=11473 median=11476 p90=11635 max=11882 (octowhere firmware/src/flush_bench.rs:33)
126.848399 [INFO ] [FLUSHBENCH] case=full region=frame shift=3,0 n=64 min=11512 median=11515 p90=11799 max=12171 (octowhere firmware/src/flush_bench.rs:33)
127.587627 [INFO ] [FLUSHBENCH] case=full region=frame shift=2,2 n=64 min=11493 median=11497 p90=11724 max=12231 (octowhere firmware/src/flush_bench.rs:33)
128.325935 [INFO ] [FLUSHBENCH] case=full region=frame shift=0,3 n=64 min=11482 median=11485 p90=11598 max=11998 (octowhere firmware/src/flush_bench.rs:33)
129.063814 [INFO ] [FLUSHBENCH] case=full region=frame shift=-2,2 n=64 min=11493 median=11496 p90=11535 max=12050 (octowhere firmware/src/flush_bench.rs:33)
129.804176 [INFO ] [FLUSHBENCH] case=full region=frame shift=-3,0 n=64 min=11512 median=11515 p90=11651 max=12319 (octowhere firmware/src/flush_bench.rs:33)
130.544980 [INFO ] [FLUSHBENCH] case=full region=frame shift=-2,-2 n=64 min=11510 median=11513 p90=11671 max=12316 (octowhere firmware/src/flush_bench.rs:33)
131.284775 [INFO ] [FLUSHBENCH] case=full region=frame shift=0,-3 n=64 min=11506 median=11509 p90=11713 max=12121 (octowhere firmware/src/flush_bench.rs:33)
132.023911 [INFO ] [FLUSHBENCH] case=full region=frame shift=2,-2 n=64 min=11509 median=11512 p90=11525 max=12338 (octowhere firmware/src/flush_bench.rs:33)
132.221611 [INFO ] [FLUSHBENCH] case=before region=band shift=0,0 n=64 min=3048 median=3052 p90=3120 max=3999 (octowhere firmware/src/flush_bench.rs:33)
132.419209 [INFO ] [FLUSHBENCH] case=region region=band shift=0,0 n=64 min=3062 median=3066 p90=3066 max=3853 (octowhere firmware/src/flush_bench.rs:33)
132.616691 [INFO ] [FLUSHBENCH] case=region region=band shift=3,0 n=64 min=3069 median=3072 p90=3073 max=3573 (octowhere firmware/src/flush_bench.rs:33)
132.813215 [INFO ] [FLUSHBENCH] case=region region=band shift=2,2 n=64 min=3066 median=3069 p90=3069 max=3086 (octowhere firmware/src/flush_bench.rs:33)
132.836651 [INFO ] [FLUSHBENCH] case=before region=gauge shift=0,0 n=64 min=362 median=363 p90=363 max=465 (octowhere firmware/src/flush_bench.rs:33)
132.860941 [INFO ] [FLUSHBENCH] case=region region=gauge shift=0,0 n=64 min=376 median=377 p90=377 max=429 (octowhere firmware/src/flush_bench.rs:33)
132.886603 [INFO ] [FLUSHBENCH] case=region region=gauge shift=3,0 n=64 min=388 median=388 p90=418 max=602 (octowhere firmware/src/flush_bench.rs:33)
132.910856 [INFO ] [FLUSHBENCH] case=region region=gauge shift=2,2 n=64 min=376 median=377 p90=377 max=393 (octowhere firmware/src/flush_bench.rs:33)
133.227547 [INFO ] [FLUSHBENCH] case=before region=compass shift=0,0 n=64 min=4907 median=4910 p90=4989 max=5845 (octowhere firmware/src/flush_bench.rs:33)
133.544436 [INFO ] [FLUSHBENCH] case=region region=compass shift=0,0 n=64 min=4927 median=4927 p90=4931 max=5925 (octowhere firmware/src/flush_bench.rs:33)
133.858993 [INFO ] [FLUSHBENCH] case=region region=compass shift=3,0 n=64 min=4898 median=4899 p90=4902 max=5567 (octowhere firmware/src/flush_bench.rs:33)
134.177709 [INFO ] [FLUSHBENCH] case=region region=compass shift=2,2 n=64 min=4927 median=4930 p90=5011 max=5733 (octowhere firmware/src/flush_bench.rs:33)
134.187171 [INFO ] [FLUSHBENCH] case=before region=small shift=0,0 n=64 min=141 median=142 p90=142 max=286 (octowhere firmware/src/flush_bench.rs:33)
134.197786 [INFO ] [FLUSHBENCH] case=region region=small shift=0,0 n=64 min=163 median=164 p90=164 max=180 (octowhere firmware/src/flush_bench.rs:33)
134.209009 [INFO ] [FLUSHBENCH] case=region region=small shift=3,0 n=64 min=173 median=174 p90=174 max=177 (octowhere firmware/src/flush_bench.rs:33)
134.219602 [INFO ] [FLUSHBENCH] case=region region=small shift=2,2 n=64 min=163 median=164 p90=164 max=164 (octowhere firmware/src/flush_bench.rs:33)
134.225512 [INFO ] [FLUSHBENCH] case=before region=rows shift=0,0 n=64 min=90 median=90 p90=91 max=104 (octowhere firmware/src/flush_bench.rs:33)
134.231565 [INFO ] [FLUSHBENCH] case=region region=rows shift=0,0 n=64 min=92 median=93 p90=93 max=93 (octowhere firmware/src/flush_bench.rs:33)
134.237833 [INFO ] [FLUSHBENCH] case=region region=rows shift=3,0 n=64 min=96 median=96 p90=97 max=97 (octowhere firmware/src/flush_bench.rs:33)
134.243948 [INFO ] [FLUSHBENCH] case=region region=rows shift=2,2 n=64 min=93 median=94 p90=94 max=94 (octowhere firmware/src/flush_bench.rs:33)
134.244008 [INFO ] [FLUSHBENCH] round 15 (octowhere firmware/src/flush_bench.rs:54)
134.980613 [INFO ] [FLUSHBENCH] case=full region=frame shift=0,0 n=64 min=11473 median=11476 p90=11550 max=12240 (octowhere firmware/src/flush_bench.rs:33)
135.721224 [INFO ] [FLUSHBENCH] case=full region=frame shift=3,0 n=64 min=11512 median=11515 p90=11637 max=12393 (octowhere firmware/src/flush_bench.rs:33)
136.460669 [INFO ] [FLUSHBENCH] case=full region=frame shift=2,2 n=64 min=11493 median=11496 p90=11636 max=12266 (octowhere firmware/src/flush_bench.rs:33)
137.199152 [INFO ] [FLUSHBENCH] case=full region=frame shift=0,3 n=64 min=11482 median=11485 p90=11572 max=12799 (octowhere firmware/src/flush_bench.rs:33)
137.937758 [INFO ] [FLUSHBENCH] case=full region=frame shift=-2,2 n=64 min=11493 median=11496 p90=11583 max=12307 (octowhere firmware/src/flush_bench.rs:33)
138.678238 [INFO ] [FLUSHBENCH] case=full region=frame shift=-3,0 n=64 min=11512 median=11515 p90=11645 max=12319 (octowhere firmware/src/flush_bench.rs:33)
139.417818 [INFO ] [FLUSHBENCH] case=full region=frame shift=-2,-2 n=64 min=11510 median=11513 p90=11608 max=12616 (octowhere firmware/src/flush_bench.rs:33)
140.159041 [INFO ] [FLUSHBENCH] case=full region=frame shift=0,-3 n=64 min=11506 median=11509 p90=11627 max=13054 (octowhere firmware/src/flush_bench.rs:33)
140.898863 [INFO ] [FLUSHBENCH] case=full region=frame shift=2,-2 n=64 min=11509 median=11512 p90=11647 max=12277 (octowhere firmware/src/flush_bench.rs:33)
141.095395 [INFO ] [FLUSHBENCH] case=before region=band shift=0,0 n=64 min=3048 median=3052 p90=3067 max=3633 (octowhere firmware/src/flush_bench.rs:33)
141.293814 [INFO ] [FLUSHBENCH] case=region region=band shift=0,0 n=64 min=3062 median=3066 p90=3089 max=3922 (octowhere firmware/src/flush_bench.rs:33)
141.491506 [INFO ] [FLUSHBENCH] case=region region=band shift=3,0 n=64 min=3069 median=3072 p90=3073 max=3771 (octowhere firmware/src/flush_bench.rs:33)
141.688021 [INFO ] [FLUSHBENCH] case=region region=band shift=2,2 n=64 min=3066 median=3069 p90=3069 max=3081 (octowhere firmware/src/flush_bench.rs:33)
141.712207 [INFO ] [FLUSHBENCH] case=before region=gauge shift=0,0 n=64 min=362 median=363 p90=404 max=580 (octowhere firmware/src/flush_bench.rs:33)
141.736531 [INFO ] [FLUSHBENCH] case=region region=gauge shift=0,0 n=64 min=376 median=377 p90=377 max=448 (octowhere firmware/src/flush_bench.rs:33)
141.761479 [INFO ] [FLUSHBENCH] case=region region=gauge shift=3,0 n=64 min=388 median=388 p90=389 max=389 (octowhere firmware/src/flush_bench.rs:33)
141.785702 [INFO ] [FLUSHBENCH] case=region region=gauge shift=2,2 n=64 min=376 median=377 p90=377 max=377 (octowhere firmware/src/flush_bench.rs:33)
142.101099 [INFO ] [FLUSHBENCH] case=before region=compass shift=0,0 n=64 min=4907 median=4908 p90=4913 max=5682 (octowhere firmware/src/flush_bench.rs:33)
142.418810 [INFO ] [FLUSHBENCH] case=region region=compass shift=0,0 n=64 min=4927 median=4928 p90=4984 max=5880 (octowhere firmware/src/flush_bench.rs:33)
142.734146 [INFO ] [FLUSHBENCH] case=region region=compass shift=3,0 n=64 min=4898 median=4899 p90=4902 max=5582 (octowhere firmware/src/flush_bench.rs:33)
143.050659 [INFO ] [FLUSHBENCH] case=region region=compass shift=2,2 n=64 min=4927 median=4927 p90=4931 max=5562 (octowhere firmware/src/flush_bench.rs:33)
143.060107 [INFO ] [FLUSHBENCH] case=before region=small shift=0,0 n=64 min=141 median=142 p90=144 max=270 (octowhere firmware/src/flush_bench.rs:33)
143.070792 [INFO ] [FLUSHBENCH] case=region region=small shift=0,0 n=64 min=163 median=164 p90=165 max=189 (octowhere firmware/src/flush_bench.rs:33)
143.082037 [INFO ] [FLUSHBENCH] case=region region=small shift=3,0 n=64 min=173 median=174 p90=174 max=178 (octowhere firmware/src/flush_bench.rs:33)
143.092661 [INFO ] [FLUSHBENCH] case=region region=small shift=2,2 n=64 min=163 median=164 p90=164 max=175 (octowhere firmware/src/flush_bench.rs:33)
143.098581 [INFO ] [FLUSHBENCH] case=before region=rows shift=0,0 n=64 min=90 median=90 p90=91 max=113 (octowhere firmware/src/flush_bench.rs:33)
143.104678 [INFO ] [FLUSHBENCH] case=region region=rows shift=0,0 n=64 min=92 median=93 p90=95 max=108 (octowhere firmware/src/flush_bench.rs:33)
143.110948 [INFO ] [FLUSHBENCH] case=region region=rows shift=3,0 n=64 min=96 median=96 p90=97 max=97 (octowhere firmware/src/flush_bench.rs:33)
143.117085 [INFO ] [FLUSHBENCH] case=region region=rows shift=2,2 n=64 min=93 median=94 p90=94 max=100 (octowhere firmware/src/flush_bench.rs:33)
143.117149 [INFO ] [FLUSHBENCH] round 16 (octowhere firmware/src/flush_bench.rs:54)
143.854380 [INFO ] [FLUSHBENCH] case=full region=frame shift=0,0 n=64 min=11473 median=11476 p90=11556 max=12170 (octowhere firmware/src/flush_bench.rs:33)
144.594885 [INFO ] [FLUSHBENCH] case=full region=frame shift=3,0 n=64 min=11512 median=11515 p90=11622 max=12473 (octowhere firmware/src/flush_bench.rs:33)
145.333849 [INFO ] [FLUSHBENCH] case=full region=frame shift=2,2 n=64 min=11493 median=11497 p90=11591 max=12251 (octowhere firmware/src/flush_bench.rs:33)
146.071336 [INFO ] [FLUSHBENCH] case=full region=frame shift=0,3 n=64 min=11482 median=11485 p90=11575 max=12190 (octowhere firmware/src/flush_bench.rs:33)
146.810539 [INFO ] [FLUSHBENCH] case=full region=frame shift=-2,2 n=64 min=11493 median=11496 p90=11604 max=12395 (octowhere firmware/src/flush_bench.rs:33)
147.551017 [INFO ] [FLUSHBENCH] case=full region=frame shift=-3,0 n=64 min=11512 median=11515 p90=11650 max=12360 (octowhere firmware/src/flush_bench.rs:33)
148.291169 [INFO ] [FLUSHBENCH] case=full region=frame shift=-2,-2 n=64 min=11510 median=11513 p90=11645 max=12382 (octowhere firmware/src/flush_bench.rs:33)
149.030082 [INFO ] [FLUSHBENCH] case=full region=frame shift=0,-3 n=64 min=11506 median=11509 p90=11513 max=12184 (octowhere firmware/src/flush_bench.rs:33)
