7.140320 [INFO ] [CTRLBENCH] read received=3 copied=3 (octowhere src/drivers/qspi_bus.rs:248)
7.140365 [INFO ] [CTRLBENCH] sio1=false read 0x04: [0x00, 0x00, 0x00] (octowhere firmware/src/controls_bench.rs:78)
7.140406 [INFO ] [CTRLBENCH] read received=1 copied=1 (octowhere src/drivers/qspi_bus.rs:248)
7.140434 [INFO ] [CTRLBENCH] sio1=false read 0x0a: [0x00] (octowhere firmware/src/controls_bench.rs:78)
7.140467 [INFO ] [CTRLBENCH] read received=1 copied=1 (octowhere src/drivers/qspi_bus.rs:248)
7.140497 [INFO ] [CTRLBENCH] sio1=false read 0x0c: [0x00] (octowhere firmware/src/controls_bench.rs:78)
7.140531 [INFO ] [CTRLBENCH] read received=2 copied=2 (octowhere src/drivers/qspi_bus.rs:248)
7.140559 [INFO ] [CTRLBENCH] sio1=false read 0x45: [0x00, 0x00] (octowhere firmware/src/controls_bench.rs:78)
7.140595 [INFO ] [CTRLBENCH] read received=3 copied=3 (octowhere src/drivers/qspi_bus.rs:248)
7.140622 [INFO ] [CTRLBENCH] sio1=true read 0x04: [0x00, 0x00, 0x00] (octowhere firmware/src/controls_bench.rs:78)
7.140655 [INFO ] [CTRLBENCH] read received=1 copied=1 (octowhere src/drivers/qspi_bus.rs:248)
7.140680 [INFO ] [CTRLBENCH] sio1=true read 0x0a: [0x00] (octowhere firmware/src/controls_bench.rs:78)
7.140713 [INFO ] [CTRLBENCH] read received=1 copied=1 (octowhere src/drivers/qspi_bus.rs:248)
7.140809 [INFO ] [CTRLBENCH] sio1=true read 0x0c: [0x00] (octowhere firmware/src/controls_bench.rs:78)
7.140843 [INFO ] [CTRLBENCH] read received=2 copied=2 (octowhere src/drivers/qspi_bus.rs:248)
7.140872 [INFO ] [CTRLBENCH] sio1=true read 0x45: [0x00, 0x00] (octowhere firmware/src/controls_bench.rs:78)
7.140919 [INFO ] [CTRLBENCH] read received=2 copied=2 (octowhere src/drivers/qspi_bus.rs:248)
7.142294 [INFO ] [CTRLBENCH] read received=2 copied=2 (octowhere src/drivers/qspi_bus.rs:248)
7.143647 [INFO ] [CTRLBENCH] read received=2 copied=2 (octowhere src/drivers/qspi_bus.rs:248)
7.145001 [INFO ] [CTRLBENCH] read received=2 copied=2 (octowhere src/drivers/qspi_bus.rs:248)
7.146355 [INFO ] [CTRLBENCH] read received=2 copied=2 (octowhere src/drivers/qspi_bus.rs:248)
7.147709 [INFO ] [CTRLBENCH] read received=2 copied=2 (octowhere src/drivers/qspi_bus.rs:248)
7.149063 [INFO ] [CTRLBENCH] read received=2 copied=2 (octowhere src/drivers/qspi_bus.rs:248)
7.150418 [INFO ] [CTRLBENCH] read received=2 copied=2 (octowhere src/drivers/qspi_bus.rs:248)
7.151773 [INFO ] [CTRLBENCH] read received=2 copied=2 (octowhere src/drivers/qspi_bus.rs:248)
7.153127 [INFO ] [CTRLBENCH] read received=2 copied=2 (octowhere src/drivers/qspi_bus.rs:248)
7.154481 [INFO ] [CTRLBENCH] read received=2 copied=2 (octowhere src/drivers/qspi_bus.rs:248)
7.155835 [INFO ] [CTRLBENCH] read received=2 copied=2 (octowhere src/drivers/qspi_bus.rs:248)
7.157189 [INFO ] [CTRLBENCH] read received=2 copied=2 (octowhere src/drivers/qspi_bus.rs:248)
7.158543 [INFO ] [CTRLBENCH] read received=2 copied=2 (octowhere src/drivers/qspi_bus.rs:248)
7.159897 [INFO ] [CTRLBENCH] read received=2 copied=2 (octowhere src/drivers/qspi_bus.rs:248)
7.161252 [INFO ] [CTRLBENCH] read received=2 copied=2 (octowhere src/drivers/qspi_bus.rs:248)
7.162580 [INFO ] [CTRLBENCH] scan lines [0, 0, 0, 0, 0, 0, 0, 0, 0, 0, 0, 0, 0, 0, 0, 0] (octowhere firmware/src/controls_bench.rs:92)
8.162707 [INFO ] [CTRLBENCH] te vblank at 150: 60 a second (octowhere firmware/src/controls_bench.rs:94)
9.163105 [INFO ] [CTRLBENCH] te off: 0 a second (octowhere firmware/src/controls_bench.rs:99)
10.163438 [INFO ] [CTRLBENCH] te v and h blank: 26332 a second (octowhere firmware/src/controls_bench.rs:101)
11.163905 [INFO ] [CTRLBENCH] te back at 150: 262 a second (octowhere firmware/src/controls_bench.rs:108)
11.164232 [INFO ] [CTRLBENCH] partial: rows 150 to 315 only (octowhere firmware/src/controls_bench.rs:60)
17.164556 [INFO ] [CTRLBENCH] normal again (octowhere firmware/src/controls_bench.rs:60)
23.164883 [INFO ] [CTRLBENCH] idle: eight colours (octowhere firmware/src/controls_bench.rs:60)
