2.705314 [INFO ] [MESH] id=0 name=Dredge members=2 mac=[44, 1b, f6, 86, 1a, 38] (octowhere_node octowhere-node/src/node.rs:690)
2.745492 [INFO ] [MESH] tuned=true (octowhere_node octowhere-node/src/node.rs:749)
2.746687 [INFO ] [MESH] id=0 members=2 generation=16 removal pending=false declinable until=None old keys=0 (octowhere_node octowhere-node/src/node.rs:892)
137.707209 [INFO ] [MESH] timebase root=0 hops=0 (octowhere_node octowhere-node/src/node.rs:2941)
137.750139 [INFO ] [DIAG] dio0=false flags=Some(0) status=Some(4) rssi=Some(39) mode=Some(133) receiving=true (octowhere src/mesh/radio.rs:91)
137.932045 [INFO ] [MESH] sent round=39805000 len=105 entries=0 records=0x00000000 asked=0x00000000 neighbours=0x00000000 messages=0 summary=false done=true (octowhere_node octowhere-node/src/node.rs:1768)
138.422509 [INFO ] [MESH] heard id=1 timebase=Node(0) hops=1 taken=Ignored late_us=Some(8128) len=105 rssi=-25 snr=6 entries=0 new=0 neighbours=0x00000001 messages=0/0 summary=false (octowhere_node octowhere-node/src/node.rs:1639)
153.787890 [INFO ] [MESH] command Send { to: Some(1), text: b"contention round trip" } (octowhere_node octowhere-node/src/node.rs:942)
153.788883 [INFO ] [MSG] queued to Member(1): b"contention round trip" (octowhere_node octowhere-node/src/node.rs:2481)
153.863272 [INFO ] [MSG] posted 0/1791225053 to Member(1) len=38 New (octowhere_node octowhere-node/src/node.rs:2564)
154.101636 [INFO ] [DIAG] dio0=false flags=Some(0) status=Some(36) rssi=Some(40) mode=Some(133) receiving=true (octowhere src/mesh/radio.rs:91)
154.370678 [INFO ] [MESH] sent round=39805001 len=165 entries=0 records=0x00000000 asked=0x00000000 neighbours=0x00000002 messages=1 summary=false done=true (octowhere_node octowhere-node/src/node.rs:1768)
154.922981 [INFO ] [MSG] 0/1791225053 delivered to 1 (octowhere_node octowhere-node/src/node.rs:2636)
154.923448 [INFO ] [MESH] heard id=1 timebase=Node(0) hops=1 taken=Ignored late_us=Some(5208) len=148 rssi=-24 snr=6 entries=0 new=0 neighbours=0x00000001 messages=1/1 summary=false (octowhere_node octowhere-node/src/node.rs:1639)
164.024779 [INFO ] [MESH] command Phantom (octowhere_node octowhere-node/src/node.rs:942)
164.082452 [INFO ] [MESH] enrolled a phantom at 2 (octowhere_node octowhere-node/src/node.rs:1059)
164.111917 [INFO ] [SETTINGS] Member(2, Phantom) saved in 24321us (octowhere firmware/src/main.rs:985)
164.307229 [INFO ] [DIAG] dio0=false flags=Some(0) status=Some(36) rssi=Some(41) mode=Some(133) receiving=true (octowhere src/mesh/radio.rs:91)
164.673570 [INFO ] [MESH] sent round=39805001 len=231 entries=0 records=0x00000004 asked=0x00000000 neighbours=0x00000002 messages=0 summary=false done=true (octowhere_node octowhere-node/src/node.rs:1768)
172.263900 [INFO ] [MESH] command Remove(2) (octowhere_node octowhere-node/src/node.rs:942)
172.264894 [INFO ] [REKEY] removing 2: generation 17 from round 39805006 (now 39805001), 1 to tell (octowhere_node octowhere-node/src/node.rs:2080)
172.304911 [INFO ] [MSG] posted 0/1791225054 to Member(1) len=138 New (octowhere_node octowhere-node/src/node.rs:2564)
172.499339 [INFO ] [DIAG] dio0=false flags=Some(0) status=Some(36) rssi=Some(40) mode=Some(133) receiving=true (octowhere src/mesh/radio.rs:91)
172.814556 [INFO ] [MESH] sent round=39805001 len=196 entries=0 records=0x00000000 asked=0x00000000 neighbours=0x00000002 messages=1 summary=false done=true (octowhere_node octowhere-node/src/node.rs:1768)
173.301429 [INFO ] [MSG] 0/1791225054 delivered to 1 (octowhere_node octowhere-node/src/node.rs:2636)
173.302016 [INFO ] [MESH] heard id=1 timebase=Node(0) hops=1 taken=Ignored late_us=Some(8606) len=148 rssi=-24 snr=7 entries=0 new=0 neighbours=0x00000001 messages=1/1 summary=false (octowhere_node octowhere-node/src/node.rs:1639)
298.150089 [INFO ] [DIAG] dio0=false flags=Some(0) status=Some(36) rssi=Some(41) mode=Some(133) receiving=true (octowhere src/mesh/radio.rs:91)
298.240661 [INFO ] [MESH] sent round=39805004 len=42 entries=0 records=0x00000000 asked=0x00000000 neighbours=0x00000002 messages=0 summary=false done=true (octowhere_node octowhere-node/src/node.rs:1768)
300.640118 [INFO ] [MESH] heard id=1 timebase=Node(0) hops=1 taken=Ignored late_us=Some(5585) len=42 rssi=-25 snr=7 entries=0 new=0 neighbours=0x00000001 messages=0/0 summary=false (octowhere_node octowhere-node/src/node.rs:1639)
370.608797 [INFO ] [REKEY] switched to generation 17: 0 removed Some(2) (octowhere_node octowhere-node/src/node.rs:2196)
370.676305 [INFO ] [DIAG] dio0=false flags=Some(0) status=Some(36) rssi=Some(41) mode=Some(133) receiving=true (octowhere src/mesh/radio.rs:91)
370.868438 [INFO ] [MESH] sent round=39805006 len=111 entries=0 records=0x00000000 asked=0x00000000 neighbours=0x00000002 messages=0 summary=false done=true (octowhere_node octowhere-node/src/node.rs:1768)
371.710211 [INFO ] [REKEY] every member is on the new key; the old one is dropped (octowhere_node octowhere-node/src/node.rs:2032)
371.711771 [INFO ] [MESH] heard id=1 timebase=Node(0) hops=1 taken=Ignored late_us=Some(5123) len=111 rssi=-25 snr=7 entries=0 new=0 neighbours=0x00000001 messages=0/0 summary=false (octowhere_node octowhere-node/src/node.rs:1639)
372.714342 [INFO ] [DIAG] dio0=false flags=Some(0) status=Some(36) rssi=Some(41) mode=Some(133) receiving=true (octowhere src/mesh/radio.rs:91)
372.824398 [INFO ] [REKEY] sent under generation 16 round=39805006 caught=0x00000004 len=57 done=true (octowhere_node octowhere-node/src/node.rs:1404)
405.594722 [INFO ] [MSG] from 1 to all: b"contention to all" (octowhere_node octowhere-node/src/node.rs:2577)
405.595239 [INFO ] [MESH] heard id=1 timebase=Node(0) hops=1 taken=Ignored late_us=Some(2602) len=145 rssi=-25 snr=7 entries=0 new=0 neighbours=0x00000001 messages=1/1 summary=false (octowhere_node octowhere-node/src/node.rs:1639)
