2.663706 [INFO ] [MESH] id=1 name=Roger Roger members=2 mac=[44, 1b, f6, 86, 1c, 1c] (octowhere_node octowhere-node/src/node.rs:690)
2.704980 [INFO ] [MESH] tuned=true (octowhere_node octowhere-node/src/node.rs:749)
2.706745 [INFO ] [MESH] id=1 members=2 generation=16 removal pending=false declinable until=None old keys=0 (octowhere_node octowhere-node/src/node.rs:892)
129.110945 [INFO ] [MESH] heard id=0 timebase=Node(0) hops=0 taken=Adopted late_us=None len=105 rssi=-23 snr=6 entries=0 new=0 neighbours=0x00000000 messages=0/0 summary=false (octowhere_node octowhere-node/src/node.rs:1639)
129.111463 [INFO ] [MESH] timebase root=0 hops=1 (octowhere_node octowhere-node/src/node.rs:2941)
129.413381 [INFO ] [DIAG] dio0=false flags=Some(0) status=Some(36) rssi=Some(47) mode=Some(133) receiving=true (octowhere src/mesh/radio.rs:91)
129.595205 [INFO ] [MESH] sent round=39805000 len=105 entries=0 records=0x00000000 asked=0x00000000 neighbours=0x00000001 messages=0 summary=false done=true (octowhere_node octowhere-node/src/node.rs:1768)
145.578164 [INFO ] [MSG] from 0 to this device: b"contention round trip" (octowhere_node octowhere-node/src/node.rs:2621)
145.578916 [INFO ] [MESH] heard id=0 timebase=Node(0) hops=0 taken=Refined late_us=Some(-3908) len=165 rssi=-23 snr=7 entries=0 new=0 neighbours=0x00000002 messages=1/1 summary=false (octowhere_node octowhere-node/src/node.rs:1639)
145.620063 [INFO ] [MSG] posted 1/1791225053 to Member(0) len=21 New (octowhere_node octowhere-node/src/node.rs:2564)
145.851660 [INFO ] [DIAG] dio0=false flags=Some(0) status=Some(36) rssi=Some(47) mode=Some(133) receiving=true (octowhere src/mesh/radio.rs:91)
146.095118 [INFO ] [MESH] sent round=39805001 len=148 entries=0 records=0x00000000 asked=0x00000000 neighbours=0x00000001 messages=1 summary=false done=true (octowhere_node octowhere-node/src/node.rs:1768)
155.884444 [INFO ] [MESH] member 2 is Phantom now (octowhere_node octowhere-node/src/node.rs:1605)
155.884891 [INFO ] [MESH] heard id=0 timebase=Node(0) hops=0 taken=Refined late_us=Some(2493) len=231 rssi=-22 snr=7 entries=0 new=0 neighbours=0x00000002 messages=0/0 summary=false (octowhere_node octowhere-node/src/node.rs:1639)
155.940016 [INFO ] [SETTINGS] Member(2, Phantom) saved in 50091us (octowhere firmware/src/main.rs:985)
164.026686 [INFO ] [REKEY] 0 asks to remove 2: generation 17 from round 39805006 (now 39805001) unless declined (octowhere_node octowhere-node/src/node.rs:2170)
164.027319 [INFO ] [MESH] heard id=0 timebase=Node(0) hops=0 taken=Refined late_us=Some(651) len=196 rssi=-23 snr=6 entries=0 new=0 neighbours=0x00000002 messages=1/1 summary=false (octowhere_node octowhere-node/src/node.rs:1639)
164.029441 [INFO ] [MSG] posted 1/1791225054 to Member(0) len=21 New (octowhere_node octowhere-node/src/node.rs:2564)
164.230009 [INFO ] [DIAG] dio0=false flags=Some(0) status=Some(36) rssi=Some(46) mode=Some(133) receiving=true (octowhere src/mesh/radio.rs:91)
164.473444 [INFO ] [MESH] sent round=39805001 len=148 entries=0 records=0x00000000 asked=0x00000000 neighbours=0x00000001 messages=1 summary=false done=true (octowhere_node octowhere-node/src/node.rs:1768)
289.417876 [INFO ] [MESH] heard id=0 timebase=Node(0) hops=0 taken=Refined late_us=Some(-2127) len=42 rssi=-22 snr=6 entries=0 new=0 neighbours=0x00000002 messages=0/0 summary=false (octowhere_node octowhere-node/src/node.rs:1639)
291.722919 [INFO ] [DIAG] dio0=false flags=Some(0) status=Some(36) rssi=Some(47) mode=Some(133) receiving=true (octowhere src/mesh/radio.rs:91)
291.812572 [INFO ] [MESH] sent round=39805004 len=42 entries=0 records=0x00000000 asked=0x00000000 neighbours=0x00000001 messages=0 summary=false done=true (octowhere_node octowhere-node/src/node.rs:1768)
361.786643 [INFO ] [REKEY] switched to generation 17: 0 removed Some(2) (octowhere_node octowhere-node/src/node.rs:2196)
361.786698 [INFO ] [REKEY] it can be declined until round 39806926 (octowhere_node octowhere-node/src/node.rs:2213)
361.896081 [INFO ] [DIAG] dio0=false flags=Some(16) status=Some(47) rssi=Some(121) mode=Some(133) receiving=true (octowhere src/mesh/radio.rs:91)
361.896196 [DEBUG] [MESH] the channel is busy; backing off 540ms (octowhere_node octowhere-node/src/node.rs:1299)
362.077260 [INFO ] [REKEY] every member is on the new key; the old one is dropped (octowhere_node octowhere-node/src/node.rs:2032)
362.078955 [INFO ] [MESH] heard id=0 timebase=Node(0) hops=0 taken=Refined late_us=Some(-1281) len=111 rssi=-22 snr=6 entries=0 new=0 neighbours=0x00000002 messages=0/0 summary=false (octowhere_node octowhere-node/src/node.rs:1639)
362.659679 [INFO ] [DIAG] dio0=false flags=Some(0) status=Some(36) rssi=Some(47) mode=Some(133) receiving=true (octowhere src/mesh/radio.rs:91)
362.851900 [INFO ] [MESH] sent round=39805006 len=111 entries=0 records=0x00000000 asked=0x00000000 neighbours=0x00000001 messages=0 summary=false done=true (octowhere_node octowhere-node/src/node.rs:1768)
364.001078 [INFO ] [MESH] not ours len=57 rssi=-23 (octowhere_node octowhere-node/src/node.rs:1530)
396.434479 [INFO ] [MESH] command Send { to: None, text: b"contention to all" } (octowhere_node octowhere-node/src/node.rs:942)
396.434653 [INFO ] [MSG] queued to Group: b"contention to all" (octowhere_node octowhere-node/src/node.rs:2481)
396.436580 [INFO ] [MSG] posted 1/1791225055 to Group len=18 New (octowhere_node octowhere-node/src/node.rs:2564)
396.528077 [INFO ] [DIAG] dio0=false flags=Some(0) status=Some(36) rssi=Some(47) mode=Some(133) receiving=true (octowhere src/mesh/radio.rs:91)
396.766386 [INFO ] [MESH] sent round=39805006 len=145 entries=0 records=0x00000000 asked=0x00000000 neighbours=0x00000001 messages=1 summary=false done=true (octowhere_node octowhere-node/src/node.rs:1768)
