2.808394 [INFO ] [MESH] id=0 name=Dredge members=2 mac=[44, 1b, f6, 86, 1a, 38] (octowhere_node octowhere-node/src/node.rs:690)
2.852064 [INFO ] [MESH] tuned=true (octowhere_node octowhere-node/src/node.rs:749)
2.853680 [INFO ] [MESH] id=0 members=2 generation=16 removal pending=false declinable until=None old keys=0 (octowhere_node octowhere-node/src/node.rs:892)
137.810249 [INFO ] [MESH] timebase root=0 hops=0 (octowhere_node octowhere-node/src/node.rs:2941)
138.033184 [INFO ] [DIAG] dio0=false flags=Some(0) status=Some(4) rssi=Some(40) mode=Some(133) receiving=true (octowhere src/mesh/radio.rs:91)
138.033347 [DEBUG] [MESH] the channel is busy; backing off 100ms (octowhere_node octowhere-node/src/node.rs:1299)
138.336842 [INFO ] [DIAG] dio0=false flags=Some(0) status=Some(4) rssi=Some(39) mode=Some(133) receiving=true (octowhere src/mesh/radio.rs:91)
138.336993 [DEBUG] [MESH] the channel is busy; backing off 240ms (octowhere_node octowhere-node/src/node.rs:1299)
138.620548 [INFO ] [DIAG] dio0=false flags=Some(0) status=Some(4) rssi=Some(40) mode=Some(133) receiving=true (octowhere src/mesh/radio.rs:91)
138.620695 [DEBUG] [MESH] the channel is busy; backing off 130ms (octowhere_node octowhere-node/src/node.rs:1299)
138.904289 [INFO ] [DIAG] dio0=false flags=Some(0) status=Some(4) rssi=Some(40) mode=Some(133) receiving=true (octowhere src/mesh/radio.rs:91)
138.904438 [DEBUG] [MESH] the channel is busy; backing off 120ms (octowhere_node octowhere-node/src/node.rs:1299)
139.097955 [INFO ] [DIAG] dio0=false flags=Some(0) status=Some(4) rssi=Some(40) mode=Some(133) receiving=true (octowhere src/mesh/radio.rs:91)
139.098105 [DEBUG] [MESH] the channel is busy; backing off 110ms (octowhere_node octowhere-node/src/node.rs:1299)
139.451532 [INFO ] [DIAG] dio0=false flags=Some(0) status=Some(4) rssi=Some(41) mode=Some(133) receiving=true (octowhere src/mesh/radio.rs:91)
139.451682 [DEBUG] [MESH] the channel is busy; backing off 380ms (octowhere_node octowhere-node/src/node.rs:1299)
140.125199 [INFO ] [DIAG] dio0=false flags=Some(0) status=Some(4) rssi=Some(40) mode=Some(133) receiving=true (octowhere src/mesh/radio.rs:91)
140.125413 [DEBUG] [MESH] the channel is busy; backing off 270ms (octowhere_node octowhere-node/src/node.rs:1299)
140.689004 [INFO ] [DIAG] dio0=false flags=Some(0) status=Some(4) rssi=Some(40) mode=Some(133) receiving=true (octowhere src/mesh/radio.rs:91)
140.689138 [DEBUG] [MESH] the channel is busy; backing off 600ms (octowhere_node octowhere-node/src/node.rs:1299)
141.442838 [INFO ] [DIAG] dio0=false flags=Some(0) status=Some(4) rssi=Some(40) mode=Some(133) receiving=true (octowhere src/mesh/radio.rs:91)
141.442973 [DEBUG] [MESH] the channel is busy; backing off 10ms (octowhere_node octowhere-node/src/node.rs:1299)
141.760620 [INFO ] [DIAG] dio0=false flags=Some(0) status=Some(4) rssi=Some(39) mode=Some(133) receiving=true (octowhere src/mesh/radio.rs:91)
141.760768 [DEBUG] [MESH] the channel is busy; backing off 390ms (octowhere_node octowhere-node/src/node.rs:1299)
142.154599 [INFO ] [DIAG] dio0=false flags=Some(0) status=Some(4) rssi=Some(40) mode=Some(133) receiving=true (octowhere src/mesh/radio.rs:91)
142.154724 [DEBUG] [MESH] the channel is busy; backing off 0ms (octowhere_node octowhere-node/src/node.rs:1299)
142.407852 [INFO ] [DIAG] dio0=false flags=Some(0) status=Some(4) rssi=Some(39) mode=Some(133) receiving=true (octowhere src/mesh/radio.rs:91)
142.408003 [DEBUG] [MESH] the channel is busy; backing off 550ms (octowhere_node octowhere-node/src/node.rs:1299)
143.151629 [INFO ] [DIAG] dio0=false flags=Some(0) status=Some(4) rssi=Some(40) mode=Some(133) receiving=true (octowhere src/mesh/radio.rs:91)
143.151780 [DEBUG] [MESH] the channel is busy; backing off 470ms (octowhere_node octowhere-node/src/node.rs:1299)
143.825285 [INFO ] [DIAG] dio0=false flags=Some(0) status=Some(4) rssi=Some(41) mode=Some(133) receiving=true (octowhere src/mesh/radio.rs:91)
143.825438 [DEBUG] [MESH] the channel is busy; backing off 500ms (octowhere_node octowhere-node/src/node.rs:1299)
144.569028 [INFO ] [DIAG] dio0=false flags=Some(0) status=Some(4) rssi=Some(41) mode=Some(133) receiving=true (octowhere src/mesh/radio.rs:91)
144.569165 [DEBUG] [MESH] the channel is busy; backing off 560ms (octowhere_node octowhere-node/src/node.rs:1299)
145.402753 [INFO ] [DIAG] dio0=false flags=Some(0) status=Some(4) rssi=Some(41) mode=Some(133) receiving=true (octowhere src/mesh/radio.rs:91)
145.402894 [DEBUG] [MESH] the channel is busy; backing off 200ms (octowhere_node octowhere-node/src/node.rs:1299)
145.776409 [INFO ] [DIAG] dio0=false flags=Some(0) status=Some(4) rssi=Some(40) mode=Some(133) receiving=true (octowhere src/mesh/radio.rs:91)
145.776561 [DEBUG] [MESH] the channel is busy; backing off 250ms (octowhere_node octowhere-node/src/node.rs:1299)
146.280315 [INFO ] [DIAG] dio0=false flags=Some(0) status=Some(4) rssi=Some(41) mode=Some(133) receiving=true (octowhere src/mesh/radio.rs:91)
146.280461 [DEBUG] [MESH] the channel is busy; backing off 540ms (octowhere_node octowhere-node/src/node.rs:1299)
146.824249 [INFO ] [DIAG] dio0=false flags=Some(0) status=Some(4) rssi=Some(41) mode=Some(133) receiving=true (octowhere src/mesh/radio.rs:91)
146.824389 [DEBUG] [MESH] the channel is busy; backing off 100ms (octowhere_node octowhere-node/src/node.rs:1299)
147.147999 [INFO ] [DIAG] dio0=false flags=Some(0) status=Some(4) rssi=Some(40) mode=Some(133) receiving=true (octowhere src/mesh/radio.rs:91)
147.148150 [DEBUG] [MESH] the channel is busy; backing off 50ms (octowhere_node octowhere-node/src/node.rs:1299)
147.281733 [INFO ] [DIAG] dio0=false flags=Some(0) status=Some(4) rssi=Some(39) mode=Some(133) receiving=true (octowhere src/mesh/radio.rs:91)
147.281868 [DEBUG] [MESH] the channel is busy; backing off 610ms (octowhere_node octowhere-node/src/node.rs:1299)
147.915399 [INFO ] [DIAG] dio0=false flags=Some(0) status=Some(4) rssi=Some(42) mode=Some(133) receiving=true (octowhere src/mesh/radio.rs:91)
147.915553 [DEBUG] [MESH] the channel is busy; backing off 310ms (octowhere_node octowhere-node/src/node.rs:1299)
148.339050 [INFO ] [DIAG] dio0=false flags=Some(0) status=Some(4) rssi=Some(37) mode=Some(133) receiving=true (octowhere src/mesh/radio.rs:91)
148.339198 [DEBUG] [MESH] the channel is busy; backing off 580ms (octowhere_node octowhere-node/src/node.rs:1299)
149.222836 [INFO ] [DIAG] dio0=false flags=Some(0) status=Some(4) rssi=Some(40) mode=Some(133) receiving=true (octowhere src/mesh/radio.rs:91)
149.222972 [DEBUG] [MESH] the channel is busy; backing off 450ms (octowhere_node octowhere-node/src/node.rs:1299)
149.826482 [INFO ] [DIAG] dio0=false flags=Some(0) status=Some(4) rssi=Some(42) mode=Some(133) receiving=true (octowhere src/mesh/radio.rs:91)
149.826631 [DEBUG] [MESH] the channel is busy; backing off 540ms (octowhere_node octowhere-node/src/node.rs:1299)
150.670193 [INFO ] [DIAG] dio0=false flags=Some(0) status=Some(4) rssi=Some(39) mode=Some(133) receiving=true (octowhere src/mesh/radio.rs:91)
150.670346 [DEBUG] [MESH] the channel is busy; backing off 600ms (octowhere_node octowhere-node/src/node.rs:1299)
151.523927 [INFO ] [DIAG] dio0=false flags=Some(0) status=Some(4) rssi=Some(40) mode=Some(133) receiving=true (octowhere src/mesh/radio.rs:91)
151.524073 [DEBUG] [MESH] the channel is busy; backing off 270ms (octowhere_node octowhere-node/src/node.rs:1299)
151.807616 [INFO ] [DIAG] dio0=false flags=Some(0) status=Some(4) rssi=Some(41) mode=Some(133) receiving=true (octowhere src/mesh/radio.rs:91)
151.807767 [DEBUG] [MESH] the channel is busy; backing off 220ms (octowhere_node octowhere-node/src/node.rs:1299)
152.271304 [INFO ] [DIAG] dio0=false flags=Some(0) status=Some(4) rssi=Some(40) mode=Some(133) receiving=true (octowhere src/mesh/radio.rs:91)
152.271452 [DEBUG] [MESH] the channel is busy; backing off 560ms (octowhere_node octowhere-node/src/node.rs:1299)
153.065103 [INFO ] [DIAG] dio0=false flags=Some(0) status=Some(4) rssi=Some(40) mode=Some(133) receiving=true (octowhere src/mesh/radio.rs:91)
153.065269 [DEBUG] [MESH] the channel is busy; backing off 310ms (octowhere_node octowhere-node/src/node.rs:1299)
153.419077 [INFO ] [DIAG] dio0=false flags=Some(0) status=Some(4) rssi=Some(40) mode=Some(133) receiving=true (octowhere src/mesh/radio.rs:91)
153.419220 [DEBUG] [MESH] the channel is busy; backing off 610ms (octowhere_node octowhere-node/src/node.rs:1299)
154.302832 [INFO ] [DIAG] dio0=false flags=Some(0) status=Some(4) rssi=Some(41) mode=Some(133) receiving=true (octowhere src/mesh/radio.rs:91)
154.302987 [DEBUG] [MESH] the channel is busy; backing off 460ms (octowhere_node octowhere-node/src/node.rs:1299)
154.866531 [INFO ] [DIAG] dio0=false flags=Some(0) status=Some(4) rssi=Some(40) mode=Some(133) receiving=true (octowhere src/mesh/radio.rs:91)
154.866669 [DEBUG] [MESH] the channel is busy; backing off 200ms (octowhere_node octowhere-node/src/node.rs:1299)
155.330205 [INFO ] [DIAG] dio0=false flags=Some(0) status=Some(4) rssi=Some(39) mode=Some(133) receiving=true (octowhere src/mesh/radio.rs:91)
155.330355 [DEBUG] [MESH] the channel is busy; backing off 460ms (octowhere_node octowhere-node/src/node.rs:1299)
156.053926 [INFO ] [DIAG] dio0=false flags=Some(0) status=Some(4) rssi=Some(47) mode=Some(133) receiving=true (octowhere src/mesh/radio.rs:91)
156.054073 [DEBUG] [MESH] the channel is busy; backing off 440ms (octowhere_node octowhere-node/src/node.rs:1299)
156.797524 [INFO ] [DIAG] dio0=false flags=Some(0) status=Some(4) rssi=Some(40) mode=Some(133) receiving=true (octowhere src/mesh/radio.rs:91)
156.797675 [DEBUG] [MESH] the channel is busy; backing off 560ms (octowhere_node octowhere-node/src/node.rs:1299)
157.631304 [INFO ] [DIAG] dio0=false flags=Some(0) status=Some(4) rssi=Some(40) mode=Some(133) receiving=true (octowhere src/mesh/radio.rs:91)
157.631446 [DEBUG] [MESH] the channel is busy; backing off 70ms (octowhere_node octowhere-node/src/node.rs:1299)
157.875037 [INFO ] [DIAG] dio0=false flags=Some(0) status=Some(4) rssi=Some(39) mode=Some(133) receiving=true (octowhere src/mesh/radio.rs:91)
157.875178 [DEBUG] [MESH] the channel is busy; backing off 330ms (octowhere_node octowhere-node/src/node.rs:1299)
158.399320 [INFO ] [DIAG] dio0=false flags=Some(0) status=Some(4) rssi=Some(40) mode=Some(133) receiving=true (octowhere src/mesh/radio.rs:91)
158.399451 [DEBUG] [MESH] the channel is busy; backing off 200ms (octowhere_node octowhere-node/src/node.rs:1299)
158.842969 [INFO ] [DIAG] dio0=false flags=Some(0) status=Some(4) rssi=Some(40) mode=Some(133) receiving=true (octowhere src/mesh/radio.rs:91)
158.843120 [DEBUG] [MESH] the channel is busy; backing off 160ms (octowhere_node octowhere-node/src/node.rs:1299)
159.316646 [INFO ] [DIAG] dio0=false flags=Some(0) status=Some(4) rssi=Some(40) mode=Some(133) receiving=true (octowhere src/mesh/radio.rs:91)
159.316794 [DEBUG] [MESH] the channel is busy; backing off 240ms (octowhere_node octowhere-node/src/node.rs:1299)
159.750239 [INFO ] [DIAG] dio0=false flags=Some(0) status=Some(4) rssi=Some(41) mode=Some(133) receiving=true (octowhere src/mesh/radio.rs:91)
159.750398 [DEBUG] [MESH] the channel is busy; backing off 60ms (octowhere_node octowhere-node/src/node.rs:1299)
160.013936 [INFO ] [DIAG] dio0=false flags=Some(0) status=Some(4) rssi=Some(40) mode=Some(133) receiving=true (octowhere src/mesh/radio.rs:91)
160.014087 [DEBUG] [MESH] the channel is busy; backing off 100ms (octowhere_node octowhere-node/src/node.rs:1299)
160.317515 [INFO ] [DIAG] dio0=false flags=Some(0) status=Some(4) rssi=Some(40) mode=Some(133) receiving=true (octowhere src/mesh/radio.rs:91)
160.317668 [DEBUG] [MESH] the channel is busy; backing off 180ms (octowhere_node octowhere-node/src/node.rs:1299)
160.641246 [INFO ] [DIAG] dio0=false flags=Some(0) status=Some(4) rssi=Some(39) mode=Some(133) receiving=true (octowhere src/mesh/radio.rs:91)
160.641391 [DEBUG] [MESH] the channel is busy; backing off 510ms (octowhere_node octowhere-node/src/node.rs:1299)
161.254925 [INFO ] [DIAG] dio0=false flags=Some(0) status=Some(4) rssi=Some(40) mode=Some(133) receiving=true (octowhere src/mesh/radio.rs:91)
161.255072 [DEBUG] [MESH] the channel is busy; backing off 460ms (octowhere_node octowhere-node/src/node.rs:1299)
161.928628 [INFO ] [DIAG] dio0=false flags=Some(0) status=Some(4) rssi=Some(40) mode=Some(133) receiving=true (octowhere src/mesh/radio.rs:91)
161.928763 [DEBUG] [MESH] the channel is busy; backing off 110ms (octowhere_node octowhere-node/src/node.rs:1299)
162.172438 [INFO ] [DIAG] dio0=false flags=Some(0) status=Some(4) rssi=Some(41) mode=Some(133) receiving=true (octowhere src/mesh/radio.rs:91)
162.172585 [DEBUG] [MESH] the channel is busy; backing off 60ms (octowhere_node octowhere-node/src/node.rs:1299)
162.286123 [INFO ] [DIAG] dio0=false flags=Some(0) status=Some(4) rssi=Some(41) mode=Some(133) receiving=true (octowhere src/mesh/radio.rs:91)
162.286275 [DEBUG] [MESH] the channel is busy; backing off 290ms (octowhere_node octowhere-node/src/node.rs:1299)
162.819814 [INFO ] [DIAG] dio0=false flags=Some(0) status=Some(4) rssi=Some(42) mode=Some(133) receiving=true (octowhere src/mesh/radio.rs:91)
162.819964 [DEBUG] [MESH] the channel is busy; backing off 380ms (octowhere_node octowhere-node/src/node.rs:1299)
163.463726 [INFO ] [DIAG] dio0=false flags=Some(0) status=Some(4) rssi=Some(41) mode=Some(133) receiving=true (octowhere src/mesh/radio.rs:91)
163.463864 [DEBUG] [MESH] the channel is busy; backing off 370ms (octowhere_node octowhere-node/src/node.rs:1299)
163.987650 [INFO ] [DIAG] dio0=false flags=Some(0) status=Some(4) rssi=Some(41) mode=Some(133) receiving=true (octowhere src/mesh/radio.rs:91)
163.987799 [DEBUG] [MESH] the channel is busy; backing off 370ms (octowhere_node octowhere-node/src/node.rs:1299)
164.522537 [INFO ] [DIAG] dio0=false flags=Some(0) status=Some(4) rssi=Some(41) mode=Some(133) receiving=true (octowhere src/mesh/radio.rs:91)
164.522672 [DEBUG] [MESH] the channel is busy; backing off 110ms (octowhere_node octowhere-node/src/node.rs:1299)
164.706175 [INFO ] [DIAG] dio0=false flags=Some(0) status=Some(4) rssi=Some(41) mode=Some(133) receiving=true (octowhere src/mesh/radio.rs:91)
164.706325 [DEBUG] [MESH] the channel is busy; backing off 410ms (octowhere_node octowhere-node/src/node.rs:1299)
165.269860 [INFO ] [DIAG] dio0=false flags=Some(0) status=Some(4) rssi=Some(40) mode=Some(133) receiving=true (octowhere src/mesh/radio.rs:91)
165.270003 [DEBUG] [MESH] the channel is busy; backing off 20ms (octowhere_node octowhere-node/src/node.rs:1299)
165.553490 [INFO ] [DIAG] dio0=false flags=Some(0) status=Some(4) rssi=Some(41) mode=Some(133) receiving=true (octowhere src/mesh/radio.rs:91)
165.553643 [DEBUG] [MESH] the channel is busy; backing off 300ms (octowhere_node octowhere-node/src/node.rs:1299)
165.857384 [INFO ] [DIAG] dio0=false flags=Some(0) status=Some(4) rssi=Some(40) mode=Some(133) receiving=true (octowhere src/mesh/radio.rs:91)
165.857509 [DEBUG] [MESH] the channel is busy; backing off 30ms (octowhere_node octowhere-node/src/node.rs:1299)
165.931024 [INFO ] [DIAG] dio0=false flags=Some(0) status=Some(4) rssi=Some(41) mode=Some(133) receiving=true (octowhere src/mesh/radio.rs:91)
165.931171 [DEBUG] [MESH] the channel is busy; backing off 210ms (octowhere_node octowhere-node/src/node.rs:1299)
166.334738 [INFO ] [DIAG] dio0=false flags=Some(0) status=Some(4) rssi=Some(41) mode=Some(133) receiving=true (octowhere src/mesh/radio.rs:91)
166.334881 [DEBUG] [MESH] the channel is busy; backing off 510ms (octowhere_node octowhere-node/src/node.rs:1299)
167.128481 [INFO ] [DIAG] dio0=false flags=Some(0) status=Some(4) rssi=Some(39) mode=Some(133) receiving=true (octowhere src/mesh/radio.rs:91)
167.128629 [DEBUG] [MESH] the channel is busy; backing off 240ms (octowhere_node octowhere-node/src/node.rs:1299)
167.482139 [INFO ] [DIAG] dio0=false flags=Some(0) status=Some(4) rssi=Some(41) mode=Some(133) receiving=true (octowhere src/mesh/radio.rs:91)
167.482441 [DEBUG] [MESH] the channel is busy; backing off 550ms (octowhere_node octowhere-node/src/node.rs:1299)
168.236030 [INFO ] [DIAG] dio0=false flags=Some(0) status=Some(4) rssi=Some(41) mode=Some(133) receiving=true (octowhere src/mesh/radio.rs:91)
168.236181 [DEBUG] [MESH] the channel is busy; backing off 540ms (octowhere_node octowhere-node/src/node.rs:1299)
169.059783 [INFO ] [DIAG] dio0=false flags=Some(0) status=Some(4) rssi=Some(41) mode=Some(133) receiving=true (octowhere src/mesh/radio.rs:91)
169.059930 [DEBUG] [MESH] the channel is busy; backing off 480ms (octowhere_node octowhere-node/src/node.rs:1299)
169.733433 [INFO ] [DIAG] dio0=false flags=Some(0) status=Some(4) rssi=Some(40) mode=Some(133) receiving=true (octowhere src/mesh/radio.rs:91)
169.733586 [DEBUG] [MESH] the channel is busy; backing off 250ms (octowhere_node octowhere-node/src/node.rs:1299)
170.057082 [INFO ] [DIAG] dio0=false flags=Some(0) status=Some(4) rssi=Some(42) mode=Some(133) receiving=true (octowhere src/mesh/radio.rs:91)
170.057231 [DEBUG] [MESH] the channel is busy; backing off 270ms (octowhere_node octowhere-node/src/node.rs:1299)
170.610763 [INFO ] [DIAG] dio0=false flags=Some(0) status=Some(4) rssi=Some(41) mode=Some(133) receiving=true (octowhere src/mesh/radio.rs:91)
170.610905 [DEBUG] [MESH] the channel is busy; backing off 10ms (octowhere_node octowhere-node/src/node.rs:1299)
170.674446 [INFO ] [DIAG] dio0=false flags=Some(0) status=Some(4) rssi=Some(40) mode=Some(133) receiving=true (octowhere src/mesh/radio.rs:91)
170.674599 [DEBUG] [MESH] the channel is busy; backing off 270ms (octowhere_node octowhere-node/src/node.rs:1299)
171.168138 [INFO ] [DIAG] dio0=false flags=Some(0) status=Some(4) rssi=Some(41) mode=Some(133) receiving=true (octowhere src/mesh/radio.rs:91)
171.168285 [DEBUG] [MESH] the channel is busy; backing off 580ms (octowhere_node octowhere-node/src/node.rs:1299)
171.841715 [INFO ] [DIAG] dio0=false flags=Some(0) status=Some(4) rssi=Some(40) mode=Some(133) receiving=true (octowhere src/mesh/radio.rs:91)
171.841863 [DEBUG] [MESH] the channel is busy; backing off 500ms (octowhere_node octowhere-node/src/node.rs:1299)
172.655442 [INFO ] [DIAG] dio0=false flags=Some(0) status=Some(4) rssi=Some(39) mode=Some(133) receiving=true (octowhere src/mesh/radio.rs:91)
172.655589 [DEBUG] [MESH] the channel is busy; backing off 330ms (octowhere_node octowhere-node/src/node.rs:1299)
173.149138 [INFO ] [DIAG] dio0=false flags=Some(0) status=Some(4) rssi=Some(41) mode=Some(133) receiving=true (octowhere src/mesh/radio.rs:91)
173.149292 [DEBUG] [MESH] the channel is busy; backing off 490ms (octowhere_node octowhere-node/src/node.rs:1299)
173.762775 [INFO ] [DIAG] dio0=false flags=Some(0) status=Some(4) rssi=Some(39) mode=Some(133) receiving=true (octowhere src/mesh/radio.rs:91)
173.762924 [DEBUG] [MESH] the channel is busy; backing off 410ms (octowhere_node octowhere-node/src/node.rs:1299)
