2.729734 [INFO ] [MESH] id=1 name=Roger Roger members=2 mac=[44, 1b, f6, 86, 1c, 1c] (octowhere_node octowhere-node/src/node.rs:690)
2.771868 [INFO ] [MESH] tuned=true (octowhere_node octowhere-node/src/node.rs:749)
2.773610 [INFO ] [MESH] id=1 members=2 generation=16 removal pending=false declinable until=None old keys=0 (octowhere_node octowhere-node/src/node.rs:892)
137.731645 [INFO ] [MESH] timebase root=1 hops=0 (octowhere_node octowhere-node/src/node.rs:2941)
137.874580 [DEBUG] [MESH] the channel is busy; backing off 0ms (octowhere_node octowhere-node/src/node.rs:1299)
137.927459 [DEBUG] [MESH] the channel is busy; backing off 100ms (octowhere_node octowhere-node/src/node.rs:1299)
138.130966 [DEBUG] [MESH] the channel is busy; backing off 630ms (octowhere_node octowhere-node/src/node.rs:1299)
138.914716 [DEBUG] [MESH] the channel is busy; backing off 230ms (octowhere_node octowhere-node/src/node.rs:1299)
139.268167 [DEBUG] [MESH] the channel is busy; backing off 60ms (octowhere_node octowhere-node/src/node.rs:1299)
139.631683 [DEBUG] [MESH] the channel is busy; backing off 520ms (octowhere_node octowhere-node/src/node.rs:1299)
140.245170 [DEBUG] [MESH] the channel is busy; backing off 330ms (octowhere_node octowhere-node/src/node.rs:1299)
140.878692 [DEBUG] [MESH] the channel is busy; backing off 620ms (octowhere_node octowhere-node/src/node.rs:1299)
141.672321 [DEBUG] [MESH] the channel is busy; backing off 60ms (octowhere_node octowhere-node/src/node.rs:1299)
142.045877 [DEBUG] [MESH] the channel is busy; backing off 340ms (octowhere_node octowhere-node/src/node.rs:1299)
142.441439 [DEBUG] [MESH] the channel is busy; backing off 320ms (octowhere_node octowhere-node/src/node.rs:1299)
143.074895 [DEBUG] [MESH] the channel is busy; backing off 40ms (octowhere_node octowhere-node/src/node.rs:1299)
143.398470 [DEBUG] [MESH] the channel is busy; backing off 190ms (octowhere_node octowhere-node/src/node.rs:1299)
143.671988 [DEBUG] [MESH] the channel is busy; backing off 180ms (octowhere_node octowhere-node/src/node.rs:1299)
143.935555 [DEBUG] [MESH] the channel is busy; backing off 600ms (octowhere_node octowhere-node/src/node.rs:1299)
144.728954 [DEBUG] [MESH] the channel is busy; backing off 0ms (octowhere_node octowhere-node/src/node.rs:1299)
144.832202 [DEBUG] [MESH] the channel is busy; backing off 580ms (octowhere_node octowhere-node/src/node.rs:1299)
145.605636 [DEBUG] [MESH] the channel is busy; backing off 130ms (octowhere_node octowhere-node/src/node.rs:1299)
146.019196 [DEBUG] [MESH] the channel is busy; backing off 630ms (octowhere_node octowhere-node/src/node.rs:1299)
146.652984 [DEBUG] [MESH] the channel is busy; backing off 130ms (octowhere_node octowhere-node/src/node.rs:1299)
147.026484 [DEBUG] [MESH] the channel is busy; backing off 70ms (octowhere_node octowhere-node/src/node.rs:1299)
147.270007 [DEBUG] [MESH] the channel is busy; backing off 20ms (octowhere_node octowhere-node/src/node.rs:1299)
147.503508 [DEBUG] [MESH] the channel is busy; backing off 600ms (octowhere_node octowhere-node/src/node.rs:1299)
148.327107 [DEBUG] [MESH] the channel is busy; backing off 470ms (octowhere_node octowhere-node/src/node.rs:1299)
149.080613 [DEBUG] [MESH] the channel is busy; backing off 170ms (octowhere_node octowhere-node/src/node.rs:1299)
149.484039 [DEBUG] [MESH] the channel is busy; backing off 60ms (octowhere_node octowhere-node/src/node.rs:1299)
149.847521 [DEBUG] [MESH] the channel is busy; backing off 360ms (octowhere_node octowhere-node/src/node.rs:1299)
150.351036 [DEBUG] [MESH] the channel is busy; backing off 400ms (octowhere_node octowhere-node/src/node.rs:1299)
151.004629 [DEBUG] [MESH] the channel is busy; backing off 440ms (octowhere_node octowhere-node/src/node.rs:1299)
151.578241 [DEBUG] [MESH] the channel is busy; backing off 380ms (octowhere_node octowhere-node/src/node.rs:1299)
152.121758 [DEBUG] [MESH] the channel is busy; backing off 520ms (octowhere_node octowhere-node/src/node.rs:1299)
152.855407 [DEBUG] [MESH] the channel is busy; backing off 120ms (octowhere_node octowhere-node/src/node.rs:1299)
153.138893 [DEBUG] [MESH] the channel is busy; backing off 360ms (octowhere_node octowhere-node/src/node.rs:1299)
153.702404 [DEBUG] [MESH] the channel is busy; backing off 350ms (octowhere_node octowhere-node/src/node.rs:1299)
154.085993 [DEBUG] [MESH] the channel is busy; backing off 330ms (octowhere_node octowhere-node/src/node.rs:1299)
154.659527 [DEBUG] [MESH] the channel is busy; backing off 520ms (octowhere_node octowhere-node/src/node.rs:1299)
155.463344 [DEBUG] [MESH] the channel is busy; backing off 300ms (octowhere_node octowhere-node/src/node.rs:1299)
155.816838 [DEBUG] [MESH] the channel is busy; backing off 210ms (octowhere_node octowhere-node/src/node.rs:1299)
156.240465 [DEBUG] [MESH] the channel is busy; backing off 350ms (octowhere_node octowhere-node/src/node.rs:1299)
156.864113 [DEBUG] [MESH] the channel is busy; backing off 100ms (octowhere_node octowhere-node/src/node.rs:1299)
157.197675 [DEBUG] [MESH] the channel is busy; backing off 470ms (octowhere_node octowhere-node/src/node.rs:1299)
157.721337 [DEBUG] [MESH] the channel is busy; backing off 420ms (octowhere_node octowhere-node/src/node.rs:1299)
158.254849 [DEBUG] [MESH] the channel is busy; backing off 580ms (octowhere_node octowhere-node/src/node.rs:1299)
159.088454 [DEBUG] [MESH] the channel is busy; backing off 160ms (octowhere_node octowhere-node/src/node.rs:1299)
159.282015 [DEBUG] [MESH] the channel is busy; backing off 20ms (octowhere_node octowhere-node/src/node.rs:1299)
159.617856 [DEBUG] [MESH] the channel is busy; backing off 530ms (octowhere_node octowhere-node/src/node.rs:1299)
160.461320 [DEBUG] [MESH] the channel is busy; backing off 480ms (octowhere_node octowhere-node/src/node.rs:1299)
161.064830 [DEBUG] [MESH] the channel is busy; backing off 550ms (octowhere_node octowhere-node/src/node.rs:1299)
161.808410 [DEBUG] [MESH] the channel is busy; backing off 320ms (octowhere_node octowhere-node/src/node.rs:1299)
162.421858 [DEBUG] [MESH] the channel is busy; backing off 410ms (octowhere_node octowhere-node/src/node.rs:1299)
162.875359 [DEBUG] [MESH] the channel is busy; backing off 560ms (octowhere_node octowhere-node/src/node.rs:1299)
163.628942 [DEBUG] [MESH] the channel is busy; backing off 280ms (octowhere_node octowhere-node/src/node.rs:1299)
163.915360 [DEBUG] [MESH] the channel is busy; backing off 300ms (octowhere_node octowhere-node/src/node.rs:1299)
164.368922 [DEBUG] [MESH] the channel is busy; backing off 100ms (octowhere_node octowhere-node/src/node.rs:1299)
164.752361 [DEBUG] [MESH] the channel is busy; backing off 370ms (octowhere_node octowhere-node/src/node.rs:1299)
165.345912 [DEBUG] [MESH] the channel is busy; backing off 20ms (octowhere_node octowhere-node/src/node.rs:1299)
165.369811 [DEBUG] [MESH] the channel is busy; backing off 420ms (octowhere_node octowhere-node/src/node.rs:1299)
165.793571 [DEBUG] [MESH] the channel is busy; backing off 550ms (octowhere_node octowhere-node/src/node.rs:1299)
166.447087 [DEBUG] [MESH] the channel is busy; backing off 340ms (octowhere_node octowhere-node/src/node.rs:1299)
167.000590 [DEBUG] [MESH] the channel is busy; backing off 120ms (octowhere_node octowhere-node/src/node.rs:1299)
167.154084 [DEBUG] [MESH] the channel is busy; backing off 130ms (octowhere_node octowhere-node/src/node.rs:1299)
167.397846 [DEBUG] [MESH] the channel is busy; backing off 370ms (octowhere_node octowhere-node/src/node.rs:1299)
168.031355 [DEBUG] [MESH] the channel is busy; backing off 240ms (octowhere_node octowhere-node/src/node.rs:1299)
168.574885 [DEBUG] [MESH] the channel is busy; backing off 210ms (octowhere_node octowhere-node/src/node.rs:1299)
169.008404 [DEBUG] [MESH] the channel is busy; backing off 60ms (octowhere_node octowhere-node/src/node.rs:1299)
169.131969 [DEBUG] [MESH] the channel is busy; backing off 200ms (octowhere_node octowhere-node/src/node.rs:1299)
169.595473 [DEBUG] [MESH] the channel is busy; backing off 220ms (octowhere_node octowhere-node/src/node.rs:1299)
169.948977 [DEBUG] [MESH] the channel is busy; backing off 290ms (octowhere_node octowhere-node/src/node.rs:1299)
170.502544 [DEBUG] [MESH] the channel is busy; backing off 60ms (octowhere_node octowhere-node/src/node.rs:1299)
170.686044 [DEBUG] [MESH] the channel is busy; backing off 210ms (octowhere_node octowhere-node/src/node.rs:1299)
171.009559 [DEBUG] [MESH] the channel is busy; backing off 260ms (octowhere_node octowhere-node/src/node.rs:1299)
171.543094 [DEBUG] [MESH] the channel is busy; backing off 390ms (octowhere_node octowhere-node/src/node.rs:1299)
171.946671 [DEBUG] [MESH] the channel is busy; backing off 80ms (octowhere_node octowhere-node/src/node.rs:1299)
172.280149 [DEBUG] [MESH] the channel is busy; backing off 270ms (octowhere_node octowhere-node/src/node.rs:1299)
172.563737 [DEBUG] [MESH] the channel is busy; backing off 210ms (octowhere_node octowhere-node/src/node.rs:1299)
172.977257 [DEBUG] [MESH] the channel is busy; backing off 370ms (octowhere_node octowhere-node/src/node.rs:1299)
173.541233 [DEBUG] [MESH] the channel is busy; backing off 410ms (octowhere_node octowhere-node/src/node.rs:1299)
174.044833 [DEBUG] [MESH] the channel is busy; backing off 20ms (octowhere_node octowhere-node/src/node.rs:1299)
174.288351 [DEBUG] [MESH] the channel is busy; backing off 20ms (octowhere_node octowhere-node/src/node.rs:1299)
174.361873 [DEBUG] [MESH] the channel is busy; backing off 540ms (octowhere_node octowhere-node/src/node.rs:1299)
174.985377 [DEBUG] [MESH] the channel is busy; backing off 390ms (octowhere_node octowhere-node/src/node.rs:1299)
175.688864 [DEBUG] [MESH] the channel is busy; backing off 170ms (octowhere_node octowhere-node/src/node.rs:1299)
176.002385 [DEBUG] [MESH] the channel is busy; backing off 480ms (octowhere_node octowhere-node/src/node.rs:1299)
176.717820 [DEBUG] [MESH] the channel is busy; backing off 180ms (octowhere_node octowhere-node/src/node.rs:1299)
177.191329 [DEBUG] [MESH] the channel is busy; backing off 10ms (octowhere_node octowhere-node/src/node.rs:1299)
177.364798 [DEBUG] [MESH] the channel is busy; backing off 540ms (octowhere_node octowhere-node/src/node.rs:1299)
178.138317 [DEBUG] [MESH] the channel is busy; backing off 560ms (octowhere_node octowhere-node/src/node.rs:1299)
178.702052 [DEBUG] [MESH] the channel is busy; backing off 160ms (octowhere_node octowhere-node/src/node.rs:1299)
178.945609 [DEBUG] [MESH] the channel is busy; backing off 280ms (octowhere_node octowhere-node/src/node.rs:1299)
179.419044 [DEBUG] [MESH] the channel is busy; backing off 80ms (octowhere_node octowhere-node/src/node.rs:1299)
179.702416 [DEBUG] [MESH] the channel is busy; backing off 550ms (octowhere_node octowhere-node/src/node.rs:1299)
180.405875 [DEBUG] [MESH] the channel is busy; backing off 190ms (octowhere_node octowhere-node/src/node.rs:1299)
180.669377 [DEBUG] [MESH] the channel is busy; backing off 580ms (octowhere_node octowhere-node/src/node.rs:1299)
181.362936 [DEBUG] [MESH] the channel is busy; backing off 350ms (octowhere_node octowhere-node/src/node.rs:1299)
181.806419 [DEBUG] [MESH] the channel is busy; backing off 470ms (octowhere_node octowhere-node/src/node.rs:1299)
182.529878 [DEBUG] [MESH] the channel is busy; backing off 340ms (octowhere_node octowhere-node/src/node.rs:1299)
183.013452 [DEBUG] [MESH] the channel is busy; backing off 580ms (octowhere_node octowhere-node/src/node.rs:1299)
183.816981 [DEBUG] [MESH] the channel is busy; backing off 560ms (octowhere_node octowhere-node/src/node.rs:1299)
184.480438 [DEBUG] [MESH] the channel is busy; backing off 130ms (octowhere_node octowhere-node/src/node.rs:1299)
184.864003 [DEBUG] [MESH] the channel is busy; backing off 150ms (octowhere_node octowhere-node/src/node.rs:1299)
185.177489 [DEBUG] [MESH] the channel is busy; backing off 560ms (octowhere_node octowhere-node/src/node.rs:1299)
185.941010 [DEBUG] [MESH] the channel is busy; backing off 280ms (octowhere_node octowhere-node/src/node.rs:1299)
186.424428 [DEBUG] [MESH] the channel is busy; backing off 160ms (octowhere_node octowhere-node/src/node.rs:1299)
186.697966 [DEBUG] [MESH] the channel is busy; backing off 480ms (octowhere_node octowhere-node/src/node.rs:1299)
187.251490 [DEBUG] [MESH] the channel is busy; backing off 440ms (octowhere_node octowhere-node/src/node.rs:1299)
187.875038 [DEBUG] [MESH] the channel is busy; backing off 0ms (octowhere_node octowhere-node/src/node.rs:1299)
188.188277 [DEBUG] [MESH] the channel is busy; backing off 120ms (octowhere_node octowhere-node/src/node.rs:1299)
188.351811 [DEBUG] [MESH] the channel is busy; backing off 0ms (octowhere_node octowhere-node/src/node.rs:1299)
188.595056 [DEBUG] [MESH] the channel is busy; backing off 310ms (octowhere_node octowhere-node/src/node.rs:1299)
189.188626 [DEBUG] [MESH] the channel is busy; backing off 610ms (octowhere_node octowhere-node/src/node.rs:1299)
190.012146 [DEBUG] [MESH] the channel is busy; backing off 210ms (octowhere_node octowhere-node/src/node.rs:1299)
190.465580 [DEBUG] [MESH] the channel is busy; backing off 100ms (octowhere_node octowhere-node/src/node.rs:1299)
190.669093 [DEBUG] [MESH] the channel is busy; backing off 490ms (octowhere_node octowhere-node/src/node.rs:1299)
191.362782 [DEBUG] [MESH] the channel is busy; backing off 220ms (octowhere_node octowhere-node/src/node.rs:1299)
191.626451 [DEBUG] [MESH] the channel is busy; backing off 590ms (octowhere_node octowhere-node/src/node.rs:1299)
192.429988 [DEBUG] [MESH] the channel is busy; backing off 260ms (octowhere_node octowhere-node/src/node.rs:1299)
192.763503 [DEBUG] [MESH] the channel is busy; backing off 250ms (octowhere_node octowhere-node/src/node.rs:1299)
193.247021 [DEBUG] [MESH] the channel is busy; backing off 550ms (octowhere_node octowhere-node/src/node.rs:1299)
194.020557 [DEBUG] [MESH] the channel is busy; backing off 330ms (octowhere_node octowhere-node/src/node.rs:1299)
194.644062 [DEBUG] [MESH] the channel is busy; backing off 320ms (octowhere_node octowhere-node/src/node.rs:1299)
195.107600 [DEBUG] [MESH] the channel is busy; backing off 150ms (octowhere_node octowhere-node/src/node.rs:1299)
195.481292 [DEBUG] [MESH] the channel is busy; backing off 280ms (octowhere_node octowhere-node/src/node.rs:1299)
195.874914 [DEBUG] [MESH] the channel is busy; backing off 590ms (octowhere_node octowhere-node/src/node.rs:1299)
196.478494 [DEBUG] [MESH] the channel is busy; backing off 230ms (octowhere_node octowhere-node/src/node.rs:1299)
196.722019 [DEBUG] [MESH] the channel is busy; backing off 590ms (octowhere_node octowhere-node/src/node.rs:1299)
197.415500 [DEBUG] [MESH] the channel is busy; backing off 520ms (octowhere_node octowhere-node/src/node.rs:1299)
197.959130 [DEBUG] [MESH] the channel is busy; backing off 490ms (octowhere_node octowhere-node/src/node.rs:1299)
198.504306 [DEBUG] [MESH] the channel is busy; backing off 20ms (octowhere_node octowhere-node/src/node.rs:1299)
198.528037 [DEBUG] [MESH] the channel is busy; backing off 520ms (octowhere_node octowhere-node/src/node.rs:1299)
199.221595 [DEBUG] [MESH] the channel is busy; backing off 60ms (octowhere_node octowhere-node/src/node.rs:1299)
199.445107 [DEBUG] [MESH] the channel is busy; backing off 530ms (octowhere_node octowhere-node/src/node.rs:1299)
199.988602 [DEBUG] [MESH] the channel is busy; backing off 270ms (octowhere_node octowhere-node/src/node.rs:1299)
200.382140 [DEBUG] [MESH] the channel is busy; backing off 160ms (octowhere_node octowhere-node/src/node.rs:1299)
200.605648 [DEBUG] [MESH] the channel is busy; backing off 510ms (octowhere_node octowhere-node/src/node.rs:1299)
201.389176 [DEBUG] [MESH] the channel is busy; backing off 270ms (octowhere_node octowhere-node/src/node.rs:1299)
201.812778 [DEBUG] [MESH] the channel is busy; backing off 360ms (octowhere_node octowhere-node/src/node.rs:1299)
202.406378 [DEBUG] [MESH] the channel is busy; backing off 30ms (octowhere_node octowhere-node/src/node.rs:1299)
202.559992 [DEBUG] [MESH] the channel is busy; backing off 490ms (octowhere_node octowhere-node/src/node.rs:1299)
203.113581 [DEBUG] [MESH] the channel is busy; backing off 440ms (octowhere_node octowhere-node/src/node.rs:1299)
203.717049 [DEBUG] [MESH] the channel is busy; backing off 180ms (octowhere_node octowhere-node/src/node.rs:1299)
203.970538 [DEBUG] [MESH] the channel is busy; backing off 80ms (octowhere_node octowhere-node/src/node.rs:1299)
204.344040 [DEBUG] [MESH] the channel is busy; backing off 150ms (octowhere_node octowhere-node/src/node.rs:1299)
204.637540 [DEBUG] [MESH] the channel is busy; backing off 610ms (octowhere_node octowhere-node/src/node.rs:1299)
205.361071 [DEBUG] [MESH] the channel is busy; backing off 440ms (octowhere_node octowhere-node/src/node.rs:1299)
205.884577 [DEBUG] [MESH] the channel is busy; backing off 150ms (octowhere_node octowhere-node/src/node.rs:1299)
206.168049 [DEBUG] [MESH] the channel is busy; backing off 30ms (octowhere_node octowhere-node/src/node.rs:1299)
206.451528 [DEBUG] [MESH] the channel is busy; backing off 380ms (octowhere_node octowhere-node/src/node.rs:1299)
207.005039 [DEBUG] [MESH] the channel is busy; backing off 300ms (octowhere_node octowhere-node/src/node.rs:1299)
207.338552 [DEBUG] [MESH] the channel is busy; backing off 260ms (octowhere_node octowhere-node/src/node.rs:1299)
207.612137 [DEBUG] [MESH] the channel is busy; backing off 280ms (octowhere_node octowhere-node/src/node.rs:1299)
207.955555 [DEBUG] [MESH] the channel is busy; backing off 430ms (octowhere_node octowhere-node/src/node.rs:1299)
208.638981 [DEBUG] [MESH] the channel is busy; backing off 210ms (octowhere_node octowhere-node/src/node.rs:1299)
208.892532 [DEBUG] [MESH] the channel is busy; backing off 320ms (octowhere_node octowhere-node/src/node.rs:1299)
209.216249 [DEBUG] [MESH] the channel is busy; backing off 250ms (octowhere_node octowhere-node/src/node.rs:1299)
209.479700 [DEBUG] [MESH] the channel is busy; backing off 270ms (octowhere_node octowhere-node/src/node.rs:1299)
209.783205 [DEBUG] [MESH] the channel is busy; backing off 60ms (octowhere_node octowhere-node/src/node.rs:1299)
209.896681 [DEBUG] [MESH] the channel is busy; backing off 50ms (octowhere_node octowhere-node/src/node.rs:1299)
210.120148 [DEBUG] [MESH] the channel is busy; backing off 310ms (octowhere_node octowhere-node/src/node.rs:1299)
210.673674 [DEBUG] [MESH] the channel is busy; backing off 90ms (octowhere_node octowhere-node/src/node.rs:1299)
210.857223 [DEBUG] [MESH] the channel is busy; backing off 50ms (octowhere_node octowhere-node/src/node.rs:1299)
210.910945 [DEBUG] [MESH] the channel is busy; backing off 0ms (octowhere_node octowhere-node/src/node.rs:1299)
210.944039 [DEBUG] [MESH] the channel is busy; backing off 500ms (octowhere_node octowhere-node/src/node.rs:1299)
211.697501 [DEBUG] [MESH] the channel is busy; backing off 140ms (octowhere_node octowhere-node/src/node.rs:1299)
211.910975 [DEBUG] [MESH] the channel is busy; backing off 230ms (octowhere_node octowhere-node/src/node.rs:1299)
212.274675 [DEBUG] [MESH] the channel is busy; backing off 520ms (octowhere_node octowhere-node/src/node.rs:1299)
213.038278 [DEBUG] [MESH] the channel is busy; backing off 550ms (octowhere_node octowhere-node/src/node.rs:1299)
213.831800 [DEBUG] [MESH] the channel is busy; backing off 200ms (octowhere_node octowhere-node/src/node.rs:1299)
214.325461 [DEBUG] [MESH] the channel is busy; backing off 0ms (octowhere_node octowhere-node/src/node.rs:1299)
214.468705 [DEBUG] [MESH] the channel is busy; backing off 130ms (octowhere_node octowhere-node/src/node.rs:1299)
214.762195 [DEBUG] [MESH] the channel is busy; backing off 200ms (octowhere_node octowhere-node/src/node.rs:1299)
215.255684 [DEBUG] [MESH] the channel is busy; backing off 510ms (octowhere_node octowhere-node/src/node.rs:1299)
215.789355 [DEBUG] [MESH] the channel is busy; backing off 490ms (octowhere_node octowhere-node/src/node.rs:1299)
216.292884 [DEBUG] [MESH] the channel is busy; backing off 70ms (octowhere_node octowhere-node/src/node.rs:1299)
216.386373 [DEBUG] [MESH] the channel is busy; backing off 470ms (octowhere_node octowhere-node/src/node.rs:1299)
217.040013 [DEBUG] [MESH] the channel is busy; backing off 90ms (octowhere_node octowhere-node/src/node.rs:1299)
217.343528 [DEBUG] [MESH] the channel is busy; backing off 280ms (octowhere_node octowhere-node/src/node.rs:1299)
217.937088 [DEBUG] [MESH] the channel is busy; backing off 310ms (octowhere_node octowhere-node/src/node.rs:1299)
218.320663 [DEBUG] [MESH] the channel is busy; backing off 450ms (octowhere_node octowhere-node/src/node.rs:1299)
218.834181 [DEBUG] [MESH] the channel is busy; backing off 590ms (octowhere_node octowhere-node/src/node.rs:1299)
219.437726 [DEBUG] [MESH] the channel is busy; backing off 540ms (octowhere_node octowhere-node/src/node.rs:1299)
220.151222 [DEBUG] [MESH] the channel is busy; backing off 610ms (octowhere_node octowhere-node/src/node.rs:1299)
220.794704 [DEBUG] [MESH] the channel is busy; backing off 290ms (octowhere_node octowhere-node/src/node.rs:1299)
221.188211 [DEBUG] [MESH] the channel is busy; backing off 480ms (octowhere_node octowhere-node/src/node.rs:1299)
221.741768 [DEBUG] [MESH] the channel is busy; backing off 340ms (octowhere_node octowhere-node/src/node.rs:1299)
222.205279 [DEBUG] [MESH] the channel is busy; backing off 610ms (octowhere_node octowhere-node/src/node.rs:1299)
222.918865 [DEBUG] [MESH] the channel is busy; backing off 300ms (octowhere_node octowhere-node/src/node.rs:1299)
223.352413 [DEBUG] [MESH] the channel is busy; backing off 260ms (octowhere_node octowhere-node/src/node.rs:1299)
223.856027 [DEBUG] [MESH] the channel is busy; backing off 320ms (octowhere_node octowhere-node/src/node.rs:1299)
224.259602 [DEBUG] [MESH] the channel is busy; backing off 110ms (octowhere_node octowhere-node/src/node.rs:1299)
224.523293 [DEBUG] [MESH] the channel is busy; backing off 530ms (octowhere_node octowhere-node/src/node.rs:1299)
225.176812 [DEBUG] [MESH] the channel is busy; backing off 180ms (octowhere_node octowhere-node/src/node.rs:1299)
225.640302 [DEBUG] [MESH] the channel is busy; backing off 210ms (octowhere_node octowhere-node/src/node.rs:1299)
226.073867 [DEBUG] [MESH] the channel is busy; backing off 570ms (octowhere_node octowhere-node/src/node.rs:1299)
226.917519 [DEBUG] [MESH] the channel is busy; backing off 160ms (octowhere_node octowhere-node/src/node.rs:1299)
227.091110 [DEBUG] [MESH] the channel is busy; backing off 430ms (octowhere_node octowhere-node/src/node.rs:1299)
227.774639 [DEBUG] [MESH] the channel is busy; backing off 480ms (octowhere_node octowhere-node/src/node.rs:1299)
228.428205 [DEBUG] [MESH] the channel is busy; backing off 10ms (octowhere_node octowhere-node/src/node.rs:1299)
228.711805 [DEBUG] [MESH] the channel is busy; backing off 440ms (octowhere_node octowhere-node/src/node.rs:1299)
229.465286 [DEBUG] [MESH] the channel is busy; backing off 120ms (octowhere_node octowhere-node/src/node.rs:1299)
229.648780 [DEBUG] [MESH] the channel is busy; backing off 170ms (octowhere_node octowhere-node/src/node.rs:1299)
230.112272 [DEBUG] [MESH] the channel is busy; backing off 200ms (octowhere_node octowhere-node/src/node.rs:1299)
230.555740 [DEBUG] [MESH] the channel is busy; backing off 430ms (octowhere_node octowhere-node/src/node.rs:1299)
231.139420 [DEBUG] [MESH] the channel is busy; backing off 610ms (octowhere_node octowhere-node/src/node.rs:1299)
232.003096 [DEBUG] [MESH] the channel is busy; backing off 260ms (octowhere_node octowhere-node/src/node.rs:1299)
232.346682 [DEBUG] [MESH] the channel is busy; backing off 100ms (octowhere_node octowhere-node/src/node.rs:1299)
232.480049 [DEBUG] [MESH] the channel is busy; backing off 380ms (octowhere_node octowhere-node/src/node.rs:1299)
233.163591 [DEBUG] [MESH] the channel is busy; backing off 510ms (octowhere_node octowhere-node/src/node.rs:1299)
233.927126 [DEBUG] [MESH] the channel is busy; backing off 190ms (octowhere_node octowhere-node/src/node.rs:1299)
234.390637 [DEBUG] [MESH] the channel is busy; backing off 620ms (octowhere_node octowhere-node/src/node.rs:1299)
235.074129 [DEBUG] [MESH] the channel is busy; backing off 400ms (octowhere_node octowhere-node/src/node.rs:1299)
235.508796 [DEBUG] [MESH] the channel is busy; backing off 370ms (octowhere_node octowhere-node/src/node.rs:1299)
236.162328 [DEBUG] [MESH] the channel is busy; backing off 270ms (octowhere_node octowhere-node/src/node.rs:1299)
236.545776 [DEBUG] [MESH] the channel is busy; backing off 400ms (octowhere_node octowhere-node/src/node.rs:1299)
237.169272 [DEBUG] [MESH] the channel is busy; backing off 290ms (octowhere_node octowhere-node/src/node.rs:1299)
237.592799 [DEBUG] [MESH] the channel is busy; backing off 380ms (octowhere_node octowhere-node/src/node.rs:1299)
238.206358 [DEBUG] [MESH] the channel is busy; backing off 380ms (octowhere_node octowhere-node/src/node.rs:1299)
238.729878 [DEBUG] [MESH] the channel is busy; backing off 140ms (octowhere_node octowhere-node/src/node.rs:1299)
238.873613 [DEBUG] [MESH] the channel is busy; backing off 410ms (octowhere_node octowhere-node/src/node.rs:1299)
239.387120 [DEBUG] [MESH] the channel is busy; backing off 40ms (octowhere_node octowhere-node/src/node.rs:1299)
239.430998 [DEBUG] [MESH] the channel is busy; backing off 60ms (octowhere_node octowhere-node/src/node.rs:1299)
239.744578 [DEBUG] [MESH] the channel is busy; backing off 150ms (octowhere_node octowhere-node/src/node.rs:1299)
240.048079 [DEBUG] [MESH] the channel is busy; backing off 70ms (octowhere_node octowhere-node/src/node.rs:1299)
240.391637 [DEBUG] [MESH] the channel is busy; backing off 380ms (octowhere_node octowhere-node/src/node.rs:1299)
240.985199 [DEBUG] [MESH] the channel is busy; backing off 480ms (octowhere_node octowhere-node/src/node.rs:1299)
241.469056 [DEBUG] [MESH] the channel is busy; backing off 290ms (octowhere_node octowhere-node/src/node.rs:1299)
241.912588 [DEBUG] [MESH] the channel is busy; backing off 490ms (octowhere_node octowhere-node/src/node.rs:1299)
242.526148 [DEBUG] [MESH] the channel is busy; backing off 570ms (octowhere_node octowhere-node/src/node.rs:1299)
243.309684 [DEBUG] [MESH] the channel is busy; backing off 360ms (octowhere_node octowhere-node/src/node.rs:1299)
243.873199 [DEBUG] [MESH] the channel is busy; backing off 480ms (octowhere_node octowhere-node/src/node.rs:1299)
244.416781 [DEBUG] [MESH] the channel is busy; backing off 370ms (octowhere_node octowhere-node/src/node.rs:1299)
244.860302 [DEBUG] [MESH] the channel is busy; backing off 490ms (octowhere_node octowhere-node/src/node.rs:1299)
245.403959 [DEBUG] [MESH] the channel is busy; backing off 150ms (octowhere_node octowhere-node/src/node.rs:1299)
245.807458 [DEBUG] [MESH] the channel is busy; backing off 500ms (octowhere_node octowhere-node/src/node.rs:1299)
246.440949 [DEBUG] [MESH] the channel is busy; backing off 430ms (octowhere_node octowhere-node/src/node.rs:1299)
247.124514 [DEBUG] [MESH] the channel is busy; backing off 40ms (octowhere_node octowhere-node/src/node.rs:1299)
247.218005 [DEBUG] [MESH] the channel is busy; backing off 220ms (octowhere_node octowhere-node/src/node.rs:1299)
247.561639 [DEBUG] [MESH] the channel is busy; backing off 560ms (octowhere_node octowhere-node/src/node.rs:1299)
248.325236 [DEBUG] [MESH] the channel is busy; backing off 230ms (octowhere_node octowhere-node/src/node.rs:1299)
248.808763 [DEBUG] [MESH] the channel is busy; backing off 80ms (octowhere_node octowhere-node/src/node.rs:1299)
248.952243 [DEBUG] [MESH] the channel is busy; backing off 550ms (octowhere_node octowhere-node/src/node.rs:1299)
249.725836 [DEBUG] [MESH] the channel is busy; backing off 250ms (octowhere_node octowhere-node/src/node.rs:1299)
250.229309 [DEBUG] [MESH] the channel is busy; backing off 190ms (octowhere_node octowhere-node/src/node.rs:1299)
250.463046 [DEBUG] [MESH] the channel is busy; backing off 140ms (octowhere_node octowhere-node/src/node.rs:1299)
250.866555 [DEBUG] [MESH] the channel is busy; backing off 240ms (octowhere_node octowhere-node/src/node.rs:1299)
251.410245 [DEBUG] [MESH] the channel is busy; backing off 540ms (octowhere_node octowhere-node/src/node.rs:1299)
252.213824 [DEBUG] [MESH] the channel is busy; backing off 420ms (octowhere_node octowhere-node/src/node.rs:1299)
252.707379 [DEBUG] [MESH] the channel is busy; backing off 550ms (octowhere_node octowhere-node/src/node.rs:1299)
253.570925 [DEBUG] [MESH] the channel is busy; backing off 610ms (octowhere_node octowhere-node/src/node.rs:1299)
254.184633 [DEBUG] [MESH] the channel is busy; backing off 440ms (octowhere_node octowhere-node/src/node.rs:1299)
254.908172 [DEBUG] [MESH] the channel is busy; backing off 380ms (octowhere_node octowhere-node/src/node.rs:1299)
255.451633 [DEBUG] [MESH] the channel is busy; backing off 370ms (octowhere_node octowhere-node/src/node.rs:1299)
256.015156 [DEBUG] [MESH] the channel is busy; backing off 420ms (octowhere_node octowhere-node/src/node.rs:1299)
256.748688 [DEBUG] [MESH] the channel is busy; backing off 470ms (octowhere_node octowhere-node/src/node.rs:1299)
257.522230 [DEBUG] [MESH] the channel is busy; backing off 170ms (octowhere_node octowhere-node/src/node.rs:1299)
257.875742 [DEBUG] [MESH] the channel is busy; backing off 20ms (octowhere_node octowhere-node/src/node.rs:1299)
257.999331 [DEBUG] [MESH] the channel is busy; backing off 220ms (octowhere_node octowhere-node/src/node.rs:1299)
258.403056 [DEBUG] [MESH] the channel is busy; backing off 190ms (octowhere_node octowhere-node/src/node.rs:1299)
258.676555 [DEBUG] [MESH] the channel is busy; backing off 220ms (octowhere_node octowhere-node/src/node.rs:1299)
258.900445 [DEBUG] [MESH] the channel is busy; backing off 60ms (octowhere_node octowhere-node/src/node.rs:1299)
259.044003 [DEBUG] [MESH] the channel is busy; backing off 60ms (octowhere_node octowhere-node/src/node.rs:1299)
259.217503 [DEBUG] [MESH] the channel is busy; backing off 340ms (octowhere_node octowhere-node/src/node.rs:1299)
259.871041 [DEBUG] [MESH] the channel is busy; backing off 130ms (octowhere_node octowhere-node/src/node.rs:1299)
260.294547 [DEBUG] [MESH] the channel is busy; backing off 310ms (octowhere_node octowhere-node/src/node.rs:1299)
260.718066 [DEBUG] [MESH] the channel is busy; backing off 610ms (octowhere_node octowhere-node/src/node.rs:1299)
261.561595 [DEBUG] [MESH] the channel is busy; backing off 530ms (octowhere_node octowhere-node/src/node.rs:1299)
262.125040 [DEBUG] [MESH] the channel is busy; backing off 120ms (octowhere_node octowhere-node/src/node.rs:1299)
262.318604 [DEBUG] [MESH] the channel is busy; backing off 180ms (octowhere_node octowhere-node/src/node.rs:1299)
262.652148 [DEBUG] [MESH] the channel is busy; backing off 570ms (octowhere_node octowhere-node/src/node.rs:1299)
263.365677 [DEBUG] [MESH] the channel is busy; backing off 350ms (octowhere_node octowhere-node/src/node.rs:1299)
263.899262 [DEBUG] [MESH] the channel is busy; backing off 250ms (octowhere_node octowhere-node/src/node.rs:1299)
264.342772 [DEBUG] [MESH] the channel is busy; backing off 180ms (octowhere_node octowhere-node/src/node.rs:1299)
264.776226 [DEBUG] [MESH] the channel is busy; backing off 600ms (octowhere_node octowhere-node/src/node.rs:1299)
265.490143 [DEBUG] [MESH] the channel is busy; backing off 220ms (octowhere_node octowhere-node/src/node.rs:1299)
265.843761 [DEBUG] [MESH] the channel is busy; backing off 260ms (octowhere_node octowhere-node/src/node.rs:1299)
266.187429 [DEBUG] [MESH] the channel is busy; backing off 430ms (octowhere_node octowhere-node/src/node.rs:1299)
266.680947 [DEBUG] [MESH] the channel is busy; backing off 610ms (octowhere_node octowhere-node/src/node.rs:1299)
267.304486 [DEBUG] [MESH] the channel is busy; backing off 630ms (octowhere_node octowhere-node/src/node.rs:1299)
268.128002 [DEBUG] [MESH] the channel is busy; backing off 330ms (octowhere_node octowhere-node/src/node.rs:1299)
268.721573 [DEBUG] [MESH] the channel is busy; backing off 230ms (octowhere_node octowhere-node/src/node.rs:1299)
269.245165 [DEBUG] [MESH] the channel is busy; backing off 520ms (octowhere_node octowhere-node/src/node.rs:1299)
269.958657 [DEBUG] [MESH] the channel is busy; backing off 230ms (octowhere_node octowhere-node/src/node.rs:1299)
270.282157 [DEBUG] [MESH] the channel is busy; backing off 330ms (octowhere_node octowhere-node/src/node.rs:1299)
270.645636 [DEBUG] [MESH] the channel is busy; backing off 580ms (octowhere_node octowhere-node/src/node.rs:1299)
271.499125 [DEBUG] [MESH] the channel is busy; backing off 250ms (octowhere_node octowhere-node/src/node.rs:1299)
272.032583 [DEBUG] [MESH] the channel is busy; backing off 530ms (octowhere_node octowhere-node/src/node.rs:1299)
272.826071 [DEBUG] [MESH] the channel is busy; backing off 360ms (octowhere_node octowhere-node/src/node.rs:1299)
273.469578 [DEBUG] [MESH] the channel is busy; backing off 130ms (octowhere_node octowhere-node/src/node.rs:1299)
273.633037 [DEBUG] [MESH] the channel is busy; backing off 130ms (octowhere_node octowhere-node/src/node.rs:1299)
273.826607 [DEBUG] [MESH] the channel is busy; backing off 610ms (octowhere_node octowhere-node/src/node.rs:1299)
274.720104 [DEBUG] [MESH] the channel is busy; backing off 620ms (octowhere_node octowhere-node/src/node.rs:1299)
275.393621 [DEBUG] [MESH] the channel is busy; backing off 390ms (octowhere_node octowhere-node/src/node.rs:1299)
275.907131 [DEBUG] [MESH] the channel is busy; backing off 560ms (octowhere_node octowhere-node/src/node.rs:1299)
276.730768 [DEBUG] [MESH] the channel is busy; backing off 0ms (octowhere_node octowhere-node/src/node.rs:1299)
276.963988 [DEBUG] [MESH] the channel is busy; backing off 230ms (octowhere_node octowhere-node/src/node.rs:1299)
277.267547 [DEBUG] [MESH] the channel is busy; backing off 80ms (octowhere_node octowhere-node/src/node.rs:1299)
277.421169 [DEBUG] [MESH] the channel is busy; backing off 420ms (octowhere_node octowhere-node/src/node.rs:1299)
278.084708 [DEBUG] [MESH] the channel is busy; backing off 90ms (octowhere_node octowhere-node/src/node.rs:1299)
278.228174 [DEBUG] [MESH] the channel is busy; backing off 480ms (octowhere_node octowhere-node/src/node.rs:1299)
278.931667 [DEBUG] [MESH] the channel is busy; backing off 370ms (octowhere_node octowhere-node/src/node.rs:1299)
279.555206 [DEBUG] [MESH] the channel is busy; backing off 60ms (octowhere_node octowhere-node/src/node.rs:1299)
279.738655 [DEBUG] [MESH] the channel is busy; backing off 250ms (octowhere_node octowhere-node/src/node.rs:1299)
280.262203 [DEBUG] [MESH] the channel is busy; backing off 310ms (octowhere_node octowhere-node/src/node.rs:1299)
280.615777 [DEBUG] [MESH] the channel is busy; backing off 440ms (octowhere_node octowhere-node/src/node.rs:1299)
281.129322 [DEBUG] [MESH] the channel is busy; backing off 530ms (octowhere_node octowhere-node/src/node.rs:1299)
281.962870 [DEBUG] [MESH] the channel is busy; backing off 300ms (octowhere_node octowhere-node/src/node.rs:1299)
282.336427 [DEBUG] [MESH] the channel is busy; backing off 540ms (octowhere_node octowhere-node/src/node.rs:1299)
282.950361 [DEBUG] [MESH] the channel is busy; backing off 520ms (octowhere_node octowhere-node/src/node.rs:1299)
283.563848 [DEBUG] [MESH] the channel is busy; backing off 410ms (octowhere_node octowhere-node/src/node.rs:1299)
284.207350 [DEBUG] [MESH] the channel is busy; backing off 440ms (octowhere_node octowhere-node/src/node.rs:1299)
284.950865 [DEBUG] [MESH] the channel is busy; backing off 330ms (octowhere_node octowhere-node/src/node.rs:1299)
285.404703 [DEBUG] [MESH] the channel is busy; backing off 350ms (octowhere_node octowhere-node/src/node.rs:1299)
285.918222 [DEBUG] [MESH] the channel is busy; backing off 270ms (octowhere_node octowhere-node/src/node.rs:1299)
286.201824 [DEBUG] [MESH] the channel is busy; backing off 450ms (octowhere_node octowhere-node/src/node.rs:1299)
286.695423 [DEBUG] [MESH] the channel is busy; backing off 270ms (octowhere_node octowhere-node/src/node.rs:1299)
287.048930 [DEBUG] [MESH] the channel is busy; backing off 580ms (octowhere_node octowhere-node/src/node.rs:1299)
287.632775 [DEBUG] [MESH] the channel is busy; backing off 540ms (octowhere_node octowhere-node/src/node.rs:1299)
288.426319 [DEBUG] [MESH] the channel is busy; backing off 250ms (octowhere_node octowhere-node/src/node.rs:1299)
288.929885 [DEBUG] [MESH] the channel is busy; backing off 0ms (octowhere_node octowhere-node/src/node.rs:1299)
288.993143 [DEBUG] [MESH] the channel is busy; backing off 620ms (octowhere_node octowhere-node/src/node.rs:1299)
289.866674 [DEBUG] [MESH] the channel is busy; backing off 380ms (octowhere_node octowhere-node/src/node.rs:1299)
290.420431 [DEBUG] [MESH] the channel is busy; backing off 570ms (octowhere_node octowhere-node/src/node.rs:1299)
291.263937 [DEBUG] [MESH] the channel is busy; backing off 380ms (octowhere_node octowhere-node/src/node.rs:1299)
291.827528 [DEBUG] [MESH] the channel is busy; backing off 350ms (octowhere_node octowhere-node/src/node.rs:1299)
292.341050 [DEBUG] [MESH] the channel is busy; backing off 510ms (octowhere_node octowhere-node/src/node.rs:1299)
292.974551 [DEBUG] [MESH] the channel is busy; backing off 110ms (octowhere_node octowhere-node/src/node.rs:1299)
293.158123 [DEBUG] [MESH] the channel is busy; backing off 260ms (octowhere_node octowhere-node/src/node.rs:1299)
293.621569 [DEBUG] [MESH] the channel is busy; backing off 270ms (octowhere_node octowhere-node/src/node.rs:1299)
294.115069 [DEBUG] [MESH] the channel is busy; backing off 440ms (octowhere_node octowhere-node/src/node.rs:1299)
294.688580 [DEBUG] [MESH] the channel is busy; backing off 110ms (octowhere_node octowhere-node/src/node.rs:1299)
294.812150 [DEBUG] [MESH] the channel is busy; backing off 190ms (octowhere_node octowhere-node/src/node.rs:1299)
295.135648 [DEBUG] [MESH] the channel is busy; backing off 210ms (octowhere_node octowhere-node/src/node.rs:1299)
295.659163 [DEBUG] [MESH] the channel is busy; backing off 30ms (octowhere_node octowhere-node/src/node.rs:1299)
295.772626 [DEBUG] [MESH] the channel is busy; backing off 550ms (octowhere_node octowhere-node/src/node.rs:1299)
296.356199 [DEBUG] [MESH] the channel is busy; backing off 10ms (octowhere_node octowhere-node/src/node.rs:1299)
296.539844 [DEBUG] [MESH] the channel is busy; backing off 20ms (octowhere_node octowhere-node/src/node.rs:1299)
296.573430 [DEBUG] [MESH] the channel is busy; backing off 220ms (octowhere_node octowhere-node/src/node.rs:1299)
297.046968 [DEBUG] [MESH] the channel is busy; backing off 390ms (octowhere_node octowhere-node/src/node.rs:1299)
297.620429 [DEBUG] [MESH] the channel is busy; backing off 500ms (octowhere_node octowhere-node/src/node.rs:1299)
298.203913 [DEBUG] [MESH] the channel is busy; backing off 260ms (octowhere_node octowhere-node/src/node.rs:1299)
298.487549 [DEBUG] [MESH] the channel is busy; backing off 40ms (octowhere_node octowhere-node/src/node.rs:1299)
298.561074 [DEBUG] [MESH] the channel is busy; backing off 30ms (octowhere_node octowhere-node/src/node.rs:1299)
298.854546 [DEBUG] [MESH] the channel is busy; backing off 340ms (octowhere_node octowhere-node/src/node.rs:1299)
299.498219 [DEBUG] [MESH] the channel is busy; backing off 390ms (octowhere_node octowhere-node/src/node.rs:1299)
299.991712 [DEBUG] [MESH] the channel is busy; backing off 590ms (octowhere_node octowhere-node/src/node.rs:1299)
300.755311 [DEBUG] [MESH] the channel is busy; backing off 10ms (octowhere_node octowhere-node/src/node.rs:1299)
300.838919 [DEBUG] [MESH] the channel is busy; backing off 510ms (octowhere_node octowhere-node/src/node.rs:1299)
301.402331 [DEBUG] [MESH] the channel is busy; backing off 40ms (octowhere_node octowhere-node/src/node.rs:1299)
301.525779 [DEBUG] [MESH] the channel is busy; backing off 160ms (octowhere_node octowhere-node/src/node.rs:1299)
301.979280 [DEBUG] [MESH] the channel is busy; backing off 100ms (octowhere_node octowhere-node/src/node.rs:1299)
302.322957 [DEBUG] [MESH] the channel is busy; backing off 0ms (octowhere_node octowhere-node/src/node.rs:1299)
302.636199 [DEBUG] [MESH] the channel is busy; backing off 340ms (octowhere_node octowhere-node/src/node.rs:1299)
303.099658 [DEBUG] [MESH] the channel is busy; backing off 240ms (octowhere_node octowhere-node/src/node.rs:1299)
303.453136 [DEBUG] [MESH] the channel is busy; backing off 610ms (octowhere_node octowhere-node/src/node.rs:1299)
304.316658 [DEBUG] [MESH] the channel is busy; backing off 110ms (octowhere_node octowhere-node/src/node.rs:1299)
304.560123 [DEBUG] [MESH] the channel is busy; backing off 230ms (octowhere_node octowhere-node/src/node.rs:1299)
305.073647 [DEBUG] [MESH] the channel is busy; backing off 300ms (octowhere_node octowhere-node/src/node.rs:1299)
305.687097 [DEBUG] [MESH] the channel is busy; backing off 520ms (octowhere_node octowhere-node/src/node.rs:1299)
306.380580 [DEBUG] [MESH] the channel is busy; backing off 310ms (octowhere_node octowhere-node/src/node.rs:1299)
306.884104 [DEBUG] [MESH] the channel is busy; backing off 50ms (octowhere_node octowhere-node/src/node.rs:1299)
306.997575 [DEBUG] [MESH] the channel is busy; backing off 190ms (octowhere_node octowhere-node/src/node.rs:1299)
307.441282 [DEBUG] [MESH] the channel is busy; backing off 450ms (octowhere_node octowhere-node/src/node.rs:1299)
308.054738 [DEBUG] [MESH] the channel is busy; backing off 590ms (octowhere_node octowhere-node/src/node.rs:1299)
308.828345 [DEBUG] [MESH] the channel is busy; backing off 0ms (octowhere_node octowhere-node/src/node.rs:1299)
309.021597 [DEBUG] [MESH] the channel is busy; backing off 470ms (octowhere_node octowhere-node/src/node.rs:1299)
309.775192 [DEBUG] [MESH] the channel is busy; backing off 510ms (octowhere_node octowhere-node/src/node.rs:1299)
310.558823 [DEBUG] [MESH] the channel is busy; backing off 320ms (octowhere_node octowhere-node/src/node.rs:1299)
311.112324 [DEBUG] [MESH] the channel is busy; backing off 590ms (octowhere_node octowhere-node/src/node.rs:1299)
311.856028 [DEBUG] [MESH] the channel is busy; backing off 100ms (octowhere_node octowhere-node/src/node.rs:1299)
311.969590 [DEBUG] [MESH] the channel is busy; backing off 30ms (octowhere_node octowhere-node/src/node.rs:1299)
312.223217 [DEBUG] [MESH] the channel is busy; backing off 400ms (octowhere_node octowhere-node/src/node.rs:1299)
312.626967 [DEBUG] [MESH] the channel is busy; backing off 230ms (octowhere_node octowhere-node/src/node.rs:1299)
313.050503 [DEBUG] [MESH] the channel is busy; backing off 390ms (octowhere_node octowhere-node/src/node.rs:1299)
313.535817 [DEBUG] [MESH] the channel is busy; backing off 370ms (octowhere_node octowhere-node/src/node.rs:1299)
313.929307 [DEBUG] [MESH] the channel is busy; backing off 370ms (octowhere_node octowhere-node/src/node.rs:1299)
314.462927 [DEBUG] [MESH] the channel is busy; backing off 370ms (octowhere_node octowhere-node/src/node.rs:1299)
315.056440 [DEBUG] [MESH] the channel is busy; backing off 260ms (octowhere_node octowhere-node/src/node.rs:1299)
315.320155 [DEBUG] [MESH] the channel is busy; backing off 270ms (octowhere_node octowhere-node/src/node.rs:1299)
315.753653 [DEBUG] [MESH] the channel is busy; backing off 270ms (octowhere_node octowhere-node/src/node.rs:1299)
316.127236 [DEBUG] [MESH] the channel is busy; backing off 240ms (octowhere_node octowhere-node/src/node.rs:1299)
316.380754 [DEBUG] [MESH] the channel is busy; backing off 10ms (octowhere_node octowhere-node/src/node.rs:1299)
316.624393 [DEBUG] [MESH] the channel is busy; backing off 480ms (octowhere_node octowhere-node/src/node.rs:1299)
317.230116 [DEBUG] [MESH] the channel is busy; backing off 260ms (octowhere_node octowhere-node/src/node.rs:1299)
317.493908 [DEBUG] [MESH] the channel is busy; backing off 530ms (octowhere_node octowhere-node/src/node.rs:1299)
318.107519 [DEBUG] [MESH] the channel is busy; backing off 160ms (octowhere_node octowhere-node/src/node.rs:1299)
318.301004 [DEBUG] [MESH] the channel is busy; backing off 510ms (octowhere_node octowhere-node/src/node.rs:1299)
318.984601 [DEBUG] [MESH] the channel is busy; backing off 40ms (octowhere_node octowhere-node/src/node.rs:1299)
319.308096 [DEBUG] [MESH] the channel is busy; backing off 620ms (octowhere_node octowhere-node/src/node.rs:1299)
320.221637 [DEBUG] [MESH] the channel is busy; backing off 220ms (octowhere_node octowhere-node/src/node.rs:1299)
320.675165 [DEBUG] [MESH] the channel is busy; backing off 530ms (octowhere_node octowhere-node/src/node.rs:1299)
321.268880 [DEBUG] [MESH] the channel is busy; backing off 400ms (octowhere_node octowhere-node/src/node.rs:1299)
321.672667 [DEBUG] [MESH] the channel is busy; backing off 200ms (octowhere_node octowhere-node/src/node.rs:1299)
322.086149 [DEBUG] [MESH] the channel is busy; backing off 300ms (octowhere_node octowhere-node/src/node.rs:1299)
322.529724 [DEBUG] [MESH] the channel is busy; backing off 130ms (octowhere_node octowhere-node/src/node.rs:1299)
322.813286 [DEBUG] [MESH] the channel is busy; backing off 550ms (octowhere_node octowhere-node/src/node.rs:1299)
323.656844 [DEBUG] [MESH] the channel is busy; backing off 310ms (octowhere_node octowhere-node/src/node.rs:1299)
324.120346 [DEBUG] [MESH] the channel is busy; backing off 550ms (octowhere_node octowhere-node/src/node.rs:1299)
324.713856 [DEBUG] [MESH] the channel is busy; backing off 150ms (octowhere_node octowhere-node/src/node.rs:1299)
324.917353 [DEBUG] [MESH] the channel is busy; backing off 70ms (octowhere_node octowhere-node/src/node.rs:1299)
325.010819 [DEBUG] [MESH] the channel is busy; backing off 210ms (octowhere_node octowhere-node/src/node.rs:1299)
325.522150 [DEBUG] [MESH] the channel is busy; backing off 290ms (octowhere_node octowhere-node/src/node.rs:1299)
325.995640 [DEBUG] [MESH] the channel is busy; backing off 130ms (octowhere_node octowhere-node/src/node.rs:1299)
326.349099 [DEBUG] [MESH] the channel is busy; backing off 320ms (octowhere_node octowhere-node/src/node.rs:1299)
326.752603 [DEBUG] [MESH] the channel is busy; backing off 70ms (octowhere_node octowhere-node/src/node.rs:1299)
327.016130 [DEBUG] [MESH] the channel is busy; backing off 160ms (octowhere_node octowhere-node/src/node.rs:1299)
327.489669 [DEBUG] [MESH] the channel is busy; backing off 520ms (octowhere_node octowhere-node/src/node.rs:1299)
328.073184 [DEBUG] [MESH] the channel is busy; backing off 480ms (octowhere_node octowhere-node/src/node.rs:1299)
328.736818 [DEBUG] [MESH] the channel is busy; backing off 90ms (octowhere_node octowhere-node/src/node.rs:1299)
329.140452 [DEBUG] [MESH] the channel is busy; backing off 440ms (octowhere_node octowhere-node/src/node.rs:1299)
329.603896 [DEBUG] [MESH] the channel is busy; backing off 120ms (octowhere_node octowhere-node/src/node.rs:1299)
329.797503 [DEBUG] [MESH] the channel is busy; backing off 390ms (octowhere_node octowhere-node/src/node.rs:1299)
330.411214 [DEBUG] [MESH] the channel is busy; backing off 0ms (octowhere_node octowhere-node/src/node.rs:1299)
330.644516 [DEBUG] [MESH] the channel is busy; backing off 460ms (octowhere_node octowhere-node/src/node.rs:1299)
331.138136 [DEBUG] [MESH] the channel is busy; backing off 100ms (octowhere_node octowhere-node/src/node.rs:1299)
331.331658 [DEBUG] [MESH] the channel is busy; backing off 430ms (octowhere_node octowhere-node/src/node.rs:1299)
331.815283 [DEBUG] [MESH] the channel is busy; backing off 420ms (octowhere_node octowhere-node/src/node.rs:1299)
332.458763 [DEBUG] [MESH] the channel is busy; backing off 410ms (octowhere_node octowhere-node/src/node.rs:1299)
333.102327 [DEBUG] [MESH] the channel is busy; backing off 530ms (octowhere_node octowhere-node/src/node.rs:1299)
333.685903 [DEBUG] [MESH] the channel is busy; backing off 360ms (octowhere_node octowhere-node/src/node.rs:1299)
334.349406 [DEBUG] [MESH] the channel is busy; backing off 290ms (octowhere_node octowhere-node/src/node.rs:1299)
334.882926 [DEBUG] [MESH] the channel is busy; backing off 80ms (octowhere_node octowhere-node/src/node.rs:1299)
335.146483 [DEBUG] [MESH] the channel is busy; backing off 610ms (octowhere_node octowhere-node/src/node.rs:1299)
335.950057 [DEBUG] [MESH] the channel is busy; backing off 240ms (octowhere_node octowhere-node/src/node.rs:1299)
336.503797 [DEBUG] [MESH] the channel is busy; backing off 130ms (octowhere_node octowhere-node/src/node.rs:1299)
336.697367 [DEBUG] [MESH] the channel is busy; backing off 410ms (octowhere_node octowhere-node/src/node.rs:1299)
337.130845 [DEBUG] [MESH] the channel is busy; backing off 330ms (octowhere_node octowhere-node/src/node.rs:1299)
337.734366 [DEBUG] [MESH] the channel is busy; backing off 470ms (octowhere_node octowhere-node/src/node.rs:1299)
338.337805 [DEBUG] [MESH] the channel is busy; backing off 40ms (octowhere_node octowhere-node/src/node.rs:1299)
338.401572 [DEBUG] [MESH] the channel is busy; backing off 340ms (octowhere_node octowhere-node/src/node.rs:1299)
338.785082 [DEBUG] [MESH] the channel is busy; backing off 440ms (octowhere_node octowhere-node/src/node.rs:1299)
339.459025 [DEBUG] [MESH] the channel is busy; backing off 110ms (octowhere_node octowhere-node/src/node.rs:1299)
339.742640 [DEBUG] [MESH] the channel is busy; backing off 580ms (octowhere_node octowhere-node/src/node.rs:1299)
340.536530 [DEBUG] [MESH] the channel is busy; backing off 190ms (octowhere_node octowhere-node/src/node.rs:1299)
340.820047 [DEBUG] [MESH] the channel is busy; backing off 160ms (octowhere_node octowhere-node/src/node.rs:1299)
341.223702 [DEBUG] [MESH] the channel is busy; backing off 200ms (octowhere_node octowhere-node/src/node.rs:1299)
341.557188 [DEBUG] [MESH] the channel is busy; backing off 390ms (octowhere_node octowhere-node/src/node.rs:1299)
342.070703 [DEBUG] [MESH] the channel is busy; backing off 250ms (octowhere_node octowhere-node/src/node.rs:1299)
342.334223 [DEBUG] [MESH] the channel is busy; backing off 630ms (octowhere_node octowhere-node/src/node.rs:1299)
343.117743 [DEBUG] [MESH] the channel is busy; backing off 280ms (octowhere_node octowhere-node/src/node.rs:1299)
343.511279 [DEBUG] [MESH] the channel is busy; backing off 170ms (octowhere_node octowhere-node/src/node.rs:1299)
343.694796 [DEBUG] [MESH] the channel is busy; backing off 250ms (octowhere_node octowhere-node/src/node.rs:1299)
343.958318 [DEBUG] [MESH] the channel is busy; backing off 60ms (octowhere_node octowhere-node/src/node.rs:1299)
344.141864 [DEBUG] [MESH] the channel is busy; backing off 130ms (octowhere_node octowhere-node/src/node.rs:1299)
344.275585 [DEBUG] [MESH] the channel is busy; backing off 570ms (octowhere_node octowhere-node/src/node.rs:1299)
344.899086 [DEBUG] [MESH] the channel is busy; backing off 220ms (octowhere_node octowhere-node/src/node.rs:1299)
345.222819 [DEBUG] [MESH] the channel is busy; backing off 210ms (octowhere_node octowhere-node/src/node.rs:1299)
345.666243 [DEBUG] [MESH] the channel is busy; backing off 590ms (octowhere_node octowhere-node/src/node.rs:1299)
346.450049 [DEBUG] [MESH] the channel is busy; backing off 20ms (octowhere_node octowhere-node/src/node.rs:1299)
346.514365 [DEBUG] [MESH] the channel is busy; backing off 120ms (octowhere_node octowhere-node/src/node.rs:1299)
346.817877 [DEBUG] [MESH] the channel is busy; backing off 590ms (octowhere_node octowhere-node/src/node.rs:1299)
347.551288 [DEBUG] [MESH] the channel is busy; backing off 530ms (octowhere_node octowhere-node/src/node.rs:1299)
348.094839 [DEBUG] [MESH] the channel is busy; backing off 610ms (octowhere_node octowhere-node/src/node.rs:1299)
348.898375 [DEBUG] [MESH] the channel is busy; backing off 90ms (octowhere_node octowhere-node/src/node.rs:1299)
348.992129 [DEBUG] [MESH] the channel is busy; backing off 560ms (octowhere_node octowhere-node/src/node.rs:1299)
349.585654 [DEBUG] [MESH] the channel is busy; backing off 560ms (octowhere_node octowhere-node/src/node.rs:1299)
350.159217 [DEBUG] [MESH] the channel is busy; backing off 40ms (octowhere_node octowhere-node/src/node.rs:1299)
350.452844 [DEBUG] [MESH] the channel is busy; backing off 370ms (octowhere_node octowhere-node/src/node.rs:1299)
350.886348 [DEBUG] [MESH] the channel is busy; backing off 510ms (octowhere_node octowhere-node/src/node.rs:1299)
351.459892 [DEBUG] [MESH] the channel is busy; backing off 600ms (octowhere_node octowhere-node/src/node.rs:1299)
352.233413 [DEBUG] [MESH] the channel is busy; backing off 140ms (octowhere_node octowhere-node/src/node.rs:1299)
352.607017 [DEBUG] [MESH] the channel is busy; backing off 0ms (octowhere_node octowhere-node/src/node.rs:1299)
352.730252 [DEBUG] [MESH] the channel is busy; backing off 420ms (octowhere_node octowhere-node/src/node.rs:1299)
353.153987 [DEBUG] [MESH] the channel is busy; backing off 400ms (octowhere_node octowhere-node/src/node.rs:1299)
353.647465 [DEBUG] [MESH] the channel is busy; backing off 580ms (octowhere_node octowhere-node/src/node.rs:1299)
354.351001 [DEBUG] [MESH] the channel is busy; backing off 410ms (octowhere_node octowhere-node/src/node.rs:1299)
354.894500 [DEBUG] [MESH] the channel is busy; backing off 390ms (octowhere_node octowhere-node/src/node.rs:1299)
355.518148 [DEBUG] [MESH] the channel is busy; backing off 600ms (octowhere_node octowhere-node/src/node.rs:1299)
356.251666 [DEBUG] [MESH] the channel is busy; backing off 270ms (octowhere_node octowhere-node/src/node.rs:1299)
356.755134 [DEBUG] [MESH] the channel is busy; backing off 430ms (octowhere_node octowhere-node/src/node.rs:1299)
357.468645 [DEBUG] [MESH] the channel is busy; backing off 450ms (octowhere_node octowhere-node/src/node.rs:1299)
