2.683653 [INFO ] [MESH] id=0 name=Dredge members=2 mac=[44, 1b, f6, 86, 1a, 38] (octowhere_node octowhere-node/src/node.rs:690)
2.723725 [INFO ] [MESH] tuned=true (octowhere_node octowhere-node/src/node.rs:749)
2.725648 [INFO ] [MESH] id=0 members=2 generation=16 removal pending=false declinable until=None old keys=0 (octowhere_node octowhere-node/src/node.rs:892)
137.685502 [INFO ] [MESH] timebase root=0 hops=0 (octowhere_node octowhere-node/src/node.rs:2941)
137.888512 [DEBUG] [MESH] the channel is busy; backing off 500ms (octowhere_node octowhere-node/src/node.rs:1299)
138.682054 [DEBUG] [MESH] the channel is busy; backing off 350ms (octowhere_node octowhere-node/src/node.rs:1299)
139.095709 [DEBUG] [MESH] the channel is busy; backing off 250ms (octowhere_node octowhere-node/src/node.rs:1299)
139.519383 [DEBUG] [MESH] the channel is busy; backing off 140ms (octowhere_node octowhere-node/src/node.rs:1299)
139.832875 [DEBUG] [MESH] the channel is busy; backing off 500ms (octowhere_node octowhere-node/src/node.rs:1299)
140.556399 [DEBUG] [MESH] the channel is busy; backing off 200ms (octowhere_node octowhere-node/src/node.rs:1299)
140.799904 [DEBUG] [MESH] the channel is busy; backing off 0ms (octowhere_node octowhere-node/src/node.rs:1299)
140.983337 [DEBUG] [MESH] the channel is busy; backing off 170ms (octowhere_node octowhere-node/src/node.rs:1299)
141.157050 [DEBUG] [MESH] the channel is busy; backing off 500ms (octowhere_node octowhere-node/src/node.rs:1299)
141.710549 [DEBUG] [MESH] the channel is busy; backing off 340ms (octowhere_node octowhere-node/src/node.rs:1299)
142.244169 [DEBUG] [MESH] the channel is busy; backing off 300ms (octowhere_node octowhere-node/src/node.rs:1299)
142.627854 [DEBUG] [MESH] the channel is busy; backing off 150ms (octowhere_node octowhere-node/src/node.rs:1299)
142.861355 [DEBUG] [MESH] the channel is busy; backing off 230ms (octowhere_node octowhere-node/src/node.rs:1299)
143.224840 [DEBUG] [MESH] the channel is busy; backing off 490ms (octowhere_node octowhere-node/src/node.rs:1299)
143.948311 [DEBUG] [MESH] the channel is busy; backing off 540ms (octowhere_node octowhere-node/src/node.rs:1299)
144.691742 [DEBUG] [MESH] the channel is busy; backing off 210ms (octowhere_node octowhere-node/src/node.rs:1299)
145.195254 [DEBUG] [MESH] the channel is busy; backing off 100ms (octowhere_node octowhere-node/src/node.rs:1299)
145.588750 [DEBUG] [MESH] the channel is busy; backing off 360ms (octowhere_node octowhere-node/src/node.rs:1299)
145.952528 [DEBUG] [MESH] the channel is busy; backing off 250ms (octowhere_node octowhere-node/src/node.rs:1299)
146.466076 [DEBUG] [MESH] the channel is busy; backing off 20ms (octowhere_node octowhere-node/src/node.rs:1299)
146.579615 [DEBUG] [MESH] the channel is busy; backing off 220ms (octowhere_node octowhere-node/src/node.rs:1299)
146.823148 [DEBUG] [MESH] the channel is busy; backing off 120ms (octowhere_node octowhere-node/src/node.rs:1299)
147.076656 [DEBUG] [MESH] the channel is busy; backing off 110ms (octowhere_node octowhere-node/src/node.rs:1299)
147.360215 [DEBUG] [MESH] the channel is busy; backing off 260ms (octowhere_node octowhere-node/src/node.rs:1299)
147.713666 [DEBUG] [MESH] the channel is busy; backing off 260ms (octowhere_node octowhere-node/src/node.rs:1299)
148.037186 [DEBUG] [MESH] the channel is busy; backing off 480ms (octowhere_node octowhere-node/src/node.rs:1299)
148.750717 [DEBUG] [MESH] the channel is busy; backing off 230ms (octowhere_node octowhere-node/src/node.rs:1299)
149.104229 [DEBUG] [MESH] the channel is busy; backing off 520ms (octowhere_node octowhere-node/src/node.rs:1299)
149.767742 [DEBUG] [MESH] the channel is busy; backing off 380ms (octowhere_node octowhere-node/src/node.rs:1299)
150.151482 [DEBUG] [MESH] the channel is busy; backing off 160ms (octowhere_node octowhere-node/src/node.rs:1299)
150.404864 [DEBUG] [MESH] the channel is busy; backing off 610ms (octowhere_node octowhere-node/src/node.rs:1299)
151.308461 [DEBUG] [MESH] the channel is busy; backing off 510ms (octowhere_node octowhere-node/src/node.rs:1299)
151.912064 [DEBUG] [MESH] the channel is busy; backing off 10ms (octowhere_node octowhere-node/src/node.rs:1299)
151.975500 [DEBUG] [MESH] the channel is busy; backing off 320ms (octowhere_node octowhere-node/src/node.rs:1299)
152.521237 [DEBUG] [MESH] the channel is busy; backing off 80ms (octowhere_node octowhere-node/src/node.rs:1299)
152.794789 [DEBUG] [MESH] the channel is busy; backing off 300ms (octowhere_node octowhere-node/src/node.rs:1299)
153.288374 [DEBUG] [MESH] the channel is busy; backing off 330ms (octowhere_node octowhere-node/src/node.rs:1299)
153.651925 [DEBUG] [MESH] the channel is busy; backing off 290ms (octowhere_node octowhere-node/src/node.rs:1299)
153.975428 [DEBUG] [MESH] the channel is busy; backing off 370ms (octowhere_node octowhere-node/src/node.rs:1299)
154.638954 [DEBUG] [MESH] the channel is busy; backing off 340ms (octowhere_node octowhere-node/src/node.rs:1299)
155.122506 [DEBUG] [MESH] the channel is busy; backing off 340ms (octowhere_node octowhere-node/src/node.rs:1299)
155.625962 [DEBUG] [MESH] the channel is busy; backing off 370ms (octowhere_node octowhere-node/src/node.rs:1299)
156.029516 [DEBUG] [MESH] the channel is busy; backing off 380ms (octowhere_node octowhere-node/src/node.rs:1299)
156.472951 [DEBUG] [MESH] the channel is busy; backing off 150ms (octowhere_node octowhere-node/src/node.rs:1299)
156.706460 [DEBUG] [MESH] the channel is busy; backing off 170ms (octowhere_node octowhere-node/src/node.rs:1299)
156.939978 [DEBUG] [MESH] the channel is busy; backing off 610ms (octowhere_node octowhere-node/src/node.rs:1299)
157.853554 [DEBUG] [MESH] the channel is busy; backing off 50ms (octowhere_node octowhere-node/src/node.rs:1299)
157.917061 [DEBUG] [MESH] the channel is busy; backing off 520ms (octowhere_node octowhere-node/src/node.rs:1299)
158.750490 [DEBUG] [MESH] the channel is busy; backing off 230ms (octowhere_node octowhere-node/src/node.rs:1299)
159.104117 [DEBUG] [MESH] the channel is busy; backing off 370ms (octowhere_node octowhere-node/src/node.rs:1299)
159.487464 [DEBUG] [MESH] the channel is busy; backing off 180ms (octowhere_node octowhere-node/src/node.rs:1299)
159.680949 [DEBUG] [MESH] the channel is busy; backing off 540ms (octowhere_node octowhere-node/src/node.rs:1299)
160.314557 [DEBUG] [MESH] the channel is busy; backing off 80ms (octowhere_node octowhere-node/src/node.rs:1299)
160.407904 [DEBUG] [MESH] the channel is busy; backing off 190ms (octowhere_node octowhere-node/src/node.rs:1299)
160.841390 [DEBUG] [MESH] the channel is busy; backing off 570ms (octowhere_node octowhere-node/src/node.rs:1299)
161.594882 [DEBUG] [MESH] the channel is busy; backing off 590ms (octowhere_node octowhere-node/src/node.rs:1299)
162.198433 [DEBUG] [MESH] the channel is busy; backing off 610ms (octowhere_node octowhere-node/src/node.rs:1299)
162.921906 [DEBUG] [MESH] the channel is busy; backing off 520ms (octowhere_node octowhere-node/src/node.rs:1299)
163.745350 [DEBUG] [MESH] the channel is busy; backing off 500ms (octowhere_node octowhere-node/src/node.rs:1299)
164.268843 [DEBUG] [MESH] the channel is busy; backing off 340ms (octowhere_node octowhere-node/src/node.rs:1299)
164.682339 [DEBUG] [MESH] the channel is busy; backing off 390ms (octowhere_node octowhere-node/src/node.rs:1299)
165.215984 [DEBUG] [MESH] the channel is busy; backing off 190ms (octowhere_node octowhere-node/src/node.rs:1299)
165.699525 [DEBUG] [MESH] the channel is busy; backing off 390ms (octowhere_node octowhere-node/src/node.rs:1299)
166.113092 [DEBUG] [MESH] the channel is busy; backing off 50ms (octowhere_node octowhere-node/src/node.rs:1299)
166.396645 [DEBUG] [MESH] the channel is busy; backing off 630ms (octowhere_node octowhere-node/src/node.rs:1299)
167.140291 [DEBUG] [MESH] the channel is busy; backing off 320ms (octowhere_node octowhere-node/src/node.rs:1299)
167.643687 [DEBUG] [MESH] the channel is busy; backing off 580ms (octowhere_node octowhere-node/src/node.rs:1299)
168.387224 [DEBUG] [MESH] the channel is busy; backing off 380ms (octowhere_node octowhere-node/src/node.rs:1299)
168.930750 [DEBUG] [MESH] the channel is busy; backing off 450ms (octowhere_node octowhere-node/src/node.rs:1299)
169.514491 [DEBUG] [MESH] the channel is busy; backing off 90ms (octowhere_node octowhere-node/src/node.rs:1299)
169.708409 [DEBUG] [MESH] the channel is busy; backing off 590ms (octowhere_node octowhere-node/src/node.rs:1299)
170.471823 [DEBUG] [MESH] the channel is busy; backing off 20ms (octowhere_node octowhere-node/src/node.rs:1299)
170.575260 [DEBUG] [MESH] the channel is busy; backing off 290ms (octowhere_node octowhere-node/src/node.rs:1299)
171.158810 [DEBUG] [MESH] the channel is busy; backing off 430ms (octowhere_node octowhere-node/src/node.rs:1299)
171.702388 [DEBUG] [MESH] the channel is busy; backing off 150ms (octowhere_node octowhere-node/src/node.rs:1299)
172.115923 [DEBUG] [MESH] the channel is busy; backing off 580ms (octowhere_node octowhere-node/src/node.rs:1299)
172.799488 [DEBUG] [MESH] the channel is busy; backing off 0ms (octowhere_node octowhere-node/src/node.rs:1299)
172.962810 [DEBUG] [MESH] the channel is busy; backing off 580ms (octowhere_node octowhere-node/src/node.rs:1299)
173.626253 [DEBUG] [MESH] the channel is busy; backing off 90ms (octowhere_node octowhere-node/src/node.rs:1299)
173.809796 [DEBUG] [MESH] the channel is busy; backing off 410ms (octowhere_node octowhere-node/src/node.rs:1299)
174.503312 [DEBUG] [MESH] the channel is busy; backing off 200ms (octowhere_node octowhere-node/src/node.rs:1299)
174.736808 [DEBUG] [MESH] the channel is busy; backing off 200ms (octowhere_node octowhere-node/src/node.rs:1299)
175.080319 [DEBUG] [MESH] the channel is busy; backing off 300ms (octowhere_node octowhere-node/src/node.rs:1299)
175.513877 [DEBUG] [MESH] the channel is busy; backing off 320ms (octowhere_node octowhere-node/src/node.rs:1299)
176.007376 [DEBUG] [MESH] the channel is busy; backing off 260ms (octowhere_node octowhere-node/src/node.rs:1299)
176.480858 [DEBUG] [MESH] the channel is busy; backing off 80ms (octowhere_node octowhere-node/src/node.rs:1299)
176.764446 [DEBUG] [MESH] the channel is busy; backing off 130ms (octowhere_node octowhere-node/src/node.rs:1299)
176.987985 [DEBUG] [MESH] the channel is busy; backing off 30ms (octowhere_node octowhere-node/src/node.rs:1299)
177.211535 [DEBUG] [MESH] the channel is busy; backing off 540ms (octowhere_node octowhere-node/src/node.rs:1299)
177.855057 [DEBUG] [MESH] the channel is busy; backing off 260ms (octowhere_node octowhere-node/src/node.rs:1299)
178.358574 [DEBUG] [MESH] the channel is busy; backing off 250ms (octowhere_node octowhere-node/src/node.rs:1299)
178.672142 [DEBUG] [MESH] the channel is busy; backing off 230ms (octowhere_node octowhere-node/src/node.rs:1299)
179.085682 [DEBUG] [MESH] the channel is busy; backing off 590ms (octowhere_node octowhere-node/src/node.rs:1299)
179.959138 [DEBUG] [MESH] the channel is busy; backing off 480ms (octowhere_node octowhere-node/src/node.rs:1299)
180.652710 [DEBUG] [MESH] the channel is busy; backing off 470ms (octowhere_node octowhere-node/src/node.rs:1299)
181.256309 [DEBUG] [MESH] the channel is busy; backing off 510ms (octowhere_node octowhere-node/src/node.rs:1299)
181.939896 [DEBUG] [MESH] the channel is busy; backing off 40ms (octowhere_node octowhere-node/src/node.rs:1299)
182.063318 [DEBUG] [MESH] the channel is busy; backing off 140ms (octowhere_node octowhere-node/src/node.rs:1299)
182.236896 [DEBUG] [MESH] the channel is busy; backing off 40ms (octowhere_node octowhere-node/src/node.rs:1299)
182.490534 [DEBUG] [MESH] the channel is busy; backing off 10ms (octowhere_node octowhere-node/src/node.rs:1299)
182.784116 [DEBUG] [MESH] the channel is busy; backing off 420ms (octowhere_node octowhere-node/src/node.rs:1299)
183.457711 [DEBUG] [MESH] the channel is busy; backing off 560ms (octowhere_node octowhere-node/src/node.rs:1299)
184.041073 [DEBUG] [MESH] the channel is busy; backing off 420ms (octowhere_node octowhere-node/src/node.rs:1299)
184.574533 [DEBUG] [MESH] the channel is busy; backing off 30ms (octowhere_node octowhere-node/src/node.rs:1299)
184.808045 [DEBUG] [MESH] the channel is busy; backing off 140ms (octowhere_node octowhere-node/src/node.rs:1299)
185.101527 [DEBUG] [MESH] the channel is busy; backing off 560ms (octowhere_node octowhere-node/src/node.rs:1299)
185.705022 [DEBUG] [MESH] the channel is busy; backing off 330ms (octowhere_node octowhere-node/src/node.rs:1299)
186.068506 [DEBUG] [MESH] the channel is busy; backing off 260ms (octowhere_node octowhere-node/src/node.rs:1299)
186.432220 [DEBUG] [MESH] the channel is busy; backing off 280ms (octowhere_node octowhere-node/src/node.rs:1299)
186.915771 [DEBUG] [MESH] the channel is busy; backing off 590ms (octowhere_node octowhere-node/src/node.rs:1299)
187.512106 [DEBUG] [MESH] the channel is busy; backing off 610ms (octowhere_node octowhere-node/src/node.rs:1299)
188.325676 [DEBUG] [MESH] the channel is busy; backing off 290ms (octowhere_node octowhere-node/src/node.rs:1299)
188.889250 [DEBUG] [MESH] the channel is busy; backing off 10ms (octowhere_node octowhere-node/src/node.rs:1299)
189.192889 [DEBUG] [MESH] the channel is busy; backing off 300ms (octowhere_node octowhere-node/src/node.rs:1299)
189.686420 [DEBUG] [MESH] the channel is busy; backing off 130ms (octowhere_node octowhere-node/src/node.rs:1299)
189.949914 [DEBUG] [MESH] the channel is busy; backing off 500ms (octowhere_node octowhere-node/src/node.rs:1299)
190.683351 [DEBUG] [MESH] the channel is busy; backing off 450ms (octowhere_node octowhere-node/src/node.rs:1299)
191.386897 [DEBUG] [MESH] the channel is busy; backing off 380ms (octowhere_node octowhere-node/src/node.rs:1299)
192.000340 [DEBUG] [MESH] the channel is busy; backing off 300ms (octowhere_node octowhere-node/src/node.rs:1299)
192.363958 [DEBUG] [MESH] the channel is busy; backing off 110ms (octowhere_node octowhere-node/src/node.rs:1299)
192.737473 [DEBUG] [MESH] the channel is busy; backing off 380ms (octowhere_node octowhere-node/src/node.rs:1299)
193.171047 [DEBUG] [MESH] the channel is busy; backing off 400ms (octowhere_node octowhere-node/src/node.rs:1299)
193.624566 [DEBUG] [MESH] the channel is busy; backing off 530ms (octowhere_node octowhere-node/src/node.rs:1299)
194.388091 [DEBUG] [MESH] the channel is busy; backing off 540ms (octowhere_node octowhere-node/src/node.rs:1299)
194.961595 [DEBUG] [MESH] the channel is busy; backing off 350ms (octowhere_node octowhere-node/src/node.rs:1299)
195.325298 [DEBUG] [MESH] the channel is busy; backing off 90ms (octowhere_node octowhere-node/src/node.rs:1299)
195.548746 [DEBUG] [MESH] the channel is busy; backing off 160ms (octowhere_node octowhere-node/src/node.rs:1299)
195.752283 [DEBUG] [MESH] the channel is busy; backing off 350ms (octowhere_node octowhere-node/src/node.rs:1299)
196.175807 [DEBUG] [MESH] the channel is busy; backing off 410ms (octowhere_node octowhere-node/src/node.rs:1299)
196.739368 [DEBUG] [MESH] the channel is busy; backing off 430ms (octowhere_node octowhere-node/src/node.rs:1299)
197.232886 [DEBUG] [MESH] the channel is busy; backing off 280ms (octowhere_node octowhere-node/src/node.rs:1299)
197.606440 [DEBUG] [MESH] the channel is busy; backing off 330ms (octowhere_node octowhere-node/src/node.rs:1299)
198.220448 [DEBUG] [MESH] the channel is busy; backing off 610ms (octowhere_node octowhere-node/src/node.rs:1299)
199.143985 [DEBUG] [MESH] the channel is busy; backing off 260ms (octowhere_node octowhere-node/src/node.rs:1299)
199.537464 [DEBUG] [MESH] the channel is busy; backing off 590ms (octowhere_node octowhere-node/src/node.rs:1299)
200.390976 [DEBUG] [MESH] the channel is busy; backing off 270ms (octowhere_node octowhere-node/src/node.rs:1299)
200.774391 [DEBUG] [MESH] the channel is busy; backing off 170ms (octowhere_node octowhere-node/src/node.rs:1299)
201.158092 [DEBUG] [MESH] the channel is busy; backing off 330ms (octowhere_node octowhere-node/src/node.rs:1299)
201.631696 [DEBUG] [MESH] the channel is busy; backing off 230ms (octowhere_node octowhere-node/src/node.rs:1299)
201.895298 [DEBUG] [MESH] the channel is busy; backing off 130ms (octowhere_node octowhere-node/src/node.rs:1299)
202.048803 [DEBUG] [MESH] the channel is busy; backing off 280ms (octowhere_node octowhere-node/src/node.rs:1299)
202.452328 [DEBUG] [MESH] the channel is busy; backing off 280ms (octowhere_node octowhere-node/src/node.rs:1299)
202.945904 [DEBUG] [MESH] the channel is busy; backing off 410ms (octowhere_node octowhere-node/src/node.rs:1299)
203.609416 [DEBUG] [MESH] the channel is busy; backing off 630ms (octowhere_node octowhere-node/src/node.rs:1299)
204.362945 [DEBUG] [MESH] the channel is busy; backing off 450ms (octowhere_node octowhere-node/src/node.rs:1299)
204.836444 [DEBUG] [MESH] the channel is busy; backing off 400ms (octowhere_node octowhere-node/src/node.rs:1299)
205.259926 [DEBUG] [MESH] the channel is busy; backing off 430ms (octowhere_node octowhere-node/src/node.rs:1299)
205.873437 [DEBUG] [MESH] the channel is busy; backing off 490ms (octowhere_node octowhere-node/src/node.rs:1299)
206.457122 [DEBUG] [MESH] the channel is busy; backing off 380ms (octowhere_node octowhere-node/src/node.rs:1299)
206.890621 [DEBUG] [MESH] the channel is busy; backing off 290ms (octowhere_node octowhere-node/src/node.rs:1299)
207.364164 [DEBUG] [MESH] the channel is busy; backing off 530ms (octowhere_node octowhere-node/src/node.rs:1299)
208.067768 [DEBUG] [MESH] the channel is busy; backing off 560ms (octowhere_node octowhere-node/src/node.rs:1299)
208.941356 [DEBUG] [MESH] the channel is busy; backing off 60ms (octowhere_node octowhere-node/src/node.rs:1299)
209.144837 [DEBUG] [MESH] the channel is busy; backing off 470ms (octowhere_node octowhere-node/src/node.rs:1299)
209.688331 [DEBUG] [MESH] the channel is busy; backing off 190ms (octowhere_node octowhere-node/src/node.rs:1299)
210.171825 [DEBUG] [MESH] the channel is busy; backing off 510ms (octowhere_node octowhere-node/src/node.rs:1299)
210.795389 [DEBUG] [MESH] the channel is busy; backing off 230ms (octowhere_node octowhere-node/src/node.rs:1299)
211.188925 [DEBUG] [MESH] the channel is busy; backing off 80ms (octowhere_node octowhere-node/src/node.rs:1299)
211.352490 [DEBUG] [MESH] the channel is busy; backing off 80ms (octowhere_node octowhere-node/src/node.rs:1299)
211.526127 [DEBUG] [MESH] the channel is busy; backing off 100ms (octowhere_node octowhere-node/src/node.rs:1299)
211.939680 [DEBUG] [MESH] the channel is busy; backing off 400ms (octowhere_node octowhere-node/src/node.rs:1299)
212.473299 [DEBUG] [MESH] the channel is busy; backing off 560ms (octowhere_node octowhere-node/src/node.rs:1299)
213.236903 [DEBUG] [MESH] the channel is busy; backing off 340ms (octowhere_node octowhere-node/src/node.rs:1299)
213.620467 [DEBUG] [MESH] the channel is busy; backing off 150ms (octowhere_node octowhere-node/src/node.rs:1299)
214.064000 [DEBUG] [MESH] the channel is busy; backing off 300ms (octowhere_node octowhere-node/src/node.rs:1299)
214.597516 [DEBUG] [MESH] the channel is busy; backing off 180ms (octowhere_node octowhere-node/src/node.rs:1299)
214.931033 [DEBUG] [MESH] the channel is busy; backing off 370ms (octowhere_node octowhere-node/src/node.rs:1299)
215.524609 [DEBUG] [MESH] the channel is busy; backing off 170ms (octowhere_node octowhere-node/src/node.rs:1299)
215.968121 [DEBUG] [MESH] the channel is busy; backing off 100ms (octowhere_node octowhere-node/src/node.rs:1299)
216.211646 [DEBUG] [MESH] the channel is busy; backing off 420ms (octowhere_node octowhere-node/src/node.rs:1299)
216.945208 [DEBUG] [MESH] the channel is busy; backing off 190ms (octowhere_node octowhere-node/src/node.rs:1299)
217.198781 [DEBUG] [MESH] the channel is busy; backing off 450ms (octowhere_node octowhere-node/src/node.rs:1299)
217.712244 [DEBUG] [MESH] the channel is busy; backing off 240ms (octowhere_node octowhere-node/src/node.rs:1299)
218.095765 [DEBUG] [MESH] the channel is busy; backing off 610ms (octowhere_node octowhere-node/src/node.rs:1299)
218.739222 [DEBUG] [MESH] the channel is busy; backing off 430ms (octowhere_node octowhere-node/src/node.rs:1299)
219.442720 [DEBUG] [MESH] the channel is busy; backing off 40ms (octowhere_node octowhere-node/src/node.rs:1299)
219.726150 [DEBUG] [MESH] the channel is busy; backing off 210ms (octowhere_node octowhere-node/src/node.rs:1299)
220.209667 [DEBUG] [MESH] the channel is busy; backing off 340ms (octowhere_node octowhere-node/src/node.rs:1299)
220.653314 [DEBUG] [MESH] the channel is busy; backing off 260ms (octowhere_node octowhere-node/src/node.rs:1299)
221.216827 [DEBUG] [MESH] the channel is busy; backing off 300ms (octowhere_node octowhere-node/src/node.rs:1299)
221.670326 [DEBUG] [MESH] the channel is busy; backing off 40ms (octowhere_node octowhere-node/src/node.rs:1299)
221.883813 [DEBUG] [MESH] the channel is busy; backing off 470ms (octowhere_node octowhere-node/src/node.rs:1299)
222.437652 [DEBUG] [MESH] the channel is busy; backing off 450ms (octowhere_node octowhere-node/src/node.rs:1299)
223.041169 [DEBUG] [MESH] the channel is busy; backing off 280ms (octowhere_node octowhere-node/src/node.rs:1299)
223.564665 [DEBUG] [MESH] the channel is busy; backing off 290ms (octowhere_node octowhere-node/src/node.rs:1299)
223.918264 [DEBUG] [MESH] the channel is busy; backing off 150ms (octowhere_node octowhere-node/src/node.rs:1299)
224.091769 [DEBUG] [MESH] the channel is busy; backing off 160ms (octowhere_node octowhere-node/src/node.rs:1299)
224.524520 [DEBUG] [MESH] the channel is busy; backing off 500ms (octowhere_node octowhere-node/src/node.rs:1299)
225.198019 [DEBUG] [MESH] the channel is busy; backing off 620ms (octowhere_node octowhere-node/src/node.rs:1299)
225.951538 [DEBUG] [MESH] the channel is busy; backing off 620ms (octowhere_node octowhere-node/src/node.rs:1299)
226.685040 [DEBUG] [MESH] the channel is busy; backing off 20ms (octowhere_node octowhere-node/src/node.rs:1299)
226.908599 [DEBUG] [MESH] the channel is busy; backing off 110ms (octowhere_node octowhere-node/src/node.rs:1299)
227.062124 [DEBUG] [MESH] the channel is busy; backing off 580ms (octowhere_node octowhere-node/src/node.rs:1299)
227.715597 [DEBUG] [MESH] the channel is busy; backing off 230ms (octowhere_node octowhere-node/src/node.rs:1299)
228.219114 [DEBUG] [MESH] the channel is busy; backing off 300ms (octowhere_node octowhere-node/src/node.rs:1299)
228.622549 [DEBUG] [MESH] the channel is busy; backing off 90ms (octowhere_node octowhere-node/src/node.rs:1299)
229.016078 [DEBUG] [MESH] the channel is busy; backing off 570ms (octowhere_node octowhere-node/src/node.rs:1299)
229.799576 [DEBUG] [MESH] the channel is busy; backing off 240ms (octowhere_node octowhere-node/src/node.rs:1299)
230.273580 [DEBUG] [MESH] the channel is busy; backing off 590ms (octowhere_node octowhere-node/src/node.rs:1299)
230.967247 [DEBUG] [MESH] the channel is busy; backing off 290ms (octowhere_node octowhere-node/src/node.rs:1299)
231.550761 [DEBUG] [MESH] the channel is busy; backing off 430ms (octowhere_node octowhere-node/src/node.rs:1299)
232.054343 [DEBUG] [MESH] the channel is busy; backing off 200ms (octowhere_node octowhere-node/src/node.rs:1299)
232.327908 [DEBUG] [MESH] the channel is busy; backing off 410ms (octowhere_node octowhere-node/src/node.rs:1299)
232.981433 [DEBUG] [MESH] the channel is busy; backing off 620ms (octowhere_node octowhere-node/src/node.rs:1299)
233.724941 [DEBUG] [MESH] the channel is busy; backing off 140ms (octowhere_node octowhere-node/src/node.rs:1299)
234.038508 [DEBUG] [MESH] the channel is busy; backing off 340ms (octowhere_node octowhere-node/src/node.rs:1299)
234.632002 [DEBUG] [MESH] the channel is busy; backing off 150ms (octowhere_node octowhere-node/src/node.rs:1299)
235.015503 [DEBUG] [MESH] the channel is busy; backing off 440ms (octowhere_node octowhere-node/src/node.rs:1299)
235.479109 [DEBUG] [MESH] the channel is busy; backing off 430ms (octowhere_node octowhere-node/src/node.rs:1299)
236.012567 [DEBUG] [MESH] the channel is busy; backing off 160ms (octowhere_node octowhere-node/src/node.rs:1299)
236.466036 [DEBUG] [MESH] the channel is busy; backing off 490ms (octowhere_node octowhere-node/src/node.rs:1299)
236.989487 [DEBUG] [MESH] the channel is busy; backing off 480ms (octowhere_node octowhere-node/src/node.rs:1299)
237.693074 [DEBUG] [MESH] the channel is busy; backing off 80ms (octowhere_node octowhere-node/src/node.rs:1299)
237.926640 [DEBUG] [MESH] the channel is busy; backing off 530ms (octowhere_node octowhere-node/src/node.rs:1299)
238.540055 [DEBUG] [MESH] the channel is busy; backing off 120ms (octowhere_node octowhere-node/src/node.rs:1299)
238.923556 [DEBUG] [MESH] the channel is busy; backing off 540ms (octowhere_node octowhere-node/src/node.rs:1299)
239.677005 [DEBUG] [MESH] the channel is busy; backing off 490ms (octowhere_node octowhere-node/src/node.rs:1299)
240.370599 [DEBUG] [MESH] the channel is busy; backing off 110ms (octowhere_node octowhere-node/src/node.rs:1299)
240.754070 [DEBUG] [MESH] the channel is busy; backing off 200ms (octowhere_node octowhere-node/src/node.rs:1299)
241.077617 [DEBUG] [MESH] the channel is busy; backing off 450ms (octowhere_node octowhere-node/src/node.rs:1299)
241.571157 [DEBUG] [MESH] the channel is busy; backing off 170ms (octowhere_node octowhere-node/src/node.rs:1299)
242.054698 [DEBUG] [MESH] the channel is busy; backing off 20ms (octowhere_node octowhere-node/src/node.rs:1299)
242.378207 [DEBUG] [MESH] the channel is busy; backing off 70ms (octowhere_node octowhere-node/src/node.rs:1299)
242.481645 [DEBUG] [MESH] the channel is busy; backing off 450ms (octowhere_node octowhere-node/src/node.rs:1299)
243.205179 [DEBUG] [MESH] the channel is busy; backing off 90ms (octowhere_node octowhere-node/src/node.rs:1299)
243.588676 [DEBUG] [MESH] the channel is busy; backing off 420ms (octowhere_node octowhere-node/src/node.rs:1299)
244.192285 [DEBUG] [MESH] the channel is busy; backing off 160ms (octowhere_node octowhere-node/src/node.rs:1299)
244.425856 [DEBUG] [MESH] the channel is busy; backing off 460ms (octowhere_node octowhere-node/src/node.rs:1299)
245.089379 [DEBUG] [MESH] the channel is busy; backing off 580ms (octowhere_node octowhere-node/src/node.rs:1299)
245.902881 [DEBUG] [MESH] the channel is busy; backing off 120ms (octowhere_node octowhere-node/src/node.rs:1299)
246.286372 [DEBUG] [MESH] the channel is busy; backing off 250ms (octowhere_node octowhere-node/src/node.rs:1299)
246.699875 [DEBUG] [MESH] the channel is busy; backing off 230ms (octowhere_node octowhere-node/src/node.rs:1299)
247.023472 [DEBUG] [MESH] the channel is busy; backing off 70ms (octowhere_node octowhere-node/src/node.rs:1299)
247.276976 [DEBUG] [MESH] the channel is busy; backing off 120ms (octowhere_node octowhere-node/src/node.rs:1299)
247.660455 [DEBUG] [MESH] the channel is busy; backing off 480ms (octowhere_node octowhere-node/src/node.rs:1299)
248.404085 [DEBUG] [MESH] the channel is busy; backing off 380ms (octowhere_node octowhere-node/src/node.rs:1299)
248.897632 [DEBUG] [MESH] the channel is busy; backing off 210ms (octowhere_node octowhere-node/src/node.rs:1299)
249.301202 [DEBUG] [MESH] the channel is busy; backing off 570ms (octowhere_node octowhere-node/src/node.rs:1299)
249.884796 [DEBUG] [MESH] the channel is busy; backing off 410ms (octowhere_node octowhere-node/src/node.rs:1299)
250.328398 [DEBUG] [MESH] the channel is busy; backing off 30ms (octowhere_node octowhere-node/src/node.rs:1299)
250.362084 [DEBUG] [MESH] the channel is busy; backing off 570ms (octowhere_node octowhere-node/src/node.rs:1299)
250.985615 [DEBUG] [MESH] the channel is busy; backing off 110ms (octowhere_node octowhere-node/src/node.rs:1299)
251.209124 [DEBUG] [MESH] the channel is busy; backing off 260ms (octowhere_node octowhere-node/src/node.rs:1299)
251.562670 [DEBUG] [MESH] the channel is busy; backing off 400ms (octowhere_node octowhere-node/src/node.rs:1299)
252.006286 [DEBUG] [MESH] the channel is busy; backing off 420ms (octowhere_node octowhere-node/src/node.rs:1299)
252.589743 [DEBUG] [MESH] the channel is busy; backing off 100ms (octowhere_node octowhere-node/src/node.rs:1299)
252.823199 [DEBUG] [MESH] the channel is busy; backing off 50ms (octowhere_node octowhere-node/src/node.rs:1299)
252.886759 [DEBUG] [MESH] the channel is busy; backing off 390ms (octowhere_node octowhere-node/src/node.rs:1299)
253.410304 [DEBUG] [MESH] the channel is busy; backing off 600ms (octowhere_node octowhere-node/src/node.rs:1299)
254.203904 [DEBUG] [MESH] the channel is busy; backing off 170ms (octowhere_node octowhere-node/src/node.rs:1299)
254.547453 [DEBUG] [MESH] the channel is busy; backing off 130ms (octowhere_node octowhere-node/src/node.rs:1299)
254.910945 [DEBUG] [MESH] the channel is busy; backing off 490ms (octowhere_node octowhere-node/src/node.rs:1299)
255.524465 [DEBUG] [MESH] the channel is busy; backing off 30ms (octowhere_node octowhere-node/src/node.rs:1299)
255.797920 [DEBUG] [MESH] the channel is busy; backing off 310ms (octowhere_node octowhere-node/src/node.rs:1299)
256.141474 [DEBUG] [MESH] the channel is busy; backing off 470ms (octowhere_node octowhere-node/src/node.rs:1299)
256.675060 [DEBUG] [MESH] the channel is busy; backing off 180ms (octowhere_node octowhere-node/src/node.rs:1299)
257.038568 [DEBUG] [MESH] the channel is busy; backing off 10ms (octowhere_node octowhere-node/src/node.rs:1299)
257.082087 [DEBUG] [MESH] the channel is busy; backing off 130ms (octowhere_node octowhere-node/src/node.rs:1299)
257.395594 [DEBUG] [MESH] the channel is busy; backing off 210ms (octowhere_node octowhere-node/src/node.rs:1299)
257.909165 [DEBUG] [MESH] the channel is busy; backing off 470ms (octowhere_node octowhere-node/src/node.rs:1299)
258.502792 [DEBUG] [MESH] the channel is busy; backing off 280ms (octowhere_node octowhere-node/src/node.rs:1299)
258.956305 [DEBUG] [MESH] the channel is busy; backing off 340ms (octowhere_node octowhere-node/src/node.rs:1299)
259.559787 [DEBUG] [MESH] the channel is busy; backing off 270ms (octowhere_node octowhere-node/src/node.rs:1299)
260.093335 [DEBUG] [MESH] the channel is busy; backing off 330ms (octowhere_node octowhere-node/src/node.rs:1299)
260.686823 [DEBUG] [MESH] the channel is busy; backing off 250ms (octowhere_node octowhere-node/src/node.rs:1299)
261.110669 [DEBUG] [MESH] the channel is busy; backing off 410ms (octowhere_node octowhere-node/src/node.rs:1299)
261.544175 [DEBUG] [MESH] the channel is busy; backing off 510ms (octowhere_node octowhere-node/src/node.rs:1299)
262.287807 [DEBUG] [MESH] the channel is busy; backing off 380ms (octowhere_node octowhere-node/src/node.rs:1299)
262.751297 [DEBUG] [MESH] the channel is busy; backing off 500ms (octowhere_node octowhere-node/src/node.rs:1299)
263.554829 [DEBUG] [MESH] the channel is busy; backing off 200ms (octowhere_node octowhere-node/src/node.rs:1299)
264.058333 [DEBUG] [MESH] the channel is busy; backing off 180ms (octowhere_node octowhere-node/src/node.rs:1299)
264.501817 [DEBUG] [MESH] the channel is busy; backing off 560ms (octowhere_node octowhere-node/src/node.rs:1299)
265.065496 [DEBUG] [MESH] the channel is busy; backing off 410ms (octowhere_node octowhere-node/src/node.rs:1299)
265.669025 [DEBUG] [MESH] the channel is busy; backing off 270ms (octowhere_node octowhere-node/src/node.rs:1299)
266.152458 [DEBUG] [MESH] the channel is busy; backing off 560ms (octowhere_node octowhere-node/src/node.rs:1299)
266.945896 [DEBUG] [MESH] the channel is busy; backing off 340ms (octowhere_node octowhere-node/src/node.rs:1299)
267.399449 [DEBUG] [MESH] the channel is busy; backing off 160ms (octowhere_node octowhere-node/src/node.rs:1299)
267.772944 [DEBUG] [MESH] the channel is busy; backing off 310ms (octowhere_node octowhere-node/src/node.rs:1299)
268.296486 [DEBUG] [MESH] the channel is busy; backing off 0ms (octowhere_node octowhere-node/src/node.rs:1299)
268.339742 [DEBUG] [MESH] the channel is busy; backing off 170ms (octowhere_node octowhere-node/src/node.rs:1299)
268.723251 [DEBUG] [MESH] the channel is busy; backing off 170ms (octowhere_node octowhere-node/src/node.rs:1299)
269.156857 [DEBUG] [MESH] the channel is busy; backing off 420ms (octowhere_node octowhere-node/src/node.rs:1299)
269.590343 [DEBUG] [MESH] the channel is busy; backing off 630ms (octowhere_node octowhere-node/src/node.rs:1299)
270.533832 [DEBUG] [MESH] the channel is busy; backing off 260ms (octowhere_node octowhere-node/src/node.rs:1299)
270.997331 [DEBUG] [MESH] the channel is busy; backing off 350ms (octowhere_node octowhere-node/src/node.rs:1299)
271.410971 [DEBUG] [MESH] the channel is busy; backing off 10ms (octowhere_node octowhere-node/src/node.rs:1299)
271.694495 [DEBUG] [MESH] the channel is busy; backing off 160ms (octowhere_node octowhere-node/src/node.rs:1299)
271.988005 [DEBUG] [MESH] the channel is busy; backing off 50ms (octowhere_node octowhere-node/src/node.rs:1299)
272.181525 [DEBUG] [MESH] the channel is busy; backing off 570ms (octowhere_node octowhere-node/src/node.rs:1299)
273.045183 [DEBUG] [MESH] the channel is busy; backing off 380ms (octowhere_node octowhere-node/src/node.rs:1299)
273.608607 [DEBUG] [MESH] the channel is busy; backing off 250ms (octowhere_node octowhere-node/src/node.rs:1299)
273.902112 [DEBUG] [MESH] the channel is busy; backing off 560ms (octowhere_node octowhere-node/src/node.rs:1299)
274.525562 [DEBUG] [MESH] the channel is busy; backing off 270ms (octowhere_node octowhere-node/src/node.rs:1299)
275.049068 [DEBUG] [MESH] the channel is busy; backing off 300ms (octowhere_node octowhere-node/src/node.rs:1299)
275.402483 [DEBUG] [MESH] the channel is busy; backing off 410ms (octowhere_node octowhere-node/src/node.rs:1299)
276.116012 [DEBUG] [MESH] the channel is busy; backing off 320ms (octowhere_node octowhere-node/src/node.rs:1299)
276.539426 [DEBUG] [MESH] the channel is busy; backing off 220ms (octowhere_node octowhere-node/src/node.rs:1299)
276.903063 [DEBUG] [MESH] the channel is busy; backing off 190ms (octowhere_node octowhere-node/src/node.rs:1299)
277.396547 [DEBUG] [MESH] the channel is busy; backing off 370ms (octowhere_node octowhere-node/src/node.rs:1299)
277.810108 [DEBUG] [MESH] the channel is busy; backing off 140ms (octowhere_node octowhere-node/src/node.rs:1299)
278.023570 [DEBUG] [MESH] the channel is busy; backing off 70ms (octowhere_node octowhere-node/src/node.rs:1299)
278.117081 [DEBUG] [MESH] the channel is busy; backing off 390ms (octowhere_node octowhere-node/src/node.rs:1299)
278.610665 [DEBUG] [MESH] the channel is busy; backing off 600ms (octowhere_node octowhere-node/src/node.rs:1299)
279.224214 [DEBUG] [MESH] the channel is busy; backing off 100ms (octowhere_node octowhere-node/src/node.rs:1299)
279.517714 [DEBUG] [MESH] the channel is busy; backing off 450ms (octowhere_node octowhere-node/src/node.rs:1299)
280.161238 [DEBUG] [MESH] the channel is busy; backing off 290ms (octowhere_node octowhere-node/src/node.rs:1299)
280.474782 [DEBUG] [MESH] the channel is busy; backing off 190ms (octowhere_node octowhere-node/src/node.rs:1299)
280.788438 [DEBUG] [MESH] the channel is busy; backing off 40ms (octowhere_node octowhere-node/src/node.rs:1299)
280.842042 [DEBUG] [MESH] the channel is busy; backing off 530ms (octowhere_node octowhere-node/src/node.rs:1299)
281.475611 [DEBUG] [MESH] the channel is busy; backing off 160ms (octowhere_node octowhere-node/src/node.rs:1299)
281.819046 [DEBUG] [MESH] the channel is busy; backing off 130ms (octowhere_node octowhere-node/src/node.rs:1299)
282.102429 [DEBUG] [MESH] the channel is busy; backing off 270ms (octowhere_node octowhere-node/src/node.rs:1299)
282.576032 [DEBUG] [MESH] the channel is busy; backing off 410ms (octowhere_node octowhere-node/src/node.rs:1299)
283.169465 [DEBUG] [MESH] the channel is busy; backing off 260ms (octowhere_node octowhere-node/src/node.rs:1299)
283.593133 [DEBUG] [MESH] the channel is busy; backing off 300ms (octowhere_node octowhere-node/src/node.rs:1299)
283.956655 [DEBUG] [MESH] the channel is busy; backing off 310ms (octowhere_node octowhere-node/src/node.rs:1299)
284.370166 [DEBUG] [MESH] the channel is busy; backing off 250ms (octowhere_node octowhere-node/src/node.rs:1299)
284.653659 [DEBUG] [MESH] the channel is busy; backing off 30ms (octowhere_node octowhere-node/src/node.rs:1299)
284.927125 [DEBUG] [MESH] the channel is busy; backing off 330ms (octowhere_node octowhere-node/src/node.rs:1299)
285.570618 [DEBUG] [MESH] the channel is busy; backing off 580ms (octowhere_node octowhere-node/src/node.rs:1299)
286.224136 [DEBUG] [MESH] the channel is busy; backing off 510ms (octowhere_node octowhere-node/src/node.rs:1299)
286.897603 [DEBUG] [MESH] the channel is busy; backing off 560ms (octowhere_node octowhere-node/src/node.rs:1299)
287.512336 [DEBUG] [MESH] the channel is busy; backing off 570ms (octowhere_node octowhere-node/src/node.rs:1299)
288.225731 [DEBUG] [MESH] the channel is busy; backing off 260ms (octowhere_node octowhere-node/src/node.rs:1299)
288.519234 [DEBUG] [MESH] the channel is busy; backing off 540ms (octowhere_node octowhere-node/src/node.rs:1299)
289.082721 [DEBUG] [MESH] the channel is busy; backing off 40ms (octowhere_node octowhere-node/src/node.rs:1299)
289.156314 [DEBUG] [MESH] the channel is busy; backing off 150ms (octowhere_node octowhere-node/src/node.rs:1299)
289.369835 [DEBUG] [MESH] the channel is busy; backing off 490ms (octowhere_node octowhere-node/src/node.rs:1299)
290.053347 [DEBUG] [MESH] the channel is busy; backing off 250ms (octowhere_node octowhere-node/src/node.rs:1299)
290.376812 [DEBUG] [MESH] the channel is busy; backing off 140ms (octowhere_node octowhere-node/src/node.rs:1299)
290.630253 [DEBUG] [MESH] the channel is busy; backing off 550ms (octowhere_node octowhere-node/src/node.rs:1299)
291.273865 [DEBUG] [MESH] the channel is busy; backing off 10ms (octowhere_node octowhere-node/src/node.rs:1299)
291.597511 [DEBUG] [MESH] the channel is busy; backing off 60ms (octowhere_node octowhere-node/src/node.rs:1299)
291.741136 [DEBUG] [MESH] the channel is busy; backing off 380ms (octowhere_node octowhere-node/src/node.rs:1299)
292.187403 [DEBUG] [MESH] the channel is busy; backing off 170ms (octowhere_node octowhere-node/src/node.rs:1299)
292.670899 [DEBUG] [MESH] the channel is busy; backing off 590ms (octowhere_node octowhere-node/src/node.rs:1299)
293.474499 [DEBUG] [MESH] the channel is busy; backing off 570ms (octowhere_node octowhere-node/src/node.rs:1299)
294.248005 [DEBUG] [MESH] the channel is busy; backing off 340ms (octowhere_node octowhere-node/src/node.rs:1299)
294.871516 [DEBUG] [MESH] the channel is busy; backing off 500ms (octowhere_node octowhere-node/src/node.rs:1299)
295.635022 [DEBUG] [MESH] the channel is busy; backing off 310ms (octowhere_node octowhere-node/src/node.rs:1299)
295.978670 [DEBUG] [MESH] the channel is busy; backing off 410ms (octowhere_node octowhere-node/src/node.rs:1299)
296.462258 [DEBUG] [MESH] the channel is busy; backing off 540ms (octowhere_node octowhere-node/src/node.rs:1299)
297.095826 [DEBUG] [MESH] the channel is busy; backing off 70ms (octowhere_node octowhere-node/src/node.rs:1299)
297.349331 [DEBUG] [MESH] the channel is busy; backing off 180ms (octowhere_node octowhere-node/src/node.rs:1299)
297.592855 [DEBUG] [MESH] the channel is busy; backing off 0ms (octowhere_node octowhere-node/src/node.rs:1299)
297.705996 [DEBUG] [MESH] the channel is busy; backing off 240ms (octowhere_node octowhere-node/src/node.rs:1299)
298.059572 [DEBUG] [MESH] the channel is busy; backing off 170ms (octowhere_node octowhere-node/src/node.rs:1299)
298.283042 [DEBUG] [MESH] the channel is busy; backing off 510ms (octowhere_node octowhere-node/src/node.rs:1299)
299.016466 [DEBUG] [MESH] the channel is busy; backing off 190ms (octowhere_node octowhere-node/src/node.rs:1299)
299.239943 [DEBUG] [MESH] the channel is busy; backing off 570ms (octowhere_node octowhere-node/src/node.rs:1299)
299.893441 [DEBUG] [MESH] the channel is busy; backing off 30ms (octowhere_node octowhere-node/src/node.rs:1299)
300.086925 [DEBUG] [MESH] the channel is busy; backing off 130ms (octowhere_node octowhere-node/src/node.rs:1299)
300.450411 [DEBUG] [MESH] the channel is busy; backing off 120ms (octowhere_node octowhere-node/src/node.rs:1299)
300.633890 [DEBUG] [MESH] the channel is busy; backing off 530ms (octowhere_node octowhere-node/src/node.rs:1299)
301.457367 [DEBUG] [MESH] the channel is busy; backing off 360ms (octowhere_node octowhere-node/src/node.rs:1299)
301.971040 [DEBUG] [MESH] the channel is busy; backing off 570ms (octowhere_node octowhere-node/src/node.rs:1299)
302.554799 [DEBUG] [MESH] the channel is busy; backing off 600ms (octowhere_node octowhere-node/src/node.rs:1299)
303.408339 [DEBUG] [MESH] the channel is busy; backing off 310ms (octowhere_node octowhere-node/src/node.rs:1299)
303.881809 [DEBUG] [MESH] the channel is busy; backing off 220ms (octowhere_node octowhere-node/src/node.rs:1299)
304.385334 [DEBUG] [MESH] the channel is busy; backing off 190ms (octowhere_node octowhere-node/src/node.rs:1299)
304.708908 [DEBUG] [MESH] the channel is busy; backing off 430ms (octowhere_node octowhere-node/src/node.rs:1299)
305.142647 [DEBUG] [MESH] the channel is busy; backing off 630ms (octowhere_node octowhere-node/src/node.rs:1299)
305.786181 [DEBUG] [MESH] the channel is busy; backing off 590ms (octowhere_node octowhere-node/src/node.rs:1299)
306.520887 [DEBUG] [MESH] the channel is busy; backing off 520ms (octowhere_node octowhere-node/src/node.rs:1299)
307.084463 [DEBUG] [MESH] the channel is busy; backing off 590ms (octowhere_node octowhere-node/src/node.rs:1299)
307.708024 [DEBUG] [MESH] the channel is busy; backing off 580ms (octowhere_node octowhere-node/src/node.rs:1299)
308.321576 [DEBUG] [MESH] the channel is busy; backing off 630ms (octowhere_node octowhere-node/src/node.rs:1299)
309.265184 [DEBUG] [MESH] the channel is busy; backing off 300ms (octowhere_node octowhere-node/src/node.rs:1299)
309.618654 [DEBUG] [MESH] the channel is busy; backing off 230ms (octowhere_node octowhere-node/src/node.rs:1299)
310.032305 [DEBUG] [MESH] the channel is busy; backing off 440ms (octowhere_node octowhere-node/src/node.rs:1299)
310.595727 [DEBUG] [MESH] the channel is busy; backing off 350ms (octowhere_node octowhere-node/src/node.rs:1299)
310.959275 [DEBUG] [MESH] the channel is busy; backing off 460ms (octowhere_node octowhere-node/src/node.rs:1299)
311.492860 [DEBUG] [MESH] the channel is busy; backing off 370ms (octowhere_node octowhere-node/src/node.rs:1299)
312.056556 [DEBUG] [MESH] the channel is busy; backing off 230ms (octowhere_node octowhere-node/src/node.rs:1299)
312.550142 [DEBUG] [MESH] the channel is busy; backing off 220ms (octowhere_node octowhere-node/src/node.rs:1299)
312.893648 [DEBUG] [MESH] the channel is busy; backing off 50ms (octowhere_node octowhere-node/src/node.rs:1299)
312.987143 [DEBUG] [MESH] the channel is busy; backing off 410ms (octowhere_node octowhere-node/src/node.rs:1299)
313.510749 [DEBUG] [MESH] the channel is busy; backing off 30ms (octowhere_node octowhere-node/src/node.rs:1299)
313.724173 [DEBUG] [MESH] the channel is busy; backing off 210ms (octowhere_node octowhere-node/src/node.rs:1299)
314.217846 [DEBUG] [MESH] the channel is busy; backing off 500ms (octowhere_node octowhere-node/src/node.rs:1299)
314.921360 [DEBUG] [MESH] the channel is busy; backing off 430ms (octowhere_node octowhere-node/src/node.rs:1299)
315.474814 [DEBUG] [MESH] the channel is busy; backing off 350ms (octowhere_node octowhere-node/src/node.rs:1299)
315.948400 [DEBUG] [MESH] the channel is busy; backing off 10ms (octowhere_node octowhere-node/src/node.rs:1299)
316.041827 [DEBUG] [MESH] the channel is busy; backing off 70ms (octowhere_node octowhere-node/src/node.rs:1299)
316.275415 [DEBUG] [MESH] the channel is busy; backing off 550ms (octowhere_node octowhere-node/src/node.rs:1299)
316.908969 [DEBUG] [MESH] the channel is busy; backing off 600ms (octowhere_node octowhere-node/src/node.rs:1299)
317.652492 [DEBUG] [MESH] the channel is busy; backing off 10ms (octowhere_node octowhere-node/src/node.rs:1299)
317.866036 [DEBUG] [MESH] the channel is busy; backing off 560ms (octowhere_node octowhere-node/src/node.rs:1299)
318.479450 [DEBUG] [MESH] the channel is busy; backing off 90ms (octowhere_node octowhere-node/src/node.rs:1299)
318.803089 [DEBUG] [MESH] the channel is busy; backing off 180ms (octowhere_node octowhere-node/src/node.rs:1299)
319.136599 [DEBUG] [MESH] the channel is busy; backing off 390ms (octowhere_node octowhere-node/src/node.rs:1299)
319.820070 [DEBUG] [MESH] the channel is busy; backing off 140ms (octowhere_node octowhere-node/src/node.rs:1299)
320.223598 [DEBUG] [MESH] the channel is busy; backing off 90ms (octowhere_node octowhere-node/src/node.rs:1299)
320.467116 [DEBUG] [MESH] the channel is busy; backing off 620ms (octowhere_node octowhere-node/src/node.rs:1299)
321.180806 [DEBUG] [MESH] the channel is busy; backing off 10ms (octowhere_node octowhere-node/src/node.rs:1299)
321.224329 [DEBUG] [MESH] the channel is busy; backing off 570ms (octowhere_node octowhere-node/src/node.rs:1299)
322.007854 [DEBUG] [MESH] the channel is busy; backing off 530ms (octowhere_node octowhere-node/src/node.rs:1299)
322.642854 [DEBUG] [MESH] the channel is busy; backing off 180ms (octowhere_node octowhere-node/src/node.rs:1299)
323.106424 [DEBUG] [MESH] the channel is busy; backing off 450ms (octowhere_node octowhere-node/src/node.rs:1299)
323.769953 [DEBUG] [MESH] the channel is busy; backing off 220ms (octowhere_node octowhere-node/src/node.rs:1299)
324.223507 [DEBUG] [MESH] the channel is busy; backing off 510ms (octowhere_node octowhere-node/src/node.rs:1299)
324.827024 [DEBUG] [MESH] the channel is busy; backing off 430ms (octowhere_node octowhere-node/src/node.rs:1299)
325.540530 [DEBUG] [MESH] the channel is busy; backing off 30ms (octowhere_node octowhere-node/src/node.rs:1299)
325.593945 [DEBUG] [MESH] the channel is busy; backing off 380ms (octowhere_node octowhere-node/src/node.rs:1299)
326.067392 [DEBUG] [MESH] the channel is busy; backing off 490ms (octowhere_node octowhere-node/src/node.rs:1299)
326.750910 [DEBUG] [MESH] the channel is busy; backing off 150ms (octowhere_node octowhere-node/src/node.rs:1299)
327.184467 [DEBUG] [MESH] the channel is busy; backing off 580ms (octowhere_node octowhere-node/src/node.rs:1299)
327.987995 [DEBUG] [MESH] the channel is busy; backing off 220ms (octowhere_node octowhere-node/src/node.rs:1299)
328.311687 [DEBUG] [MESH] the channel is busy; backing off 130ms (octowhere_node octowhere-node/src/node.rs:1299)
328.465205 [DEBUG] [MESH] the channel is busy; backing off 540ms (octowhere_node octowhere-node/src/node.rs:1299)
329.148728 [DEBUG] [MESH] the channel is busy; backing off 230ms (octowhere_node octowhere-node/src/node.rs:1299)
329.492213 [DEBUG] [MESH] the channel is busy; backing off 600ms (octowhere_node octowhere-node/src/node.rs:1299)
330.365779 [DEBUG] [MESH] the channel is busy; backing off 90ms (octowhere_node octowhere-node/src/node.rs:1299)
330.749209 [DEBUG] [MESH] the channel is busy; backing off 610ms (octowhere_node octowhere-node/src/node.rs:1299)
331.592787 [DEBUG] [MESH] the channel is busy; backing off 230ms (octowhere_node octowhere-node/src/node.rs:1299)
331.936394 [DEBUG] [MESH] the channel is busy; backing off 530ms (octowhere_node octowhere-node/src/node.rs:1299)
332.689859 [DEBUG] [MESH] the channel is busy; backing off 300ms (octowhere_node octowhere-node/src/node.rs:1299)
333.013432 [DEBUG] [MESH] the channel is busy; backing off 310ms (octowhere_node octowhere-node/src/node.rs:1299)
333.636976 [DEBUG] [MESH] the channel is busy; backing off 150ms (octowhere_node octowhere-node/src/node.rs:1299)
333.860498 [DEBUG] [MESH] the channel is busy; backing off 50ms (octowhere_node octowhere-node/src/node.rs:1299)
334.153986 [DEBUG] [MESH] the channel is busy; backing off 540ms (octowhere_node octowhere-node/src/node.rs:1299)
334.757466 [DEBUG] [MESH] the channel is busy; backing off 10ms (octowhere_node octowhere-node/src/node.rs:1299)
334.980913 [DEBUG] [MESH] the channel is busy; backing off 320ms (octowhere_node octowhere-node/src/node.rs:1299)
335.454416 [DEBUG] [MESH] the channel is busy; backing off 240ms (octowhere_node octowhere-node/src/node.rs:1299)
335.847993 [DEBUG] [MESH] the channel is busy; backing off 620ms (octowhere_node octowhere-node/src/node.rs:1299)
336.541412 [DEBUG] [MESH] the channel is busy; backing off 120ms (octowhere_node octowhere-node/src/node.rs:1299)
336.834938 [DEBUG] [MESH] the channel is busy; backing off 520ms (octowhere_node octowhere-node/src/node.rs:1299)
337.388446 [DEBUG] [MESH] the channel is busy; backing off 480ms (octowhere_node octowhere-node/src/node.rs:1299)
338.001943 [DEBUG] [MESH] the channel is busy; backing off 310ms (octowhere_node octowhere-node/src/node.rs:1299)
338.485556 [DEBUG] [MESH] the channel is busy; backing off 480ms (octowhere_node octowhere-node/src/node.rs:1299)
339.199072 [DEBUG] [MESH] the channel is busy; backing off 380ms (octowhere_node octowhere-node/src/node.rs:1299)
339.842588 [DEBUG] [MESH] the channel is busy; backing off 20ms (octowhere_node octowhere-node/src/node.rs:1299)
339.906073 [DEBUG] [MESH] the channel is busy; backing off 470ms (octowhere_node octowhere-node/src/node.rs:1299)
340.649587 [DEBUG] [MESH] the channel is busy; backing off 130ms (octowhere_node octowhere-node/src/node.rs:1299)
341.044318 [DEBUG] [MESH] the channel is busy; backing off 210ms (octowhere_node octowhere-node/src/node.rs:1299)
341.557866 [DEBUG] [MESH] the channel is busy; backing off 30ms (octowhere_node octowhere-node/src/node.rs:1299)
341.761345 [DEBUG] [MESH] the channel is busy; backing off 100ms (octowhere_node octowhere-node/src/node.rs:1299)
342.144917 [DEBUG] [MESH] the channel is busy; backing off 200ms (octowhere_node octowhere-node/src/node.rs:1299)
342.468509 [DEBUG] [MESH] the channel is busy; backing off 340ms (octowhere_node octowhere-node/src/node.rs:1299)
342.852085 [DEBUG] [MESH] the channel is busy; backing off 480ms (octowhere_node octowhere-node/src/node.rs:1299)
343.525539 [DEBUG] [MESH] the channel is busy; backing off 10ms (octowhere_node octowhere-node/src/node.rs:1299)
343.699377 [DEBUG] [MESH] the channel is busy; backing off 440ms (octowhere_node octowhere-node/src/node.rs:1299)
344.382901 [DEBUG] [MESH] the channel is busy; backing off 90ms (octowhere_node octowhere-node/src/node.rs:1299)
344.636399 [DEBUG] [MESH] the channel is busy; backing off 300ms (octowhere_node octowhere-node/src/node.rs:1299)
345.219914 [DEBUG] [MESH] the channel is busy; backing off 560ms (octowhere_node octowhere-node/src/node.rs:1299)
345.963475 [DEBUG] [MESH] the channel is busy; backing off 190ms (octowhere_node octowhere-node/src/node.rs:1299)
346.276988 [DEBUG] [MESH] the channel is busy; backing off 70ms (octowhere_node octowhere-node/src/node.rs:1299)
346.570480 [DEBUG] [MESH] the channel is busy; backing off 150ms (octowhere_node octowhere-node/src/node.rs:1299)
346.924039 [DEBUG] [MESH] the channel is busy; backing off 470ms (octowhere_node octowhere-node/src/node.rs:1299)
347.427716 [DEBUG] [MESH] the channel is busy; backing off 340ms (octowhere_node octowhere-node/src/node.rs:1299)
347.771492 [DEBUG] [MESH] the channel is busy; backing off 160ms (octowhere_node octowhere-node/src/node.rs:1299)
347.935222 [DEBUG] [MESH] the channel is busy; backing off 430ms (octowhere_node octowhere-node/src/node.rs:1299)
348.678849 [DEBUG] [MESH] the channel is busy; backing off 550ms (octowhere_node octowhere-node/src/node.rs:1299)
349.382371 [DEBUG] [MESH] the channel is busy; backing off 40ms (octowhere_node octowhere-node/src/node.rs:1299)
349.545789 [DEBUG] [MESH] the channel is busy; backing off 10ms (octowhere_node octowhere-node/src/node.rs:1299)
349.759309 [DEBUG] [MESH] the channel is busy; backing off 280ms (octowhere_node octowhere-node/src/node.rs:1299)
350.052832 [DEBUG] [MESH] the channel is busy; backing off 350ms (octowhere_node octowhere-node/src/node.rs:1299)
350.666265 [DEBUG] [MESH] the channel is busy; backing off 100ms (octowhere_node octowhere-node/src/node.rs:1299)
350.909866 [DEBUG] [MESH] the channel is busy; backing off 430ms (octowhere_node octowhere-node/src/node.rs:1299)
351.433385 [DEBUG] [MESH] the channel is busy; backing off 550ms (octowhere_node octowhere-node/src/node.rs:1299)
352.287020 [DEBUG] [MESH] the channel is busy; backing off 140ms (octowhere_node octowhere-node/src/node.rs:1299)
352.560569 [DEBUG] [MESH] the channel is busy; backing off 260ms (octowhere_node octowhere-node/src/node.rs:1299)
352.834041 [DEBUG] [MESH] the channel is busy; backing off 150ms (octowhere_node octowhere-node/src/node.rs:1299)
353.217611 [DEBUG] [MESH] the channel is busy; backing off 510ms (octowhere_node octowhere-node/src/node.rs:1299)
353.911089 [DEBUG] [MESH] the channel is busy; backing off 280ms (octowhere_node octowhere-node/src/node.rs:1299)
354.354560 [DEBUG] [MESH] the channel is busy; backing off 400ms (octowhere_node octowhere-node/src/node.rs:1299)
354.868056 [DEBUG] [MESH] the channel is busy; backing off 570ms (octowhere_node octowhere-node/src/node.rs:1299)
355.731574 [DEBUG] [MESH] the channel is busy; backing off 30ms (octowhere_node octowhere-node/src/node.rs:1299)
356.055086 [DEBUG] [MESH] the channel is busy; backing off 470ms (octowhere_node octowhere-node/src/node.rs:1299)
356.639342 [DEBUG] [MESH] the channel is busy; backing off 570ms (octowhere_node octowhere-node/src/node.rs:1299)
357.432920 [DEBUG] [MESH] the channel is busy; backing off 200ms (octowhere_node octowhere-node/src/node.rs:1299)
357.916420 [DEBUG] [MESH] the channel is busy; backing off 70ms (octowhere_node octowhere-node/src/node.rs:1299)
358.150041 [DEBUG] [MESH] the channel is busy; backing off 170ms (octowhere_node octowhere-node/src/node.rs:1299)
358.383890 [DEBUG] [MESH] the channel is busy; backing off 430ms (octowhere_node octowhere-node/src/node.rs:1299)
358.957397 [DEBUG] [MESH] the channel is busy; backing off 180ms (octowhere_node octowhere-node/src/node.rs:1299)
359.250945 [DEBUG] [MESH] the channel is busy; backing off 110ms (octowhere_node octowhere-node/src/node.rs:1299)
359.664426 [DEBUG] [MESH] the channel is busy; backing off 210ms (octowhere_node octowhere-node/src/node.rs:1299)
360.137997 [DEBUG] [MESH] the channel is busy; backing off 250ms (octowhere_node octowhere-node/src/node.rs:1299)
360.591480 [DEBUG] [MESH] the channel is busy; backing off 400ms (octowhere_node octowhere-node/src/node.rs:1299)
361.265041 [DEBUG] [MESH] the channel is busy; backing off 240ms (octowhere_node octowhere-node/src/node.rs:1299)
361.598534 [DEBUG] [MESH] the channel is busy; backing off 140ms (octowhere_node octowhere-node/src/node.rs:1299)
362.042097 [DEBUG] [MESH] the channel is busy; backing off 550ms (octowhere_node octowhere-node/src/node.rs:1299)
362.655684 [DEBUG] [MESH] the channel is busy; backing off 440ms (octowhere_node octowhere-node/src/node.rs:1299)
363.309275 [DEBUG] [MESH] the channel is busy; backing off 10ms (octowhere_node octowhere-node/src/node.rs:1299)
363.492703 [DEBUG] [MESH] the channel is busy; backing off 300ms (octowhere_node octowhere-node/src/node.rs:1299)
364.006113 [DEBUG] [MESH] the channel is busy; backing off 600ms (octowhere_node octowhere-node/src/node.rs:1299)
364.679628 [DEBUG] [MESH] the channel is busy; backing off 260ms (octowhere_node octowhere-node/src/node.rs:1299)
365.193141 [DEBUG] [MESH] the channel is busy; backing off 380ms (octowhere_node octowhere-node/src/node.rs:1299)
365.646637 [DEBUG] [MESH] the channel is busy; backing off 20ms (octowhere_node octowhere-node/src/node.rs:1299)
365.850073 [DEBUG] [MESH] the channel is busy; backing off 570ms (octowhere_node octowhere-node/src/node.rs:1299)
366.623638 [DEBUG] [MESH] the channel is busy; backing off 330ms (octowhere_node octowhere-node/src/node.rs:1299)
