[TOUCHLOG] t=12606ms line line_after=low raw=[06, 03, 06, dd, 00, 01, ab, 00, 00, 00, 3c, 4a, 09, 07, 09] parsed=Points([TouchPoint { x: 404, y: 356 }])
[TOUCHLOG] t=12683ms line line_after=low raw=[06, 04, 0a, 1b, 00, 02, ab, 16, 17, 0c, ea, 03, ab, 00, 00] parsed=Points([TouchPoint { x: 400, y: 294 }, TouchPoint { x: 83, y: 263 }])
[TOUCHLOG] t=12696ms line line_after=low raw=[06, 04, 0b, 25, 00, 02, ab, 16, 17, 0d, a0, 0a, ab, 00, 00] parsed=Points([TouchPoint { x: 399, y: 284 }, TouchPoint { x: 87, y: 257 }])
[TOUCHLOG] t=12726ms line line_after=low raw=[16, 11, 0d, 68, 80, 01, ab, 80, 00, 00, 3c, 0b, ab, 80, 00] parsed=CoverGesture
[TOUCH] cover accepted, recalibrating
[TOUCHLOG] t=12753ms line line_after=low raw=[16, 10, 0d, 9b, 80, 01, ab, 80, 00, 00, 3c, 0b, ab, 80, 00] parsed=CoverGesture
[TOUCHLOG] t=12783ms line line_after=low raw=[16, 0f, 0e, 66, 80, 01, ab, 80, 00, 00, 3c, 0b, ab, 80, 00] parsed=CoverGesture
[TOUCHLOG] t=12805ms line line_after=low raw=[16, 0f, 0e, 0b, 80, 01, ab, 80, 00, 00, 3c, 0b, ab, 80, 00] parsed=CoverGesture
[TOUCHLOG] t=12831ms line line_after=low raw=[16, 0c, 10, fc, 80, 01, ab, 80, 00, 00, 3c, 0b, ab, 80, 00] parsed=CoverGesture
[TOUCHLOG] t=12836ms line line_after=low raw=[16, 0b, 12, 64, 80, 01, ab, 80, 00, 00, 3c, 0b, ab, 80, 00] parsed=CoverGesture
[TOUCHLOG] t=12852ms line line_after=low raw=[06, 17, 08, bf, 80, 02, ab, 16, 0a, 12, eb, 0d, ab, 80, 00] parsed=CoverGesture
[TOUCHLOG] t=12856ms line line_after=low raw=[06, 17, 08, bf, 80, 02, ab, 16, 0a, 12, bf, 01, ab, 80, 00] parsed=CoverGesture
[TOUCHLOG] t=12869ms line line_after=low raw=[06, 17, 08, bf, 80, 02, ab, 16, 0a, 12, af, 01, ab, 80, 00] parsed=CoverGesture
[TOUCHLOG] t=12873ms line line_after=low raw=[06, 17, 08, bf, 80, 02, ab, 16, 0a, 13, 90, 03, ab, 80, 00] parsed=CoverGesture
[TOUCHLOG] t=12886ms line line_after=low raw=[06, 17, 08, bf, 80, 02, ab, 16, 0a, 13, 91, 04, ab, 80, 00] parsed=CoverGesture
[TOUCHLOG] t=12908ms line line_after=low raw=[00, 17, 08, bf, 80, 02, ab, 16, 0c, 11, e9, 0c, ab, 80, 00] parsed=Points([])
[TOUCHLOG] t=12945ms line line_after=low raw=[16, 0d, 11, 44, 80, 01, ab, 80, 00, 00, 3c, 0c, ab, 80, 00] parsed=CoverGesture
[TOUCH] cover accepted, recalibrating
[TOUCHLOG] t=12971ms line line_after=low raw=[16, 0d, 11, 81, 80, 01, ab, 80, 00, 00, 3c, 0c, ab, 80, 00] parsed=CoverGesture
[TOUCHLOG] t=13001ms line line_after=low raw=[16, 0d, 10, 9f, 80, 01, ab, 80, 00, 00, 3c, 0c, ab, 80, 00] parsed=CoverGesture
[TOUCHLOG] t=13024ms line line_after=low raw=[16, 0d, 10, 9e, 80, 01, ab, 80, 00, 00, 3c, 0c, ab, 80, 00] parsed=CoverGesture
[TOUCHLOG] t=13050ms line line_after=low raw=[16, 0d, 10, 9c, 80, 01, ab, 80, 00, 00, 3c, 0c, ab, 80, 00] parsed=CoverGesture
[TOUCHLOG] t=13055ms line line_after=low raw=[16, 0d, 10, 9c, 80, 01, ab, 80, 00, 00, 3c, 0c, ab, 80, 00] parsed=CoverGesture
[TOUCHLOG] t=13070ms line line_after=low raw=[16, 0d, 10, aa, 80, 01, ab, 80, 00, 00, 3c, 0c, ab, 80, 00] parsed=CoverGesture
[TOUCHLOG] t=13075ms line line_after=low raw=[16, 0d, 10, b9, 80, 01, ab, 80, 00, 00, 3c, 0c, ab, 80, 00] parsed=CoverGesture
[TOUCHLOG] t=13087ms line line_after=low raw=[16, 0d, 10, b8, 80, 01, ab, 80, 00, 00, 3c, 0c, ab, 80, 00] parsed=CoverGesture
[TOUCHLOG] t=13092ms line line_after=low raw=[ab, 0d, 10, b8, 80, 01, ab, 80, 00, 00, 3c, 0c, ab, 80, 00] parsed=Points([])
[TOUCHLOG] t=13106ms line line_after=low raw=[16, 0d, 10, b7, 80, 01, ab, 80, 00, 00, 3c, 0c, ab, 80, 00] parsed=CoverGesture
[TOUCH] cover accepted, recalibrating
[TOUCHLOG] t=13128ms line line_after=low raw=[16, 0d, 10, c6, 80, 01, ab, 80, 00, 00, 3c, 0c, ab, 80, 00] parsed=CoverGesture
[TOUCHLOG] t=13151ms line line_after=low raw=[16, 0d, 10, d4, 80, 01, ab, 80, 00, 00, 3c, 0c, ab, 80, 00] parsed=CoverGesture
[TOUCHLOG] t=13173ms line line_after=low raw=[16, 0d, 10, d4, 80, 01, ab, 80, 00, 00, 3c, 0c, ab, 80, 00] parsed=CoverGesture
[TOUCHLOG] t=13228ms poll line_after=high raw=[16, 0d, 10, f0, 80, 01, ab, 80, 00, 00, 3c, 0c, ab, 80, 00] parsed=CoverGesture
[TOUCHLOG] t=13273ms line line_after=low raw=[16, 0e, 0f, 2d, 80, 01, ab, 80, 00, 00, 3c, 0c, ab, 80, 00] parsed=CoverGesture
[TOUCHLOG] t=13286ms line line_after=high raw=[16, 0e, 0f, 2c, 80, 01, ab, 80, 00, 00, 3c, 0c, ab, 80, 00] parsed=CoverGesture
[TOUCHLOG] t=13359ms poll line_after=high raw=[16, 0e, 0f, 48, 80, 01, ab, 80, 00, 00, 3c, 0c, ab, 80, 00] parsed=CoverGesture
[TOUCHLOG] t=13411ms poll line_after=high raw=[16, 0e, 0f, 47, 80, 01, ab, 80, 00, 00, 3c, 0c, ab, 80, 00] parsed=CoverGesture
[TOUCHLOG] t=13454ms line line_after=low raw=[16, 0e, 0f, 47, 80, 01, ab, 80, 00, 00, 3c, 0c, ab, 80, 00] parsed=CoverGesture
[TOUCHLOG] t=13509ms poll line_after=high raw=[16, 0e, 0f, 55, 80, 01, ab, 80, 00, 00, 3c, 0c, ab, 80, 00] parsed=CoverGesture
[TOUCHLOG] t=13557ms line line_after=high raw=[16, 0e, 0f, 55, 80, 01, ab, 80, 00, 00, 3c, 0c, ab, 80, 00] parsed=CoverGesture
[TOUCHLOG] t=13615ms line line_after=low raw=[16, 0e, 0f, 55, 80, 01, ab, 80, 00, 00, 3c, 0c, ab, 80, 00] parsed=CoverGesture
[TOUCHLOG] t=13643ms line line_after=low raw=[16, 0e, 0f, 55, 80, 01, ab, 80, 00, 00, 3c, 0c, ab, 80, 00] parsed=CoverGesture
[TOUCHLOG] t=13693ms line line_after=low raw=[16, 0e, 0f, 55, 80, 01, ab, 80, 00, 00, 3c, 0c, ab, 80, 00] parsed=CoverGesture
[TOUCHLOG] t=13724ms line line_after=low raw=[16, 0e, 0f, 55, 80, 01, ab, 80, 00, 00, 3c, 0c, ab, 80, 00] parsed=CoverGesture
[TOUCHLOG] t=13774ms line line_after=low raw=[16, 0e, 0f, 55, 80, 01, ab, 80, 00, 00, 3c, 0c, ab, 80, 00] parsed=CoverGesture
[TOUCHLOG] t=13793ms line line_after=low raw=[16, 0e, 0f, 55, 80, 01, ab, 80, 00, 00, 3c, 0c, ab, 80, 00] parsed=CoverGesture
[TOUCHLOG] t=13816ms line line_after=high raw=[16, 0e, 0f, 55, 80, 01, ab, 80, 00, 00, 3c, 0c, ab, 80, 00] parsed=CoverGesture
[TOUCHLOG] t=13883ms line line_after=low raw=[16, 0e, 0f, 55, 80, 01, ab, 80, 00, 00, 3c, 0c, ab, 80, 00] parsed=CoverGesture
[TOUCHLOG] t=13913ms line line_after=low raw=[16, 0e, 0f, 54, 80, 01, ab, 80, 00, 00, 3c, 0c, ab, 80, 00] parsed=CoverGesture
[TOUCHLOG] t=13965ms line line_after=low raw=[16, 0e, 0f, 54, 80, 01, ab, 80, 00, 00, 3c, 0c, ab, 80, 00] parsed=CoverGesture
[TOUCHLOG] t=13975ms line line_after=high raw=[16, 0e, 0f, 54, 80, 01, ab, 80, 00, 00, 3c, 0c, ab, 80, 00] parsed=CoverGesture
[TOUCHLOG] t=14045ms line line_after=high raw=[16, 0e, 0f, 63, 80, 01, ab, 80, 00, 00, 3c, 0c, ab, 80, 00] parsed=CoverGesture
[TOUCHLOG] t=14076ms line line_after=high raw=[16, 0e, 0f, 63, 80, 01, ab, 80, 00, 00, 3c, 0c, ab, 80, 00] parsed=CoverGesture
[TOUCHLOG] t=14095ms line line_after=high raw=[16, 0e, 0f, 63, 80, 01, ab, 80, 00, 00, 3c, 0c, ab, 80, 00] parsed=CoverGesture
[TOUCHLOG] t=14144ms line line_after=low raw=[16, 0e, 0f, 63, 80, 01, ab, 80, 00, 00, 3c, 0c, ab, 80, 00] parsed=CoverGesture
[TOUCHLOG] t=14163ms line line_after=low raw=[16, 0e, 0f, 63, 80, 01, ab, 80, 00, 00, 3c, 0c, ab, 80, 00] parsed=CoverGesture
[TOUCHLOG] t=14186ms line line_after=high raw=[16, 0e, 0f, 63, 80, 01, ab, 80, 00, 00, 3c, 0c, ab, 80, 00] parsed=CoverGesture
[TOUCHLOG] t=14253ms line line_after=low raw=[16, 0e, 0f, 63, 80, 01, ab, 80, 00, 00, 3c, 0c, ab, 80, 00] parsed=CoverGesture
[TOUCHLOG] t=14283ms line line_after=low raw=[16, 0e, 0f, 63, 80, 01, ab, 80, 00, 00, 3c, 0c, ab, 80, 00] parsed=CoverGesture
[TOUCHLOG] t=14357ms line line_after=high raw=[16, 0e, 0f, 63, 80, 01, ab, 80, 00, 00, 3c, 0c, ab, 80, 00] parsed=CoverGesture
[TOUCHLOG] t=14366ms line line_after=high raw=[ab, 0e, 0f, 63, 80, 01, ab, 80, 00, 00, 3c, 0c, ab, 80, 00] parsed=Points([])
[TOUCHLOG] t=14414ms line line_after=low raw=[16, 0e, 0f, 63, 80, 01, ab, 80, 00, 00, 3c, 0c, ab, 80, 00] parsed=CoverGesture
[TOUCH] cover accepted, recalibrating
[TOUCHLOG] t=14442ms line line_after=low raw=[16, 0e, 0f, 63, 80, 01, ab, 80, 00, 00, 3c, 0c, ab, 80, 00] parsed=CoverGesture
[TOUCHLOG] t=14519ms poll line_after=high raw=[16, 0e, 0f, 63, 80, 01, ab, 80, 00, 00, 3c, 0c, ab, 80, 00] parsed=CoverGesture
[TOUCHLOG] t=14571ms poll line_after=high raw=[16, 0e, 0f, 63, 80, 01, ab, 80, 00, 00, 3c, 0c, ab, 80, 00] parsed=CoverGesture
[TOUCHLOG] t=14596ms line line_after=high raw=[16, 0e, 0f, 63, 80, 01, ab, 80, 00, 00, 3c, 0c, ab, 80, 00] parsed=CoverGesture
[TOUCHLOG] t=14665ms line line_after=high raw=[16, 0e, 0f, 63, 80, 01, ab, 80, 00, 00, 3c, 0c, ab, 80, 00] parsed=CoverGesture
[TOUCHLOG] t=14696ms line line_after=high raw=[16, 0e, 0f, 63, 80, 01, ab, 80, 00, 00, 3c, 0c, ab, 80, 00] parsed=CoverGesture
[TOUCHLOG] t=14715ms line line_after=low raw=[16, 0e, 0f, 63, 80, 01, ab, 80, 00, 00, 3c, 0c, ab, 80, 00] parsed=CoverGesture
[TOUCHLOG] t=14765ms line line_after=high raw=[16, 0e, 0f, 63, 80, 01, ab, 80, 00, 00, 3c, 0c, ab, 80, 00] parsed=CoverGesture
[TOUCHLOG] t=14784ms line line_after=low raw=[16, 0e, 0f, 63, 80, 01, ab, 80, 00, 00, 3c, 0c, ab, 80, 00] parsed=CoverGesture
[TOUCHLOG] t=14806ms line line_after=high raw=[16, 0e, 0f, 63, 80, 01, ab, 80, 00, 00, 3c, 0c, ab, 80, 00] parsed=CoverGesture
[TOUCHLOG] t=14852ms line line_after=low raw=[16, 0e, 0f, 63, 80, 01, ab, 80, 00, 00, 3c, 0c, ab, 80, 00] parsed=CoverGesture
[TOUCHLOG] t=14865ms line line_after=high raw=[16, 0e, 0f, 63, 80, 01, ab, 80, 00, 00, 3c, 0c, ab, 80, 00] parsed=CoverGesture
[TOUCHLOG] t=14953ms line line_after=low raw=[16, 0e, 0f, 63, 80, 01, ab, 80, 00, 00, 3c, 0c, ab, 80, 00] parsed=CoverGesture
[TOUCHLOG] t=15002ms line line_after=low raw=[16, 0e, 0f, 63, 80, 01, ab, 80, 00, 00, 3c, 0c, ab, 80, 00] parsed=CoverGesture
[TOUCHLOG] t=15035ms line line_after=low raw=[16, 0e, 0f, 63, 80, 01, ab, 80, 00, 00, 3c, 0c, ab, 80, 00] parsed=CoverGesture
[TOUCHLOG] t=15054ms line line_after=low raw=[16, 0e, 0f, 63, 80, 01, ab, 80, 00, 00, 3c, 0c, ab, 80, 00] parsed=CoverGesture
[TOUCHLOG] t=15124ms line line_after=low raw=[16, 0e, 0f, 92, 80, 01, ab, 80, 00, 00, 3c, 0c, ab, 80, 00] parsed=CoverGesture
[TOUCHLOG] t=15153ms line line_after=low raw=[16, 17, 0d, 1b, 80, 01, ab, 80, 00, 00, 3c, 0c, ab, 80, 00] parsed=CoverGesture
[TOUCHLOG] t=15227ms line line_after=high raw=[10, 1b, 0b, a6, 80, 01, ab, 80, 00, 00, 3c, 0c, ab, 80, 00] parsed=CoverGesture
[TOUCHLOG] t=15279ms poll line_after=high raw=[ab, 1b, 0b, a6, 80, 01, ab, 80, 00, 00, 3c, 0c, ab, 80, 00] parsed=Points([])
[TOUCHLOG] t=18078ms line line_after=low raw=[06, 04, 0c, 2c, 00, 01, ab, 00, 00, 00, 3c, 0c, ab, 80, 00] parsed=Points([TouchPoint { x: 399, y: 261 }])
[TOUCHLOG] t=18106ms line line_after=low raw=[06, 06, 0f, 05, 80, 02, ab, 16, 15, 0d, da, 02, ab, 80, 00] parsed=CoverGesture
[TOUCH] cover accepted, recalibrating
[TOUCHLOG] t=18179ms line line_after=low raw=[16, 0f, 0e, 46, 80, 01, ab, 80, 00, 00, 3c, 0a, ab, 80, 00] parsed=CoverGesture
[TOUCHLOG] t=18229ms line line_after=low raw=[16, 0f, 0e, 26, 80, 01, ab, 80, 00, 00, 3c, 0a, ab, 80, 00] parsed=CoverGesture
[TOUCHLOG] t=18268ms line line_after=low raw=[16, 0e, 0e, f7, 80, 01, ab, 80, 00, 00, 3c, 0a, ab, 80, 00] parsed=CoverGesture
[TOUCHLOG] t=18300ms line line_after=high raw=[16, 0e, 0e, e7, 80, 01, ab, 80, 00, 00, 3c, 0a, ab, 80, 00] parsed=CoverGesture
[TOUCHLOG] t=18329ms line line_after=low raw=[16, 0e, 0e, e7, 80, 01, ab, 80, 00, 00, 3c, 0a, ab, 80, 00] parsed=CoverGesture
[TOUCHLOG] t=18351ms line line_after=high raw=[16, 0e, 0e, e7, 80, 01, ab, 80, 00, 00, 3c, 0a, ab, 80, 00] parsed=CoverGesture
[TOUCHLOG] t=18378ms line line_after=low raw=[16, 0e, 0e, d7, 80, 01, ab, 80, 00, 00, 3c, 0a, ab, 80, 00] parsed=CoverGesture
[TOUCHLOG] t=18401ms line line_after=high raw=[16, 0e, 0e, d7, 80, 01, ab, 80, 00, 00, 3c, 0a, ab, 80, 00] parsed=CoverGesture
[TOUCHLOG] t=18438ms line line_after=low raw=[16, 0e, 0e, d7, 80, 01, ab, 80, 00, 00, 3c, 0a, ab, 80, 00] parsed=CoverGesture
[TOUCHLOG] t=18489ms line line_after=low raw=[16, 0e, 0e, c8, 80, 01, ab, 80, 00, 00, 3c, 0a, ab, 80, 00] parsed=CoverGesture
[TOUCHLOG] t=18531ms line line_after=high raw=[16, 0e, 0e, c8, 80, 01, ab, 80, 00, 00, 3c, 0a, ab, 80, 00] parsed=CoverGesture
[TOUCHLOG] t=18550ms line line_after=high raw=[16, 0e, 0e, c8, 80, 01, ab, 80, 00, 00, 3c, 0a, ab, 80, 00] parsed=CoverGesture
[TOUCHLOG] t=18598ms line line_after=low raw=[16, 0e, 0e, c8, 80, 01, ab, 80, 00, 00, 3c, 0a, ab, 80, 00] parsed=CoverGesture
[TOUCHLOG] t=18618ms line line_after=low raw=[16, 0e, 0e, c8, 80, 01, ab, 80, 00, 00, 3c, 0a, ab, 80, 00] parsed=CoverGesture
[TOUCHLOG] t=18640ms line line_after=low raw=[16, 0e, 0e, b8, 80, 01, ab, 80, 00, 00, 3c, 0a, ab, 80, 00] parsed=CoverGesture
[TOUCHLOG] t=18691ms line line_after=high raw=[16, 0e, 0e, b8, 80, 01, ab, 80, 00, 00, 3c, 0a, ab, 80, 00] parsed=CoverGesture
[TOUCHLOG] t=18758ms line line_after=low raw=[16, 0e, 0e, 99, 80, 01, ab, 80, 00, 00, 3c, 0a, ab, 80, 00] parsed=CoverGesture
[TOUCHLOG] t=18788ms line line_after=low raw=[16, 0e, 0e, 99, 80, 01, ab, 80, 00, 00, 3c, 0a, ab, 80, 00] parsed=CoverGesture
[TOUCHLOG] t=18859ms line line_after=low raw=[16, 0e, 0e, 99, 80, 01, ab, 80, 00, 00, 3c, 0a, ab, 80, 00] parsed=CoverGesture
[TOUCHLOG] t=18889ms line line_after=low raw=[16, 0e, 0e, 8a, 80, 01, ab, 80, 00, 00, 3c, 0a, ab, 80, 00] parsed=CoverGesture
[TOUCHLOG] t=18963ms line line_after=high raw=[16, 0e, 0e, 8a, 80, 01, ab, 80, 00, 00, 3c, 0a, ab, 80, 00] parsed=CoverGesture
[TOUCHLOG] t=18989ms line line_after=low raw=[16, 0e, 0e, 8a, 80, 01, ab, 80, 00, 00, 3c, 0a, ab, 80, 00] parsed=CoverGesture
[TOUCHLOG] t=19019ms line line_after=low raw=[16, 0e, 0e, 8a, 80, 01, ab, 80, 00, 00, 3c, 0a, ab, 80, 00] parsed=CoverGesture
[TOUCHLOG] t=19042ms line line_after=high raw=[16, 0e, 0e, 8b, 80, 01, ab, 80, 00, 00, 3c, 0a, ab, 80, 00] parsed=CoverGesture
[TOUCHLOG] t=19067ms line line_after=low raw=[16, 0e, 0e, 8b, 80, 01, ab, 80, 00, 00, 3c, 0a, ab, 80, 00] parsed=CoverGesture
[TOUCHLOG] t=19090ms line line_after=low raw=[16, 0e, 0e, 8d, 80, 01, ab, 80, 00, 00, 3c, 0a, ab, 80, 00] parsed=CoverGesture
[TOUCHLOG] t=19120ms line line_after=low raw=[16, 0e, 0e, 8e, 80, 01, ab, 80, 00, 00, 3c, 0a, ab, 80, 00] parsed=CoverGesture
[TOUCHLOG] t=19192ms poll line_after=high raw=[10, 1b, 0d, 34, 80, 01, ab, 80, 00, 00, 3c, 0a, ab, 80, 00] parsed=CoverGesture
[TOUCHLOG] t=19258ms poll line_after=high raw=[ab, 1b, 0d, 34, 80, 01, ab, 80, 00, 00, 3c, 0a, ab, 80, 00] parsed=Points([])
[TOUCHLOG] t=23314ms line line_after=low raw=[06, 12, 13, cc, 00, 02, ab, 16, 06, 07, ea, 0d, ab, 00, 00] parsed=Points([TouchPoint { x: 165, y: 149 }, TouchPoint { x: 355, y: 343 }])
[TOUCHLOG] t=23343ms line line_after=low raw=[06, 0d, 10, 52, 80, 01, ab, 80, 00, 00, 3c, 07, ab, 80, 00] parsed=CoverGesture
[TOUCH] cover accepted, recalibrating
[TOUCHLOG] t=23373ms line line_after=low raw=[06, 0d, 0f, 2c, 80, 01, ab, 80, 00, 00, 3c, 07, ab, 80, 00] parsed=CoverGesture
[TOUCHLOG] t=23412ms line line_after=low raw=[06, 0c, 0f, f9, 80, 01, ab, 80, 00, 00, 3c, 07, ab, 80, 00] parsed=CoverGesture
[TOUCHLOG] t=23424ms line line_after=low raw=[06, 0c, 0f, f9, 80, 01, ab, 80, 00, 00, 3c, 07, ab, 80, 00] parsed=CoverGesture
[TOUCHLOG] t=23446ms line line_after=low raw=[06, 0c, 0f, bb, 80, 01, ab, 80, 00, 00, 3c, 07, ab, 80, 00] parsed=CoverGesture
[TOUCHLOG] t=23519ms line line_after=high raw=[06, 0c, 0f, 6d, 80, 01, ab, 80, 00, 00, 3c, 07, ab, 80, 00] parsed=CoverGesture
[TOUCHLOG] t=23545ms line line_after=low raw=[06, 0c, 0f, 6d, 80, 01, ab, 80, 00, 00, 3c, 07, ab, 80, 00] parsed=CoverGesture
[TOUCHLOG] t=23579ms line line_after=high raw=[06, 0c, 0f, 6d, 80, 01, ab, 80, 00, 00, 3c, 07, ab, 80, 00] parsed=CoverGesture
[TOUCHLOG] t=23625ms line line_after=low raw=[06, 0c, 0f, 6d, 80, 01, ab, 80, 00, 00, 3c, 07, ab, 80, 00] parsed=CoverGesture
[TOUCHLOG] t=23660ms line line_after=low raw=[06, 0c, 0f, 6d, 80, 01, ab, 80, 00, 00, 3c, 07, ab, 80, 00] parsed=CoverGesture
[TOUCHLOG] t=23675ms line line_after=low raw=[06, 0c, 0f, 6d, 80, 01, ab, 80, 00, 00, 3c, 07, ab, 80, 00] parsed=CoverGesture
[TOUCHLOG] t=23697ms line line_after=low raw=[06, 0c, 0f, 6d, 80, 01, ab, 80, 00, 00, 3c, 07, ab, 80, 00] parsed=CoverGesture
[TOUCHLOG] t=23724ms line line_after=low raw=[06, 0c, 0f, 6d, 80, 01, ab, 80, 00, 00, 3c, 07, ab, 80, 00] parsed=CoverGesture
[TOUCHLOG] t=23729ms line line_after=low raw=[ab, 0c, 0f, 6d, 80, 01, ab, 80, 00, 00, 3c, 07, ab, 80, 00] parsed=Points([])
[TOUCHLOG] t=23762ms line line_after=low raw=[06, 0c, 0f, 6d, 80, 01, ab, 80, 00, 00, 3c, 07, ab, 80, 00] parsed=CoverGesture
[TOUCH] cover accepted, recalibrating
[TOUCHLOG] t=23812ms line line_after=low raw=[06, 0c, 0f, bd, 80, 01, ab, 80, 00, 00, 3c, 07, ab, 80, 00] parsed=CoverGesture
[TOUCHLOG] t=23840ms line line_after=low raw=[06, 0c, 0f, dd, 80, 01, ab, 80, 00, 00, 3c, 07, ab, 80, 00] parsed=CoverGesture
[TOUCHLOG] t=23916ms poll line_after=high raw=[10, 05, 07, 64, 80, 01, ab, 80, 00, 00, 3c, 06, ab, 80, 00] parsed=CoverGesture
[TOUCHLOG] t=23967ms poll line_after=high raw=[ab, 05, 07, 64, 80, 01, ab, 80, 00, 00, 3c, 06, ab, 80, 00] parsed=Points([])
[TOUCHLOG] t=24186ms line line_after=low raw=[06, 0a, 0f, 8e, 80, 01, ab, 80, 00, 00, 3c, 06, ab, 80, 00] parsed=CoverGesture
[TOUCH] cover accepted, recalibrating
[TOUCHLOG] t=24236ms line line_after=low raw=[06, 0a, 0f, b8, 80, 01, ab, 80, 00, 00, 3c, 06, ab, 80, 00] parsed=CoverGesture
[TOUCHLOG] t=24286ms line line_after=low raw=[06, 0a, 0f, e7, 80, 01, ab, 80, 00, 00, 3c, 06, ab, 80, 00] parsed=CoverGesture
[TOUCHLOG] t=24373ms line line_after=high raw=[06, 0b, 0f, 18, 80, 01, ab, 80, 00, 00, 3c, 06, ab, 80, 00] parsed=CoverGesture
[TOUCHLOG] t=24378ms line line_after=high raw=[ab, 0b, 0f, 18, 80, 01, ab, 80, 00, 00, 3c, 06, ab, 80, 00] parsed=Points([])
[TOUCHLOG] t=24455ms line line_after=low raw=[06, 0b, 0f, 4a, 80, 01, ab, 80, 00, 00, 3c, 06, ab, 80, 00] parsed=CoverGesture
[TOUCH] cover accepted, recalibrating
[TOUCHLOG] t=24506ms line line_after=low raw=[06, 0b, 0f, 5b, 80, 01, ab, 80, 00, 00, 3c, 06, ab, 80, 00] parsed=CoverGesture
[TOUCHLOG] t=24556ms line line_after=low raw=[06, 0b, 0f, 5b, 80, 01, ab, 80, 00, 00, 3c, 06, ab, 80, 00] parsed=CoverGesture
[TOUCHLOG] t=24635ms line line_after=low raw=[06, 0b, 0f, 6b, 80, 01, ab, 80, 00, 00, 3c, 06, ab, 80, 00] parsed=CoverGesture
[TOUCHLOG] t=24686ms line line_after=low raw=[06, 0b, 0f, 7b, 80, 01, ab, 80, 00, 00, 3c, 06, ab, 80, 00] parsed=CoverGesture
[TOUCHLOG] t=24735ms line line_after=low raw=[06, 0b, 0f, 8b, 80, 01, ab, 80, 00, 00, 3c, 06, ab, 80, 00] parsed=CoverGesture
[TOUCHLOG] t=24824ms poll line_after=high raw=[06, 0b, 0f, fe, 80, 01, ab, 80, 00, 00, 3c, 06, ab, 80, 00] parsed=CoverGesture
[TOUCHLOG] t=24875ms line line_after=low raw=[06, 0b, 10, 93, 80, 01, ab, 80, 00, 00, 3c, 06, ab, 80, 00] parsed=CoverGesture
[TOUCHLOG] t=24930ms poll line_after=high raw=[00, 0b, 1b, 20, 80, 02, ab, 10, 04, 08, 68, 04, ab, 80, 00] parsed=Points([])
[TOUCHLOG] t=27769ms line line_after=low raw=[06, 06, 08, 6b, 00, 01, ab, 00, 00, 00, 3c, 04, ab, 80, 00] parsed=Points([TouchPoint { x: 363, y: 326 }])
[TOUCHLOG] t=27797ms poll line_after=high raw=[06, 09, 0e, 75, 80, 02, ab, 10, 19, 0f, 98, 00, ab, 80, 00] parsed=CoverGesture
[TOUCH] cover accepted, recalibrating
[TOUCHLOG] t=27822ms line line_after=low raw=[06, 0a, 0e, 2e, 80, 01, ab, 80, 00, 00, 3c, 00, ab, 80, 00] parsed=CoverGesture
[TOUCHLOG] t=27862ms line line_after=low raw=[06, 0b, 0f, 75, 80, 01, ab, 80, 00, 00, 3c, 00, ab, 80, 00] parsed=CoverGesture
[TOUCHLOG] t=27914ms poll line_after=high raw=[06, 0b, 0f, e9, 80, 01, ab, 80, 00, 00, 3c, 00, ab, 80, 00] parsed=CoverGesture
[TOUCHLOG] t=27930ms line line_after=low raw=[06, 0b, 0f, e9, 80, 01, ab, 80, 00, 00, 3c, 00, ab, 80, 00] parsed=CoverGesture
[TOUCHLOG] t=27952ms line line_after=low raw=[06, 0b, 0f, e9, 80, 01, ab, 80, 00, 00, 3c, 00, ab, 80, 00] parsed=CoverGesture
[TOUCHLOG] t=28015ms line line_after=high raw=[06, 0c, 0f, 1c, 80, 01, ab, 80, 00, 00, 3c, 00, ab, 80, 00] parsed=CoverGesture
[TOUCHLOG] t=28020ms line line_after=low raw=[ab, 0c, 0f, 1c, 80, 01, ab, 80, 00, 00, 3c, 00, ab, 80, 00] parsed=Points([])
[TOUCHLOG] t=28043ms line line_after=high raw=[06, 0c, 0f, 2c, 80, 01, ab, 80, 00, 00, 3c, 00, ab, 80, 00] parsed=CoverGesture
[TOUCH] cover accepted, recalibrating
[TOUCHLOG] t=28070ms line line_after=low raw=[06, 0c, 0f, 2d, 80, 01, ab, 80, 00, 00, 3c, 00, ab, 80, 00] parsed=CoverGesture
[TOUCHLOG] t=28114ms line line_after=high raw=[06, 0c, 0f, 3d, 80, 01, ab, 80, 00, 00, 3c, 00, ab, 80, 00] parsed=CoverGesture
[TOUCHLOG] t=28168ms poll line_after=high raw=[06, 0c, 0f, 4d, 80, 01, ab, 80, 00, 00, 3c, 00, ab, 80, 00] parsed=CoverGesture
[TOUCHLOG] t=28182ms line line_after=low raw=[06, 0c, 0f, 5d, 80, 01, ab, 80, 00, 00, 3c, 00, ab, 80, 00] parsed=CoverGesture
[TOUCHLOG] t=28204ms line line_after=high raw=[06, 0c, 0f, 6d, 80, 01, ab, 80, 00, 00, 3c, 00, ab, 80, 00] parsed=CoverGesture
[TOUCHLOG] t=28231ms line line_after=low raw=[06, 0c, 0f, 6d, 80, 01, ab, 80, 00, 00, 3c, 00, ab, 80, 00] parsed=CoverGesture
[TOUCHLOG] t=28253ms line line_after=high raw=[06, 0c, 0f, 7d, 80, 01, ab, 80, 00, 00, 3c, 00, ab, 80, 00] parsed=CoverGesture
[TOUCHLOG] t=28283ms line line_after=low raw=[06, 0c, 0f, 8d, 80, 01, ab, 80, 00, 00, 3c, 00, ab, 80, 00] parsed=CoverGesture
[TOUCHLOG] t=28333ms line line_after=low raw=[06, 0c, 0f, ad, 80, 01, ab, 80, 00, 00, 3c, 00, ab, 80, 00] parsed=CoverGesture
[TOUCHLOG] t=28354ms line line_after=high raw=[06, 0c, 0f, ad, 80, 01, ab, 80, 00, 00, 3c, 00, ab, 80, 00] parsed=CoverGesture
[TOUCHLOG] t=28401ms line line_after=low raw=[06, 0c, 0f, bd, 80, 01, ab, 80, 00, 00, 3c, 00, ab, 80, 00] parsed=CoverGesture
[TOUCHLOG] t=28464ms line line_after=high raw=[06, 0c, 0f, cd, 80, 01, ab, 80, 00, 00, 3c, 00, ab, 80, 00] parsed=CoverGesture
[TOUCHLOG] t=28473ms line line_after=low raw=[ab, 0c, 0f, dd, 80, 01, ab, 80, 00, 00, 3c, 00, ab, 80, 00] parsed=Points([])
[TOUCHLOG] t=28522ms line line_after=low raw=[06, 0c, 0f, dd, 80, 01, ab, 80, 00, 00, 3c, 00, ab, 80, 00] parsed=CoverGesture
[TOUCH] cover accepted, recalibrating
[TOUCHLOG] t=28591ms line line_after=low raw=[06, 0c, 0f, fd, 80, 01, ab, 80, 00, 00, 3c, 00, ab, 80, 00] parsed=CoverGesture
[TOUCHLOG] t=28623ms line line_after=low raw=[06, 0c, 0f, fd, 80, 01, ab, 80, 00, 00, 3c, 00, ab, 80, 00] parsed=CoverGesture
[TOUCHLOG] t=28671ms line line_after=low raw=[06, 0c, 0f, fd, 80, 01, ab, 80, 00, 00, 3c, 00, ab, 80, 00] parsed=CoverGesture
[TOUCHLOG] t=28702ms line line_after=low raw=[06, 0d, 0f, 0d, 80, 01, ab, 80, 00, 00, 3c, 00, ab, 80, 00] parsed=CoverGesture
[TOUCHLOG] t=28723ms line line_after=low raw=[06, 0d, 0f, 0d, 80, 01, ab, 80, 00, 00, 3c, 00, ab, 80, 00] parsed=CoverGesture
[TOUCHLOG] t=28791ms line line_after=low raw=[06, 0d, 0f, 1c, 80, 01, ab, 80, 00, 00, 3c, 00, ab, 80, 00] parsed=CoverGesture
[TOUCHLOG] t=28843ms line line_after=low raw=[06, 0d, 0f, 1c, 80, 01, ab, 80, 00, 00, 3c, 00, ab, 80, 00] parsed=CoverGesture
[TOUCHLOG] t=28872ms line line_after=low raw=[06, 0d, 0f, 2c, 80, 01, ab, 80, 00, 00, 3c, 00, ab, 80, 00] parsed=CoverGesture
[TOUCHLOG] t=28922ms line line_after=low raw=[06, 0d, 0f, 2b, 80, 01, ab, 80, 00, 00, 3c, 00, ab, 80, 00] parsed=CoverGesture
[TOUCHLOG] t=28990ms line line_after=low raw=[06, 0d, 0f, 3b, 80, 01, ab, 80, 00, 00, 3c, 00, ab, 80, 00] parsed=CoverGesture
[TOUCHLOG] t=29042ms line line_after=low raw=[06, 0d, 0f, 3b, 80, 01, ab, 80, 00, 00, 3c, 00, ab, 80, 00] parsed=CoverGesture
[TOUCHLOG] t=29073ms line line_after=low raw=[06, 0d, 0f, 4b, 80, 01, ab, 80, 00, 00, 3c, 00, ab, 80, 00] parsed=CoverGesture
[TOUCHLOG] t=29123ms line line_after=low raw=[06, 0d, 0f, 4b, 80, 01, ab, 80, 00, 00, 3c, 00, ab, 80, 00] parsed=CoverGesture
[TOUCHLOG] t=29149ms line line_after=high raw=[06, 0d, 0f, 4b, 80, 01, ab, 80, 00, 00, 3c, 00, ab, 80, 00] parsed=CoverGesture
[TOUCHLOG] t=29192ms line line_after=low raw=[06, 0d, 0f, 4a, 80, 01, ab, 80, 00, 00, 3c, 00, ab, 80, 00] parsed=CoverGesture
[TOUCHLOG] t=29224ms line line_after=low raw=[06, 0d, 0f, 4a, 80, 01, ab, 80, 00, 00, 3c, 00, ab, 80, 00] parsed=CoverGesture
[TOUCHLOG] t=29262ms line line_after=low raw=[06, 0d, 0f, 5a, 80, 01, ab, 80, 00, 00, 3c, 00, ab, 80, 00] parsed=CoverGesture
[TOUCHLOG] t=29333ms line line_after=low raw=[06, 0d, 0f, 5a, 80, 01, ab, 80, 00, 00, 3c, 00, ab, 80, 00] parsed=CoverGesture
[TOUCHLOG] t=29362ms line line_after=low raw=[06, 0d, 0f, 5a, 80, 01, ab, 80, 00, 00, 3c, 00, ab, 80, 00] parsed=CoverGesture
[TOUCHLOG] t=29413ms line line_after=low raw=[06, 0d, 0f, 5a, 80, 01, ab, 80, 00, 00, 3c, 00, ab, 80, 00] parsed=CoverGesture
[TOUCHLOG] t=29425ms line line_after=high raw=[06, 0d, 0f, 5a, 80, 01, ab, 80, 00, 00, 3c, 00, ab, 80, 00] parsed=CoverGesture
[TOUCHLOG] t=29498ms poll line_after=high raw=[06, 0d, 0f, 6a, 80, 01, ab, 80, 00, 00, 3c, 00, ab, 80, 00] parsed=CoverGesture
[TOUCHLOG] t=29539ms line line_after=high raw=[06, 0d, 0f, 6a, 80, 01, ab, 80, 00, 00, 3c, 00, ab, 80, 00] parsed=CoverGesture
[TOUCHLOG] t=29583ms line line_after=low raw=[06, 0d, 0f, 6a, 80, 01, ab, 80, 00, 00, 3c, 00, ab, 80, 00] parsed=CoverGesture
[TOUCHLOG] t=29637ms poll line_after=high raw=[06, 0d, 0f, 69, 80, 01, ab, 80, 00, 00, 3c, 00, ab, 80, 00] parsed=CoverGesture
[TOUCHLOG] t=29702ms line line_after=low raw=[06, 0d, 0f, 69, 80, 01, ab, 80, 00, 00, 3c, 00, ab, 80, 00] parsed=CoverGesture
[TOUCHLOG] t=29732ms line line_after=low raw=[06, 0d, 0f, 69, 80, 01, ab, 80, 00, 00, 3c, 00, ab, 80, 00] parsed=CoverGesture
[TOUCHLOG] t=29813ms line line_after=low raw=[06, 0d, 0f, 69, 80, 01, ab, 80, 00, 00, 3c, 00, ab, 80, 00] parsed=CoverGesture
[TOUCHLOG] t=29822ms line line_after=low raw=[06, 0d, 0f, 69, 80, 01, ab, 80, 00, 00, 3c, 00, ab, 80, 00] parsed=CoverGesture
[TOUCHLOG] t=29873ms line line_after=low raw=[06, 0d, 0f, 69, 80, 01, ab, 80, 00, 00, 3c, 00, ab, 80, 00] parsed=CoverGesture
[TOUCHLOG] t=29895ms line line_after=high raw=[06, 0d, 0f, 69, 80, 01, ab, 80, 00, 00, 3c, 00, ab, 80, 00] parsed=CoverGesture
[TOUCHLOG] t=29976ms poll line_after=high raw=[06, 0d, 0f, 79, 80, 01, ab, 80, 00, 00, 3c, 00, ab, 80, 00] parsed=CoverGesture
[TOUCHLOG] t=30004ms line line_after=low raw=[06, 0d, 0f, 79, 80, 01, ab, 80, 00, 00, 3c, 00, ab, 80, 00] parsed=CoverGesture
[TOUCHLOG] t=30054ms line line_after=low raw=[06, 0d, 0f, 79, 80, 01, ab, 80, 00, 00, 3c, 00, ab, 80, 00] parsed=CoverGesture
[TOUCHLOG] t=30119ms poll line_after=high raw=[06, 0d, 0f, 79, 80, 01, ab, 80, 00, 00, 3c, 00, ab, 80, 00] parsed=CoverGesture
[TOUCHLOG] t=30164ms line line_after=low raw=[06, 0d, 0f, 79, 80, 01, ab, 80, 00, 00, 3c, 00, ab, 80, 00] parsed=CoverGesture
[TOUCHLOG] t=30183ms line line_after=low raw=[06, 0d, 0f, 79, 80, 01, ab, 80, 00, 00, 3c, 00, ab, 80, 00] parsed=CoverGesture
[TOUCHLOG] t=30206ms line line_after=high raw=[06, 0d, 0f, 79, 80, 01, ab, 80, 00, 00, 3c, 00, ab, 80, 00] parsed=CoverGesture
[TOUCHLOG] t=30252ms line line_after=low raw=[06, 0d, 0f, 88, 80, 01, ab, 80, 00, 00, 3c, 00, ab, 80, 00] parsed=CoverGesture
[TOUCHLOG] t=30265ms line line_after=high raw=[06, 0d, 0f, 88, 80, 01, ab, 80, 00, 00, 3c, 00, ab, 80, 00] parsed=CoverGesture
[TOUCHLOG] t=30325ms line line_after=low raw=[06, 0d, 0f, 88, 80, 01, ab, 80, 00, 00, 3c, 00, ab, 80, 00] parsed=CoverGesture
[TOUCHLOG] t=30335ms line line_after=low raw=[06, 0d, 0f, 88, 80, 01, ab, 80, 00, 00, 3c, 00, ab, 80, 00] parsed=CoverGesture
[TOUCHLOG] t=30406ms line line_after=high raw=[06, 0d, 0f, 88, 80, 01, ab, 80, 00, 00, 3c, 00, ab, 80, 00] parsed=CoverGesture
[TOUCHLOG] t=30437ms line line_after=high raw=[06, 0d, 0f, 88, 80, 01, ab, 80, 00, 00, 3c, 00, ab, 80, 00] parsed=CoverGesture
[TOUCHLOG] t=30494ms line line_after=low raw=[06, 0d, 0f, 88, 80, 01, ab, 80, 00, 00, 3c, 00, ab, 80, 00] parsed=CoverGesture
[TOUCHLOG] t=30523ms line line_after=low raw=[06, 0d, 0f, 98, 80, 01, ab, 80, 00, 00, 3c, 00, ab, 80, 00] parsed=CoverGesture
[TOUCHLOG] t=30593ms line line_after=low raw=[06, 0d, 0f, 98, 80, 01, ab, 80, 00, 00, 3c, 00, ab, 80, 00] parsed=CoverGesture
[TOUCHLOG] t=30623ms line line_after=low raw=[06, 0d, 0f, 97, 80, 01, ab, 80, 00, 00, 3c, 00, ab, 80, 00] parsed=CoverGesture
[TOUCHLOG] t=30677ms line line_after=high raw=[06, 0d, 0f, 97, 80, 01, ab, 80, 00, 00, 3c, 00, ab, 80, 00] parsed=CoverGesture
[TOUCHLOG] t=30686ms line line_after=high raw=[ab, 0d, 0f, 97, 80, 01, ab, 80, 00, 00, 3c, 00, ab, 80, 00] parsed=Points([])
[TOUCHLOG] t=30710ms line line_after=high raw=[06, 0d, 0f, 97, 80, 01, ab, 80, 00, 00, 3c, 00, ab, 80, 00] parsed=CoverGesture
[TOUCH] cover accepted, recalibrating
[TOUCHLOG] t=30753ms line line_after=low raw=[06, 0d, 0f, 97, 80, 01, ab, 80, 00, 00, 3c, 00, ab, 80, 00] parsed=CoverGesture
[TOUCHLOG] t=30804ms line line_after=low raw=[06, 0d, 0f, a7, 80, 01, ab, 80, 00, 00, 3c, 00, ab, 80, 00] parsed=CoverGesture
[TOUCHLOG] t=30843ms line line_after=low raw=[06, 0d, 0f, a7, 80, 01, ab, 80, 00, 00, 3c, 00, ab, 80, 00] parsed=CoverGesture
[TOUCHLOG] t=30854ms line line_after=low raw=[06, 0d, 0f, a7, 80, 01, ab, 80, 00, 00, 3c, 00, ab, 80, 00] parsed=CoverGesture
[TOUCHLOG] t=30876ms line line_after=low raw=[06, 0d, 0f, a7, 80, 01, ab, 80, 00, 00, 3c, 00, ab, 80, 00] parsed=CoverGesture
[TOUCHLOG] t=30929ms poll line_after=high raw=[06, 0d, 0f, a6, 80, 01, ab, 80, 00, 00, 3c, 00, ab, 80, 00] parsed=CoverGesture
[TOUCHLOG] t=30954ms line line_after=low raw=[06, 0d, 0f, a6, 80, 01, ab, 80, 00, 00, 3c, 00, ab, 80, 00] parsed=CoverGesture
[TOUCHLOG] t=30976ms line line_after=high raw=[06, 0d, 0f, a6, 80, 01, ab, 80, 00, 00, 3c, 00, ab, 80, 00] parsed=CoverGesture
[TOUCHLOG] t=31006ms line line_after=low raw=[06, 0d, 0f, a6, 80, 01, ab, 80, 00, 00, 3c, 00, ab, 80, 00] parsed=CoverGesture
[TOUCHLOG] t=31057ms line line_after=high raw=[06, 0d, 0f, a6, 80, 01, ab, 80, 00, 00, 3c, 00, ab, 80, 00] parsed=CoverGesture
[TOUCHLOG] t=31084ms line line_after=low raw=[06, 0d, 0f, a6, 80, 01, ab, 80, 00, 00, 3c, 00, ab, 80, 00] parsed=CoverGesture
[TOUCHLOG] t=31170ms poll line_after=high raw=[06, 0d, 0f, a6, 80, 01, ab, 80, 00, 00, 3c, 00, ab, 80, 00] parsed=CoverGesture
[TOUCHLOG] t=31197ms line line_after=high raw=[06, 0d, 0f, a6, 80, 01, ab, 80, 00, 00, 3c, 00, ab, 80, 00] parsed=CoverGesture
[TOUCHLOG] t=31250ms line line_after=high raw=[06, 0d, 0f, a6, 80, 01, ab, 80, 00, 00, 3c, 00, ab, 80, 00] parsed=CoverGesture
[TOUCHLOG] t=31277ms line line_after=high raw=[06, 0d, 0f, a6, 80, 01, ab, 80, 00, 00, 3c, 00, ab, 80, 00] parsed=CoverGesture
[TOUCHLOG] t=31334ms line line_after=low raw=[06, 0d, 0f, a6, 80, 01, ab, 80, 00, 00, 3c, 00, ab, 80, 00] parsed=CoverGesture
[TOUCHLOG] t=31364ms line line_after=low raw=[06, 0d, 0f, a6, 80, 01, ab, 80, 00, 00, 3c, 00, ab, 80, 00] parsed=CoverGesture
[TOUCHLOG] t=31433ms line line_after=low raw=[06, 0d, 0f, b6, 80, 01, ab, 80, 00, 00, 3c, 00, ab, 80, 00] parsed=CoverGesture
[TOUCHLOG] t=31466ms line line_after=high raw=[06, 0d, 0f, b6, 80, 01, ab, 80, 00, 00, 3c, 00, ab, 80, 00] parsed=CoverGesture
[TOUCHLOG] t=31515ms line line_after=low raw=[06, 0d, 0f, b6, 80, 01, ab, 80, 00, 00, 3c, 00, ab, 80, 00] parsed=CoverGesture
[TOUCHLOG] t=31524ms line line_after=low raw=[06, 0d, 0f, b6, 80, 01, ab, 80, 00, 00, 3c, 00, ab, 80, 00] parsed=CoverGesture
[TOUCHLOG] t=31565ms line line_after=low raw=[06, 0d, 0f, b6, 80, 01, ab, 80, 00, 00, 3c, 00, ab, 80, 00] parsed=CoverGesture
[TOUCHLOG] t=31596ms line line_after=low raw=[06, 0d, 0f, b6, 80, 01, ab, 80, 00, 00, 3c, 00, ab, 80, 00] parsed=CoverGesture
[TOUCHLOG] t=31653ms poll line_after=low raw=[06, 0d, 0f, c6, 80, 01, ab, 80, 00, 00, 3c, 00, ab, 80, 00] parsed=CoverGesture
[TOUCHLOG] t=31704ms line line_after=low raw=[06, 0d, 0f, c6, 80, 01, ab, 80, 00, 00, 3c, 00, ab, 80, 00] parsed=CoverGesture
[TOUCHLOG] t=31759ms poll line_after=high raw=[06, 0d, 0f, c6, 80, 01, ab, 80, 00, 00, 3c, 00, ab, 80, 00] parsed=CoverGesture
[TOUCHLOG] t=31796ms line line_after=low raw=[06, 0d, 0f, c6, 80, 01, ab, 80, 00, 00, 3c, 00, ab, 80, 00] parsed=CoverGesture
[TOUCHLOG] t=31815ms line line_after=low raw=[06, 0d, 0f, c6, 80, 01, ab, 80, 00, 00, 3c, 00, ab, 80, 00] parsed=CoverGesture
[TOUCHLOG] t=31838ms line line_after=high raw=[06, 0d, 0f, c6, 80, 01, ab, 80, 00, 00, 3c, 00, ab, 80, 00] parsed=CoverGesture
[TOUCHLOG] t=31905ms line line_after=low raw=[06, 0d, 0f, c6, 80, 01, ab, 80, 00, 00, 3c, 00, ab, 80, 00] parsed=CoverGesture
[TOUCHLOG] t=31935ms line line_after=low raw=[06, 0d, 0f, c6, 80, 01, ab, 80, 00, 00, 3c, 00, ab, 80, 00] parsed=CoverGesture
[TOUCHLOG] t=32011ms line line_after=high raw=[06, 0d, 0f, c6, 80, 01, ab, 80, 00, 00, 3c, 00, ab, 80, 00] parsed=CoverGesture
[TOUCHLOG] t=32037ms line line_after=high raw=[06, 0d, 0f, c6, 80, 01, ab, 80, 00, 00, 3c, 00, ab, 80, 00] parsed=CoverGesture
[TOUCHLOG] t=32065ms line line_after=low raw=[06, 0d, 0f, c6, 80, 01, ab, 80, 00, 00, 3c, 00, ab, 80, 00] parsed=CoverGesture
[TOUCHLOG] t=32087ms line line_after=low raw=[06, 0d, 0f, c6, 80, 01, ab, 80, 00, 00, 3c, 00, ab, 80, 00] parsed=CoverGesture
[TOUCHLOG] t=32153ms poll line_after=low raw=[06, 0d, 0f, c6, 80, 01, ab, 80, 00, 00, 3c, 00, ab, 80, 00] parsed=CoverGesture
[TOUCHLOG] t=32205ms line line_after=low raw=[06, 0d, 0f, c6, 80, 01, ab, 80, 00, 00, 3c, 00, ab, 80, 00] parsed=CoverGesture
[TOUCHLOG] t=32275ms line line_after=low raw=[06, 0d, 0f, c6, 80, 01, ab, 80, 00, 00, 3c, 00, ab, 80, 00] parsed=CoverGesture
[TOUCHLOG] t=32284ms line line_after=low raw=[06, 0d, 0f, c6, 80, 01, ab, 80, 00, 00, 3c, 00, ab, 80, 00] parsed=CoverGesture
[TOUCHLOG] t=32334ms line line_after=low raw=[06, 0d, 0f, c6, 80, 01, ab, 80, 00, 00, 3c, 00, ab, 80, 00] parsed=CoverGesture
[TOUCHLOG] t=32388ms line line_after=high raw=[06, 0d, 0f, c6, 80, 01, ab, 80, 00, 00, 3c, 00, ab, 80, 00] parsed=CoverGesture
[TOUCHLOG] t=32436ms line line_after=low raw=[06, 0d, 0f, c6, 80, 01, ab, 80, 00, 00, 3c, 00, ab, 80, 00] parsed=CoverGesture
[TOUCHLOG] t=32485ms line line_after=low raw=[06, 0d, 0f, c6, 80, 01, ab, 80, 00, 00, 3c, 00, ab, 80, 00] parsed=CoverGesture
[TOUCHLOG] t=32549ms line line_after=high raw=[06, 0d, 0f, c6, 80, 01, ab, 80, 00, 00, 3c, 00, ab, 80, 00] parsed=CoverGesture
[TOUCHLOG] t=32558ms line line_after=high raw=[06, 0d, 0f, c6, 80, 01, ab, 80, 00, 00, 3c, 00, ab, 80, 00] parsed=CoverGesture
[TOUCHLOG] t=32606ms line line_after=low raw=[06, 0d, 0f, c6, 80, 01, ab, 80, 00, 00, 3c, 00, ab, 80, 00] parsed=CoverGesture
[TOUCHLOG] t=32637ms line line_after=low raw=[06, 0d, 0f, c6, 80, 01, ab, 80, 00, 00, 3c, 00, ab, 80, 00] parsed=CoverGesture
[TOUCHLOG] t=32656ms line line_after=low raw=[06, 0d, 0f, c6, 80, 01, ab, 80, 00, 00, 3c, 00, ab, 80, 00] parsed=CoverGesture
[TOUCHLOG] t=32726ms line line_after=low raw=[06, 0d, 0f, c6, 80, 01, ab, 80, 00, 00, 3c, 00, ab, 80, 00] parsed=CoverGesture
[TOUCHLOG] t=32770ms line line_after=high raw=[06, 0d, 0f, c6, 80, 01, ab, 80, 00, 00, 3c, 00, ab, 80, 00] parsed=CoverGesture
[TOUCHLOG] t=32839ms line line_after=high raw=[06, 0d, 0f, c6, 80, 01, ab, 80, 00, 00, 3c, 00, ab, 80, 00] parsed=CoverGesture
[TOUCHLOG] t=32895ms poll line_after=low raw=[06, 0d, 0f, c6, 80, 01, ab, 80, 00, 00, 3c, 00, ab, 80, 00] parsed=CoverGesture
[TOUCHLOG] t=32945ms line line_after=low raw=[06, 0d, 0f, c6, 80, 01, ab, 80, 00, 00, 3c, 00, ab, 80, 00] parsed=CoverGesture
[TOUCHLOG] t=32989ms line line_after=high raw=[06, 0d, 0f, c6, 80, 01, ab, 80, 00, 00, 3c, 00, ab, 80, 00] parsed=CoverGesture
[TOUCHLOG] t=33008ms line line_after=low raw=[06, 0d, 0f, c6, 80, 01, ab, 80, 00, 00, 3c, 00, ab, 80, 00] parsed=CoverGesture
[TOUCHLOG] t=33057ms line line_after=low raw=[06, 0d, 0f, c6, 80, 01, ab, 80, 00, 00, 3c, 00, ab, 80, 00] parsed=CoverGesture
[TOUCHLOG] t=33115ms line line_after=low raw=[06, 0d, 0f, c6, 80, 01, ab, 80, 00, 00, 3c, 00, ab, 80, 00] parsed=CoverGesture
[TOUCHLOG] t=33137ms line line_after=low raw=[06, 0d, 0f, c6, 80, 01, ab, 80, 00, 00, 3c, 00, ab, 80, 00] parsed=CoverGesture
[TOUCHLOG] t=33157ms line line_after=low raw=[06, 0d, 0f, c6, 80, 01, ab, 80, 00, 00, 3c, 00, ab, 80, 00] parsed=CoverGesture
[TOUCHLOG] t=33179ms line line_after=high raw=[06, 0d, 0f, c6, 80, 01, ab, 80, 00, 00, 3c, 00, ab, 80, 00] parsed=CoverGesture
[TOUCHLOG] t=33207ms line line_after=low raw=[06, 0d, 0f, c6, 80, 01, ab, 80, 00, 00, 3c, 00, ab, 80, 00] parsed=CoverGesture
[TOUCHLOG] t=33229ms line line_after=high raw=[06, 0d, 0f, c6, 80, 01, ab, 80, 00, 00, 3c, 00, ab, 80, 00] parsed=CoverGesture
[TOUCHLOG] t=33259ms line line_after=high raw=[06, 0d, 0f, c6, 80, 01, ab, 80, 00, 00, 3c, 00, ab, 80, 00] parsed=CoverGesture
[TOUCHLOG] t=33309ms line line_after=high raw=[06, 0d, 0f, c6, 80, 01, ab, 80, 00, 00, 3c, 00, ab, 80, 00] parsed=CoverGesture
[TOUCHLOG] t=33336ms line line_after=low raw=[06, 0d, 0f, c6, 80, 01, ab, 80, 00, 00, 3c, 00, ab, 80, 00] parsed=CoverGesture
[TOUCHLOG] t=33436ms line line_after=low raw=[06, 0d, 0f, c6, 80, 01, ab, 80, 00, 00, 3c, 00, ab, 80, 00] parsed=CoverGesture
[TOUCHLOG] t=33480ms line line_after=high raw=[06, 0d, 0f, c6, 80, 01, ab, 80, 00, 00, 3c, 00, ab, 80, 00] parsed=CoverGesture
[TOUCHLOG] t=33527ms line line_after=low raw=[06, 0d, 0f, c6, 80, 01, ab, 80, 00, 00, 3c, 00, ab, 80, 00] parsed=CoverGesture
[TOUCHLOG] t=33546ms line line_after=low raw=[06, 0d, 0f, c6, 80, 01, ab, 80, 00, 00, 3c, 00, ab, 80, 00] parsed=CoverGesture
[TOUCHLOG] t=33568ms line line_after=low raw=[06, 0d, 0f, c6, 80, 01, ab, 80, 00, 00, 3c, 00, ab, 80, 00] parsed=CoverGesture
[TOUCHLOG] t=33638ms line line_after=low raw=[06, 0d, 0f, c6, 80, 01, ab, 80, 00, 00, 3c, 00, ab, 80, 00] parsed=CoverGesture
[TOUCHLOG] t=33647ms line line_after=low raw=[06, 0d, 0f, c6, 80, 01, ab, 80, 00, 00, 3c, 00, ab, 80, 00] parsed=CoverGesture
[TOUCHLOG] t=33696ms line line_after=low raw=[06, 0d, 0f, c6, 80, 01, ab, 80, 00, 00, 3c, 00, ab, 80, 00] parsed=CoverGesture
[TOUCHLOG] t=33738ms line line_after=low raw=[06, 0d, 0f, c6, 80, 01, ab, 80, 00, 00, 3c, 00, ab, 80, 00] parsed=CoverGesture
[TOUCHLOG] t=33746ms line line_after=low raw=[06, 0d, 0f, c6, 80, 01, ab, 80, 00, 00, 3c, 00, ab, 80, 00] parsed=CoverGesture
[TOUCHLOG] t=33768ms line line_after=low raw=[06, 0d, 0f, c6, 80, 01, ab, 80, 00, 00, 3c, 00, ab, 80, 00] parsed=CoverGesture
[TOUCHLOG] t=33835ms poll line_after=low raw=[06, 0d, 0f, c6, 80, 01, ab, 80, 00, 00, 3c, 00, ab, 80, 00] parsed=CoverGesture
[TOUCHLOG] t=33886ms line line_after=low raw=[06, 0d, 0f, c6, 80, 01, ab, 80, 00, 00, 3c, 00, ab, 80, 00] parsed=CoverGesture
[TOUCHLOG] t=33940ms line line_after=high raw=[06, 0d, 0f, c6, 80, 01, ab, 80, 00, 00, 3c, 00, ab, 80, 00] parsed=CoverGesture
[TOUCHLOG] t=34006ms line line_after=low raw=[06, 0d, 0f, c6, 80, 01, ab, 80, 00, 00, 3c, 00, ab, 80, 00] parsed=CoverGesture
[TOUCHLOG] t=34036ms line line_after=low raw=[06, 0d, 0f, c6, 80, 01, ab, 80, 00, 00, 3c, 00, ab, 80, 00] parsed=CoverGesture
[TOUCHLOG] t=34107ms line line_after=low raw=[06, 0d, 0f, c6, 80, 01, ab, 80, 00, 00, 3c, 00, ab, 80, 00] parsed=CoverGesture
[TOUCHLOG] t=34137ms line line_after=low raw=[06, 0d, 0f, c6, 80, 01, ab, 80, 00, 00, 3c, 00, ab, 80, 00] parsed=CoverGesture
[TOUCHLOG] t=34186ms line line_after=low raw=[06, 0d, 0f, c6, 80, 01, ab, 80, 00, 00, 3c, 00, ab, 80, 00] parsed=CoverGesture
[TOUCHLOG] t=34238ms line line_after=low raw=[06, 0d, 0f, c6, 80, 01, ab, 80, 00, 00, 3c, 00, ab, 80, 00] parsed=CoverGesture
[TOUCHLOG] t=34288ms line line_after=low raw=[06, 0d, 0f, c6, 80, 01, ab, 80, 00, 00, 3c, 00, ab, 80, 00] parsed=CoverGesture
[TOUCHLOG] t=34319ms line line_after=low raw=[06, 0d, 0f, c6, 80, 01, ab, 80, 00, 00, 3c, 00, ab, 80, 00] parsed=CoverGesture
[TOUCHLOG] t=34377ms line line_after=low raw=[06, 0d, 0f, c6, 80, 01, ab, 80, 00, 00, 3c, 00, ab, 80, 00] parsed=CoverGesture
[TOUCHLOG] t=34407ms line line_after=low raw=[06, 0d, 0f, c6, 80, 01, ab, 80, 00, 00, 3c, 00, ab, 80, 00] parsed=CoverGesture
[TOUCHLOG] t=34481ms line line_after=high raw=[06, 0d, 0f, c6, 80, 01, ab, 80, 00, 00, 3c, 00, ab, 80, 00] parsed=CoverGesture
[TOUCHLOG] t=34508ms line line_after=low raw=[06, 0d, 0f, c6, 80, 01, ab, 80, 00, 00, 3c, 00, ab, 80, 00] parsed=CoverGesture
[TOUCHLOG] t=34556ms line line_after=low raw=[06, 0d, 0f, c6, 80, 01, ab, 80, 00, 00, 3c, 00, ab, 80, 00] parsed=CoverGesture
[TOUCHLOG] t=34570ms line line_after=high raw=[06, 0d, 0f, c6, 80, 01, ab, 80, 00, 00, 3c, 00, ab, 80, 00] parsed=CoverGesture
[TOUCHLOG] t=34620ms line line_after=high raw=[06, 0d, 0f, c6, 80, 01, ab, 80, 00, 00, 3c, 00, ab, 80, 00] parsed=CoverGesture
[TOUCHLOG] t=34638ms line line_after=low raw=[06, 0d, 0f, c6, 80, 01, ab, 80, 00, 00, 3c, 00, ab, 80, 00] parsed=CoverGesture
[TOUCHLOG] t=34687ms line line_after=low raw=[06, 0d, 0f, c6, 80, 01, ab, 80, 00, 00, 3c, 00, ab, 80, 00] parsed=CoverGesture
[TOUCHLOG] t=34706ms line line_after=low raw=[06, 0d, 0f, c6, 80, 01, ab, 80, 00, 00, 3c, 00, ab, 80, 00] parsed=CoverGesture
[TOUCHLOG] t=34728ms line line_after=low raw=[06, 0d, 0f, c6, 80, 01, ab, 80, 00, 00, 3c, 00, ab, 80, 00] parsed=CoverGesture
[TOUCHLOG] t=34791ms poll line_after=high raw=[06, 0d, 0f, c6, 80, 01, ab, 80, 00, 00, 3c, 00, ab, 80, 00] parsed=CoverGesture
[TOUCHLOG] t=34826ms line line_after=low raw=[06, 0d, 0f, c6, 80, 01, ab, 80, 00, 00, 3c, 00, ab, 80, 00] parsed=CoverGesture
[TOUCHLOG] t=34858ms line line_after=low raw=[06, 0d, 0f, c6, 80, 01, ab, 80, 00, 00, 3c, 00, ab, 80, 00] parsed=CoverGesture
[TOUCHLOG] t=34890ms line line_after=high raw=[06, 0d, 0f, c6, 80, 01, ab, 80, 00, 00, 3c, 00, ab, 80, 00] parsed=CoverGesture
[TOUCHLOG] t=34909ms line line_after=low raw=[06, 0d, 0f, c6, 80, 01, ab, 80, 00, 00, 3c, 00, ab, 80, 00] parsed=CoverGesture
[TOUCHLOG] t=34956ms line line_after=low raw=[06, 0d, 0f, c6, 80, 01, ab, 80, 00, 00, 3c, 00, ab, 80, 00] parsed=CoverGesture
[TOUCHLOG] t=35018ms line line_after=low raw=[06, 0d, 0f, c6, 80, 01, ab, 80, 00, 00, 3c, 00, ab, 80, 00] parsed=CoverGesture
[TOUCHLOG] t=35027ms line line_after=low raw=[06, 0d, 0f, c6, 80, 01, ab, 80, 00, 00, 3c, 00, ab, 80, 00] parsed=CoverGesture
[TOUCHLOG] t=35076ms line line_after=low raw=[06, 0d, 0f, c6, 80, 01, ab, 80, 00, 00, 3c, 00, ab, 80, 00] parsed=CoverGesture
[TOUCHLOG] t=35092ms line line_after=high raw=[06, 0d, 0f, c6, 80, 01, ab, 80, 00, 00, 3c, 00, ab, 80, 00] parsed=CoverGesture
[TOUCHLOG] t=35164ms poll line_after=high raw=[06, 0d, 0f, c6, 80, 01, ab, 80, 00, 00, 3c, 00, ab, 80, 00] parsed=CoverGesture
[TOUCHLOG] t=35216ms line line_after=low raw=[06, 0d, 0f, c6, 80, 01, ab, 80, 00, 00, 3c, 00, ab, 80, 00] parsed=CoverGesture
[TOUCHLOG] t=35258ms line line_after=low raw=[06, 0d, 0f, c6, 80, 01, ab, 80, 00, 00, 3c, 00, ab, 80, 00] parsed=CoverGesture
[TOUCHLOG] t=35311ms poll line_after=high raw=[06, 0d, 0f, c6, 80, 01, ab, 80, 00, 00, 3c, 00, ab, 80, 00] parsed=CoverGesture
[TOUCHLOG] t=35326ms line line_after=low raw=[06, 0d, 0f, c6, 80, 01, ab, 80, 00, 00, 3c, 00, ab, 80, 00] parsed=CoverGesture
[TOUCHLOG] t=35348ms line line_after=low raw=[06, 0d, 0f, d6, 80, 01, ab, 80, 00, 00, 3c, 00, ab, 80, 00] parsed=CoverGesture
[TOUCHLOG] t=35396ms line line_after=low raw=[06, 0d, 0f, d6, 80, 01, ab, 80, 00, 00, 3c, 00, ab, 80, 00] parsed=CoverGesture
[TOUCHLOG] t=35409ms line line_after=high raw=[06, 0d, 0f, d6, 80, 01, ab, 80, 00, 00, 3c, 00, ab, 80, 00] parsed=CoverGesture
[TOUCHLOG] t=35483ms poll line_after=high raw=[06, 0d, 0f, d6, 80, 01, ab, 80, 00, 00, 3c, 00, ab, 80, 00] parsed=CoverGesture
[TOUCHLOG] t=35535ms poll line_after=high raw=[06, 0d, 0f, d6, 80, 01, ab, 80, 00, 00, 3c, 00, ab, 80, 00] parsed=CoverGesture
[TOUCHLOG] t=35589ms line line_after=high raw=[06, 0d, 0f, d6, 80, 01, ab, 80, 00, 00, 3c, 00, ab, 80, 00] parsed=CoverGesture
[TOUCHLOG] t=35629ms line line_after=low raw=[06, 0d, 0f, d6, 80, 01, ab, 80, 00, 00, 3c, 00, ab, 80, 00] parsed=CoverGesture
[TOUCHLOG] t=35648ms line line_after=low raw=[06, 0d, 0f, d6, 80, 01, ab, 80, 00, 00, 3c, 00, ab, 80, 00] parsed=CoverGesture
[TOUCHLOG] t=35696ms line line_after=low raw=[06, 0d, 0f, d6, 80, 01, ab, 80, 00, 00, 3c, 00, ab, 80, 00] parsed=CoverGesture
[TOUCHLOG] t=35786ms poll line_after=low raw=[06, 0d, 0f, d6, 80, 01, ab, 80, 00, 00, 3c, 00, ab, 80, 00] parsed=CoverGesture
[TOUCHLOG] t=35837ms line line_after=low raw=[06, 0d, 0f, d6, 80, 01, ab, 80, 00, 00, 3c, 00, ab, 80, 00] parsed=CoverGesture
[TOUCHLOG] t=35886ms line line_after=low raw=[06, 0d, 0f, d6, 80, 01, ab, 80, 00, 00, 3c, 00, ab, 80, 00] parsed=CoverGesture
[TOUCHLOG] t=35898ms line line_after=low raw=[06, 0d, 0f, d6, 80, 01, ab, 80, 00, 00, 3c, 00, ab, 80, 00] parsed=CoverGesture
[TOUCHLOG] t=35948ms line line_after=low raw=[06, 0d, 0f, d6, 80, 01, ab, 80, 00, 00, 3c, 00, ab, 80, 00] parsed=CoverGesture
[TOUCHLOG] t=35967ms line line_after=low raw=[06, 0d, 0f, d6, 80, 01, ab, 80, 00, 00, 3c, 00, ab, 80, 00] parsed=CoverGesture
[TOUCHLOG] t=35990ms line line_after=high raw=[06, 0d, 0f, d6, 80, 01, ab, 80, 00, 00, 3c, 00, ab, 80, 00] parsed=CoverGesture
[TOUCHLOG] t=36058ms line line_after=low raw=[06, 0d, 0f, d6, 80, 01, ab, 80, 00, 00, 3c, 00, ab, 80, 00] parsed=CoverGesture
[TOUCHLOG] t=36113ms line line_after=high raw=[06, 0d, 0f, d6, 80, 01, ab, 80, 00, 00, 3c, 00, ab, 80, 00] parsed=CoverGesture
[TOUCHLOG] t=36139ms line line_after=low raw=[06, 0d, 0f, d6, 80, 01, ab, 80, 00, 00, 3c, 00, ab, 80, 00] parsed=CoverGesture
[TOUCHLOG] t=36167ms line line_after=low raw=[06, 0d, 0f, d6, 80, 01, ab, 80, 00, 00, 3c, 00, ab, 80, 00] parsed=CoverGesture
[TOUCHLOG] t=36190ms line line_after=high raw=[06, 0d, 0f, d6, 80, 01, ab, 80, 00, 00, 3c, 00, ab, 80, 00] parsed=CoverGesture
[TOUCHLOG] t=36236ms line line_after=low raw=[06, 0d, 0f, d6, 80, 01, ab, 80, 00, 00, 3c, 00, ab, 80, 00] parsed=CoverGesture
[TOUCHLOG] t=36250ms line line_after=high raw=[06, 0d, 0f, d6, 80, 01, ab, 80, 00, 00, 3c, 00, ab, 80, 00] parsed=CoverGesture
[TOUCHLOG] t=36323ms poll line_after=high raw=[06, 0d, 0f, d6, 80, 01, ab, 80, 00, 00, 3c, 00, ab, 80, 00] parsed=CoverGesture
[TOUCHLOG] t=36393ms poll line_after=high raw=[06, 0d, 0f, d6, 80, 01, ab, 80, 00, 00, 3c, 00, ab, 80, 00] parsed=CoverGesture
[TOUCHLOG] t=36418ms line line_after=low raw=[06, 0d, 0f, d6, 80, 01, ab, 80, 00, 00, 3c, 00, ab, 80, 00] parsed=CoverGesture
[TOUCHLOG] t=36440ms line line_after=high raw=[06, 0d, 0f, d6, 80, 01, ab, 80, 00, 00, 3c, 00, ab, 80, 00] parsed=CoverGesture
[TOUCHLOG] t=36470ms line line_after=high raw=[06, 0d, 0f, d6, 80, 01, ab, 80, 00, 00, 3c, 00, ab, 80, 00] parsed=CoverGesture
[TOUCHLOG] t=36543ms poll line_after=high raw=[06, 0d, 0f, d6, 80, 01, ab, 80, 00, 00, 3c, 00, ab, 80, 00] parsed=CoverGesture
[TOUCHLOG] t=36582ms line line_after=high raw=[06, 0d, 0f, d6, 80, 01, ab, 80, 00, 00, 3c, 00, ab, 80, 00] parsed=CoverGesture
[TOUCHLOG] t=36628ms line line_after=low raw=[06, 0d, 0f, d6, 80, 01, ab, 80, 00, 00, 3c, 00, ab, 80, 00] parsed=CoverGesture
[TOUCHLOG] t=36671ms line line_after=high raw=[06, 0d, 0f, d6, 80, 01, ab, 80, 00, 00, 3c, 00, ab, 80, 00] parsed=CoverGesture
[TOUCHLOG] t=36723ms poll line_after=high raw=[06, 0d, 0f, d6, 80, 01, ab, 80, 00, 00, 3c, 00, ab, 80, 00] parsed=CoverGesture
[TOUCHLOG] t=36759ms line line_after=low raw=[06, 0d, 0f, d6, 80, 01, ab, 80, 00, 00, 3c, 00, ab, 80, 00] parsed=CoverGesture
[TOUCHLOG] t=36789ms line line_after=low raw=[06, 0d, 0f, d6, 80, 01, ab, 80, 00, 00, 3c, 00, ab, 80, 00] parsed=CoverGesture
[TOUCHLOG] t=36839ms line line_after=low raw=[06, 0d, 0f, d6, 80, 01, ab, 80, 00, 00, 3c, 00, ab, 80, 00] parsed=CoverGesture
[TOUCHLOG] t=36858ms line line_after=low raw=[06, 0d, 0f, d6, 80, 01, ab, 80, 00, 00, 3c, 00, ab, 80, 00] parsed=CoverGesture
[TOUCHLOG] t=36881ms line line_after=high raw=[06, 0d, 0f, d6, 80, 01, ab, 80, 00, 00, 3c, 00, ab, 80, 00] parsed=CoverGesture
[TOUCHLOG] t=36945ms poll line_after=high raw=[06, 0d, 0f, d6, 80, 01, ab, 80, 00, 00, 3c, 00, ab, 80, 00] parsed=CoverGesture
[TOUCHLOG] t=37000ms line line_after=high raw=[06, 0d, 0f, d6, 80, 01, ab, 80, 00, 00, 3c, 00, ab, 80, 00] parsed=CoverGesture
[TOUCHLOG] t=37048ms line line_after=low raw=[06, 0d, 0f, d6, 80, 01, ab, 80, 00, 00, 3c, 00, ab, 80, 00] parsed=CoverGesture
[TOUCHLOG] t=37117ms line line_after=low raw=[06, 0d, 0f, d6, 80, 01, ab, 80, 00, 00, 3c, 00, ab, 80, 00] parsed=CoverGesture
[TOUCHLOG] t=37148ms line line_after=low raw=[06, 0d, 0f, d6, 80, 01, ab, 80, 00, 00, 3c, 00, ab, 80, 00] parsed=CoverGesture
[TOUCHLOG] t=37223ms line line_after=high raw=[06, 0d, 0f, d6, 80, 01, ab, 80, 00, 00, 3c, 00, ab, 80, 00] parsed=CoverGesture
[TOUCHLOG] t=37267ms line line_after=low raw=[06, 0d, 0f, d6, 80, 01, ab, 80, 00, 00, 3c, 00, ab, 80, 00] parsed=CoverGesture
[TOUCHLOG] t=37277ms line line_after=low raw=[06, 0d, 0f, d6, 80, 01, ab, 80, 00, 00, 3c, 00, ab, 80, 00] parsed=CoverGesture
[TOUCHLOG] t=37299ms line line_after=low raw=[06, 0d, 0f, d6, 80, 01, ab, 80, 00, 00, 3c, 00, ab, 80, 00] parsed=CoverGesture
[TOUCHLOG] t=37365ms poll line_after=high raw=[06, 0d, 0f, d6, 80, 01, ab, 80, 00, 00, 3c, 00, ab, 80, 00] parsed=CoverGesture
[TOUCHLOG] t=37417ms line line_after=low raw=[06, 0d, 0f, d6, 80, 01, ab, 80, 00, 00, 3c, 00, ab, 80, 00] parsed=CoverGesture
[TOUCHLOG] t=37488ms line line_after=low raw=[06, 0d, 0f, d6, 80, 01, ab, 80, 00, 00, 3c, 00, ab, 80, 00] parsed=CoverGesture
[TOUCHLOG] t=37497ms line line_after=low raw=[06, 0d, 0f, d6, 80, 01, ab, 80, 00, 00, 3c, 00, ab, 80, 00] parsed=CoverGesture
[TOUCHLOG] t=37548ms line line_after=low raw=[06, 0d, 0f, d6, 80, 01, ab, 80, 00, 00, 3c, 00, ab, 80, 00] parsed=CoverGesture
[TOUCHLOG] t=37579ms line line_after=low raw=[06, 0d, 0f, d6, 80, 01, ab, 80, 00, 00, 3c, 00, ab, 80, 00] parsed=CoverGesture
[TOUCHLOG] t=37598ms line line_after=low raw=[06, 0d, 0f, d6, 80, 01, ab, 80, 00, 00, 3c, 00, ab, 80, 00] parsed=CoverGesture
[TOUCHLOG] t=37621ms line line_after=high raw=[06, 0d, 0f, d6, 80, 01, ab, 80, 00, 00, 3c, 00, ab, 80, 00] parsed=CoverGesture
[TOUCHLOG] t=37688ms line line_after=low raw=[06, 0d, 0f, d6, 80, 01, ab, 80, 00, 00, 3c, 00, ab, 80, 00] parsed=CoverGesture
[TOUCHLOG] t=37718ms line line_after=low raw=[06, 0d, 0f, d6, 80, 01, ab, 80, 00, 00, 3c, 00, ab, 80, 00] parsed=CoverGesture
[TOUCHLOG] t=37794ms line line_after=high raw=[06, 0d, 0f, d6, 80, 01, ab, 80, 00, 00, 3c, 00, ab, 80, 00] parsed=CoverGesture
[TOUCHLOG] t=37821ms line line_after=high raw=[06, 0d, 0f, d6, 80, 01, ab, 80, 00, 00, 3c, 00, ab, 80, 00] parsed=CoverGesture
[TOUCHLOG] t=37847ms line line_after=low raw=[06, 0d, 0f, d6, 80, 01, ab, 80, 00, 00, 3c, 00, ab, 80, 00] parsed=CoverGesture
[TOUCHLOG] t=37869ms line line_after=low raw=[06, 0d, 0f, d6, 80, 01, ab, 80, 00, 00, 3c, 00, ab, 80, 00] parsed=CoverGesture
[TOUCHLOG] t=37899ms line line_after=low raw=[06, 0d, 0f, d6, 80, 01, ab, 80, 00, 00, 3c, 00, ab, 80, 00] parsed=CoverGesture
[TOUCHLOG] t=37949ms line line_after=low raw=[06, 0d, 0f, d6, 80, 01, ab, 80, 00, 00, 3c, 00, ab, 80, 00] parsed=CoverGesture
[TOUCHLOG] t=38000ms line line_after=high raw=[06, 0d, 0f, d6, 80, 01, ab, 80, 00, 00, 3c, 00, ab, 80, 00] parsed=CoverGesture
[TOUCHLOG] t=38018ms line line_after=low raw=[06, 0d, 0f, d6, 80, 01, ab, 80, 00, 00, 3c, 00, ab, 80, 00] parsed=CoverGesture
[TOUCHLOG] t=38040ms line line_after=high raw=[06, 0d, 0f, d6, 80, 01, ab, 80, 00, 00, 3c, 00, ab, 80, 00] parsed=CoverGesture
[TOUCHLOG] t=38077ms line line_after=low raw=[06, 0d, 0f, d6, 80, 01, ab, 80, 00, 00, 3c, 00, ab, 80, 00] parsed=CoverGesture
[TOUCHLOG] t=38111ms line line_after=high raw=[06, 0d, 0f, d6, 80, 01, ab, 80, 00, 00, 3c, 00, ab, 80, 00] parsed=CoverGesture
[TOUCHLOG] t=38119ms line line_after=low raw=[ab, 0d, 0f, d6, 80, 01, ab, 80, 00, 00, 3c, 00, ab, 80, 00] parsed=Points([])
[TOUCHLOG] t=38168ms line line_after=low raw=[06, 0d, 0f, d6, 80, 01, ab, 80, 00, 00, 3c, 00, ab, 80, 00] parsed=CoverGesture
[TOUCH] cover accepted, recalibrating
[TOUCHLOG] t=38219ms line line_after=low raw=[06, 0d, 0f, d6, 80, 01, ab, 80, 00, 00, 3c, 00, ab, 80, 00] parsed=CoverGesture
[TOUCHLOG] t=38282ms line line_after=high raw=[06, 0d, 0f, d6, 80, 01, ab, 80, 00, 00, 3c, 00, ab, 80, 00] parsed=CoverGesture
[TOUCHLOG] t=38287ms line line_after=low raw=[ab, 0d, 0f, d6, 80, 01, ab, 80, 00, 00, 3c, 00, ab, 80, 00] parsed=Points([])
[TOUCHLOG] t=38384ms line line_after=high raw=[06, 0d, 0f, d6, 80, 01, ab, 80, 00, 00, 3c, 00, ab, 80, 00] parsed=CoverGesture
[TOUCH] cover accepted, recalibrating
[TOUCHLOG] t=38437ms line line_after=low raw=[06, 0d, 0f, d6, 80, 01, ab, 80, 00, 00, 3c, 00, ab, 80, 00] parsed=CoverGesture
[TOUCHLOG] t=38488ms line line_after=low raw=[06, 0d, 0f, d6, 80, 01, ab, 80, 00, 00, 3c, 00, ab, 80, 00] parsed=CoverGesture
[TOUCHLOG] t=38548ms line line_after=low raw=[06, 0d, 0f, d6, 80, 01, ab, 80, 00, 00, 3c, 00, ab, 80, 00] parsed=CoverGesture
[TOUCHLOG] t=38581ms line line_after=high raw=[06, 0d, 0f, d6, 80, 01, ab, 80, 00, 00, 3c, 00, ab, 80, 00] parsed=CoverGesture
[TOUCHLOG] t=38607ms line line_after=low raw=[06, 0d, 0f, d6, 80, 01, ab, 80, 00, 00, 3c, 00, ab, 80, 00] parsed=CoverGesture
[TOUCHLOG] t=38661ms line line_after=high raw=[06, 0d, 0f, d6, 80, 01, ab, 80, 00, 00, 3c, 00, ab, 80, 00] parsed=CoverGesture
[TOUCHLOG] t=38688ms line line_after=low raw=[06, 0d, 0f, d6, 80, 01, ab, 80, 00, 00, 3c, 00, ab, 80, 00] parsed=CoverGesture
[TOUCHLOG] t=38710ms line line_after=high raw=[06, 0d, 0f, d6, 80, 01, ab, 80, 00, 00, 3c, 00, ab, 80, 00] parsed=CoverGesture
[TOUCHLOG] t=38740ms line line_after=low raw=[06, 0d, 0f, d6, 80, 01, ab, 80, 00, 00, 3c, 00, ab, 80, 00] parsed=CoverGesture
[TOUCHLOG] t=38790ms line line_after=low raw=[06, 0d, 0f, d6, 80, 01, ab, 80, 00, 00, 3c, 00, ab, 80, 00] parsed=CoverGesture
[TOUCHLOG] t=38841ms line line_after=high raw=[06, 0d, 0f, d6, 80, 01, ab, 80, 00, 00, 3c, 00, ab, 80, 00] parsed=CoverGesture
[TOUCHLOG] t=38858ms line line_after=low raw=[06, 0d, 0f, d6, 80, 01, ab, 80, 00, 00, 3c, 00, ab, 80, 00] parsed=CoverGesture
[TOUCHLOG] t=38934ms line line_after=high raw=[06, 0d, 0f, d6, 80, 01, ab, 80, 00, 00, 3c, 00, ab, 80, 00] parsed=CoverGesture
[TOUCHLOG] t=38961ms line line_after=high raw=[06, 0d, 0f, d6, 80, 01, ab, 80, 00, 00, 3c, 00, ab, 80, 00] parsed=CoverGesture
[TOUCHLOG] t=39015ms poll line_after=high raw=[06, 0d, 0f, d6, 80, 01, ab, 80, 00, 00, 3c, 00, ab, 80, 00] parsed=CoverGesture
[TOUCHLOG] t=39067ms line line_after=low raw=[06, 0d, 0f, d6, 80, 01, ab, 80, 00, 00, 3c, 00, ab, 80, 00] parsed=CoverGesture
[TOUCHLOG] t=39109ms line line_after=low raw=[06, 0d, 0f, d6, 80, 01, ab, 80, 00, 00, 3c, 00, ab, 80, 00] parsed=CoverGesture
[TOUCHLOG] t=39163ms poll line_after=high raw=[06, 0d, 0f, d6, 80, 01, ab, 80, 00, 00, 3c, 00, ab, 80, 00] parsed=CoverGesture
[TOUCHLOG] t=39177ms line line_after=low raw=[06, 0d, 0f, d6, 80, 01, ab, 80, 00, 00, 3c, 00, ab, 80, 00] parsed=CoverGesture
[TOUCHLOG] t=39199ms line line_after=low raw=[06, 0d, 0f, d6, 80, 01, ab, 80, 00, 00, 3c, 00, ab, 80, 00] parsed=CoverGesture
[TOUCHLOG] t=39248ms line line_after=low raw=[06, 0d, 0f, d6, 80, 01, ab, 80, 00, 00, 3c, 00, ab, 80, 00] parsed=CoverGesture
[TOUCHLOG] t=39260ms line line_after=high raw=[06, 0d, 0f, d6, 80, 01, ab, 80, 00, 00, 3c, 00, ab, 80, 00] parsed=CoverGesture
[TOUCHLOG] t=39338ms poll line_after=low raw=[06, 0d, 0f, e5, 80, 01, ab, 80, 00, 00, 3c, 00, ab, 80, 00] parsed=CoverGesture
[TOUCHLOG] t=39417ms line line_after=low raw=[06, 0d, 0f, e5, 80, 01, ab, 80, 00, 00, 3c, 00, ab, 80, 00] parsed=CoverGesture
[TOUCHLOG] t=39467ms line line_after=low raw=[06, 0d, 0f, e5, 80, 01, ab, 80, 00, 00, 3c, 00, ab, 80, 00] parsed=CoverGesture
[TOUCHLOG] t=39518ms line line_after=low raw=[06, 0d, 0f, f5, 80, 01, ab, 80, 00, 00, 3c, 00, ab, 80, 00] parsed=CoverGesture
[TOUCHLOG] t=39529ms line line_after=low raw=[06, 0d, 0f, f5, 80, 01, ab, 80, 00, 00, 3c, 00, ab, 80, 00] parsed=CoverGesture
[TOUCHLOG] t=39580ms line line_after=low raw=[06, 0d, 0f, f5, 80, 01, ab, 80, 00, 00, 3c, 00, ab, 80, 00] parsed=CoverGesture
[TOUCHLOG] t=39599ms line line_after=low raw=[06, 0d, 0f, f5, 80, 01, ab, 80, 00, 00, 3c, 00, ab, 80, 00] parsed=CoverGesture
[TOUCHLOG] t=39648ms line line_after=low raw=[06, 0d, 0f, f5, 80, 01, ab, 80, 00, 00, 3c, 00, ab, 80, 00] parsed=CoverGesture
[TOUCHLOG] t=39737ms poll line_after=low raw=[06, 0d, 0f, f5, 80, 01, ab, 80, 00, 00, 3c, 00, ab, 80, 00] parsed=CoverGesture
[TOUCHLOG] t=39789ms line line_after=low raw=[06, 0d, 0f, f5, 80, 01, ab, 80, 00, 00, 3c, 00, ab, 80, 00] parsed=CoverGesture
[TOUCHLOG] t=39858ms line line_after=low raw=[06, 0d, 0f, f5, 80, 01, ab, 80, 00, 00, 3c, 00, ab, 80, 00] parsed=CoverGesture
[TOUCHLOG] t=39887ms line line_after=low raw=[06, 0d, 0f, f5, 80, 01, ab, 80, 00, 00, 3c, 00, ab, 80, 00] parsed=CoverGesture
[TOUCHLOG] t=39958ms line line_after=low raw=[06, 0d, 0f, f5, 80, 01, ab, 80, 00, 00, 3c, 00, ab, 80, 00] parsed=CoverGesture
[TOUCHLOG] t=39987ms line line_after=low raw=[06, 0d, 0f, f5, 80, 01, ab, 80, 00, 00, 3c, 00, ab, 80, 00] parsed=CoverGesture
[TOUCHLOG] t=40064ms line line_after=high raw=[06, 0d, 0f, f5, 80, 01, ab, 80, 00, 00, 3c, 00, ab, 80, 00] parsed=CoverGesture
[TOUCHLOG] t=40090ms line line_after=high raw=[06, 0d, 0f, f5, 80, 01, ab, 80, 00, 00, 3c, 00, ab, 80, 00] parsed=CoverGesture
[TOUCHLOG] t=40117ms line line_after=low raw=[06, 0d, 0f, f5, 80, 01, ab, 80, 00, 00, 3c, 00, ab, 80, 00] parsed=CoverGesture
[TOUCHLOG] t=40139ms line line_after=low raw=[06, 0d, 0f, f5, 80, 01, ab, 80, 00, 00, 3c, 00, ab, 80, 00] parsed=CoverGesture
[TOUCHLOG] t=40169ms line line_after=low raw=[06, 0d, 0f, f5, 80, 01, ab, 80, 00, 00, 3c, 00, ab, 80, 00] parsed=CoverGesture
[TOUCHLOG] t=40260ms line line_after=high raw=[06, 0d, 0f, f5, 80, 01, ab, 80, 00, 00, 3c, 00, ab, 80, 00] parsed=CoverGesture
[TOUCHLOG] t=40288ms line line_after=low raw=[06, 0d, 0f, f5, 80, 01, ab, 80, 00, 00, 3c, 00, ab, 80, 00] parsed=CoverGesture
[TOUCHLOG] t=40338ms line line_after=low raw=[06, 0d, 0f, f5, 80, 01, ab, 80, 00, 00, 3c, 00, ab, 80, 00] parsed=CoverGesture
[TOUCHLOG] t=40369ms line line_after=low raw=[06, 0d, 0f, f5, 80, 01, ab, 80, 00, 00, 3c, 00, ab, 80, 00] parsed=CoverGesture
[TOUCHLOG] t=40391ms line line_after=high raw=[06, 0d, 0f, f5, 80, 01, ab, 80, 00, 00, 3c, 00, ab, 80, 00] parsed=CoverGesture
[TOUCHLOG] t=40420ms line line_after=low raw=[06, 0d, 0f, f5, 80, 01, ab, 80, 00, 00, 3c, 00, ab, 80, 00] parsed=CoverGesture
[TOUCHLOG] t=40494ms poll line_after=high raw=[06, 0d, 0f, f5, 80, 01, ab, 80, 00, 00, 3c, 00, ab, 80, 00] parsed=CoverGesture
[TOUCHLOG] t=40546ms line line_after=low raw=[06, 0d, 0f, f5, 80, 01, ab, 80, 00, 00, 3c, 00, ab, 80, 00] parsed=CoverGesture
[TOUCHLOG] t=40646ms poll line_after=low raw=[06, 0d, 0f, f5, 80, 01, ab, 80, 00, 00, 3c, 00, ab, 80, 00] parsed=CoverGesture
[TOUCHLOG] t=40699ms line line_after=low raw=[06, 0d, 0f, f5, 80, 01, ab, 80, 00, 00, 3c, 00, ab, 80, 00] parsed=CoverGesture
[TOUCHLOG] t=40740ms line line_after=high raw=[06, 0d, 0f, f5, 80, 01, ab, 80, 00, 00, 3c, 00, ab, 80, 00] parsed=CoverGesture
[TOUCHLOG] t=40759ms line line_after=low raw=[06, 0d, 0f, f5, 80, 01, ab, 80, 00, 00, 3c, 00, ab, 80, 00] parsed=CoverGesture
[TOUCHLOG] t=40827ms line line_after=low raw=[06, 0d, 0f, f5, 80, 01, ab, 80, 00, 00, 3c, 00, ab, 80, 00] parsed=CoverGesture
[TOUCHLOG] t=40840ms line line_after=high raw=[06, 0d, 0f, f5, 80, 01, ab, 80, 00, 00, 3c, 00, ab, 80, 00] parsed=CoverGesture
[TOUCHLOG] t=40914ms poll line_after=high raw=[06, 0d, 0f, f5, 80, 01, ab, 80, 00, 00, 3c, 00, ab, 80, 00] parsed=CoverGesture
[TOUCHLOG] t=40970ms line line_after=low raw=[06, 0d, 0f, f5, 80, 01, ab, 80, 00, 00, 3c, 00, ab, 80, 00] parsed=CoverGesture
[TOUCHLOG] t=41009ms line line_after=low raw=[06, 0d, 0f, f5, 80, 01, ab, 80, 00, 00, 3c, 00, ab, 80, 00] parsed=CoverGesture
[TOUCHLOG] t=41028ms line line_after=low raw=[06, 0d, 0f, f5, 80, 01, ab, 80, 00, 00, 3c, 00, ab, 80, 00] parsed=CoverGesture
[TOUCHLOG] t=41051ms line line_after=high raw=[06, 0d, 0f, f5, 80, 01, ab, 80, 00, 00, 3c, 00, ab, 80, 00] parsed=CoverGesture
[TOUCHLOG] t=41090ms line line_after=low raw=[06, 0d, 0f, f5, 80, 01, ab, 80, 00, 00, 3c, 00, ab, 80, 00] parsed=CoverGesture
[TOUCHLOG] t=41098ms line line_after=low raw=[06, 0d, 0f, f5, 80, 01, ab, 80, 00, 00, 3c, 00, ab, 80, 00] parsed=CoverGesture
[TOUCHLOG] t=41131ms line line_after=high raw=[06, 0d, 0f, f5, 80, 01, ab, 80, 00, 00, 3c, 00, ab, 80, 00] parsed=CoverGesture
[TOUCHLOG] t=41160ms line line_after=high raw=[06, 0d, 0f, f5, 80, 01, ab, 80, 00, 00, 3c, 00, ab, 80, 00] parsed=CoverGesture
[TOUCHLOG] t=41233ms poll line_after=high raw=[06, 0d, 0f, f5, 80, 01, ab, 80, 00, 00, 3c, 00, ab, 80, 00] parsed=CoverGesture
[TOUCHLOG] t=41287ms poll line_after=low raw=[06, 0d, 0f, f5, 80, 01, ab, 80, 00, 00, 3c, 00, ab, 80, 00] parsed=CoverGesture
[TOUCHLOG] t=41329ms line line_after=low raw=[06, 0d, 0f, f5, 80, 01, ab, 80, 00, 00, 3c, 00, ab, 80, 00] parsed=CoverGesture
[TOUCHLOG] t=41381ms line line_after=high raw=[06, 0d, 0f, f5, 80, 01, ab, 80, 00, 00, 3c, 00, ab, 80, 00] parsed=CoverGesture
[TOUCHLOG] t=41407ms line line_after=low raw=[06, 0d, 0f, f5, 80, 01, ab, 80, 00, 00, 3c, 00, ab, 80, 00] parsed=CoverGesture
[TOUCHLOG] t=41429ms line line_after=low raw=[06, 0d, 0f, f5, 80, 01, ab, 80, 00, 00, 3c, 00, ab, 80, 00] parsed=CoverGesture
[TOUCHLOG] t=41451ms line line_after=high raw=[06, 0d, 0f, f5, 80, 01, ab, 80, 00, 00, 3c, 00, ab, 80, 00] parsed=CoverGesture
[TOUCHLOG] t=41481ms line line_after=high raw=[06, 0d, 0f, f5, 80, 01, ab, 80, 00, 00, 3c, 00, ab, 80, 00] parsed=CoverGesture
[TOUCHLOG] t=41530ms line line_after=high raw=[06, 0d, 0f, f5, 80, 01, ab, 80, 00, 00, 3c, 00, ab, 80, 00] parsed=CoverGesture
[TOUCHLOG] t=41549ms line line_after=low raw=[06, 0d, 0f, f5, 80, 01, ab, 80, 00, 00, 3c, 00, ab, 80, 00] parsed=CoverGesture
[TOUCHLOG] t=41640ms line line_after=low raw=[06, 0d, 0f, f5, 80, 01, ab, 80, 00, 00, 3c, 00, ab, 80, 00] parsed=CoverGesture
[TOUCHLOG] t=41667ms line line_after=low raw=[06, 0d, 0f, f5, 80, 01, ab, 80, 00, 00, 3c, 00, ab, 80, 00] parsed=CoverGesture
[TOUCHLOG] t=41721ms line line_after=high raw=[06, 0d, 0f, f5, 80, 01, ab, 80, 00, 00, 3c, 00, ab, 80, 00] parsed=CoverGesture
[TOUCHLOG] t=41750ms line line_after=high raw=[06, 0d, 0f, f5, 80, 01, ab, 80, 00, 00, 3c, 00, ab, 80, 00] parsed=CoverGesture
[TOUCHLOG] t=41769ms line line_after=low raw=[06, 0d, 0f, f5, 80, 01, ab, 80, 00, 00, 3c, 00, ab, 80, 00] parsed=CoverGesture
[TOUCHLOG] t=41817ms line line_after=low raw=[06, 0d, 10, 33, 80, 01, ab, 80, 00, 00, 3c, 00, ab, 80, 00] parsed=CoverGesture
[TOUCHLOG] t=41877ms line line_after=low raw=[06, 0b, 10, bf, 80, 01, ab, 80, 00, 00, 3c, 00, ab, 80, 00] parsed=CoverGesture
[TOUCHLOG] t=41933ms line line_after=high raw=[06, 0a, 11, 16, 80, 01, ab, 80, 00, 00, 3c, 00, ab, 80, 00] parsed=CoverGesture
[TOUCHLOG] t=41986ms poll line_after=high raw=[06, 07, 11, d4, 80, 01, ab, 80, 00, 00, 3c, 00, ab, 80, 00] parsed=CoverGesture
[TOUCHLOG] t=42044ms poll line_after=high raw=[06, 02, 08, 57, 00, 01, ab, 00, 00, 00, 3c, 00, ab, 80, 00] parsed=Points([TouchPoint { x: 428, y: 330 }])
[TOUCHLOG] t=42072ms poll line_after=high raw=[00, 02, 08, 57, 00, 01, ab, 00, 00, 00, 3c, 00, ab, 80, 00] parsed=Points([])
[TOUCHLOG] t=42097ms poll line_after=high raw=[ab, 02, 08, 57, 00, 01, ab, 00, 00, 00, 3c, 00, ab, 80, 00] parsed=Points([])
[TOUCHLOG] t=42136ms poll line_after=high raw=[ab, 02, 08, 57, 00, 01, ab, 00, 00, 00, 3c, 00, ab, 80, 00] parsed=Points([])
[TOUCHLOG] t=43352ms line line_after=low raw=[06, 0e, 10, 71, 00, 01, ab, 00, 00, 00, 3c, 00, ab, 80, 00] parsed=Points([TouchPoint { x: 234, y: 208 }])
[TOUCHLOG] t=43383ms poll line_after=low raw=[06, 0e, 11, a4, 00, 01, ab, 00, 00, 00, 3c, 00, ab, 80, 00] parsed=Points([TouchPoint { x: 231, y: 189 }])
[TOUCHLOG] t=43457ms poll line_after=high raw=[06, 0e, 10, fc, 00, 01, ab, 00, 00, 00, 3c, 00, ab, 80, 00] parsed=Points([TouchPoint { x: 226, y: 197 }])
[TOUCHLOG] t=43491ms poll line_after=high raw=[00, 0e, 10, fc, 00, 01, ab, 00, 00, 00, 3c, 00, ab, 80, 00] parsed=Points([])
[TOUCHLOG] t=43554ms poll line_after=high raw=[ab, 0e, 10, fc, 00, 01, ab, 00, 00, 00, 3c, 00, ab, 80, 00] parsed=Points([])
[TOUCHLOG] t=43605ms poll line_after=high raw=[ab, 0e, 10, fc, 00, 01, ab, 00, 00, 00, 3c, 00, ab, 80, 00] parsed=Points([])
