2.526610 [INFO ] [BOOT] answered: power=true clock=true touch=true motion=true magnet=true gnss=true (octowhere firmware/src/main.rs:2276)
2.534839 [INFO ] [MESH] id=0 name=Dredge members=2 mac=[44, 1b, f6, 86, 1a, 38] (octowhere_node octowhere-node/src/node.rs:700)
2.574757 [INFO ] [MESH] tuned=true (octowhere_node octowhere-node/src/node.rs:754)
2.577288 [INFO ] [MESH] id=0 members=2 generation=12 removal pending=false declinable until=None old keys=1 (octowhere_node octowhere-node/src/node.rs:919)
137.536956 [INFO ] [MESH] timebase root=0 from its boot hops=0 (octowhere_node octowhere-node/src/node.rs:3010)
144.813977 [INFO ] [MESH] round=3 sending=true sweeping=false (octowhere_node octowhere-node/src/node.rs:1268)
145.024991 [INFO ] [MESH] sent round=3 len=105 entries=0 records=0x00000000 asked=0x00000000 neighbours=0x00000000 messages=0 summary=false done=true (octowhere_node octowhere-node/src/node.rs:1849)
208.095307 [INFO ] [MESH] round=4 sending=true sweeping=false (octowhere_node octowhere-node/src/node.rs:1268)
208.306148 [INFO ] [MESH] sent round=4 len=105 entries=0 records=0x00000000 asked=0x00000000 neighbours=0x00000000 messages=0 summary=false done=true (octowhere_node octowhere-node/src/node.rs:1849)
265.751544 [INFO ] [MESH] round=5 sending=true sweeping=false (octowhere_node octowhere-node/src/node.rs:1268)
265.962501 [INFO ] [MESH] sent round=5 len=105 entries=0 records=0x00000000 asked=0x00000000 neighbours=0x00000000 messages=0 summary=false done=true (octowhere_node octowhere-node/src/node.rs:1849)
309.345228 [INFO ] [MESH] round=6 sending=true sweeping=false (octowhere_node octowhere-node/src/node.rs:1268)
309.453802 [INFO ] [MESH] sent round=6 len=36 entries=0 records=0x00000000 asked=0x00000000 neighbours=0x00000000 messages=0 summary=false done=true (octowhere_node octowhere-node/src/node.rs:1849)
317.782766 [INFO ] [MESH] round=7 sending=true sweeping=false (octowhere_node octowhere-node/src/node.rs:1268)
317.891322 [INFO ] [MESH] sent round=7 len=36 entries=0 records=0x00000000 asked=0x00000000 neighbours=0x00000000 messages=0 summary=false done=true (octowhere_node octowhere-node/src/node.rs:1849)
403.564076 [INFO ] [MESH] round=8 sending=true sweeping=false (octowhere_node octowhere-node/src/node.rs:1268)
403.672561 [INFO ] [MESH] sent round=8 len=36 entries=0 records=0x00000000 asked=0x00000000 neighbours=0x00000000 messages=0 summary=false done=true (octowhere_node octowhere-node/src/node.rs:1849)
423.251604 [INFO ] [MESH] round=9 sending=true sweeping=false (octowhere_node octowhere-node/src/node.rs:1268)
423.360063 [INFO ] [MESH] sent round=9 len=36 entries=0 records=0x00000000 asked=0x00000000 neighbours=0x00000000 messages=0 summary=false done=true (octowhere_node octowhere-node/src/node.rs:1849)
473.876515 [INFO ] [MESH] round=10 sending=true sweeping=false (octowhere_node octowhere-node/src/node.rs:1268)
473.985047 [INFO ] [MESH] sent round=10 len=36 entries=0 records=0x00000000 asked=0x00000000 neighbours=0x00000000 messages=0 summary=false done=true (octowhere_node octowhere-node/src/node.rs:1849)
524.501476 [INFO ] [MESH] round=11 sending=true sweeping=false (octowhere_node octowhere-node/src/node.rs:1268)
524.610065 [INFO ] [MESH] sent round=11 len=36 entries=0 records=0x00000000 asked=0x00000000 neighbours=0x00000000 messages=0 summary=false done=true (octowhere_node octowhere-node/src/node.rs:1849)
583.564041 [INFO ] [MESH] round=12 sending=true sweeping=false (octowhere_node octowhere-node/src/node.rs:1268)
583.672559 [INFO ] [MESH] sent round=12 len=36 entries=0 records=0x00000000 asked=0x00000000 neighbours=0x00000000 messages=0 summary=false done=true (octowhere_node octowhere-node/src/node.rs:1849)
584.970738 [INFO ] [MESH] round=13 sending=true sweeping=true (octowhere_node octowhere-node/src/node.rs:1268)
585.181171 [INFO ] [MESH] sent round=13 len=105 entries=0 records=0x00000000 asked=0x00000000 neighbours=0x00000000 messages=0 summary=false done=true (octowhere_node octowhere-node/src/node.rs:1849)
613.879177 [INFO ] [REKEY] 1 is on generation 11; no key message is held for it (octowhere_node octowhere-node/src/removals.rs:343)
620.219652 [INFO ] [REKEY] sent under generation 11 round=13 caught=0x00000000 len=24 done=true (octowhere_node octowhere-node/src/node.rs:1372)
627.941701 [INFO ] [REKEY] 1 is on generation 11; no key message is held for it (octowhere_node octowhere-node/src/removals.rs:343)
637.001579 [INFO ] [MESH] round=14 sending=true sweeping=false (octowhere_node octowhere-node/src/node.rs:1268)
637.110053 [INFO ] [MESH] sent round=14 len=36 entries=0 records=0x00000000 asked=0x00000000 neighbours=0x00000000 messages=0 summary=false done=true (octowhere_node octowhere-node/src/node.rs:1849)
694.657731 [INFO ] [MESH] round=15 sending=true sweeping=false (octowhere_node octowhere-node/src/node.rs:1268)
694.766257 [INFO ] [MESH] sent round=15 len=36 entries=0 records=0x00000000 asked=0x00000000 neighbours=0x00000000 messages=0 summary=false done=true (octowhere_node octowhere-node/src/node.rs:1849)
738.251463 [INFO ] [MESH] round=16 sending=true sweeping=false (octowhere_node octowhere-node/src/node.rs:1268)
738.362959 [INFO ] [MESH] sent round=16 len=36 entries=0 records=0x00000000 asked=0x00000000 neighbours=0x00000000 messages=0 summary=false done=true (octowhere_node octowhere-node/src/node.rs:1849)
752.640726 [INFO ] [MESH] command Add (octowhere_node octowhere-node/src/node.rs:970)
752.641883 [INFO ] [PAIR] Add Searching (119s left) (octowhere_node octowhere-node/src/node.rs:2993)
752.940545 [INFO ] [PAIR] found 0: [44, 1b, f6, 86, 1c, 1c] (octowhere_node octowhere-node/src/node.rs:2982)
752.940606 [INFO ] [PAIR] Add Found (119s left) (octowhere_node octowhere-node/src/node.rs:2993)
774.861525 [INFO ] [PAIR] command Choose(0) (octowhere_node octowhere-node/src/node.rs:2000)
775.044615 [INFO ] [PAIR] Add Connecting (29s left) (octowhere_node octowhere-node/src/node.rs:2993)
775.139022 [INFO ] [PAIR] a frame took 28353us to take (octowhere_node octowhere-node/src/node.rs:1993)
775.203301 [INFO ] [PAIR] code 058330 with [44, 1b, f6, 86, 1c, 1c]; 59s to confirm (octowhere_node octowhere-node/src/node.rs:2985)
775.203375 [INFO ] [PAIR] Add Compare { code: 58330 } (59s left) (octowhere_node octowhere-node/src/node.rs:2993)
791.489117 [INFO ] [PAIR] command Accept (octowhere_node octowhere-node/src/node.rs:2000)
791.489195 [INFO ] [PAIR] Add Waiting { code: 58330 } (43s left) (octowhere_node octowhere-node/src/node.rs:2993)
792.245770 [INFO ] [PAIR] Add Transfer { done: 0, total: 3 } (29s left) (octowhere_node octowhere-node/src/node.rs:2993)
792.722268 [INFO ] [PAIR] Add Transfer { done: 1, total: 3 } (29s left) (octowhere_node octowhere-node/src/node.rs:2993)
792.910714 [INFO ] [PAIR] Add Transfer { done: 2, total: 3 } (29s left) (octowhere_node octowhere-node/src/node.rs:2993)
793.173699 [INFO ] [PAIR] a frame took 32250us to take (octowhere_node octowhere-node/src/node.rs:1993)
793.173760 [INFO ] [PAIR] Add Storing (0s left) (octowhere_node octowhere-node/src/node.rs:2993)
793.201775 [INFO ] [SETTINGS] Group(own=0 members=2 generation=12 rekey=true) saved in 25370us (octowhere firmware/src/main.rs:958)
793.269671 [INFO ] [PAIR] Add Done(Added { id: 1, returning: true }) (0s left) (octowhere_node octowhere-node/src/node.rs:2993)
798.261931 [INFO ] [SETTINGS] Rekey(pending=false old=1) saved in 47233us (octowhere firmware/src/main.rs:958)
815.595234 [INFO ] [MESH] round=18 sending=true sweeping=false (octowhere_node octowhere-node/src/node.rs:1268)
815.888202 [INFO ] [MESH] sent round=18 len=160 entries=0 records=0x00000002 asked=0x00000000 neighbours=0x00000000 messages=0 summary=false done=true (octowhere_node octowhere-node/src/node.rs:1849)
854.970266 [INFO ] [MESH] round=19 sending=true sweeping=false (octowhere_node octowhere-node/src/node.rs:1268)
855.078697 [INFO ] [MESH] sent round=19 len=36 entries=0 records=0x00000000 asked=0x00000000 neighbours=0x00000000 messages=0 summary=false done=true (octowhere_node octowhere-node/src/node.rs:1849)
898.660215 [INFO ] [MESH] notice from id=1 timebase=Gps; sweeping (octowhere_node octowhere-node/src/node.rs:1614)
904.974652 [INFO ] [MESH] heard id=1 timebase=Gps hops=0 taken=Held late_us=None len=48 rssi=-22 snr=6 entries=1 new=1 neighbours=0x00000000 messages=0/0 summary=false (octowhere_node octowhere-node/src/node.rs:1721)
928.095784 [INFO ] [MESH] round=20 sending=true sweeping=true (octowhere_node octowhere-node/src/node.rs:1268)
928.203835 [INFO ] [MESH] sent round=20 len=36 entries=0 records=0x00000000 asked=0x00000000 neighbours=0x00000002 messages=0 summary=false done=true (octowhere_node octowhere-node/src/node.rs:1849)
973.882415 [INFO ] [MESH] heard id=1 timebase=Gps hops=0 taken=Adopted late_us=None len=48 rssi=-22 snr=7 entries=1 new=1 neighbours=0x00000000 messages=0/0 summary=false (octowhere_node octowhere-node/src/node.rs:1721)
973.883338 [INFO ] [MESH] timebase GPS hops=1 (octowhere_node octowhere-node/src/node.rs:3002)
993.568675 [INFO ] [MESH] heard id=1 timebase=Gps hops=0 taken=Refined late_us=Some(44) len=48 rssi=-22 snr=7 entries=1 new=1 neighbours=0x00000000 messages=0/0 summary=false (octowhere_node octowhere-node/src/node.rs:1721)
1001.874692 [INFO ] [MESH] round=39804196 sending=false sweeping=false (octowhere_node octowhere-node/src/node.rs:1268)
1037.030984 [INFO ] [MESH] round=39804197 sending=false sweeping=false (octowhere_node octowhere-node/src/node.rs:1268)
1048.412516 [INFO ] [MESH] heard id=1 timebase=Gps hops=0 taken=Refined late_us=Some(91) len=48 rssi=-22 snr=6 entries=1 new=1 neighbours=0x00000000 messages=0/0 summary=false (octowhere_node octowhere-node/src/node.rs:1721)
1083.568810 [INFO ] [MESH] heard id=1 timebase=Gps hops=0 taken=Refined late_us=Some(51) len=48 rssi=-22 snr=6 entries=1 new=1 neighbours=0x00000000 messages=0/0 summary=false (octowhere_node octowhere-node/src/node.rs:1721)
1086.249550 [INFO ] [MESH] round=39804198 sending=true sweeping=false (octowhere_node octowhere-node/src/node.rs:1268)
1086.378318 [INFO ] [MESH] sent round=39804198 len=48 entries=1 records=0x00000000 asked=0x00000000 neighbours=0x00000002 messages=0 summary=false done=true (octowhere_node octowhere-node/src/node.rs:1849)
1137.006406 [INFO ] [MESH] heard id=1 timebase=Gps hops=0 taken=Refined late_us=Some(95) len=48 rssi=-22 snr=6 entries=1 new=1 neighbours=0x00000001 messages=0/0 summary=false (octowhere_node octowhere-node/src/node.rs:1721)
1146.718610 [INFO ] [MESH] round=39804199 sending=false sweeping=false (octowhere_node octowhere-node/src/node.rs:1268)
1183.281247 [INFO ] [MESH] round=39804200 sending=false sweeping=false (octowhere_node octowhere-node/src/node.rs:1268)
1225.468555 [INFO ] [MESH] round=39804201 sending=true sweeping=false (octowhere_node octowhere-node/src/node.rs:1268)
1225.597607 [INFO ] [MESH] sent round=39804201 len=48 entries=1 records=0x00000000 asked=0x00000000 neighbours=0x00000002 messages=0 summary=false done=true (octowhere_node octowhere-node/src/node.rs:1849)
1280.312407 [INFO ] [MESH] round=39804202 sending=false sweeping=false (octowhere_node octowhere-node/src/node.rs:1268)
1288.881818 [INFO ] [MESH] heard id=1 timebase=Gps hops=0 taken=Refined late_us=Some(398) len=48 rssi=-22 snr=7 entries=1 new=1 neighbours=0x00000001 messages=0/0 summary=false (octowhere_node octowhere-node/src/node.rs:1721)
1322.499970 [INFO ] [MESH] round=39804203 sending=false sweeping=false (octowhere_node octowhere-node/src/node.rs:1268)
1350.625201 [INFO ] [MESH] round=39804204 sending=true sweeping=false (octowhere_node octowhere-node/src/node.rs:1268)
1350.754220 [INFO ] [MESH] sent round=39804204 len=48 entries=1 records=0x00000000 asked=0x00000000 neighbours=0x00000002 messages=0 summary=false done=true (octowhere_node octowhere-node/src/node.rs:1849)
1408.281535 [INFO ] [MESH] round=39804205 sending=false sweeping=false (octowhere_node octowhere-node/src/node.rs:1268)
1421.069556 [INFO ] [MESH] heard id=1 timebase=Gps hops=0 taken=Refined late_us=Some(243) len=48 rssi=-22 snr=7 entries=1 new=1 neighbours=0x00000001 messages=0/0 summary=false (octowhere_node octowhere-node/src/node.rs:1721)
1432.188257 [INFO ] [MESH] round=39804206 sending=true sweeping=true (octowhere_node octowhere-node/src/node.rs:1268)
1432.413999 [INFO ] [MESH] sent round=39804206 len=117 entries=1 records=0x00000000 asked=0x00000000 neighbours=0x00000002 messages=0 summary=false done=true (octowhere_node octowhere-node/src/node.rs:1849)
1436.499931 [INFO ] [REKEY] sent under generation 11 round=39804206 caught=0x00000000 len=24 done=true (octowhere_node octowhere-node/src/node.rs:1372)
1461.850953 [INFO ] [MESH] heard id=1 timebase=Gps hops=0 taken=Refined late_us=Some(173) len=48 rssi=-22 snr=7 entries=1 new=1 neighbours=0x00000001 messages=0/0 summary=false (octowhere_node octowhere-node/src/node.rs:1721)
1513.750432 [INFO ] [MESH] round=39804207 sending=true sweeping=false (octowhere_node octowhere-node/src/node.rs:1268)
1513.879582 [INFO ] [MESH] sent round=39804207 len=48 entries=1 records=0x00000000 asked=0x00000000 neighbours=0x00000002 messages=0 summary=false done=true (octowhere_node octowhere-node/src/node.rs:1849)
1532.163696 [INFO ] [MESH] heard id=1 timebase=Gps hops=0 taken=Refined late_us=Some(222) len=48 rssi=-22 snr=6 entries=1 new=1 neighbours=0x00000001 messages=0/0 summary=false (octowhere_node octowhere-node/src/node.rs:1721)
1555.938254 [INFO ] [MESH] round=39804208 sending=false sweeping=false (octowhere_node octowhere-node/src/node.rs:1268)
1579.844756 [INFO ] [MESH] round=39804209 sending=false sweeping=false (octowhere_node octowhere-node/src/node.rs:1268)
1636.094587 [INFO ] [MESH] round=39804210 sending=true sweeping=false (octowhere_node octowhere-node/src/node.rs:1268)
1636.223645 [INFO ] [MESH] sent round=39804210 len=48 entries=1 records=0x00000000 asked=0x00000000 neighbours=0x00000002 messages=0 summary=false done=true (octowhere_node octowhere-node/src/node.rs:1849)
1681.339691 [INFO ] [REKEY] every member is on the new key; the old one is dropped (octowhere_node octowhere-node/src/node.rs:1714)
1681.341285 [INFO ] [MESH] heard id=1 timebase=Gps hops=2 taken=Ignored late_us=Some(804) len=105 rssi=-25 snr=7 entries=0 new=0 neighbours=0x00000001 messages=0/0 summary=false (octowhere_node octowhere-node/src/node.rs:1721)
1681.388243 [INFO ] [SETTINGS] Rekey(pending=false old=0) saved in 35805us (octowhere firmware/src/main.rs:958)
1686.719745 [INFO ] [MESH] round=39804211 sending=false sweeping=false (octowhere_node octowhere-node/src/node.rs:1268)
1694.801485 [INFO ] [MESH] command Phantom (octowhere_node octowhere-node/src/node.rs:970)
1694.859129 [INFO ] [MESH] enrolled a phantom at 2 (octowhere_node octowhere-node/src/node.rs:1086)
1694.924484 [INFO ] [SETTINGS] Member(2, Phantom) saved in 62755us (octowhere firmware/src/main.rs:958)
1738.750992 [INFO ] [MESH] round=39804212 sending=true sweeping=false (octowhere_node octowhere-node/src/node.rs:1268)
1739.054133 [INFO ] [MESH] sent round=39804212 len=168 entries=1 records=0x00000004 asked=0x00000000 neighbours=0x00000002 messages=0 summary=false done=true (octowhere_node octowhere-node/src/node.rs:1849)
1749.146387 [INFO ] [MESH] command Remove(2) (octowhere_node octowhere-node/src/node.rs:970)
1749.184230 [INFO ] [REKEY] removing 2: generation 13 from round 39804219 (now 39804213), 1 to tell (octowhere_node octowhere-node/src/node.rs:2142)
1749.252033 [INFO ] [MSG] posted 0/1791189588 to Member(1) len=138 New (octowhere_node octowhere-node/src/node.rs:2628)
1749.297355 [INFO ] [SETTINGS] Rekey(pending=true old=0) saved in 44801us (octowhere firmware/src/main.rs:958)
1758.827751 [INFO ] [MESH] heard id=1 timebase=Gps hops=0 taken=Refined late_us=Some(160007) len=117 rssi=-25 snr=6 entries=1 new=1 neighbours=0x00000001 messages=0/0 summary=false (octowhere_node octowhere-node/src/node.rs:1721)
1785.157087 [INFO ] [MESH] round=39804213 sending=true sweeping=false (octowhere_node octowhere-node/src/node.rs:1268)
1785.516569 [INFO ] [MESH] sent round=39804213 len=208 entries=1 records=0x00000000 asked=0x00000000 neighbours=0x00000002 messages=1 summary=false done=true (octowhere_node octowhere-node/src/node.rs:1849)
1792.587959 [INFO ] [MESH] heard id=1 timebase=Gps hops=0 taken=Refined late_us=Some(-36) len=123 rssi=-24 snr=7 entries=1 new=1 neighbours=0x00000001 messages=0/0 summary=false (octowhere_node octowhere-node/src/node.rs:1721)
1800.786071 [INFO ] [MESH] round=39804214 sending=false sweeping=false (octowhere_node octowhere-node/src/node.rs:1268)
1854.417357 [INFO ] [MSG] 0/1791189588 delivered to 1 (octowhere_node octowhere-node/src/node.rs:2700)
1854.418069 [INFO ] [MESH] heard id=1 timebase=Gps hops=0 taken=Refined late_us=Some(135) len=91 rssi=-25 snr=6 entries=1 new=1 neighbours=0x00000001 messages=1/1 summary=false (octowhere_node octowhere-node/src/node.rs:1721)
1861.254709 [INFO ] [MESH] round=39804215 sending=false sweeping=false (octowhere_node octowhere-node/src/node.rs:1268)
1897.817199 [INFO ] [MESH] round=39804216 sending=true sweeping=false (octowhere_node octowhere-node/src/node.rs:1268)
1897.951366 [INFO ] [MESH] sent round=39804216 len=54 entries=1 records=0x00000000 asked=0x00000000 neighbours=0x00000002 messages=0 summary=false done=true (octowhere_node octowhere-node/src/node.rs:1849)
1942.817341 [INFO ] [MESH] round=39804217 sending=false sweeping=false (octowhere_node octowhere-node/src/node.rs:1268)
1966.860712 [INFO ] [MESH] heard id=1 timebase=Gps hops=0 taken=Refined late_us=Some(271) len=54 rssi=-25 snr=7 entries=1 new=1 neighbours=0x00000001 messages=0/0 summary=false (octowhere_node octowhere-node/src/node.rs:1721)
1977.973578 [INFO ] [MESH] round=39804218 sending=false sweeping=false (octowhere_node octowhere-node/src/node.rs:1268)
2015.974017 [INFO ] [REKEY] switched to generation 13: 0 removed Some(2) (octowhere_node octowhere-node/src/node.rs:2258)
2016.087728 [INFO ] [SETTINGS] Group(own=0 members=2 generation=13 rekey=true) saved in 34457us (octowhere firmware/src/main.rs:958)
2023.068191 [INFO ] [REKEY] 1 is on generation 12; its key message goes to it (octowhere_node octowhere-node/src/removals.rs:360)
2024.744522 [INFO ] [REKEY] sent under generation 12 round=39804219 caught=0x00000006 len=211 done=true (octowhere_node octowhere-node/src/node.rs:1372)
2044.338543 [INFO ] [REKEY] every member is on the new key; the old one is dropped (octowhere_node octowhere-node/src/node.rs:1714)
2044.339350 [INFO ] [MESH] heard id=1 timebase=Gps hops=0 taken=Refined late_us=Some(111) len=123 rssi=-24 snr=6 entries=1 new=1 neighbours=0x00000001 messages=0/0 summary=false (octowhere_node octowhere-node/src/node.rs:1721)
2044.408232 [INFO ] [SETTINGS] Rekey(pending=false old=0) saved in 64763us (octowhere firmware/src/main.rs:958)
2049.692994 [INFO ] [MESH] round=39804219 sending=true sweeping=true (octowhere_node octowhere-node/src/node.rs:1268)
2049.929120 [INFO ] [MESH] sent round=39804219 len=123 entries=1 records=0x00000000 asked=0x00000000 neighbours=0x00000002 messages=0 summary=false done=true (octowhere_node octowhere-node/src/node.rs:1849)
