2.553633 [INFO ] [BOOT] answered: power=true clock=true touch=true motion=true magnet=true gnss=true (octowhere firmware/src/main.rs:2292)
2.561865 [INFO ] [MESH] id=0 name=Dredge members=2 mac=[44, 1b, f6, 86, 1a, 38] (octowhere_node octowhere-node/src/node.rs:700)
2.601982 [INFO ] [MESH] tuned=true (octowhere_node octowhere-node/src/node.rs:754)
2.604502 [INFO ] [MESH] id=0 members=2 generation=13 removal pending=false declinable until=None old keys=0 (octowhere_node octowhere-node/src/node.rs:919)
17.679357 [INFO ] [STACK] deepest=42892 of 105068 (octowhere firmware/src/main.rs:1012)
32.680220 [INFO ] [STACK] deepest=42892 of 105068 (octowhere firmware/src/main.rs:1012)
53.035899 [INFO ] [STACK] deepest=42892 of 105068 (octowhere firmware/src/main.rs:1012)
70.646852 [INFO ] [STACK] deepest=42892 of 105068 (octowhere firmware/src/main.rs:1012)
85.647745 [INFO ] [STACK] deepest=42892 of 105068 (octowhere firmware/src/main.rs:1012)
100.648656 [INFO ] [STACK] deepest=42892 of 105068 (octowhere firmware/src/main.rs:1012)
116.302907 [INFO ] [STACK] deepest=42892 of 105068 (octowhere firmware/src/main.rs:1012)
130.485925 [INFO ] [MESH] member 1 went (octowhere_node octowhere-node/src/node.rs:1688)
130.486290 [INFO ] [MESH] heard id=1 timebase=Gps hops=0 taken=Adopted late_us=None len=133 rssi=-25 snr=6 entries=0 new=0 neighbours=0x00000000 messages=0/0 summary=false (octowhere_node octowhere-node/src/node.rs:1721)
130.487186 [INFO ] [MESH] timebase GPS hops=1 (octowhere_node octowhere-node/src/node.rs:3002)
130.508456 [INFO ] [SETTINGS] Rekey(pending=false old=0) saved in 19491us (octowhere firmware/src/main.rs:963)
131.303770 [INFO ] [STACK] deepest=42892 of 105068 (octowhere firmware/src/main.rs:1012)
131.996159 [INFO ] [MESH] command Add (octowhere_node octowhere-node/src/node.rs:970)
131.997397 [INFO ] [PAIR] Add Searching (119s left) (octowhere_node octowhere-node/src/node.rs:2993)
132.396064 [INFO ] [PAIR] found 0: [44, 1b, f6, 86, 1c, 1c] (octowhere_node octowhere-node/src/node.rs:2982)
132.396128 [INFO ] [PAIR] Add Found (119s left) (octowhere_node octowhere-node/src/node.rs:2993)
134.600267 [INFO ] [PAIR] command Choose(0) (octowhere_node octowhere-node/src/node.rs:2000)
134.783482 [INFO ] [PAIR] Add Connecting (29s left) (octowhere_node octowhere-node/src/node.rs:2993)
135.954230 [INFO ] [PAIR] a frame took 28290us to take (octowhere_node octowhere-node/src/node.rs:1993)
136.020372 [INFO ] [PAIR] code 925910 with [44, 1b, f6, 86, 1c, 1c]; 59s to confirm (octowhere_node octowhere-node/src/node.rs:2985)
136.020444 [INFO ] [PAIR] Add Compare { code: 925910 } (59s left) (octowhere_node octowhere-node/src/node.rs:2993)
146.146911 [INFO ] [PAIR] command Accept (octowhere_node octowhere-node/src/node.rs:2000)
146.147007 [INFO ] [PAIR] Add Waiting { code: 925910 } (49s left) (octowhere_node octowhere-node/src/node.rs:2993)
146.304535 [INFO ] [STACK] deepest=52472 of 105068 (octowhere firmware/src/main.rs:1012)
146.914201 [INFO ] [PAIR] Add Transfer { done: 0, total: 3 } (29s left) (octowhere_node octowhere-node/src/node.rs:2993)
147.392870 [INFO ] [PAIR] Add Transfer { done: 1, total: 3 } (29s left) (octowhere_node octowhere-node/src/node.rs:2993)
147.581398 [INFO ] [PAIR] Add Transfer { done: 2, total: 3 } (29s left) (octowhere_node octowhere-node/src/node.rs:2993)
147.852394 [INFO ] [PAIR] a frame took 32281us to take (octowhere_node octowhere-node/src/node.rs:1993)
147.852455 [INFO ] [PAIR] Add Storing (0s left) (octowhere_node octowhere-node/src/node.rs:2993)
147.876875 [INFO ] [SETTINGS] Group(own=0 members=2 generation=13 rekey=false) saved in 19268us (octowhere firmware/src/main.rs:963)
147.945041 [INFO ] [PAIR] Add Done(Added { id: 1, returning: false }) (0s left) (octowhere_node octowhere-node/src/node.rs:2993)
149.168754 [INFO ] [PAIR] command Send { to: Some(1), text: b"meet at the car" } (octowhere_node octowhere-node/src/node.rs:2000)
149.168849 [WARN ] [PAIR] not while pairing (octowhere_node octowhere-node/src/node.rs:2013)
161.305278 [INFO ] [STACK] deepest=52472 of 105068 (octowhere firmware/src/main.rs:1012)
163.948579 [INFO ] [MESH] round=39804225 sending=true sweeping=false (octowhere_node octowhere-node/src/node.rs:1268)
164.338753 [INFO ] [MESH] sent round=39804225 len=229 entries=0 records=0x00000002 asked=0x00000000 neighbours=0x00000002 messages=0 summary=false done=true (octowhere_node octowhere-node/src/node.rs:1849)
175.376448 [INFO ] [MSG] from 1 to all: b"back in 10" (octowhere_node octowhere-node/src/node.rs:2641)
175.376967 [INFO ] [MESH] heard id=1 timebase=Gps hops=0 taken=Refined late_us=Some(91) len=81 rssi=-24 snr=6 entries=1 new=1 neighbours=0x00000001 messages=1/1 summary=false (octowhere_node octowhere-node/src/node.rs:1721)
176.307091 [INFO ] [STACK] deepest=52472 of 105068 (octowhere firmware/src/main.rs:1012)
191.307841 [INFO ] [STACK] deepest=52472 of 105068 (octowhere firmware/src/main.rs:1012)
206.308589 [INFO ] [STACK] deepest=52472 of 105068 (octowhere firmware/src/main.rs:1012)
221.310563 [INFO ] [STACK] deepest=52472 of 105068 (octowhere firmware/src/main.rs:1012)
236.311320 [INFO ] [STACK] deepest=52472 of 105068 (octowhere firmware/src/main.rs:1012)
241.429513 [INFO ] [MESH] heard id=1 timebase=Gps hops=0 taken=Refined late_us=Some(200) len=54 rssi=-25 snr=7 entries=1 new=1 neighbours=0x00000001 messages=0/0 summary=false (octowhere_node octowhere-node/src/node.rs:1721)
242.698725 [INFO ] [MESH] round=39804226 sending=false sweeping=false (octowhere_node octowhere-node/src/node.rs:1268)
251.312072 [INFO ] [STACK] deepest=52472 of 105068 (octowhere firmware/src/main.rs:1012)
266.312833 [INFO ] [STACK] deepest=52472 of 105068 (octowhere firmware/src/main.rs:1012)
272.230253 [INFO ] [MESH] round=39804227 sending=false sweeping=false (octowhere_node octowhere-node/src/node.rs:1268)
281.313587 [INFO ] [STACK] deepest=52472 of 105068 (octowhere firmware/src/main.rs:1012)
293.323864 [INFO ] [MESH] round=39804228 sending=true sweeping=false (octowhere_node octowhere-node/src/node.rs:1268)
293.560430 [INFO ] [MESH] sent round=39804228 len=123 entries=1 records=0x00000000 asked=0x00000000 neighbours=0x00000002 messages=0 summary=false done=true (octowhere_node octowhere-node/src/node.rs:1849)
296.314340 [INFO ] [STACK] deepest=52472 of 105068 (octowhere firmware/src/main.rs:1012)
311.315093 [INFO ] [STACK] deepest=52472 of 105068 (octowhere firmware/src/main.rs:1012)
326.315848 [INFO ] [STACK] deepest=52472 of 105068 (octowhere firmware/src/main.rs:1012)
335.648436 [INFO ] [MESH] heard id=1 timebase=Gps hops=0 taken=Refined late_us=Some(215) len=54 rssi=-24 snr=7 entries=1 new=1 neighbours=0x00000001 messages=0/0 summary=false (octowhere_node octowhere-node/src/node.rs:1721)
341.316602 [INFO ] [STACK] deepest=52472 of 105068 (octowhere firmware/src/main.rs:1012)
356.317357 [INFO ] [STACK] deepest=52472 of 105068 (octowhere firmware/src/main.rs:1012)
366.449013 [INFO ] [MESH] round=39804229 sending=false sweeping=false (octowhere_node octowhere-node/src/node.rs:1268)
371.319173 [INFO ] [STACK] deepest=52472 of 105068 (octowhere firmware/src/main.rs:1012)
386.319922 [INFO ] [STACK] deepest=52472 of 105068 (octowhere firmware/src/main.rs:1012)
401.320667 [INFO ] [STACK] deepest=52472 of 105068 (octowhere firmware/src/main.rs:1012)
408.636725 [INFO ] [MESH] round=39804230 sending=false sweeping=false (octowhere_node octowhere-node/src/node.rs:1268)
416.321607 [INFO ] [STACK] deepest=52472 of 105068 (octowhere firmware/src/main.rs:1012)
431.322359 [INFO ] [STACK] deepest=52472 of 105068 (octowhere firmware/src/main.rs:1012)
440.980371 [INFO ] [MESH] round=39804231 sending=true sweeping=false (octowhere_node octowhere-node/src/node.rs:1268)
441.216968 [INFO ] [MESH] sent round=39804231 len=123 entries=1 records=0x00000000 asked=0x00000000 neighbours=0x00000002 messages=0 summary=false done=true (octowhere_node octowhere-node/src/node.rs:1849)
446.323122 [INFO ] [STACK] deepest=52472 of 105068 (octowhere firmware/src/main.rs:1012)
461.323874 [INFO ] [STACK] deepest=52472 of 105068 (octowhere firmware/src/main.rs:1012)
471.918258 [INFO ] [MESH] round=39804232 sending=true sweeping=true (octowhere_node octowhere-node/src/node.rs:1268)
472.154406 [INFO ] [MESH] sent round=39804232 len=123 entries=1 records=0x00000000 asked=0x00000000 neighbours=0x00000002 messages=0 summary=false done=true (octowhere_node octowhere-node/src/node.rs:1849)
476.324626 [INFO ] [STACK] deepest=52472 of 105068 (octowhere firmware/src/main.rs:1012)
491.325380 [INFO ] [STACK] deepest=52472 of 105068 (octowhere firmware/src/main.rs:1012)
506.326132 [INFO ] [STACK] deepest=52472 of 105068 (octowhere firmware/src/main.rs:1012)
511.430076 [INFO ] [MESH] heard id=1 timebase=Gps hops=0 taken=Refined late_us=Some(399) len=54 rssi=-24 snr=6 entries=1 new=1 neighbours=0x00000001 messages=0/0 summary=false (octowhere_node octowhere-node/src/node.rs:1721)
521.326887 [INFO ] [STACK] deepest=52472 of 105068 (octowhere firmware/src/main.rs:1012)
535.199308 [INFO ] [MESH] round=39804233 sending=false sweeping=false (octowhere_node octowhere-node/src/node.rs:1268)
536.327642 [INFO ] [STACK] deepest=52472 of 105068 (octowhere firmware/src/main.rs:1012)
551.328395 [INFO ] [STACK] deepest=52472 of 105068 (octowhere firmware/src/main.rs:1012)
566.329143 [INFO ] [STACK] deepest=52472 of 105068 (octowhere firmware/src/main.rs:1012)
573.168225 [INFO ] [MESH] round=39804234 sending=true sweeping=false (octowhere_node octowhere-node/src/node.rs:1268)
573.302387 [INFO ] [MESH] sent round=39804234 len=54 entries=1 records=0x00000000 asked=0x00000000 neighbours=0x00000002 messages=0 summary=false done=true (octowhere_node octowhere-node/src/node.rs:1849)
581.329921 [INFO ] [STACK] deepest=52472 of 105068 (octowhere firmware/src/main.rs:1012)
596.330682 [INFO ] [STACK] deepest=52472 of 105068 (octowhere firmware/src/main.rs:1012)
606.918341 [INFO ] [MESH] round=39804235 sending=false sweeping=false (octowhere_node octowhere-node/src/node.rs:1268)
611.331457 [INFO ] [STACK] deepest=52472 of 105068 (octowhere firmware/src/main.rs:1012)
626.332216 [INFO ] [STACK] deepest=52472 of 105068 (octowhere firmware/src/main.rs:1012)
641.334052 [INFO ] [STACK] deepest=52472 of 105068 (octowhere firmware/src/main.rs:1012)
645.024115 [INFO ] [MESH] heard id=1 timebase=Gps hops=0 taken=Refined late_us=Some(282) len=54 rssi=-24 snr=6 entries=1 new=1 neighbours=0x00000001 messages=0/0 summary=false (octowhere_node octowhere-node/src/node.rs:1721)
653.324617 [INFO ] [MESH] round=39804236 sending=false sweeping=false (octowhere_node octowhere-node/src/node.rs:1268)
656.334806 [INFO ] [STACK] deepest=52472 of 105068 (octowhere firmware/src/main.rs:1012)
671.335560 [INFO ] [STACK] deepest=52472 of 105068 (octowhere firmware/src/main.rs:1012)
686.336316 [INFO ] [STACK] deepest=52472 of 105068 (octowhere firmware/src/main.rs:1012)
701.337068 [INFO ] [STACK] deepest=52472 of 105068 (octowhere firmware/src/main.rs:1012)
713.793519 [INFO ] [MESH] round=39804237 sending=true sweeping=false (octowhere_node octowhere-node/src/node.rs:1268)
713.927434 [INFO ] [MESH] sent round=39804237 len=54 entries=1 records=0x00000000 asked=0x00000000 neighbours=0x00000002 messages=0 summary=false done=true (octowhere_node octowhere-node/src/node.rs:1849)
716.337824 [INFO ] [STACK] deepest=52472 of 105068 (octowhere firmware/src/main.rs:1012)
731.338577 [INFO ] [STACK] deepest=52472 of 105068 (octowhere firmware/src/main.rs:1012)
732.703890 [INFO ] [MESH] command Send { to: Some(1), text: b"meet at the car" } (octowhere_node octowhere-node/src/node.rs:970)
732.704892 [INFO ] [MSG] queued to Member(1): b"meet at the car" (octowhere_node octowhere-node/src/node.rs:2545)
732.809837 [INFO ] [MSG] posted 0/1791190703 to Member(1) len=32 New (octowhere_node octowhere-node/src/node.rs:2628)
735.919284 [INFO ] [MESH] command Phantom (octowhere_node octowhere-node/src/node.rs:970)
735.976911 [INFO ] [MESH] enrolled a phantom at 2 (octowhere_node octowhere-node/src/node.rs:1086)
736.012494 [INFO ] [SETTINGS] Member(2, Phantom) saved in 30108us (octowhere firmware/src/main.rs:963)
746.339375 [INFO ] [STACK] deepest=52472 of 105068 (octowhere firmware/src/main.rs:1012)
753.305821 [INFO ] [MESH] heard id=1 timebase=Gps hops=0 taken=Refined late_us=Some(245) len=54 rssi=-24 snr=7 entries=1 new=1 neighbours=0x00000001 messages=0/0 summary=false (octowhere_node octowhere-node/src/node.rs:1721)
754.574892 [INFO ] [MESH] round=39804238 sending=true sweeping=false (octowhere_node octowhere-node/src/node.rs:1268)
754.955458 [INFO ] [MESH] sent round=39804238 len=222 entries=1 records=0x00000004 asked=0x00000000 neighbours=0x00000002 messages=1 summary=false done=true (octowhere_node octowhere-node/src/node.rs:1849)
761.340128 [INFO ] [STACK] deepest=52472 of 105068 (octowhere firmware/src/main.rs:1012)
766.697535 [INFO ] [MESH] command Remove(2) (octowhere_node octowhere-node/src/node.rs:970)
766.698547 [INFO ] [REKEY] removing 2: generation 14 from round 39804244 (now 39804238), 1 to tell (octowhere_node octowhere-node/src/node.rs:2142)
766.738559 [INFO ] [MSG] posted 0/1791190704 to Member(1) len=138 New (octowhere_node octowhere-node/src/node.rs:2628)
766.793352 [INFO ] [SETTINGS] Rekey(pending=true old=0) saved in 47927us (octowhere firmware/src/main.rs:963)
776.340883 [INFO ] [STACK] deepest=52472 of 105068 (octowhere firmware/src/main.rs:1012)
791.343158 [INFO ] [STACK] deepest=52472 of 105068 (octowhere firmware/src/main.rs:1012)
806.343912 [INFO ] [STACK] deepest=52472 of 105068 (octowhere firmware/src/main.rs:1012)
821.344679 [INFO ] [STACK] deepest=52472 of 105068 (octowhere firmware/src/main.rs:1012)
827.700158 [INFO ] [MESH] round=39804239 sending=true sweeping=false (octowhere_node octowhere-node/src/node.rs:1268)
828.059480 [INFO ] [MESH] sent round=39804239 len=208 entries=1 records=0x00000000 asked=0x00000000 neighbours=0x00000002 messages=1 summary=false done=true (octowhere_node octowhere-node/src/node.rs:1849)
834.925072 [INFO ] [MSG] 0/1791190703 delivered to 1 (octowhere_node octowhere-node/src/node.rs:2700)
834.925725 [INFO ] [MESH] heard id=1 timebase=Gps hops=0 taken=Refined late_us=Some(78) len=91 rssi=-25 snr=7 entries=1 new=1 neighbours=0x00000001 messages=1/1 summary=false (octowhere_node octowhere-node/src/node.rs:1721)
836.345437 [INFO ] [STACK] deepest=52472 of 105068 (octowhere firmware/src/main.rs:1012)
851.347689 [INFO ] [STACK] deepest=52472 of 105068 (octowhere firmware/src/main.rs:1012)
862.856195 [INFO ] [MESH] round=39804240 sending=true sweeping=false (octowhere_node octowhere-node/src/node.rs:1268)
862.990437 [INFO ] [MESH] sent round=39804240 len=54 entries=1 records=0x00000000 asked=0x00000000 neighbours=0x00000002 messages=0 summary=false done=true (octowhere_node octowhere-node/src/node.rs:1849)
866.348452 [INFO ] [STACK] deepest=52472 of 105068 (octowhere firmware/src/main.rs:1012)
881.349207 [INFO ] [STACK] deepest=52472 of 105068 (octowhere firmware/src/main.rs:1012)
893.987747 [INFO ] [MSG] 0/1791190704 delivered to 1 (octowhere_node octowhere-node/src/node.rs:2700)
893.988386 [INFO ] [MESH] heard id=1 timebase=Gps hops=0 taken=Refined late_us=Some(159) len=91 rssi=-24 snr=7 entries=1 new=1 neighbours=0x00000001 messages=1/1 summary=false (octowhere_node octowhere-node/src/node.rs:1721)
895.200218 [INFO ] [MESH] round=39804241 sending=false sweeping=false (octowhere_node octowhere-node/src/node.rs:1268)
896.351306 [INFO ] [STACK] deepest=52472 of 105068 (octowhere firmware/src/main.rs:1012)
911.352060 [INFO ] [STACK] deepest=52472 of 105068 (octowhere firmware/src/main.rs:1012)
926.352816 [INFO ] [STACK] deepest=52472 of 105068 (octowhere firmware/src/main.rs:1012)
938.972037 [INFO ] [MESH] heard id=1 timebase=Gps hops=0 taken=Refined late_us=Some(93) len=80 rssi=-24 snr=7 entries=1 new=1 neighbours=0x00000001 messages=0/0 summary=true (octowhere_node octowhere-node/src/node.rs:1721)
941.354182 [INFO ] [STACK] deepest=52472 of 105068 (octowhere firmware/src/main.rs:1012)
956.354940 [INFO ] [STACK] deepest=52472 of 105068 (octowhere firmware/src/main.rs:1012)
961.294135 [INFO ] [MESH] round=39804242 sending=false sweeping=false (octowhere_node octowhere-node/src/node.rs:1268)
971.355694 [INFO ] [STACK] deepest=52472 of 105068 (octowhere firmware/src/main.rs:1012)
986.356456 [INFO ] [STACK] deepest=52472 of 105068 (octowhere firmware/src/main.rs:1012)
993.637835 [INFO ] [MESH] round=39804243 sending=true sweeping=false (octowhere_node octowhere-node/src/node.rs:1268)
993.772024 [INFO ] [MESH] sent round=39804243 len=54 entries=1 records=0x00000000 asked=0x00000000 neighbours=0x00000002 messages=0 summary=false done=true (octowhere_node octowhere-node/src/node.rs:1849)
1001.357212 [INFO ] [STACK] deepest=52472 of 105068 (octowhere firmware/src/main.rs:1012)
1009.138081 [INFO ] [REKEY] switched to generation 14: 0 removed Some(2) (octowhere_node octowhere-node/src/node.rs:2258)
1009.249094 [INFO ] [SETTINGS] Group(own=0 members=2 generation=14 rekey=true) saved in 24361us (octowhere firmware/src/main.rs:963)
1016.358945 [INFO ] [STACK] deepest=52472 of 105068 (octowhere firmware/src/main.rs:1012)
1017.815114 [INFO ] [REKEY] every member is on the new key; the old one is dropped (octowhere_node octowhere-node/src/node.rs:1714)
1017.815875 [INFO ] [MESH] heard id=1 timebase=Gps hops=0 taken=Refined late_us=Some(148) len=123 rssi=-24 snr=6 entries=1 new=1 neighbours=0x00000001 messages=0/0 summary=false (octowhere_node octowhere-node/src/node.rs:1721)
1017.888012 [INFO ] [SETTINGS] Rekey(pending=false old=0) saved in 64825us (octowhere firmware/src/main.rs:963)
1031.359709 [INFO ] [STACK] deepest=52472 of 105068 (octowhere firmware/src/main.rs:1012)
1046.364409 [INFO ] [STACK] deepest=52472 of 105068 (octowhere firmware/src/main.rs:1012)
1047.075458 [INFO ] [MESH] round=39804244 sending=false sweeping=false (octowhere_node octowhere-node/src/node.rs:1268)
1059.870691 [INFO ] [REKEY] sent under generation 13 round=39804245 caught=0x00000004 len=57 done=true (octowhere_node octowhere-node/src/node.rs:1372)
1061.365165 [INFO ] [STACK] deepest=52472 of 105068 (octowhere firmware/src/main.rs:1012)
1065.596428 [INFO ] [MESH] heard id=1 timebase=Gps hops=0 taken=Refined late_us=Some(162) len=123 rssi=-25 snr=6 entries=1 new=1 neighbours=0x00000001 messages=0/0 summary=false (octowhere_node octowhere-node/src/node.rs:1721)
1076.365928 [INFO ] [STACK] deepest=52472 of 105068 (octowhere firmware/src/main.rs:1012)
1091.366684 [INFO ] [STACK] deepest=52472 of 105068 (octowhere firmware/src/main.rs:1012)
1094.888370 [INFO ] [MESH] round=39804245 sending=true sweeping=true (octowhere_node octowhere-node/src/node.rs:1268)
1095.124555 [INFO ] [MESH] sent round=39804245 len=123 entries=1 records=0x00000000 asked=0x00000000 neighbours=0x00000002 messages=0 summary=false done=true (octowhere_node octowhere-node/src/node.rs:1849)
1106.367438 [INFO ] [STACK] deepest=52472 of 105068 (octowhere firmware/src/main.rs:1012)
