2.561679 [INFO ] [BOOT] answered: power=true clock=true touch=true motion=true magnet=true gnss=true (octowhere firmware/src/main.rs:2292)
2.569884 [INFO ] [MESH] id=1 name=Roger Roger members=2 mac=[44, 1b, f6, 86, 1c, 1c] (octowhere_node octowhere-node/src/node.rs:700)
2.610000 [INFO ] [MESH] tuned=true (octowhere_node octowhere-node/src/node.rs:754)
2.612547 [INFO ] [MESH] id=1 members=2 generation=13 removal pending=false declinable until=Some(39806139) old keys=0 (octowhere_node octowhere-node/src/node.rs:919)
17.680456 [INFO ] [STACK] deepest=42892 of 105068 (octowhere firmware/src/main.rs:1012)
32.681617 [INFO ] [STACK] deepest=42892 of 105068 (octowhere firmware/src/main.rs:1012)
47.682486 [INFO ] [STACK] deepest=42892 of 105068 (octowhere firmware/src/main.rs:1012)
62.683362 [INFO ] [STACK] deepest=42892 of 105068 (octowhere firmware/src/main.rs:1012)
77.685202 [INFO ] [STACK] deepest=42892 of 105068 (octowhere firmware/src/main.rs:1012)
92.694081 [INFO ] [STACK] deepest=42892 of 105068 (octowhere firmware/src/main.rs:1012)
115.830808 [INFO ] [STACK] deepest=42892 of 105068 (octowhere firmware/src/main.rs:1012)
130.831675 [INFO ] [STACK] deepest=42892 of 105068 (octowhere firmware/src/main.rs:1012)
137.571908 [INFO ] [MESH] timebase GPS hops=0 (octowhere_node octowhere-node/src/node.rs:3002)
140.551452 [INFO ] [MESH] command Leave (octowhere_node octowhere-node/src/node.rs:970)
140.625056 [INFO ] [MESH] left the group (octowhere_node octowhere-node/src/node.rs:1006)
141.299663 [INFO ] [MESH] told the group it left round=39804224 done=true (octowhere_node octowhere-node/src/node.rs:1310)
143.159682 [INFO ] [MESH] command Join (octowhere_node octowhere-node/src/node.rs:970)
143.244875 [INFO ] [PAIR] Join Searching (119s left) (octowhere_node octowhere-node/src/node.rs:2993)
145.832488 [INFO ] [STACK] deepest=47304 of 105068 (octowhere firmware/src/main.rs:1012)
146.774835 [INFO ] [PAIR] Join Connecting (29s left) (octowhere_node octowhere-node/src/node.rs:2993)
146.899831 [INFO ] [PAIR] a frame took 29292us to take (octowhere_node octowhere-node/src/node.rs:1993)
146.899907 [INFO ] [PAIR] code 925910 with [44, 1b, f6, 86, 1a, 38]; 59s to confirm (octowhere_node octowhere-node/src/node.rs:2985)
146.899967 [INFO ] [PAIR] Join Compare { code: 925910 } (59s left) (octowhere_node octowhere-node/src/node.rs:2993)
157.273947 [INFO ] [PAIR] command Accept (octowhere_node octowhere-node/src/node.rs:2000)
157.359428 [INFO ] [PAIR] Join Waiting { code: 925910 } (49s left) (octowhere_node octowhere-node/src/node.rs:2993)
157.837939 [INFO ] [PAIR] Join Transfer { done: 1, total: 3 } (29s left) (octowhere_node octowhere-node/src/node.rs:2993)
158.314070 [INFO ] [PAIR] Join Transfer { done: 2, total: 3 } (29s left) (octowhere_node octowhere-node/src/node.rs:2993)
158.466607 [INFO ] [PAIR] a frame took 35196us to take (octowhere_node octowhere-node/src/node.rs:1993)
158.466736 [INFO ] [PAIR] Join Storing (0s left) (octowhere_node octowhere-node/src/node.rs:2993)
158.507513 [INFO ] [SETTINGS] Group(own=1 members=2 generation=13 rekey=false) saved in 36514us (octowhere firmware/src/main.rs:963)
158.668514 [INFO ] [PAIR] Join Finishing (29s left) (octowhere_node octowhere-node/src/node.rs:2993)
158.795696 [INFO ] [PAIR] Join Done(Joined { id: 1, confirmed: true }) (0s left) (octowhere_node octowhere-node/src/node.rs:2993)
158.801003 [INFO ] [MESH] timebase GPS hops=0 (octowhere_node octowhere-node/src/node.rs:3002)
160.628472 [INFO ] [MESH] command Send { to: None, text: b"back in 10" } (octowhere_node octowhere-node/src/node.rs:970)
160.628651 [INFO ] [MSG] queued to Group: b"back in 10" (octowhere_node octowhere-node/src/node.rs:2545)
160.652960 [INFO ] [MSG] posted 1/1791190120 to Group len=11 New (octowhere_node octowhere-node/src/node.rs:2628)
160.833239 [INFO ] [STACK] deepest=52472 of 105068 (octowhere firmware/src/main.rs:1012)
175.193231 [INFO ] [MESH] heard id=0 timebase=Gps hops=1 taken=Ignored late_us=Some(1059) len=229 rssi=-26 snr=6 entries=0 new=0 neighbours=0x00000002 messages=0/0 summary=false (octowhere_node octowhere-node/src/node.rs:1721)
175.833991 [INFO ] [STACK] deepest=52472 of 105068 (octowhere firmware/src/main.rs:1012)
186.047749 [INFO ] [MESH] round=39804225 sending=true sweeping=false (octowhere_node octowhere-node/src/node.rs:1268)
186.223030 [INFO ] [MESH] sent round=39804225 len=81 entries=1 records=0x00000000 asked=0x00000000 neighbours=0x00000001 messages=1 summary=false done=true (octowhere_node octowhere-node/src/node.rs:1849)
190.834743 [INFO ] [STACK] deepest=52472 of 105068 (octowhere firmware/src/main.rs:1012)
205.835500 [INFO ] [STACK] deepest=52472 of 105068 (octowhere firmware/src/main.rs:1012)
220.836253 [INFO ] [STACK] deepest=52472 of 105068 (octowhere firmware/src/main.rs:1012)
235.837930 [INFO ] [STACK] deepest=52472 of 105068 (octowhere firmware/src/main.rs:1012)
250.838680 [INFO ] [STACK] deepest=52472 of 105068 (octowhere firmware/src/main.rs:1012)
252.141489 [INFO ] [MESH] round=39804226 sending=true sweeping=false (octowhere_node octowhere-node/src/node.rs:1268)
252.275678 [INFO ] [MESH] sent round=39804226 len=54 entries=1 records=0x00000000 asked=0x00000000 neighbours=0x00000001 messages=0 summary=false done=true (octowhere_node octowhere-node/src/node.rs:1849)
257.766668 [INFO ] [MESH] round=39804227 sending=false sweeping=false (octowhere_node octowhere-node/src/node.rs:1268)
265.841905 [INFO ] [STACK] deepest=52472 of 105068 (octowhere firmware/src/main.rs:1012)
280.842659 [INFO ] [STACK] deepest=52472 of 105068 (octowhere firmware/src/main.rs:1012)
295.843411 [INFO ] [STACK] deepest=52472 of 105068 (octowhere firmware/src/main.rs:1012)
304.412860 [INFO ] [MESH] heard id=0 timebase=Gps hops=1 taken=Ignored late_us=Some(666) len=123 rssi=-26 snr=7 entries=1 new=0 neighbours=0x00000002 messages=0/0 summary=false (octowhere_node octowhere-node/src/node.rs:1721)
310.844758 [INFO ] [STACK] deepest=52472 of 105068 (octowhere firmware/src/main.rs:1012)
311.204153 [INFO ] [MESH] round=39804228 sending=false sweeping=false (octowhere_node octowhere-node/src/node.rs:1268)
325.845511 [INFO ] [STACK] deepest=52472 of 105068 (octowhere firmware/src/main.rs:1012)
340.846269 [INFO ] [STACK] deepest=52472 of 105068 (octowhere firmware/src/main.rs:1012)
346.360187 [INFO ] [MESH] round=39804229 sending=true sweeping=false (octowhere_node octowhere-node/src/node.rs:1268)
346.494424 [INFO ] [MESH] sent round=39804229 len=54 entries=1 records=0x00000000 asked=0x00000000 neighbours=0x00000001 messages=0 summary=false done=true (octowhere_node octowhere-node/src/node.rs:1849)
355.847017 [INFO ] [STACK] deepest=52472 of 105068 (octowhere firmware/src/main.rs:1012)
370.847768 [INFO ] [STACK] deepest=52472 of 105068 (octowhere firmware/src/main.rs:1012)
385.848525 [INFO ] [STACK] deepest=52472 of 105068 (octowhere firmware/src/main.rs:1012)
400.849279 [INFO ] [STACK] deepest=52472 of 105068 (octowhere firmware/src/main.rs:1012)
409.641644 [INFO ] [MESH] round=39804230 sending=false sweeping=false (octowhere_node octowhere-node/src/node.rs:1268)
415.850022 [INFO ] [STACK] deepest=52472 of 105068 (octowhere firmware/src/main.rs:1012)
430.850779 [INFO ] [STACK] deepest=52472 of 105068 (octowhere firmware/src/main.rs:1012)
445.851535 [INFO ] [STACK] deepest=52472 of 105068 (octowhere firmware/src/main.rs:1012)
452.069103 [INFO ] [MESH] heard id=0 timebase=Gps hops=1 taken=Ignored late_us=Some(652) len=123 rssi=-26 snr=7 entries=1 new=0 neighbours=0x00000002 messages=0/0 summary=false (octowhere_node octowhere-node/src/node.rs:1721)
453.235387 [INFO ] [MESH] round=39804231 sending=false sweeping=false (octowhere_node octowhere-node/src/node.rs:1268)
460.852290 [INFO ] [STACK] deepest=52472 of 105068 (octowhere firmware/src/main.rs:1012)
475.853043 [INFO ] [STACK] deepest=52472 of 105068 (octowhere firmware/src/main.rs:1012)
483.006468 [INFO ] [MESH] heard id=0 timebase=Gps hops=1 taken=Ignored late_us=Some(515) len=123 rssi=-26 snr=6 entries=1 new=0 neighbours=0x00000002 messages=0/0 summary=false (octowhere_node octowhere-node/src/node.rs:1721)
490.853799 [INFO ] [STACK] deepest=52472 of 105068 (octowhere firmware/src/main.rs:1012)
505.854551 [INFO ] [STACK] deepest=52472 of 105068 (octowhere firmware/src/main.rs:1012)
520.855303 [INFO ] [STACK] deepest=52472 of 105068 (octowhere firmware/src/main.rs:1012)
522.141953 [INFO ] [MESH] round=39804232 sending=true sweeping=true (octowhere_node octowhere-node/src/node.rs:1268)
522.275625 [INFO ] [MESH] sent round=39804232 len=54 entries=1 records=0x00000000 asked=0x00000000 neighbours=0x00000001 messages=0 summary=false done=true (octowhere_node octowhere-node/src/node.rs:1849)
535.856059 [INFO ] [STACK] deepest=52472 of 105068 (octowhere firmware/src/main.rs:1012)
550.856813 [INFO ] [STACK] deepest=52472 of 105068 (octowhere firmware/src/main.rs:1012)
565.857570 [INFO ] [STACK] deepest=52472 of 105068 (octowhere firmware/src/main.rs:1012)
568.547897 [INFO ] [MESH] round=39804233 sending=false sweeping=false (octowhere_node octowhere-node/src/node.rs:1268)
569.954146 [INFO ] [MESH] round=39804234 sending=false sweeping=false (octowhere_node octowhere-node/src/node.rs:1268)
580.858468 [INFO ] [STACK] deepest=52472 of 105068 (octowhere firmware/src/main.rs:1012)
584.153991 [INFO ] [MESH] heard id=0 timebase=Gps hops=1 taken=Ignored late_us=Some(718) len=54 rssi=-27 snr=6 entries=1 new=0 neighbours=0x00000002 messages=0/0 summary=false (octowhere_node octowhere-node/src/node.rs:1721)
595.861347 [INFO ] [STACK] deepest=52472 of 105068 (octowhere firmware/src/main.rs:1012)
610.867753 [INFO ] [STACK] deepest=52472 of 105068 (octowhere firmware/src/main.rs:1012)
625.869016 [INFO ] [STACK] deepest=52472 of 105068 (octowhere firmware/src/main.rs:1012)
640.869809 [INFO ] [STACK] deepest=52472 of 105068 (octowhere firmware/src/main.rs:1012)
655.735228 [INFO ] [MESH] round=39804235 sending=true sweeping=false (octowhere_node octowhere-node/src/node.rs:1268)
655.869365 [INFO ] [MESH] sent round=39804235 len=54 entries=1 records=0x00000000 asked=0x00000000 neighbours=0x00000001 messages=0 summary=false done=true (octowhere_node octowhere-node/src/node.rs:1849)
655.872183 [INFO ] [STACK] deepest=52472 of 105068 (octowhere firmware/src/main.rs:1012)
662.766664 [INFO ] [MESH] round=39804236 sending=false sweeping=false (octowhere_node octowhere-node/src/node.rs:1268)
670.872967 [INFO ] [STACK] deepest=52472 of 105068 (octowhere firmware/src/main.rs:1012)
685.873714 [INFO ] [STACK] deepest=52472 of 105068 (octowhere firmware/src/main.rs:1012)
700.874465 [INFO ] [STACK] deepest=52472 of 105068 (octowhere firmware/src/main.rs:1012)
715.875223 [INFO ] [STACK] deepest=52472 of 105068 (octowhere firmware/src/main.rs:1012)
724.779011 [INFO ] [MESH] heard id=0 timebase=Gps hops=1 taken=Ignored late_us=Some(697) len=54 rssi=-27 snr=7 entries=1 new=0 neighbours=0x00000002 messages=0/0 summary=false (octowhere_node octowhere-node/src/node.rs:1721)
730.876999 [INFO ] [STACK] deepest=52472 of 105068 (octowhere firmware/src/main.rs:1012)
737.297895 [INFO ] [MESH] round=39804237 sending=false sweeping=false (octowhere_node octowhere-node/src/node.rs:1268)
745.877758 [INFO ] [STACK] deepest=52472 of 105068 (octowhere firmware/src/main.rs:1012)
760.878514 [INFO ] [STACK] deepest=52472 of 105068 (octowhere firmware/src/main.rs:1012)
764.016504 [INFO ] [MESH] round=39804238 sending=true sweeping=false (octowhere_node octowhere-node/src/node.rs:1268)
764.150709 [INFO ] [MESH] sent round=39804238 len=54 entries=1 records=0x00000000 asked=0x00000000 neighbours=0x00000001 messages=0 summary=false done=true (octowhere_node octowhere-node/src/node.rs:1849)
765.838152 [INFO ] [MESH] member 2 is Phantom now (octowhere_node octowhere-node/src/node.rs:1683)
765.866857 [INFO ] [MSG] from 0 to this device: b"meet at the car" (octowhere_node octowhere-node/src/node.rs:2685)
765.867576 [INFO ] [MESH] heard id=0 timebase=Gps hops=1 taken=Ignored late_us=Some(612) len=222 rssi=-26 snr=7 entries=1 new=0 neighbours=0x00000002 messages=1/1 summary=false (octowhere_node octowhere-node/src/node.rs:1721)
775.879544 [INFO ] [STACK] deepest=52472 of 105068 (octowhere firmware/src/main.rs:1012)
790.880302 [INFO ] [STACK] deepest=52472 of 105068 (octowhere firmware/src/main.rs:1012)
805.881057 [INFO ] [STACK] deepest=52472 of 105068 (octowhere firmware/src/main.rs:1012)
820.882640 [INFO ] [STACK] deepest=52472 of 105068 (octowhere firmware/src/main.rs:1012)
824.485408 [INFO ] [MESH] round=39804239 sending=false sweeping=false (octowhere_node octowhere-node/src/node.rs:1268)
824.488438 [INFO ] [MSG] posted 1/1791190121 to Member(0) len=21 New (octowhere_node octowhere-node/src/node.rs:2628)
824.559024 [INFO ] [SETTINGS] Member(2, Phantom) saved in 68213us (octowhere firmware/src/main.rs:963)
835.883394 [INFO ] [STACK] deepest=52472 of 105068 (octowhere firmware/src/main.rs:1012)
838.944724 [INFO ] [REKEY] 0 asks to remove 2: generation 14 from round 39804244 (now 39804239) unless declined (octowhere_node octowhere-node/src/node.rs:2232)
838.945338 [INFO ] [MESH] heard id=0 timebase=Gps hops=1 taken=Ignored late_us=Some(697) len=208 rssi=-26 snr=6 entries=1 new=0 neighbours=0x00000002 messages=1/1 summary=false (octowhere_node octowhere-node/src/node.rs:1721)
838.979774 [INFO ] [SETTINGS] Rekey(pending=true old=0) saved in 33747us (octowhere firmware/src/main.rs:963)
845.579208 [INFO ] [MESH] round=39804240 sending=true sweeping=false (octowhere_node octowhere-node/src/node.rs:1268)
845.769458 [INFO ] [MESH] sent round=39804240 len=91 entries=1 records=0x00000000 asked=0x00000000 neighbours=0x00000001 messages=1 summary=false done=true (octowhere_node octowhere-node/src/node.rs:1849)
845.772674 [INFO ] [MSG] posted 1/1791190122 to Member(0) len=21 New (octowhere_node octowhere-node/src/node.rs:2628)
850.884147 [INFO ] [STACK] deepest=52472 of 105068 (octowhere firmware/src/main.rs:1012)
865.884909 [INFO ] [STACK] deepest=52472 of 105068 (octowhere firmware/src/main.rs:1012)
873.841545 [INFO ] [MESH] heard id=0 timebase=Gps hops=1 taken=Ignored late_us=Some(621) len=54 rssi=-26 snr=6 entries=1 new=0 neighbours=0x00000002 messages=0/0 summary=false (octowhere_node octowhere-node/src/node.rs:1721)
880.885649 [INFO ] [STACK] deepest=52472 of 105068 (octowhere firmware/src/main.rs:1012)
895.886411 [INFO ] [STACK] deepest=52472 of 105068 (octowhere firmware/src/main.rs:1012)
904.641492 [INFO ] [MESH] round=39804241 sending=true sweeping=false (octowhere_node octowhere-node/src/node.rs:1268)
904.832037 [INFO ] [MESH] sent round=39804241 len=91 entries=1 records=0x00000000 asked=0x00000000 neighbours=0x00000001 messages=1 summary=false done=true (octowhere_node octowhere-node/src/node.rs:1849)
910.887166 [INFO ] [STACK] deepest=52472 of 105068 (octowhere firmware/src/main.rs:1012)
925.889513 [INFO ] [STACK] deepest=52472 of 105068 (octowhere firmware/src/main.rs:1012)
940.890272 [INFO ] [STACK] deepest=52472 of 105068 (octowhere firmware/src/main.rs:1012)
949.641650 [INFO ] [MESH] round=39804242 sending=true sweeping=false (octowhere_node octowhere-node/src/node.rs:1268)
949.816704 [INFO ] [MESH] sent round=39804242 len=80 entries=1 records=0x00000000 asked=0x00000000 neighbours=0x00000001 messages=0 summary=true done=true (octowhere_node octowhere-node/src/node.rs:1849)
955.891029 [INFO ] [STACK] deepest=52472 of 105068 (octowhere firmware/src/main.rs:1012)
970.891821 [INFO ] [STACK] deepest=52472 of 105068 (octowhere firmware/src/main.rs:1012)
984.797894 [INFO ] [MESH] round=39804243 sending=false sweeping=false (octowhere_node octowhere-node/src/node.rs:1268)
985.892577 [INFO ] [STACK] deepest=52472 of 105068 (octowhere firmware/src/main.rs:1012)
1000.893326 [INFO ] [STACK] deepest=52472 of 105068 (octowhere firmware/src/main.rs:1012)
1004.622814 [INFO ] [MESH] heard id=0 timebase=Gps hops=1 taken=Ignored late_us=Some(668) len=54 rssi=-26 snr=7 entries=1 new=0 neighbours=0x00000002 messages=0/0 summary=false (octowhere_node octowhere-node/src/node.rs:1721)
1015.894088 [INFO ] [STACK] deepest=52472 of 105068 (octowhere firmware/src/main.rs:1012)
1019.985493 [INFO ] [REKEY] switched to generation 14: 0 removed Some(2) (octowhere_node octowhere-node/src/node.rs:2258)
1019.985551 [INFO ] [REKEY] it can be declined until round 39806164 (octowhere_node octowhere-node/src/node.rs:2275)
1020.130314 [INFO ] [SETTINGS] Group(own=1 members=2 generation=14 rekey=true) saved in 51366us (octowhere firmware/src/main.rs:963)
1028.391454 [INFO ] [MESH] round=39804244 sending=true sweeping=false (octowhere_node octowhere-node/src/node.rs:1268)
1028.628035 [INFO ] [MESH] sent round=39804244 len=123 entries=1 records=0x00000000 asked=0x00000000 neighbours=0x00000001 messages=0 summary=false done=true (octowhere_node octowhere-node/src/node.rs:1849)
1030.894843 [INFO ] [STACK] deepest=52472 of 105068 (octowhere firmware/src/main.rs:1012)
1045.895597 [INFO ] [STACK] deepest=52472 of 105068 (octowhere firmware/src/main.rs:1012)
1060.896351 [INFO ] [STACK] deepest=52472 of 105068 (octowhere firmware/src/main.rs:1012)
1070.720562 [INFO ] [REKEY] 0 is on generation 13; no key message is held for it (octowhere_node octowhere-node/src/removals.rs:343)
1075.897107 [INFO ] [STACK] deepest=52472 of 105068 (octowhere firmware/src/main.rs:1012)
1076.204457 [INFO ] [MESH] round=39804245 sending=true sweeping=true (octowhere_node octowhere-node/src/node.rs:1268)
1076.440281 [INFO ] [MESH] sent round=39804245 len=123 entries=1 records=0x00000000 asked=0x00000000 neighbours=0x00000001 messages=0 summary=false done=true (octowhere_node octowhere-node/src/node.rs:1849)
1090.898330 [INFO ] [STACK] deepest=52472 of 105068 (octowhere firmware/src/main.rs:1012)
1105.899088 [INFO ] [STACK] deepest=52472 of 105068 (octowhere firmware/src/main.rs:1012)
1106.006622 [INFO ] [REKEY] every member is on the new key; the old one is dropped (octowhere_node octowhere-node/src/node.rs:1714)
1106.008352 [INFO ] [MESH] heard id=0 timebase=Gps hops=1 taken=Ignored late_us=Some(527) len=123 rssi=-25 snr=6 entries=1 new=0 neighbours=0x00000002 messages=0/0 summary=false (octowhere_node octowhere-node/src/node.rs:1721)
1106.052064 [INFO ] [SETTINGS] Rekey(pending=false old=0) saved in 34610us (octowhere firmware/src/main.rs:963)
1120.899857 [INFO ] [STACK] deepest=52472 of 105068 (octowhere firmware/src/main.rs:1012)
1124.016654 [INFO ] [MESH] round=39804246 sending=false sweeping=false (octowhere_node octowhere-node/src/node.rs:1268)
