2.608218 [INFO ] [BOOT] answered: power=true clock=true touch=true motion=true magnet=true gnss=true (octowhere firmware/src/main.rs:2276)
2.651997 [INFO ] [MESH] id=1 name=Roger Roger members=2 mac=[44, 1b, f6, 86, 1c, 1c] (octowhere_node octowhere-node/src/node.rs:700)
2.693179 [INFO ] [MESH] tuned=true (octowhere_node octowhere-node/src/node.rs:754)
2.695782 [INFO ] [MESH] id=1 members=2 generation=12 removal pending=false declinable until=None old keys=0 (octowhere_node octowhere-node/src/node.rs:919)
47.952413 [INFO ] [MESH] heard id=0 timebase=Gps hops=1 taken=Adopted late_us=None len=48 rssi=-26 snr=6 entries=1 new=0 neighbours=0x00000002 messages=0/0 summary=false (octowhere_node octowhere-node/src/node.rs:1721)
47.954400 [INFO ] [MESH] timebase GPS hops=2 (octowhere_node octowhere-node/src/node.rs:3002)
92.819462 [INFO ] [MESH] round=39804211 sending=true sweeping=false (octowhere_node octowhere-node/src/node.rs:1268)
93.030497 [INFO ] [MESH] sent round=39804211 len=105 entries=0 records=0x00000000 asked=0x00000000 neighbours=0x00000001 messages=0 summary=false done=true (octowhere_node octowhere-node/src/node.rs:1849)
142.038297 [INFO ] [MESH] round=39804212 sending=false sweeping=false (octowhere_node octowhere-node/src/node.rs:1268)
142.039580 [INFO ] [MESH] timebase GPS hops=0 (octowhere_node octowhere-node/src/node.rs:3002)
150.813198 [INFO ] [MESH] member 2 is Phantom now (octowhere_node octowhere-node/src/node.rs:1683)
150.813650 [INFO ] [MESH] heard id=0 timebase=Gps hops=1 taken=Ignored late_us=Some(-159000) len=168 rssi=-26 snr=7 entries=1 new=0 neighbours=0x00000002 messages=0/0 summary=false (octowhere_node octowhere-node/src/node.rs:1721)
170.322167 [INFO ] [MESH] round=39804213 sending=true sweeping=false (octowhere_node octowhere-node/src/node.rs:1268)
170.548540 [INFO ] [MESH] sent round=39804213 len=117 entries=1 records=0x00000000 asked=0x00000000 neighbours=0x00000001 messages=0 summary=false done=true (octowhere_node octowhere-node/src/node.rs:1849)
170.664736 [INFO ] [SETTINGS] Member(2, Phantom) saved in 112135us (octowhere firmware/src/main.rs:958)
197.304970 [INFO ] [REKEY] 0 asks to remove 2: generation 13 from round 39804219 (now 39804213) unless declined (octowhere_node octowhere-node/src/node.rs:2232)
197.305777 [INFO ] [MESH] heard id=0 timebase=Gps hops=1 taken=Ignored late_us=Some(-159106) len=208 rssi=-26 snr=7 entries=1 new=0 neighbours=0x00000002 messages=1/1 summary=false (octowhere_node octowhere-node/src/node.rs:1721)
197.417562 [INFO ] [SETTINGS] Rekey(pending=true old=0) saved in 49812us (octowhere firmware/src/main.rs:958)
204.072132 [INFO ] [MESH] round=39804214 sending=true sweeping=false (octowhere_node octowhere-node/src/node.rs:1268)
204.308737 [INFO ] [MESH] sent round=39804214 len=123 entries=1 records=0x00000000 asked=0x00000000 neighbours=0x00000001 messages=0 summary=false done=true (octowhere_node octowhere-node/src/node.rs:1849)
204.346234 [INFO ] [MSG] posted 1/1791189631 to Member(0) len=21 New (octowhere_node octowhere-node/src/node.rs:2628)
265.947272 [INFO ] [MESH] round=39804215 sending=true sweeping=false (octowhere_node octowhere-node/src/node.rs:1268)
266.137804 [INFO ] [MESH] sent round=39804215 len=91 entries=1 records=0x00000000 asked=0x00000000 neighbours=0x00000001 messages=1 summary=false done=true (octowhere_node octowhere-node/src/node.rs:1849)
309.678582 [INFO ] [MESH] heard id=0 timebase=Gps hops=1 taken=Ignored late_us=Some(771) len=54 rssi=-26 snr=6 entries=1 new=0 neighbours=0x00000002 messages=0/0 summary=false (octowhere_node octowhere-node/src/node.rs:1721)
332.041012 [INFO ] [MESH] round=39804216 sending=false sweeping=false (octowhere_node octowhere-node/src/node.rs:1268)
378.447126 [INFO ] [MESH] round=39804217 sending=true sweeping=false (octowhere_node octowhere-node/src/node.rs:1268)
378.581305 [INFO ] [MESH] sent round=39804217 len=54 entries=1 records=0x00000000 asked=0x00000000 neighbours=0x00000001 messages=0 summary=false done=true (octowhere_node octowhere-node/src/node.rs:1849)
393.916049 [INFO ] [MESH] round=39804218 sending=false sweeping=false (octowhere_node octowhere-node/src/node.rs:1268)
427.697485 [INFO ] [REKEY] switched to generation 13: 0 removed Some(2) (octowhere_node octowhere-node/src/node.rs:2258)
427.697553 [INFO ] [REKEY] it can be declined until round 39806139 (octowhere_node octowhere-node/src/node.rs:2275)
427.852377 [INFO ] [SETTINGS] Group(own=1 members=2 generation=13 rekey=true) saved in 44288us (octowhere firmware/src/main.rs:958)
434.790306 [INFO ] [REKEY] sent under generation 12 round=39804219 caught=0x00000000 len=24 done=true (octowhere_node octowhere-node/src/node.rs:1372)
436.471433 [INFO ] [REKEY] 0 is on generation 12; no key message is held for it (octowhere_node octowhere-node/src/removals.rs:343)
455.791384 [INFO ] [MESH] round=39804219 sending=true sweeping=true (octowhere_node octowhere-node/src/node.rs:1268)
456.027447 [INFO ] [MESH] sent round=39804219 len=123 entries=1 records=0x00000000 asked=0x00000000 neighbours=0x00000001 messages=0 summary=false done=true (octowhere_node octowhere-node/src/node.rs:1849)
461.686443 [INFO ] [REKEY] every member is on the new key; the old one is dropped (octowhere_node octowhere-node/src/node.rs:1714)
461.688106 [INFO ] [MESH] heard id=0 timebase=Gps hops=1 taken=Ignored late_us=Some(691) len=123 rssi=-26 snr=7 entries=1 new=0 neighbours=0x00000002 messages=0/0 summary=false (octowhere_node octowhere-node/src/node.rs:1721)
461.765542 [INFO ] [SETTINGS] Rekey(pending=false old=0) saved in 74285us (octowhere firmware/src/main.rs:958)
