2.554924 [INFO ] [BOOT] answered: power=true clock=true touch=true motion=true magnet=true gnss=true (octowhere firmware/src/main.rs:2276)
2.563155 [INFO ] [MESH] id=1 name=Roger Roger members=2 mac=[44, 1b, f6, 86, 1c, 1c] (octowhere_node octowhere-node/src/node.rs:700)
2.603074 [INFO ] [MESH] tuned=true (octowhere_node octowhere-node/src/node.rs:754)
2.605627 [INFO ] [MESH] id=1 members=2 generation=11 removal pending=false declinable until=Some(39804257) old keys=0 (octowhere_node octowhere-node/src/node.rs:919)
31.843415 [INFO ] [RTC] injected 2026-10-05 08:10:58 as RTC (octowhere firmware/src/main.rs:1084)
137.565273 [INFO ] [MESH] timebase GPS hops=0 (octowhere_node octowhere-node/src/node.rs:3002)
156.635949 [INFO ] [MESH] round=39804177 sending=true sweeping=false (octowhere_node octowhere-node/src/node.rs:1268)
156.862312 [INFO ] [MESH] sent round=39804177 len=117 entries=1 records=0x00000000 asked=0x00000000 neighbours=0x00000000 messages=0 summary=false done=true (octowhere_node octowhere-node/src/node.rs:1849)
184.760868 [INFO ] [MESH] round=39804178 sending=true sweeping=false (octowhere_node octowhere-node/src/node.rs:1268)
184.987215 [INFO ] [MESH] sent round=39804178 len=117 entries=1 records=0x00000000 asked=0x00000000 neighbours=0x00000000 messages=0 summary=false done=true (octowhere_node octowhere-node/src/node.rs:1849)
231.167163 [INFO ] [MESH] round=39804179 sending=true sweeping=false (octowhere_node octowhere-node/src/node.rs:1268)
231.393531 [INFO ] [MESH] sent round=39804179 len=117 entries=1 records=0x00000000 asked=0x00000000 neighbours=0x00000000 messages=0 summary=false done=true (octowhere_node octowhere-node/src/node.rs:1849)
278.540023 [INFO ] [MESH] not ours len=105 rssi=-23 (octowhere_node octowhere-node/src/node.rs:1589)
290.230134 [INFO ] [MESH] round=39804180 sending=true sweeping=true (octowhere_node octowhere-node/src/node.rs:1268)
290.456000 [INFO ] [MESH] sent round=39804180 len=117 entries=1 records=0x00000000 asked=0x00000000 neighbours=0x00000000 messages=0 summary=false done=true (octowhere_node octowhere-node/src/node.rs:1849)
339.448381 [INFO ] [MESH] round=39804181 sending=true sweeping=false (octowhere_node octowhere-node/src/node.rs:1268)
339.577446 [INFO ] [MESH] sent round=39804181 len=48 entries=1 records=0x00000000 asked=0x00000000 neighbours=0x00000000 messages=0 summary=false done=true (octowhere_node octowhere-node/src/node.rs:1849)
383.042140 [INFO ] [MESH] round=39804182 sending=true sweeping=false (octowhere_node octowhere-node/src/node.rs:1268)
383.171237 [INFO ] [MESH] sent round=39804182 len=48 entries=1 records=0x00000000 asked=0x00000000 neighbours=0x00000000 messages=0 summary=false done=true (octowhere_node octowhere-node/src/node.rs:1849)
413.979617 [INFO ] [MESH] round=39804183 sending=true sweeping=false (octowhere_node octowhere-node/src/node.rs:1268)
414.108801 [INFO ] [MESH] sent round=39804183 len=48 entries=1 records=0x00000000 asked=0x00000000 neighbours=0x00000000 messages=0 summary=false done=true (octowhere_node octowhere-node/src/node.rs:1849)
474.448344 [INFO ] [MESH] round=39804184 sending=true sweeping=false (octowhere_node octowhere-node/src/node.rs:1268)
474.577440 [INFO ] [MESH] sent round=39804184 len=48 entries=1 records=0x00000000 asked=0x00000000 neighbours=0x00000000 messages=0 summary=false done=true (octowhere_node octowhere-node/src/node.rs:1849)
541.948513 [INFO ] [MESH] round=39804185 sending=true sweeping=false (octowhere_node octowhere-node/src/node.rs:1268)
542.077418 [INFO ] [MESH] sent round=39804185 len=48 entries=1 records=0x00000000 asked=0x00000000 neighbours=0x00000000 messages=0 summary=false done=true (octowhere_node octowhere-node/src/node.rs:1849)
572.885903 [INFO ] [MESH] round=39804186 sending=true sweeping=false (octowhere_node octowhere-node/src/node.rs:1268)
573.019748 [INFO ] [MESH] sent round=39804186 len=48 entries=1 records=0x00000000 asked=0x00000000 neighbours=0x00000000 messages=0 summary=false done=true (octowhere_node octowhere-node/src/node.rs:1849)
626.323368 [INFO ] [MESH] round=39804187 sending=true sweeping=false (octowhere_node octowhere-node/src/node.rs:1268)
626.452425 [INFO ] [MESH] sent round=39804187 len=48 entries=1 records=0x00000000 asked=0x00000000 neighbours=0x00000000 messages=0 summary=false done=true (octowhere_node octowhere-node/src/node.rs:1849)
640.385964 [INFO ] [MESH] round=39804188 sending=true sweeping=false (octowhere_node octowhere-node/src/node.rs:1268)
640.515014 [INFO ] [MESH] sent round=39804188 len=48 entries=1 records=0x00000000 asked=0x00000000 neighbours=0x00000000 messages=0 summary=false done=true (octowhere_node octowhere-node/src/node.rs:1849)
717.729653 [INFO ] [MESH] round=39804189 sending=true sweeping=false (octowhere_node octowhere-node/src/node.rs:1268)
717.858680 [INFO ] [MESH] sent round=39804189 len=48 entries=1 records=0x00000000 asked=0x00000000 neighbours=0x00000000 messages=0 summary=false done=true (octowhere_node octowhere-node/src/node.rs:1849)
750.073325 [INFO ] [MESH] round=39804190 sending=true sweeping=false (octowhere_node octowhere-node/src/node.rs:1268)
750.202392 [INFO ] [MESH] sent round=39804190 len=48 entries=1 records=0x00000000 asked=0x00000000 neighbours=0x00000000 messages=0 summary=false done=true (octowhere_node octowhere-node/src/node.rs:1849)
