2.668549 [INFO ] [BOOT] answered: power=true clock=true touch=true motion=true magnet=true gnss=true (octowhere firmware/src/main.rs:2285)
2.676839 [INFO ] [MESH] id=0 name=Dredge members=2 mac=[44, 1b, f6, 86, 1a, 38] (octowhere_node octowhere-node/src/node.rs:702)
2.716854 [INFO ] [MESH] tuned=true (octowhere_node octowhere-node/src/node.rs:761)
2.719368 [INFO ] [MESH] id=0 members=2 generation=14 removal pending=false declinable until=None old keys=0 (octowhere_node octowhere-node/src/node.rs:926)
8.022914 [INFO ] [RTC] injected 2026-10-05 14:56:34 as RTC (octowhere firmware/src/main.rs:1092)
137.678989 [INFO ] [MESH] timebase root=0 hops=0 (octowhere_node octowhere-node/src/node.rs:3038)
171.371581 [INFO ] [MESH] round=39804719 sending=true sweeping=false (octowhere_node octowhere-node/src/node.rs:1286)
171.582504 [INFO ] [MESH] sent round=39804719 len=105 entries=0 records=0x00000000 asked=0x00000000 neighbours=0x00000000 messages=0 summary=false done=true (octowhere_node octowhere-node/src/node.rs:1863)
231.840304 [INFO ] [MESH] round=39804720 sending=true sweeping=false (octowhere_node octowhere-node/src/node.rs:1286)
232.051234 [INFO ] [MESH] sent round=39804720 len=105 entries=0 records=0x00000000 asked=0x00000000 neighbours=0x00000000 messages=0 summary=false done=true (octowhere_node octowhere-node/src/node.rs:1863)
275.434074 [INFO ] [MESH] round=39804721 sending=true sweeping=false (octowhere_node octowhere-node/src/node.rs:1286)
275.645063 [INFO ] [MESH] sent round=39804721 len=105 entries=0 records=0x00000000 asked=0x00000000 neighbours=0x00000000 messages=0 summary=false done=true (octowhere_node octowhere-node/src/node.rs:1863)
319.027814 [INFO ] [MESH] round=39804722 sending=true sweeping=false (octowhere_node octowhere-node/src/node.rs:1286)
319.136395 [INFO ] [MESH] sent round=39804722 len=36 entries=0 records=0x00000000 asked=0x00000000 neighbours=0x00000000 messages=0 summary=false done=true (octowhere_node octowhere-node/src/node.rs:1863)
361.215344 [INFO ] [MESH] round=39804723 sending=true sweeping=false (octowhere_node octowhere-node/src/node.rs:1286)
361.323852 [INFO ] [MESH] sent round=39804723 len=36 entries=0 records=0x00000000 asked=0x00000000 neighbours=0x00000000 messages=0 summary=false done=true (octowhere_node octowhere-node/src/node.rs:1863)
414.652789 [INFO ] [MESH] round=39804724 sending=true sweeping=false (octowhere_node octowhere-node/src/node.rs:1286)
414.761113 [INFO ] [MESH] sent round=39804724 len=36 entries=0 records=0x00000000 asked=0x00000000 neighbours=0x00000000 messages=0 summary=false done=true (octowhere_node octowhere-node/src/node.rs:1863)
452.621576 [INFO ] [MESH] round=39804725 sending=true sweeping=false (octowhere_node octowhere-node/src/node.rs:1286)
452.730376 [INFO ] [MESH] sent round=39804725 len=36 entries=0 records=0x00000000 asked=0x00000000 neighbours=0x00000000 messages=0 summary=false done=true (octowhere_node octowhere-node/src/node.rs:1863)
505.608298 [INFO ] [MESH] heard id=1 timebase=Gps hops=0 taken=Held late_us=None len=117 rssi=-22 snr=6 entries=1 new=1 neighbours=0x00000000 messages=0/0 summary=false (octowhere_node octowhere-node/src/node.rs:1735)
525.747046 [INFO ] [MESH] round=39804726 sending=true sweeping=true (octowhere_node octowhere-node/src/node.rs:1286)
525.972795 [INFO ] [MESH] sent round=39804726 len=117 entries=1 records=0x00000000 asked=0x00000000 neighbours=0x00000002 messages=0 summary=false done=true (octowhere_node octowhere-node/src/node.rs:1863)
534.992644 [INFO ] [MESH] not ours len=73 rssi=-112 (octowhere_node octowhere-node/src/node.rs:1607)
563.166918 [INFO ] [MESH] heard id=1 timebase=Gps hops=0 taken=Adopted late_us=None len=48 rssi=-22 snr=7 entries=1 new=1 neighbours=0x00000001 messages=0/0 summary=false (octowhere_node octowhere-node/src/node.rs:1735)
563.167744 [INFO ] [MESH] timebase GPS hops=1 (octowhere_node octowhere-node/src/node.rs:3034)
568.660405 [INFO ] [MESH] round=39804727 sending=false sweeping=false (octowhere_node octowhere-node/src/node.rs:1286)
593.972950 [INFO ] [MESH] round=39804728 sending=false sweeping=false (octowhere_node octowhere-node/src/node.rs:1286)
634.754054 [INFO ] [MESH] round=39804729 sending=true sweeping=false (octowhere_node octowhere-node/src/node.rs:1286)
634.882993 [INFO ] [MESH] sent round=39804729 len=48 entries=1 records=0x00000000 asked=0x00000000 neighbours=0x00000002 messages=0 summary=false done=true (octowhere_node octowhere-node/src/node.rs:1863)
660.742463 [INFO ] [MESH] command Phantom (octowhere_node octowhere-node/src/node.rs:977)
660.800146 [INFO ] [MESH] enrolled a phantom at 2 (octowhere_node octowhere-node/src/node.rs:1093)
660.835768 [INFO ] [SETTINGS] Member(2, Phantom) saved in 30305us (octowhere firmware/src/main.rs:966)
670.042428 [INFO ] [MESH] heard id=1 timebase=Gps hops=0 taken=Refined late_us=Some(356) len=48 rssi=-23 snr=7 entries=1 new=1 neighbours=0x00000001 messages=0/0 summary=false (octowhere_node octowhere-node/src/node.rs:1735)
681.160415 [INFO ] [MESH] round=39804730 sending=true sweeping=false (octowhere_node octowhere-node/src/node.rs:1286)
681.463424 [INFO ] [MESH] sent round=39804730 len=168 entries=1 records=0x00000004 asked=0x00000000 neighbours=0x00000002 messages=0 summary=false done=true (octowhere_node octowhere-node/src/node.rs:1863)
688.357423 [INFO ] [MESH] command Remove(2) (octowhere_node octowhere-node/src/node.rs:977)
688.407264 [INFO ] [REKEY] removing 2: generation 15 from round 39804736 (now 39804730), 1 to tell (octowhere_node octowhere-node/src/node.rs:2174)
688.519810 [INFO ] [SETTINGS] Rekey(pending=true old=0) saved in 44247us (octowhere firmware/src/main.rs:966)
740.223302 [INFO ] [MESH] round=39804731 sending=true sweeping=false (octowhere_node octowhere-node/src/node.rs:1286)
740.582623 [INFO ] [MESH] sent round=39804731 len=208 entries=1 records=0x00000000 asked=0x00000000 neighbours=0x00000002 messages=1 summary=false done=true (octowhere_node octowhere-node/src/node.rs:1863)
795.066906 [INFO ] [MESH] round=39804732 sending=true sweeping=false (octowhere_node octowhere-node/src/node.rs:1286)
795.201102 [INFO ] [MESH] sent round=39804732 len=54 entries=1 records=0x00000000 asked=0x00000000 neighbours=0x00000002 messages=0 summary=false done=true (octowhere_node octowhere-node/src/node.rs:1863)
816.160828 [INFO ] [MESH] round=39804733 sending=false sweeping=false (octowhere_node octowhere-node/src/node.rs:1286)
838.792758 [INFO ] [MESH] heard id=1 timebase=Gps hops=0 taken=Refined late_us=Some(375) len=48 rssi=-23 snr=6 entries=1 new=1 neighbours=0x00000001 messages=0/0 summary=false (octowhere_node octowhere-node/src/node.rs:1735)
872.410867 [INFO ] [MESH] round=39804734 sending=false sweeping=false (octowhere_node octowhere-node/src/node.rs:1286)
918.817254 [INFO ] [MESH] round=39804735 sending=true sweeping=false (octowhere_node octowhere-node/src/node.rs:1286)
918.951490 [INFO ] [MESH] sent round=39804735 len=54 entries=1 records=0x00000000 asked=0x00000000 neighbours=0x00000002 messages=0 summary=false done=true (octowhere_node octowhere-node/src/node.rs:1863)
932.910858 [INFO ] [REKEY] switched to generation 15: 0 removed Some(2) (octowhere_node octowhere-node/src/node.rs:2290)
933.078246 [INFO ] [SETTINGS] Group(own=0 members=2 generation=15 rekey=true) saved in 86174us (octowhere firmware/src/main.rs:966)
935.692444 [INFO ] [MESH] round=39804736 sending=false sweeping=false (octowhere_node octowhere-node/src/node.rs:1286)
990.536201 [INFO ] [MESH] round=39804737 sending=false sweeping=false (octowhere_node octowhere-node/src/node.rs:1286)
1025.823240 [INFO ] [REKEY] 1 is on generation 14; its key message goes to it (octowhere_node octowhere-node/src/removals.rs:455)
1049.598530 [INFO ] [MESH] round=39804738 sending=true sweeping=false (octowhere_node octowhere-node/src/node.rs:1286)
1049.834780 [INFO ] [MESH] sent round=39804738 len=123 entries=1 records=0x00000000 asked=0x00000000 neighbours=0x00000002 messages=0 summary=false done=true (octowhere_node octowhere-node/src/node.rs:1863)
1049.836135 [INFO ] [REKEY] the key messages for 1 stored=true (octowhere_node octowhere-node/src/removals.rs:184)
1049.865674 [INFO ] [SETTINGS] Kept(1, 154 bytes) saved in 24172us (octowhere firmware/src/main.rs:966)
