2.645892 [INFO ] [BOOT] answered: power=true clock=true touch=true motion=true magnet=true gnss=true (octowhere firmware/src/main.rs:2285)
2.654155 [INFO ] [MESH] id=1 name=Roger Roger members=2 mac=[44, 1b, f6, 86, 1c, 1c] (octowhere_node octowhere-node/src/node.rs:702)
2.694168 [INFO ] [MESH] tuned=true (octowhere_node octowhere-node/src/node.rs:761)
2.696695 [INFO ] [MESH] id=1 members=2 generation=14 removal pending=false declinable until=Some(39806164) old keys=0 (octowhere_node octowhere-node/src/node.rs:926)
19.593420 [INFO ] [RTC] injected 2026-10-05 14:56:35 as RTC (octowhere firmware/src/main.rs:1092)
137.656263 [INFO ] [MESH] timebase GPS hops=0 (octowhere_node octowhere-node/src/node.rs:3034)
218.459573 [INFO ] [MESH] round=39804719 sending=true sweeping=false (octowhere_node octowhere-node/src/node.rs:1286)
218.685878 [INFO ] [MESH] sent round=39804719 len=117 entries=1 records=0x00000000 asked=0x00000000 neighbours=0x00000000 messages=0 summary=false done=true (octowhere_node octowhere-node/src/node.rs:1863)
257.834642 [INFO ] [MESH] round=39804720 sending=true sweeping=false (octowhere_node octowhere-node/src/node.rs:1286)
258.060890 [INFO ] [MESH] sent round=39804720 len=117 entries=1 records=0x00000000 asked=0x00000000 neighbours=0x00000000 messages=0 summary=false done=true (octowhere_node octowhere-node/src/node.rs:1863)
300.022032 [INFO ] [MESH] round=39804721 sending=true sweeping=false (octowhere_node octowhere-node/src/node.rs:1286)
300.248371 [INFO ] [MESH] sent round=39804721 len=117 entries=1 records=0x00000000 asked=0x00000000 neighbours=0x00000000 messages=0 summary=false done=true (octowhere_node octowhere-node/src/node.rs:1863)
325.334570 [INFO ] [MESH] round=39804722 sending=true sweeping=false (octowhere_node octowhere-node/src/node.rs:1286)
325.463640 [INFO ] [MESH] sent round=39804722 len=48 entries=1 records=0x00000000 asked=0x00000000 neighbours=0x00000000 messages=0 summary=false done=true (octowhere_node octowhere-node/src/node.rs:1863)
390.022025 [INFO ] [MESH] round=39804723 sending=true sweeping=false (octowhere_node octowhere-node/src/node.rs:1286)
390.151069 [INFO ] [MESH] sent round=39804723 len=48 entries=1 records=0x00000000 asked=0x00000000 neighbours=0x00000000 messages=0 summary=false done=true (octowhere_node octowhere-node/src/node.rs:1863)
435.022039 [INFO ] [MESH] round=39804724 sending=true sweeping=false (octowhere_node octowhere-node/src/node.rs:1286)
435.151081 [INFO ] [MESH] sent round=39804724 len=48 entries=1 records=0x00000000 asked=0x00000000 neighbours=0x00000000 messages=0 summary=false done=true (octowhere_node octowhere-node/src/node.rs:1863)
492.678335 [INFO ] [MESH] round=39804725 sending=true sweeping=false (octowhere_node octowhere-node/src/node.rs:1286)
492.807308 [INFO ] [MESH] sent round=39804725 len=48 entries=1 records=0x00000000 asked=0x00000000 neighbours=0x00000000 messages=0 summary=false done=true (octowhere_node octowhere-node/src/node.rs:1863)
516.584993 [INFO ] [MESH] round=39804726 sending=true sweeping=true (octowhere_node octowhere-node/src/node.rs:1286)
516.810866 [INFO ] [MESH] sent round=39804726 len=117 entries=1 records=0x00000000 asked=0x00000000 neighbours=0x00000000 messages=0 summary=false done=true (octowhere_node octowhere-node/src/node.rs:1863)
537.180710 [INFO ] [MESH] id=0 is on a lower timebase; a notice goes to it (octowhere_node octowhere-node/src/node.rs:1645)
537.182106 [INFO ] [MESH] heard id=0 timebase=Node(0) hops=0 taken=Ignored late_us=None len=117 rssi=-22 snr=7 entries=1 new=0 neighbours=0x00000002 messages=0/0 summary=false (octowhere_node octowhere-node/src/node.rs:1735)
574.240794 [INFO ] [MESH] round=39804727 sending=true sweeping=false (octowhere_node octowhere-node/src/node.rs:1286)
574.369838 [INFO ] [MESH] sent round=39804727 len=48 entries=1 records=0x00000000 asked=0x00000000 neighbours=0x00000001 messages=0 summary=false done=true (octowhere_node octowhere-node/src/node.rs:1863)
575.014401 [INFO ] [MESH] notice sent done=true (octowhere_node octowhere-node/src/node.rs:1424)
613.615899 [INFO ] [MESH] round=39804728 sending=false sweeping=false (octowhere_node octowhere-node/src/node.rs:1286)
637.522199 [INFO ] [MESH] round=39804729 sending=false sweeping=false (octowhere_node octowhere-node/src/node.rs:1286)
646.091474 [INFO ] [MESH] heard id=0 timebase=Gps hops=1 taken=Ignored late_us=Some(391) len=48 rssi=-22 snr=7 entries=1 new=0 neighbours=0x00000002 messages=0/0 summary=false (octowhere_node octowhere-node/src/node.rs:1735)
681.115842 [INFO ] [MESH] round=39804730 sending=true sweeping=false (octowhere_node octowhere-node/src/node.rs:1286)
681.244912 [INFO ] [MESH] sent round=39804730 len=48 entries=1 records=0x00000000 asked=0x00000000 neighbours=0x00000001 messages=0 summary=false done=true (octowhere_node octowhere-node/src/node.rs:1863)
692.703839 [INFO ] [MESH] member 2 is Phantom now (octowhere_node octowhere-node/src/node.rs:1701)
692.704274 [INFO ] [MESH] heard id=0 timebase=Gps hops=1 taken=Ignored late_us=Some(380) len=168 rssi=-22 snr=7 entries=1 new=0 neighbours=0x00000002 messages=0/0 summary=false (octowhere_node octowhere-node/src/node.rs:1735)
697.267194 [INFO ] [MESH] deaf for 255s (octowhere firmware/src/mesh.rs:128)
734.553435 [INFO ] [MESH] round=39804731 sending=false sweeping=false (octowhere_node octowhere-node/src/node.rs:1286)
734.588320 [INFO ] [SETTINGS] Member(2, Phantom) saved in 29162us (octowhere firmware/src/main.rs:966)
751.788766 [INFO ] [RADIO] deaf to len=208 (octowhere src/mesh/radio.rs:152)
806.406885 [INFO ] [RADIO] deaf to len=54 (octowhere src/mesh/radio.rs:152)
807.678425 [INFO ] [MESH] round=39804732 sending=false sweeping=false (octowhere_node octowhere-node/src/node.rs:1286)
849.865791 [INFO ] [MESH] round=39804733 sending=true sweeping=false (octowhere_node octowhere-node/src/node.rs:1286)
849.994610 [INFO ] [MESH] sent round=39804733 len=48 entries=1 records=0x00000000 asked=0x00000000 neighbours=0x00000001 messages=0 summary=false done=true (octowhere_node octowhere-node/src/node.rs:1863)
885.022192 [INFO ] [MESH] round=39804734 sending=false sweeping=false (octowhere_node octowhere-node/src/node.rs:1286)
914.553434 [INFO ] [MESH] round=39804735 sending=false sweeping=false (octowhere_node octowhere-node/src/node.rs:1286)
914.982949 [INFO ] [MESH] deaf for 255s (octowhere firmware/src/mesh.rs:128)
930.156999 [INFO ] [RADIO] deaf to len=54 (octowhere src/mesh/radio.rs:152)
963.772039 [INFO ] [MESH] round=39804736 sending=true sweeping=false (octowhere_node octowhere-node/src/node.rs:1286)
963.901097 [INFO ] [MESH] sent round=39804736 len=48 entries=1 records=0x00000000 asked=0x00000000 neighbours=0x00000001 messages=0 summary=false done=true (octowhere_node octowhere-node/src/node.rs:1863)
1017.209579 [INFO ] [MESH] round=39804737 sending=true sweeping=false (octowhere_node octowhere-node/src/node.rs:1286)
1017.338792 [INFO ] [MESH] sent round=39804737 len=48 entries=1 records=0x00000000 asked=0x00000000 neighbours=0x00000000 messages=0 summary=false done=true (octowhere_node octowhere-node/src/node.rs:1863)
1036.897117 [INFO ] [MESH] round=39804738 sending=true sweeping=false (octowhere_node octowhere-node/src/node.rs:1286)
1037.026107 [INFO ] [MESH] sent round=39804738 len=48 entries=1 records=0x00000000 asked=0x00000000 neighbours=0x00000000 messages=0 summary=false done=true (octowhere_node octowhere-node/src/node.rs:1863)
1084.946549 [INFO ] [RADIO] deaf to len=123 (octowhere src/mesh/radio.rs:152)
1110.022449 [INFO ] [MESH] round=39804739 sending=true sweeping=true (octowhere_node octowhere-node/src/node.rs:1286)
1110.248285 [INFO ] [MESH] sent round=39804739 len=117 entries=1 records=0x00000000 asked=0x00000000 neighbours=0x00000000 messages=0 summary=false done=true (octowhere_node octowhere-node/src/node.rs:1863)
1159.240817 [INFO ] [MESH] round=39804740 sending=true sweeping=false (octowhere_node octowhere-node/src/node.rs:1286)
1159.369879 [INFO ] [MESH] sent round=39804740 len=48 entries=1 records=0x00000000 asked=0x00000000 neighbours=0x00000000 messages=0 summary=false done=true (octowhere_node octowhere-node/src/node.rs:1863)
1204.240822 [INFO ] [MESH] round=39804741 sending=true sweeping=false (octowhere_node octowhere-node/src/node.rs:1286)
1204.369850 [INFO ] [MESH] sent round=39804741 len=48 entries=1 records=0x00000000 asked=0x00000000 neighbours=0x00000000 messages=0 summary=false done=true (octowhere_node octowhere-node/src/node.rs:1863)
1249.240795 [INFO ] [MESH] round=39804742 sending=true sweeping=false (octowhere_node octowhere-node/src/node.rs:1286)
1249.370159 [INFO ] [MESH] sent round=39804742 len=48 entries=1 records=0x00000000 asked=0x00000000 neighbours=0x00000000 messages=0 summary=false done=true (octowhere_node octowhere-node/src/node.rs:1863)
1271.740819 [INFO ] [MESH] round=39804743 sending=true sweeping=false (octowhere_node octowhere-node/src/node.rs:1286)
1271.869813 [INFO ] [MESH] sent round=39804743 len=48 entries=1 records=0x00000000 asked=0x00000000 neighbours=0x00000000 messages=0 summary=false done=true (octowhere_node octowhere-node/src/node.rs:1863)
1315.334590 [INFO ] [MESH] round=39804744 sending=true sweeping=false (octowhere_node octowhere-node/src/node.rs:1286)
1315.463587 [INFO ] [MESH] sent round=39804744 len=48 entries=1 records=0x00000000 asked=0x00000000 neighbours=0x00000000 messages=0 summary=false done=true (octowhere_node octowhere-node/src/node.rs:1863)
1392.678285 [INFO ] [MESH] round=39804745 sending=true sweeping=false (octowhere_node octowhere-node/src/node.rs:1286)
1392.807236 [INFO ] [MESH] sent round=39804745 len=48 entries=1 records=0x00000000 asked=0x00000000 neighbours=0x00000000 messages=0 summary=false done=true (octowhere_node octowhere-node/src/node.rs:1863)
1394.084566 [INFO ] [MESH] round=39804746 sending=true sweeping=false (octowhere_node octowhere-node/src/node.rs:1286)
1394.213501 [INFO ] [MESH] sent round=39804746 len=48 entries=1 records=0x00000000 asked=0x00000000 neighbours=0x00000000 messages=0 summary=false done=true (octowhere_node octowhere-node/src/node.rs:1863)
1461.584578 [INFO ] [MESH] round=39804747 sending=true sweeping=false (octowhere_node octowhere-node/src/node.rs:1286)
1461.713616 [INFO ] [MESH] sent round=39804747 len=48 entries=1 records=0x00000000 asked=0x00000000 neighbours=0x00000000 messages=0 summary=false done=true (octowhere_node octowhere-node/src/node.rs:1863)
1519.240792 [INFO ] [MESH] round=39804748 sending=true sweeping=false (octowhere_node octowhere-node/src/node.rs:1286)
1519.369846 [INFO ] [MESH] sent round=39804748 len=48 entries=1 records=0x00000000 asked=0x00000000 neighbours=0x00000000 messages=0 summary=false done=true (octowhere_node octowhere-node/src/node.rs:1863)
1568.459573 [INFO ] [MESH] round=39804749 sending=true sweeping=false (octowhere_node octowhere-node/src/node.rs:1286)
1568.588586 [INFO ] [MESH] sent round=39804749 len=48 entries=1 records=0x00000000 asked=0x00000000 neighbours=0x00000000 messages=0 summary=false done=true (octowhere_node octowhere-node/src/node.rs:1863)
1575.490818 [INFO ] [MESH] round=39804750 sending=true sweeping=false (octowhere_node octowhere-node/src/node.rs:1286)
1575.619859 [INFO ] [MESH] sent round=39804750 len=48 entries=1 records=0x00000000 asked=0x00000000 neighbours=0x00000000 messages=0 summary=false done=true (octowhere_node octowhere-node/src/node.rs:1863)
1621.897054 [INFO ] [MESH] round=39804751 sending=true sweeping=false (octowhere_node octowhere-node/src/node.rs:1286)
1622.026169 [INFO ] [MESH] sent round=39804751 len=48 entries=1 records=0x00000000 asked=0x00000000 neighbours=0x00000000 messages=0 summary=false done=true (octowhere_node octowhere-node/src/node.rs:1863)
1676.697618 [INFO ] [MESH] id=0 is on a lower timebase; a notice goes to it (octowhere_node octowhere-node/src/node.rs:1645)
1676.760118 [INFO ] [REKEY] 0 asks to remove 2: generation 15 from round 39804755 (now 39804752) unless declined (octowhere_node octowhere-node/src/node.rs:2264)
1676.761016 [INFO ] [MESH] heard id=0 timebase=Node(0) hops=0 taken=Ignored late_us=None len=178 rssi=-22 snr=6 entries=0 new=0 neighbours=0x00000000 messages=1/1 summary=false (octowhere_node octowhere-node/src/node.rs:1735)
1676.876104 [INFO ] [SETTINGS] Rekey(pending=true old=0) saved in 58796us (octowhere firmware/src/main.rs:966)
1704.715266 [INFO ] [REKEY] heard 0 on the key to switch to (octowhere_node octowhere-node/src/node.rs:1595)
1704.866232 [INFO ] [MESH] round=39804752 sending=true sweeping=true (octowhere_node octowhere-node/src/node.rs:1286)
1705.102342 [INFO ] [MESH] sent round=39804752 len=123 entries=1 records=0x00000000 asked=0x00000000 neighbours=0x00000001 messages=0 summary=false done=true (octowhere_node octowhere-node/src/node.rs:1863)
1706.001668 [INFO ] [MESH] notice sent done=true (octowhere_node octowhere-node/src/node.rs:1424)
1748.459685 [INFO ] [MESH] round=39804753 sending=true sweeping=false (octowhere_node octowhere-node/src/node.rs:1286)
1748.650038 [INFO ] [MESH] sent round=39804753 len=91 entries=1 records=0x00000000 asked=0x00000000 neighbours=0x00000001 messages=1 summary=false done=true (octowhere_node octowhere-node/src/node.rs:1863)
1786.428345 [INFO ] [MESH] round=39804754 sending=true sweeping=false (octowhere_node octowhere-node/src/node.rs:1286)
1786.562468 [INFO ] [MESH] sent round=39804754 len=54 entries=1 records=0x00000000 asked=0x00000000 neighbours=0x00000001 messages=0 summary=false done=true (octowhere_node octowhere-node/src/node.rs:1863)
1799.115578 [INFO ] [REKEY] switched to generation 15: 0 removed Some(2) (octowhere_node octowhere-node/src/node.rs:2290)
1799.115646 [INFO ] [REKEY] it can be declined until round 39806675 (octowhere_node octowhere-node/src/node.rs:2307)
1799.311995 [INFO ] [SETTINGS] Group(own=1 members=2 generation=15 rekey=true) saved in 105256us (octowhere firmware/src/main.rs:966)
1815.959692 [INFO ] [MESH] round=39804755 sending=false sweeping=false (octowhere_node octowhere-node/src/node.rs:1286)
1855.334710 [INFO ] [MESH] round=39804756 sending=false sweeping=false (octowhere_node octowhere-node/src/node.rs:1286)
1898.928282 [INFO ] [MESH] round=39804757 sending=true sweeping=false (octowhere_node octowhere-node/src/node.rs:1286)
1899.164849 [INFO ] [MESH] sent round=39804757 len=123 entries=1 records=0x00000000 asked=0x00000000 neighbours=0x00000001 messages=0 summary=false done=true (octowhere_node octowhere-node/src/node.rs:1863)
1938.303456 [INFO ] [MESH] round=39804758 sending=false sweeping=false (octowhere_node octowhere-node/src/node.rs:1286)
2007.209570 [INFO ] [MESH] round=39804759 sending=true sweeping=false (octowhere_node octowhere-node/src/node.rs:1286)
2007.446235 [INFO ] [MESH] sent round=39804759 len=123 entries=1 records=0x00000000 asked=0x00000000 neighbours=0x00000000 messages=0 summary=false done=true (octowhere_node octowhere-node/src/node.rs:1863)
2053.615802 [INFO ] [MESH] round=39804760 sending=true sweeping=false (octowhere_node octowhere-node/src/node.rs:1286)
2053.852437 [INFO ] [MESH] sent round=39804760 len=123 entries=1 records=0x00000000 asked=0x00000000 neighbours=0x00000000 messages=0 summary=false done=true (octowhere_node octowhere-node/src/node.rs:1863)
2084.553297 [INFO ] [MESH] round=39804761 sending=true sweeping=false (octowhere_node octowhere-node/src/node.rs:1286)
2084.687430 [INFO ] [MESH] sent round=39804761 len=54 entries=1 records=0x00000000 asked=0x00000000 neighbours=0x00000000 messages=0 summary=false done=true (octowhere_node octowhere-node/src/node.rs:1863)
2146.428330 [INFO ] [MESH] round=39804762 sending=true sweeping=false (octowhere_node octowhere-node/src/node.rs:1286)
2146.562497 [INFO ] [MESH] sent round=39804762 len=54 entries=1 records=0x00000000 asked=0x00000000 neighbours=0x00000000 messages=0 summary=false done=true (octowhere_node octowhere-node/src/node.rs:1863)
2171.740788 [INFO ] [MESH] round=39804763 sending=true sweeping=false (octowhere_node octowhere-node/src/node.rs:1286)
2171.874940 [INFO ] [MESH] sent round=39804763 len=54 entries=1 records=0x00000000 asked=0x00000000 neighbours=0x00000000 messages=0 summary=false done=true (octowhere_node octowhere-node/src/node.rs:1863)
2247.678389 [INFO ] [MESH] round=39804764 sending=true sweeping=false (octowhere_node octowhere-node/src/node.rs:1286)
2247.812455 [INFO ] [MESH] sent round=39804764 len=54 entries=1 records=0x00000000 asked=0x00000000 neighbours=0x00000000 messages=0 summary=false done=true (octowhere_node octowhere-node/src/node.rs:1863)
2278.463285 [INFO ] [MESH] id=0 is on a lower timebase; a notice goes to it (octowhere_node octowhere-node/src/node.rs:1645)
2278.494782 [INFO ] [REKEY] every member is on the new key; the old one is dropped (octowhere_node octowhere-node/src/node.rs:2126)
2278.496442 [INFO ] [MESH] heard id=0 timebase=Node(0) hops=0 taken=Ignored late_us=None len=105 rssi=-22 snr=7 entries=0 new=0 neighbours=0x00000000 messages=0/0 summary=false (octowhere_node octowhere-node/src/node.rs:1735)
2278.542248 [INFO ] [SETTINGS] Rekey(pending=false old=0) saved in 34589us (octowhere firmware/src/main.rs:966)
2286.782511 [INFO ] [MESH] not ours len=24 rssi=-22 (octowhere_node octowhere-node/src/node.rs:1607)
2291.272475 [INFO ] [MESH] round=39804765 sending=true sweeping=true (octowhere_node octowhere-node/src/node.rs:1286)
2291.508581 [INFO ] [MESH] sent round=39804765 len=123 entries=1 records=0x00000000 asked=0x00000000 neighbours=0x00000001 messages=0 summary=false done=true (octowhere_node octowhere-node/src/node.rs:1863)
2292.406486 [INFO ] [MESH] notice sent done=true (octowhere_node octowhere-node/src/node.rs:1424)
2332.053253 [INFO ] [MESH] round=39804766 sending=true sweeping=false (octowhere_node octowhere-node/src/node.rs:1286)
2332.187844 [INFO ] [MESH] sent round=39804766 len=54 entries=1 records=0x00000000 asked=0x00000000 neighbours=0x00000001 messages=0 summary=false done=true (octowhere_node octowhere-node/src/node.rs:1863)
2346.115994 [INFO ] [MESH] round=39804767 sending=false sweeping=false (octowhere_node octowhere-node/src/node.rs:1286)
2349.277487 [INFO ] [MESH] member 2 is Phantom now (octowhere_node octowhere-node/src/node.rs:1701)
2349.277922 [INFO ] [MESH] heard id=0 timebase=Gps hops=1 taken=Ignored late_us=Some(1097) len=174 rssi=-22 snr=7 entries=1 new=0 neighbours=0x00000002 messages=0/0 summary=true (octowhere_node octowhere-node/src/node.rs:1735)
2360.275904 [INFO ] [MESH] deaf for 255s (octowhere firmware/src/mesh.rs:128)
2411.164217 [INFO ] [RADIO] deaf to len=208 (octowhere src/mesh/radio.rs:152)
2415.022174 [INFO ] [MESH] round=39804768 sending=true sweeping=false (octowhere_node octowhere-node/src/node.rs:1286)
2415.437757 [INFO ] [MESH] sent round=39804768 len=245 entries=1 records=0x00000000 asked=0x00000000 neighbours=0x00000001 messages=2 summary=false done=true (octowhere_node octowhere-node/src/node.rs:1863)
2415.482131 [INFO ] [SETTINGS] Member(2, Phantom) saved in 38346us (octowhere firmware/src/main.rs:966)
2450.178311 [INFO ] [MESH] round=39804769 sending=true sweeping=false (octowhere_node octowhere-node/src/node.rs:1286)
2450.353478 [INFO ] [MESH] sent round=39804769 len=80 entries=1 records=0x00000000 asked=0x00000000 neighbours=0x00000001 messages=0 summary=true done=true (octowhere_node octowhere-node/src/node.rs:1863)
2458.976572 [INFO ] [RADIO] deaf to len=208 (octowhere src/mesh/radio.rs:152)
2502.209688 [INFO ] [MESH] round=39804770 sending=false sweeping=false (octowhere_node octowhere-node/src/node.rs:1286)
2515.041634 [INFO ] [RADIO] deaf to len=80 (octowhere src/mesh/radio.rs:152)
2519.084744 [INFO ] [MESH] round=39804771 sending=false sweeping=false (octowhere_node octowhere-node/src/node.rs:1286)
2561.407512 [INFO ] [RADIO] deaf to len=54 (octowhere src/mesh/radio.rs:152)
2571.115777 [INFO ] [MESH] round=39804772 sending=true sweeping=false (octowhere_node octowhere-node/src/node.rs:1286)
2571.249923 [INFO ] [MESH] sent round=39804772 len=54 entries=1 records=0x00000000 asked=0x00000000 neighbours=0x00000001 messages=0 summary=false done=true (octowhere_node octowhere-node/src/node.rs:1863)
2573.881435 [INFO ] [MESH] deaf for 255s (octowhere firmware/src/mesh.rs:128)
2617.522203 [INFO ] [MESH] round=39804773 sending=false sweeping=false (octowhere_node octowhere-node/src/node.rs:1286)
2630.498068 [INFO ] [MESH] command Leave (octowhere_node octowhere-node/src/node.rs:977)
2630.562918 [INFO ] [MESH] left the group (octowhere_node octowhere-node/src/node.rs:1013)
2689.492455 [INFO ] [MESH] told the group it left round=39804774 done=true (octowhere_node octowhere-node/src/node.rs:1328)
2700.742664 [INFO ] [MESH] told the group it left round=39804775 done=true (octowhere_node octowhere-node/src/node.rs:1328)
2959.506096 [INFO ] [MESH] command Join (octowhere_node octowhere-node/src/node.rs:977)
2959.591737 [INFO ] [PAIR] Join Searching (119s left) (octowhere_node octowhere-node/src/node.rs:3025)
2962.029099 [INFO ] [PAIR] Join Connecting (29s left) (octowhere_node octowhere-node/src/node.rs:3025)
2962.154384 [INFO ] [PAIR] a frame took 29300us to take (octowhere_node octowhere-node/src/node.rs:2007)
2962.154450 [INFO ] [PAIR] code 515214 with [44, 1b, f6, 86, 1a, 38]; 59s to confirm (octowhere_node octowhere-node/src/node.rs:3017)
2962.154512 [INFO ] [PAIR] Join Compare { code: 515214 } (59s left) (octowhere_node octowhere-node/src/node.rs:3025)
2963.269828 [INFO ] [PAIR] command Accept (octowhere_node octowhere-node/src/node.rs:2014)
2963.355132 [INFO ] [PAIR] Join Waiting { code: 515214 } (58s left) (octowhere_node octowhere-node/src/node.rs:3025)
2963.831176 [INFO ] [PAIR] Join Transfer { done: 1, total: 3 } (29s left) (octowhere_node octowhere-node/src/node.rs:3025)
2964.307212 [INFO ] [PAIR] Join Transfer { done: 2, total: 3 } (29s left) (octowhere_node octowhere-node/src/node.rs:3025)
2964.459675 [INFO ] [PAIR] a frame took 35205us to take (octowhere_node octowhere-node/src/node.rs:2007)
2964.459735 [INFO ] [PAIR] Join Storing (0s left) (octowhere_node octowhere-node/src/node.rs:3025)
2964.516665 [INFO ] [SETTINGS] Group(own=1 members=2 generation=16 rekey=false) saved in 55941us (octowhere firmware/src/main.rs:966)
2964.677553 [INFO ] [PAIR] Join Finishing (29s left) (octowhere_node octowhere-node/src/node.rs:3025)
2964.808639 [INFO ] [PAIR] Join Done(Joined { id: 1, confirmed: true }) (0s left) (octowhere_node octowhere-node/src/node.rs:3025)
2964.814416 [INFO ] [MESH] timebase GPS hops=0 (octowhere_node octowhere-node/src/node.rs:3034)
2980.334537 [INFO ] [MESH] round=39804781 sending=true sweeping=false (octowhere_node octowhere-node/src/node.rs:1286)
2980.463573 [INFO ] [MESH] sent round=39804781 len=48 entries=1 records=0x00000000 asked=0x00000000 neighbours=0x00000000 messages=0 summary=false done=true (octowhere_node octowhere-node/src/node.rs:1863)
