2.668547 [INFO ] [BOOT] answered: power=true clock=true touch=true motion=true magnet=true gnss=true (octowhere firmware/src/main.rs:2285)
2.676826 [INFO ] [MESH] id=0 name=Dredge members=2 mac=[44, 1b, f6, 86, 1a, 38] (octowhere_node octowhere-node/src/node.rs:702)
2.716845 [INFO ] [MESH] tuned=true (octowhere_node octowhere-node/src/node.rs:761)
2.719352 [INFO ] [MESH] id=0 members=2 generation=14 removal pending=false declinable until=None old keys=0 (octowhere_node octowhere-node/src/node.rs:926)
137.679067 [INFO ] [MESH] timebase root=0 from its boot hops=0 (octowhere_node octowhere-node/src/node.rs:3042)
164.501482 [INFO ] [MESH] round=3 sending=true sweeping=false (octowhere_node octowhere-node/src/node.rs:1286)
164.712488 [INFO ] [MESH] sent round=3 len=105 entries=0 records=0x00000000 asked=0x00000000 neighbours=0x00000000 messages=0 summary=false done=true (octowhere_node octowhere-node/src/node.rs:1863)
182.782749 [INFO ] [MESH] round=4 sending=true sweeping=false (octowhere_node octowhere-node/src/node.rs:1286)
182.993647 [INFO ] [MESH] sent round=4 len=105 entries=0 records=0x00000000 asked=0x00000000 neighbours=0x00000000 messages=0 summary=false done=true (octowhere_node octowhere-node/src/node.rs:1863)
253.095245 [INFO ] [MESH] round=5 sending=true sweeping=false (octowhere_node octowhere-node/src/node.rs:1286)
253.306227 [INFO ] [MESH] sent round=5 len=105 entries=0 records=0x00000000 asked=0x00000000 neighbours=0x00000000 messages=0 summary=false done=true (octowhere_node octowhere-node/src/node.rs:1863)
289.657729 [INFO ] [MESH] round=6 sending=true sweeping=false (octowhere_node octowhere-node/src/node.rs:1286)
289.766267 [INFO ] [MESH] sent round=6 len=36 entries=0 records=0x00000000 asked=0x00000000 neighbours=0x00000000 messages=0 summary=false done=true (octowhere_node octowhere-node/src/node.rs:1863)
338.876512 [INFO ] [MESH] round=7 sending=true sweeping=false (octowhere_node octowhere-node/src/node.rs:1286)
338.985173 [INFO ] [MESH] sent round=7 len=36 entries=0 records=0x00000000 asked=0x00000000 neighbours=0x00000000 messages=0 summary=false done=true (octowhere_node octowhere-node/src/node.rs:1863)
393.720264 [INFO ] [MESH] round=8 sending=true sweeping=false (octowhere_node octowhere-node/src/node.rs:1286)
393.828780 [INFO ] [MESH] sent round=8 len=36 entries=0 records=0x00000000 asked=0x00000000 neighbours=0x00000000 messages=0 summary=false done=true (octowhere_node octowhere-node/src/node.rs:1863)
426.063937 [INFO ] [MESH] round=9 sending=true sweeping=false (octowhere_node octowhere-node/src/node.rs:1286)
426.172528 [INFO ] [MESH] sent round=9 len=36 entries=0 records=0x00000000 asked=0x00000000 neighbours=0x00000000 messages=0 summary=false done=true (octowhere_node octowhere-node/src/node.rs:1863)
468.251585 [INFO ] [MESH] round=10 sending=true sweeping=false (octowhere_node octowhere-node/src/node.rs:1286)
468.360066 [INFO ] [MESH] sent round=10 len=36 entries=0 records=0x00000000 asked=0x00000000 neighbours=0x00000000 messages=0 summary=false done=true (octowhere_node octowhere-node/src/node.rs:1863)
535.751503 [INFO ] [MESH] round=11 sending=true sweeping=false (octowhere_node octowhere-node/src/node.rs:1286)
535.859996 [INFO ] [MESH] sent round=11 len=36 entries=0 records=0x00000000 asked=0x00000000 neighbours=0x00000000 messages=0 summary=false done=true (octowhere_node octowhere-node/src/node.rs:1863)
558.251524 [INFO ] [MESH] round=12 sending=true sweeping=false (octowhere_node octowhere-node/src/node.rs:1286)
558.360056 [INFO ] [MESH] sent round=12 len=36 entries=0 records=0x00000000 asked=0x00000000 neighbours=0x00000000 messages=0 summary=false done=true (octowhere_node octowhere-node/src/node.rs:1863)
587.783215 [INFO ] [MESH] round=13 sending=true sweeping=true (octowhere_node octowhere-node/src/node.rs:1286)
587.993508 [INFO ] [MESH] sent round=13 len=105 entries=0 records=0x00000000 asked=0x00000000 neighbours=0x00000000 messages=0 summary=false done=true (octowhere_node octowhere-node/src/node.rs:1863)
673.564029 [INFO ] [MESH] round=14 sending=true sweeping=false (octowhere_node octowhere-node/src/node.rs:1286)
673.672578 [INFO ] [MESH] sent round=14 len=36 entries=0 records=0x00000000 asked=0x00000000 neighbours=0x00000000 messages=0 summary=false done=true (octowhere_node octowhere-node/src/node.rs:1863)
701.688970 [INFO ] [MESH] round=15 sending=true sweeping=false (octowhere_node octowhere-node/src/node.rs:1286)
701.797610 [INFO ] [MESH] sent round=15 len=36 entries=0 records=0x00000000 asked=0x00000000 neighbours=0x00000000 messages=0 summary=false done=true (octowhere_node octowhere-node/src/node.rs:1863)
731.220385 [INFO ] [MESH] round=16 sending=true sweeping=false (octowhere_node octowhere-node/src/node.rs:1286)
731.328802 [INFO ] [MESH] sent round=16 len=36 entries=0 records=0x00000000 asked=0x00000000 neighbours=0x00000000 messages=0 summary=false done=true (octowhere_node octowhere-node/src/node.rs:1863)
776.220261 [INFO ] [MESH] round=17 sending=true sweeping=false (octowhere_node octowhere-node/src/node.rs:1286)
776.328831 [INFO ] [MESH] sent round=17 len=36 entries=0 records=0x00000000 asked=0x00000000 neighbours=0x00000000 messages=0 summary=false done=true (octowhere_node octowhere-node/src/node.rs:1863)
828.251558 [INFO ] [MESH] round=18 sending=true sweeping=false (octowhere_node octowhere-node/src/node.rs:1286)
828.360043 [INFO ] [MESH] sent round=18 len=36 entries=0 records=0x00000000 asked=0x00000000 neighbours=0x00000000 messages=0 summary=false done=true (octowhere_node octowhere-node/src/node.rs:1863)
854.970263 [INFO ] [MESH] round=19 sending=true sweeping=false (octowhere_node octowhere-node/src/node.rs:1286)
855.078424 [INFO ] [MESH] sent round=19 len=36 entries=0 records=0x00000000 asked=0x00000000 neighbours=0x00000000 messages=0 summary=false done=true (octowhere_node octowhere-node/src/node.rs:1863)
932.314021 [INFO ] [MESH] round=20 sending=true sweeping=false (octowhere_node octowhere-node/src/node.rs:1286)
932.422410 [INFO ] [MESH] sent round=20 len=36 entries=0 records=0x00000000 asked=0x00000000 neighbours=0x00000000 messages=0 summary=false done=true (octowhere_node octowhere-node/src/node.rs:1863)
988.563991 [INFO ] [MESH] round=21 sending=true sweeping=false (octowhere_node octowhere-node/src/node.rs:1286)
988.672542 [INFO ] [MESH] sent round=21 len=36 entries=0 records=0x00000000 asked=0x00000000 neighbours=0x00000000 messages=0 summary=false done=true (octowhere_node octowhere-node/src/node.rs:1863)
1032.157772 [INFO ] [MESH] round=22 sending=true sweeping=false (octowhere_node octowhere-node/src/node.rs:1286)
1032.266347 [INFO ] [MESH] sent round=22 len=36 entries=0 records=0x00000000 asked=0x00000000 neighbours=0x00000000 messages=0 summary=false done=true (octowhere_node octowhere-node/src/node.rs:1863)
1044.814095 [INFO ] [MESH] round=23 sending=true sweeping=false (octowhere_node octowhere-node/src/node.rs:1286)
1044.922452 [INFO ] [MESH] sent round=23 len=36 entries=0 records=0x00000000 asked=0x00000000 neighbours=0x00000000 messages=0 summary=false done=true (octowhere_node octowhere-node/src/node.rs:1863)
1109.501494 [INFO ] [MESH] round=24 sending=true sweeping=false (octowhere_node octowhere-node/src/node.rs:1286)
1109.610071 [INFO ] [MESH] sent round=24 len=36 entries=0 records=0x00000000 asked=0x00000000 neighbours=0x00000000 messages=0 summary=false done=true (octowhere_node octowhere-node/src/node.rs:1863)
1143.251505 [INFO ] [MESH] round=25 sending=true sweeping=false (octowhere_node octowhere-node/src/node.rs:1286)
1143.360077 [INFO ] [MESH] sent round=25 len=36 entries=0 records=0x00000000 asked=0x00000000 neighbours=0x00000000 messages=0 summary=false done=true (octowhere_node octowhere-node/src/node.rs:1863)
1182.626923 [INFO ] [MESH] round=26 sending=true sweeping=true (octowhere_node octowhere-node/src/node.rs:1286)
1182.837491 [INFO ] [MESH] sent round=26 len=105 entries=0 records=0x00000000 asked=0x00000000 neighbours=0x00000000 messages=0 summary=false done=true (octowhere_node octowhere-node/src/node.rs:1863)
