2.721870 [INFO ] [BOOT] answered: power=true clock=true touch=true motion=true magnet=true gnss=true (octowhere firmware/src/main.rs:2285)
2.766552 [INFO ] [MESH] id=0 name=Dredge members=2 mac=[44, 1b, f6, 86, 1a, 38] (octowhere_node octowhere-node/src/node.rs:702)
2.769707 [INFO ] [REKEY] the key messages for 1 are back from the flash (octowhere_node octowhere-node/src/removals.rs:122)
2.806870 [INFO ] [MESH] tuned=true (octowhere_node octowhere-node/src/node.rs:761)
2.809657 [INFO ] [MESH] id=0 members=2 generation=15 removal pending=false declinable until=None old keys=1 (octowhere_node octowhere-node/src/node.rs:926)
137.768685 [INFO ] [MESH] timebase root=0 hops=0 (octowhere_node octowhere-node/src/node.rs:3038)
154.355813 [INFO ] [MESH] round=39804742 sending=true sweeping=false (octowhere_node octowhere-node/src/node.rs:1286)
154.566858 [INFO ] [MESH] sent round=39804742 len=105 entries=0 records=0x00000000 asked=0x00000000 neighbours=0x00000000 messages=0 summary=false done=true (octowhere_node octowhere-node/src/node.rs:1863)
196.543300 [INFO ] [MESH] round=39804743 sending=true sweeping=false (octowhere_node octowhere-node/src/node.rs:1286)
196.754560 [INFO ] [MESH] sent round=39804743 len=105 entries=0 records=0x00000000 asked=0x00000000 neighbours=0x00000000 messages=0 summary=false done=true (octowhere_node octowhere-node/src/node.rs:1863)
219.043332 [INFO ] [MESH] round=39804744 sending=true sweeping=false (octowhere_node octowhere-node/src/node.rs:1286)
219.254361 [INFO ] [MESH] sent round=39804744 len=105 entries=0 records=0x00000000 asked=0x00000000 neighbours=0x00000000 messages=0 summary=false done=true (octowhere_node octowhere-node/src/node.rs:1863)
227.974489 [INFO ] [REKEY] 1 is on generation 14; its key message goes to it (octowhere_node octowhere-node/src/removals.rs:455)
280.918355 [INFO ] [MESH] round=39804745 sending=true sweeping=false (octowhere_node octowhere-node/src/node.rs:1286)
281.026922 [INFO ] [MESH] sent round=39804745 len=36 entries=0 records=0x00000000 asked=0x00000000 neighbours=0x00000000 messages=0 summary=false done=true (octowhere_node octowhere-node/src/node.rs:1863)
321.699630 [INFO ] [MESH] round=39804746 sending=true sweeping=false (octowhere_node octowhere-node/src/node.rs:1286)
321.808137 [INFO ] [MESH] sent round=39804746 len=36 entries=0 records=0x00000000 asked=0x00000000 neighbours=0x00000000 messages=0 summary=false done=true (octowhere_node octowhere-node/src/node.rs:1863)
365.293350 [INFO ] [MESH] round=39804747 sending=true sweeping=false (octowhere_node octowhere-node/src/node.rs:1286)
365.401846 [INFO ] [MESH] sent round=39804747 len=36 entries=0 records=0x00000000 asked=0x00000000 neighbours=0x00000000 messages=0 summary=false done=true (octowhere_node octowhere-node/src/node.rs:1863)
421.543303 [INFO ] [MESH] round=39804748 sending=true sweeping=false (octowhere_node octowhere-node/src/node.rs:1286)
421.651871 [INFO ] [MESH] sent round=39804748 len=36 entries=0 records=0x00000000 asked=0x00000000 neighbours=0x00000000 messages=0 summary=false done=true (octowhere_node octowhere-node/src/node.rs:1863)
444.043339 [INFO ] [MESH] round=39804749 sending=true sweeping=false (octowhere_node octowhere-node/src/node.rs:1286)
444.151912 [INFO ] [MESH] sent round=39804749 len=36 entries=0 records=0x00000000 asked=0x00000000 neighbours=0x00000000 messages=0 summary=false done=true (octowhere_node octowhere-node/src/node.rs:1863)
494.668312 [INFO ] [MESH] round=39804750 sending=true sweeping=false (octowhere_node octowhere-node/src/node.rs:1286)
494.776856 [INFO ] [MESH] sent round=39804750 len=36 entries=0 records=0x00000000 asked=0x00000000 neighbours=0x00000000 messages=0 summary=false done=true (octowhere_node octowhere-node/src/node.rs:1863)
569.199597 [INFO ] [MESH] round=39804751 sending=true sweeping=false (octowhere_node octowhere-node/src/node.rs:1286)
569.308220 [INFO ] [MESH] sent round=39804751 len=36 entries=0 records=0x00000000 asked=0x00000000 neighbours=0x00000000 messages=0 summary=false done=true (octowhere_node octowhere-node/src/node.rs:1863)
589.205534 [INFO ] [REKEY] sent under generation 14 round=39804752 caught=0x00000002 len=178 done=true (octowhere_node octowhere-node/src/node.rs:1390)
617.012547 [INFO ] [MESH] round=39804752 sending=true sweeping=true (octowhere_node octowhere-node/src/node.rs:1286)
617.223100 [INFO ] [MESH] sent round=39804752 len=105 entries=0 records=0x00000000 asked=0x00000000 neighbours=0x00000000 messages=0 summary=false done=true (octowhere_node octowhere-node/src/node.rs:1863)
617.614960 [INFO ] [REKEY] 1 is on generation 14; sent its key message 1 times, again from round 39804765 (octowhere_node octowhere-node/src/removals.rs:431)
618.513820 [INFO ] [REKEY] 1 is on generation 14; sent its key message 1 times, again from round 39804765 (octowhere_node octowhere-node/src/removals.rs:431)
652.168317 [INFO ] [MESH] round=39804753 sending=true sweeping=false (octowhere_node octowhere-node/src/node.rs:1286)
652.276918 [INFO ] [MESH] sent round=39804753 len=36 entries=0 records=0x00000000 asked=0x00000000 neighbours=0x00000000 messages=0 summary=false done=true (octowhere_node octowhere-node/src/node.rs:1863)
684.512132 [INFO ] [MESH] round=39804754 sending=true sweeping=false (octowhere_node octowhere-node/src/node.rs:1286)
684.620484 [INFO ] [MESH] sent round=39804754 len=36 entries=0 records=0x00000000 asked=0x00000000 neighbours=0x00000000 messages=0 summary=false done=true (octowhere_node octowhere-node/src/node.rs:1863)
735.137114 [INFO ] [MESH] round=39804755 sending=true sweeping=false (octowhere_node octowhere-node/src/node.rs:1286)
735.245603 [INFO ] [MESH] sent round=39804755 len=36 entries=0 records=0x00000000 asked=0x00000000 neighbours=0x00000000 messages=0 summary=false done=true (octowhere_node octowhere-node/src/node.rs:1863)
799.824572 [INFO ] [MESH] round=39804756 sending=true sweeping=false (octowhere_node octowhere-node/src/node.rs:1286)
799.933123 [INFO ] [MESH] sent round=39804756 len=36 entries=0 records=0x00000000 asked=0x00000000 neighbours=0x00000000 messages=0 summary=false done=true (octowhere_node octowhere-node/src/node.rs:1863)
846.231067 [INFO ] [MESH] round=39804757 sending=true sweeping=false (octowhere_node octowhere-node/src/node.rs:1286)
846.339408 [INFO ] [MESH] sent round=39804757 len=36 entries=0 records=0x00000000 asked=0x00000000 neighbours=0x00000000 messages=0 summary=false done=true (octowhere_node octowhere-node/src/node.rs:1863)
877.168343 [INFO ] [MESH] round=39804758 sending=true sweeping=false (octowhere_node octowhere-node/src/node.rs:1286)
877.276949 [INFO ] [MESH] sent round=39804758 len=36 entries=0 records=0x00000000 asked=0x00000000 neighbours=0x00000000 messages=0 summary=false done=true (octowhere_node octowhere-node/src/node.rs:1863)
916.543270 [INFO ] [MESH] round=39804759 sending=true sweeping=false (octowhere_node octowhere-node/src/node.rs:1286)
916.651858 [INFO ] [MESH] sent round=39804759 len=36 entries=0 records=0x00000000 asked=0x00000000 neighbours=0x00000000 messages=0 summary=false done=true (octowhere_node octowhere-node/src/node.rs:1863)
979.824838 [INFO ] [MESH] round=39804760 sending=true sweeping=false (octowhere_node octowhere-node/src/node.rs:1286)
979.933100 [INFO ] [MESH] sent round=39804760 len=36 entries=0 records=0x00000000 asked=0x00000000 neighbours=0x00000000 messages=0 summary=false done=true (octowhere_node octowhere-node/src/node.rs:1863)
993.887094 [INFO ] [MESH] round=39804761 sending=true sweeping=false (octowhere_node octowhere-node/src/node.rs:1286)
993.995691 [INFO ] [MESH] sent round=39804761 len=36 entries=0 records=0x00000000 asked=0x00000000 neighbours=0x00000000 messages=0 summary=false done=true (octowhere_node octowhere-node/src/node.rs:1863)
1058.574587 [INFO ] [MESH] round=39804762 sending=true sweeping=false (octowhere_node octowhere-node/src/node.rs:1286)
1058.683096 [INFO ] [MESH] sent round=39804762 len=36 entries=0 records=0x00000000 asked=0x00000000 neighbours=0x00000000 messages=0 summary=false done=true (octowhere_node octowhere-node/src/node.rs:1863)
1109.199593 [INFO ] [MESH] round=39804763 sending=true sweeping=false (octowhere_node octowhere-node/src/node.rs:1286)
1109.308125 [INFO ] [MESH] sent round=39804763 len=36 entries=0 records=0x00000000 asked=0x00000000 neighbours=0x00000000 messages=0 summary=false done=true (octowhere_node octowhere-node/src/node.rs:1863)
1121.855863 [INFO ] [MESH] round=39804764 sending=true sweeping=false (octowhere_node octowhere-node/src/node.rs:1286)
1121.964429 [INFO ] [MESH] sent round=39804764 len=36 entries=0 records=0x00000000 asked=0x00000000 neighbours=0x00000000 messages=0 summary=false done=true (octowhere_node octowhere-node/src/node.rs:1863)
1190.762607 [INFO ] [MESH] round=39804765 sending=true sweeping=true (octowhere_node octowhere-node/src/node.rs:1286)
1190.973010 [INFO ] [MESH] sent round=39804765 len=105 entries=0 records=0x00000000 asked=0x00000000 neighbours=0x00000000 messages=0 summary=false done=true (octowhere_node octowhere-node/src/node.rs:1863)
1199.292811 [INFO ] [REKEY] sent under generation 14 round=39804765 caught=0x00000000 len=24 done=true (octowhere_node octowhere-node/src/node.rs:1390)
1204.053961 [INFO ] [REKEY] every member is on the new key; the old one is dropped (octowhere_node octowhere-node/src/node.rs:2126)
1204.055553 [INFO ] [MESH] heard id=1 timebase=Gps hops=0 taken=Held late_us=None len=123 rssi=-22 snr=7 entries=1 new=1 neighbours=0x00000001 messages=0/0 summary=false (octowhere_node octowhere-node/src/node.rs:1735)
1204.116113 [INFO ] [SETTINGS] Rekey(pending=false old=0) saved in 57465us (octowhere firmware/src/main.rs:966)
1204.919656 [INFO ] [MESH] notice from id=1 timebase=Gps; sweeping (octowhere_node octowhere-node/src/node.rs:1632)
1230.137506 [INFO ] [MESH] round=39804766 sending=true sweeping=true (octowhere_node octowhere-node/src/node.rs:1286)
1230.266123 [INFO ] [MESH] sent round=39804766 len=48 entries=1 records=0x00000000 asked=0x00000000 neighbours=0x00000002 messages=0 summary=false done=true (octowhere_node octowhere-node/src/node.rs:1863)
1230.267411 [INFO ] [REKEY] the key messages for 1 stored=false (octowhere_node octowhere-node/src/removals.rs:184)
1230.286410 [INFO ] [SETTINGS] Kept(1, 0 bytes) saved in 16144us (octowhere firmware/src/main.rs:966)
1244.702781 [INFO ] [MESH] heard id=1 timebase=Gps hops=0 taken=Adopted late_us=None len=54 rssi=-22 snr=6 entries=1 new=1 neighbours=0x00000001 messages=0/0 summary=false (octowhere_node octowhere-node/src/node.rs:1735)
1244.703730 [INFO ] [MESH] timebase GPS hops=1 (octowhere_node octowhere-node/src/node.rs:3034)
1245.287945 [INFO ] [MESH] command Phantom (octowhere_node octowhere-node/src/node.rs:977)
1245.345626 [INFO ] [MESH] enrolled a phantom at 2 (octowhere_node octowhere-node/src/node.rs:1093)
1245.393032 [INFO ] [SETTINGS] Member(2, Phantom) saved in 42893us (octowhere firmware/src/main.rs:966)
1261.441036 [INFO ] [MESH] round=39804767 sending=true sweeping=false (octowhere_node octowhere-node/src/node.rs:1286)
1261.754280 [INFO ] [MESH] sent round=39804767 len=174 entries=1 records=0x00000004 asked=0x00000000 neighbours=0x00000002 messages=0 summary=true done=true (octowhere_node octowhere-node/src/node.rs:1863)
1275.097195 [INFO ] [MESH] command Remove(2) (octowhere_node octowhere-node/src/node.rs:977)
1275.125453 [INFO ] [REKEY] removing 2: generation 16 from round 39804773 (now 39804767), 1 to tell (octowhere_node octowhere-node/src/node.rs:2174)
1275.227494 [INFO ] [SETTINGS] Rekey(pending=true old=0) saved in 33727us (octowhere firmware/src/main.rs:966)
1323.315896 [INFO ] [MESH] round=39804768 sending=true sweeping=false (octowhere_node octowhere-node/src/node.rs:1286)
1323.675405 [INFO ] [MESH] sent round=39804768 len=208 entries=1 records=0x00000000 asked=0x00000000 neighbours=0x00000002 messages=1 summary=false done=true (octowhere_node octowhere-node/src/node.rs:1863)
1327.988174 [INFO ] [MESH] heard id=1 timebase=Gps hops=0 taken=Refined late_us=Some(-249) len=245 rssi=-22 snr=7 entries=1 new=1 neighbours=0x00000001 messages=2/2 summary=false (octowhere_node octowhere-node/src/node.rs:1735)
1362.868949 [INFO ] [MESH] heard id=1 timebase=Gps hops=0 taken=Refined late_us=Some(78) len=80 rssi=-22 snr=6 entries=1 new=1 neighbours=0x00000001 messages=0/0 summary=true (octowhere_node octowhere-node/src/node.rs:1735)
1371.128595 [INFO ] [MESH] round=39804769 sending=true sweeping=false (octowhere_node octowhere-node/src/node.rs:1286)
1371.487686 [INFO ] [MESH] sent round=39804769 len=208 entries=1 records=0x00000000 asked=0x00000000 neighbours=0x00000002 messages=1 summary=false done=true (octowhere_node octowhere-node/src/node.rs:1863)
1427.378389 [INFO ] [MESH] round=39804770 sending=true sweeping=false (octowhere_node octowhere-node/src/node.rs:1286)
1427.553067 [INFO ] [MESH] sent round=39804770 len=80 entries=1 records=0x00000000 asked=0x00000000 neighbours=0x00000002 messages=0 summary=true done=true (octowhere_node octowhere-node/src/node.rs:1863)
1473.784483 [INFO ] [MESH] round=39804771 sending=true sweeping=false (octowhere_node octowhere-node/src/node.rs:1286)
1473.918662 [INFO ] [MESH] sent round=39804771 len=54 entries=1 records=0x00000000 asked=0x00000000 neighbours=0x00000002 messages=0 summary=false done=true (octowhere_node octowhere-node/src/node.rs:1863)
1483.765629 [INFO ] [MESH] heard id=1 timebase=Gps hops=0 taken=Refined late_us=Some(413) len=54 rssi=-22 snr=7 entries=1 new=1 neighbours=0x00000001 messages=0/0 summary=false (octowhere_node octowhere-node/src/node.rs:1735)
1520.190884 [INFO ] [MESH] round=39804772 sending=false sweeping=false (octowhere_node octowhere-node/src/node.rs:1286)
1521.628462 [INFO ] [REKEY] switched to generation 16: 0 removed Some(2) (octowhere_node octowhere-node/src/node.rs:2290)
1521.745280 [INFO ] [SETTINGS] Group(own=0 members=2 generation=16 rekey=true) saved in 34277us (octowhere firmware/src/main.rs:966)
1524.410082 [INFO ] [MESH] round=39804773 sending=false sweeping=false (octowhere_node octowhere-node/src/node.rs:1286)
1540.777715 [INFO ] [MESH] deaf for 255s (octowhere firmware/src/mesh.rs:128)
1586.284888 [INFO ] [MESH] round=39804774 sending=true sweeping=false (octowhere_node octowhere-node/src/node.rs:1286)
1586.521124 [INFO ] [MESH] sent round=39804774 len=123 entries=1 records=0x00000000 asked=0x00000000 neighbours=0x00000002 messages=0 summary=false done=true (octowhere_node octowhere-node/src/node.rs:1863)
1614.410088 [INFO ] [MESH] round=39804775 sending=false sweeping=false (octowhere_node octowhere-node/src/node.rs:1286)
1614.411443 [INFO ] [REKEY] the key messages for 1 stored=true (octowhere_node octowhere-node/src/removals.rs:184)
1614.558532 [INFO ] [SETTINGS] Kept(1, 307 bytes) saved in 130157us (octowhere firmware/src/main.rs:966)
1669.253816 [INFO ] [MESH] round=39804776 sending=false sweeping=false (octowhere_node octowhere-node/src/node.rs:1286)
1743.784908 [INFO ] [MESH] round=39804777 sending=true sweeping=false (octowhere_node octowhere-node/src/node.rs:1286)
1744.021405 [INFO ] [MESH] sent round=39804777 len=123 entries=1 records=0x00000000 asked=0x00000000 neighbours=0x00000002 messages=0 summary=false done=true (octowhere_node octowhere-node/src/node.rs:1863)
1748.004091 [INFO ] [MESH] round=39804778 sending=true sweeping=true (octowhere_node octowhere-node/src/node.rs:1286)
1748.240213 [INFO ] [MESH] sent round=39804778 len=123 entries=1 records=0x00000000 asked=0x00000000 neighbours=0x00000002 messages=0 summary=false done=true (octowhere_node octowhere-node/src/node.rs:1863)
1784.705405 [INFO ] [REKEY] sent under generation 15 round=39804778 caught=0x00000004 len=57 done=true (octowhere_node octowhere-node/src/node.rs:1390)
1794.409996 [INFO ] [MESH] round=39804779 sending=true sweeping=false (octowhere_node octowhere-node/src/node.rs:1286)
1794.543749 [INFO ] [MESH] sent round=39804779 len=54 entries=1 records=0x00000000 asked=0x00000000 neighbours=0x00000000 messages=0 summary=false done=true (octowhere_node octowhere-node/src/node.rs:1863)
1863.316147 [INFO ] [MESH] round=39804780 sending=true sweeping=false (octowhere_node octowhere-node/src/node.rs:1286)
1863.450332 [INFO ] [MESH] sent round=39804780 len=54 entries=1 records=0x00000000 asked=0x00000000 neighbours=0x00000000 messages=0 summary=false done=true (octowhere_node octowhere-node/src/node.rs:1863)
1871.777106 [INFO ] [MESH] command Add (octowhere_node octowhere-node/src/node.rs:977)
1871.778299 [INFO ] [PAIR] Add Searching (119s left) (octowhere_node octowhere-node/src/node.rs:3025)
1872.105842 [INFO ] [PAIR] found 0: [44, 1b, f6, 86, 1c, 1c] (octowhere_node octowhere-node/src/node.rs:3014)
1872.105902 [INFO ] [PAIR] Add Found (119s left) (octowhere_node octowhere-node/src/node.rs:3025)
1874.291462 [INFO ] [PAIR] command Choose(0) (octowhere_node octowhere-node/src/node.rs:2014)
1874.476744 [INFO ] [PAIR] Add Connecting (29s left) (octowhere_node octowhere-node/src/node.rs:3025)
1874.571275 [INFO ] [PAIR] a frame took 28362us to take (octowhere_node octowhere-node/src/node.rs:2007)
1874.637725 [INFO ] [PAIR] code 515214 with [44, 1b, f6, 86, 1c, 1c]; 59s to confirm (octowhere_node octowhere-node/src/node.rs:3017)
1874.637800 [INFO ] [PAIR] Add Compare { code: 515214 } (59s left) (octowhere_node octowhere-node/src/node.rs:3025)
1875.521086 [INFO ] [PAIR] command Accept (octowhere_node octowhere-node/src/node.rs:2014)
1875.521186 [INFO ] [PAIR] Add Waiting { code: 515214 } (59s left) (octowhere_node octowhere-node/src/node.rs:3025)
1876.273031 [INFO ] [PAIR] Add Transfer { done: 0, total: 3 } (29s left) (octowhere_node octowhere-node/src/node.rs:3025)
1876.749104 [INFO ] [PAIR] Add Transfer { done: 1, total: 3 } (29s left) (octowhere_node octowhere-node/src/node.rs:3025)
1876.937500 [INFO ] [PAIR] Add Transfer { done: 2, total: 3 } (29s left) (octowhere_node octowhere-node/src/node.rs:3025)
1877.224013 [INFO ] [PAIR] a frame took 32492us to take (octowhere_node octowhere-node/src/node.rs:2007)
1877.224076 [INFO ] [PAIR] Add Storing (0s left) (octowhere_node octowhere-node/src/node.rs:3025)
1877.252016 [INFO ] [SETTINGS] Group(own=0 members=2 generation=16 rekey=true) saved in 26064us (octowhere firmware/src/main.rs:966)
1877.320685 [INFO ] [PAIR] Add Done(Added { id: 1, returning: true }) (0s left) (octowhere_node octowhere-node/src/node.rs:3025)
1882.251149 [INFO ] [REKEY] every member is on the new key; the old one is dropped (octowhere_node octowhere-node/src/node.rs:2126)
1882.254216 [INFO ] [REKEY] the key messages for 1 stored=false (octowhere_node octowhere-node/src/removals.rs:184)
1882.288007 [INFO ] [SETTINGS] Rekey(pending=false old=0) saved in 32342us (octowhere firmware/src/main.rs:966)
1882.310268 [INFO ] [SETTINGS] Kept(1, 0 bytes) saved in 22009us (octowhere firmware/src/main.rs:966)
1892.980141 [INFO ] [MESH] heard id=1 timebase=Gps hops=0 taken=Refined late_us=Some(980) len=48 rssi=-23 snr=7 entries=1 new=1 neighbours=0x00000000 messages=0/0 summary=false (octowhere_node octowhere-node/src/node.rs:1735)
