2.645760 [INFO ] [BOOT] answered: power=true clock=true touch=true motion=true magnet=true gnss=true (octowhere firmware/src/main.rs:2285)
2.653994 [INFO ] [MESH] id=1 name=Roger Roger members=2 mac=[44, 1b, f6, 86, 1c, 1c] (octowhere_node octowhere-node/src/node.rs:702)
2.694008 [INFO ] [MESH] tuned=true (octowhere_node octowhere-node/src/node.rs:761)
2.696531 [INFO ] [MESH] id=1 members=2 generation=14 removal pending=false declinable until=Some(39806164) old keys=0 (octowhere_node octowhere-node/src/node.rs:926)
20.086870 [INFO ] [RTC] injected 2026-10-05 14:25:09 as RTC (octowhere firmware/src/main.rs:1092)
22.608430 [INFO ] [MESH] not ours len=83 rssi=-106 (octowhere_node octowhere-node/src/node.rs:1607)
137.656078 [INFO ] [MESH] timebase GPS hops=0 (octowhere_node octowhere-node/src/node.rs:3034)
198.080008 [INFO ] [MESH] round=39804677 sending=true sweeping=false (octowhere_node octowhere-node/src/node.rs:1286)
198.306156 [INFO ] [MESH] sent round=39804677 len=117 entries=1 records=0x00000000 asked=0x00000000 neighbours=0x00000000 messages=0 summary=false done=true (octowhere_node octowhere-node/src/node.rs:1863)
245.892429 [INFO ] [MESH] round=39804678 sending=true sweeping=false (octowhere_node octowhere-node/src/node.rs:1286)
246.118724 [INFO ] [MESH] sent round=39804678 len=117 entries=1 records=0x00000000 asked=0x00000000 neighbours=0x00000000 messages=0 summary=false done=true (octowhere_node octowhere-node/src/node.rs:1863)
295.111146 [INFO ] [MESH] round=39804679 sending=true sweeping=false (octowhere_node octowhere-node/src/node.rs:1286)
295.338328 [INFO ] [MESH] sent round=39804679 len=117 entries=1 records=0x00000000 asked=0x00000000 neighbours=0x00000000 messages=0 summary=false done=true (octowhere_node octowhere-node/src/node.rs:1863)
327.454952 [INFO ] [MESH] round=39804680 sending=true sweeping=false (octowhere_node octowhere-node/src/node.rs:1286)
327.583974 [INFO ] [MESH] sent round=39804680 len=48 entries=1 records=0x00000000 asked=0x00000000 neighbours=0x00000000 messages=0 summary=false done=true (octowhere_node octowhere-node/src/node.rs:1863)
368.236187 [INFO ] [MESH] round=39804681 sending=true sweeping=false (octowhere_node octowhere-node/src/node.rs:1286)
368.365142 [INFO ] [MESH] sent round=39804681 len=48 entries=1 records=0x00000000 asked=0x00000000 neighbours=0x00000000 messages=0 summary=false done=true (octowhere_node octowhere-node/src/node.rs:1863)
403.392404 [INFO ] [MESH] round=39804682 sending=true sweeping=false (octowhere_node octowhere-node/src/node.rs:1286)
403.521165 [INFO ] [MESH] sent round=39804682 len=48 entries=1 records=0x00000000 asked=0x00000000 neighbours=0x00000000 messages=0 summary=false done=true (octowhere_node octowhere-node/src/node.rs:1863)
462.454978 [INFO ] [MESH] round=39804683 sending=true sweeping=false (octowhere_node octowhere-node/src/node.rs:1286)
462.583939 [INFO ] [MESH] sent round=39804683 len=48 entries=1 records=0x00000000 asked=0x00000000 neighbours=0x00000000 messages=0 summary=false done=true (octowhere_node octowhere-node/src/node.rs:1863)
500.423684 [INFO ] [MESH] round=39804684 sending=true sweeping=false (octowhere_node octowhere-node/src/node.rs:1286)
500.552687 [INFO ] [MESH] sent round=39804684 len=48 entries=1 records=0x00000000 asked=0x00000000 neighbours=0x00000000 messages=0 summary=false done=true (octowhere_node octowhere-node/src/node.rs:1863)
551.048723 [INFO ] [MESH] round=39804685 sending=true sweeping=false (octowhere_node octowhere-node/src/node.rs:1286)
551.177690 [INFO ] [MESH] sent round=39804685 len=48 entries=1 records=0x00000000 asked=0x00000000 neighbours=0x00000000 messages=0 summary=false done=true (octowhere_node octowhere-node/src/node.rs:1863)
590.423681 [INFO ] [MESH] round=39804686 sending=true sweeping=false (octowhere_node octowhere-node/src/node.rs:1286)
590.552727 [INFO ] [MESH] sent round=39804686 len=48 entries=1 records=0x00000000 asked=0x00000000 neighbours=0x00000000 messages=0 summary=false done=true (octowhere_node octowhere-node/src/node.rs:1863)
660.736590 [INFO ] [MESH] round=39804687 sending=true sweeping=true (octowhere_node octowhere-node/src/node.rs:1286)
660.962445 [INFO ] [MESH] sent round=39804687 len=117 entries=1 records=0x00000000 asked=0x00000000 neighbours=0x00000000 messages=0 summary=false done=true (octowhere_node octowhere-node/src/node.rs:1863)
701.517390 [INFO ] [MESH] round=39804688 sending=true sweeping=false (octowhere_node octowhere-node/src/node.rs:1286)
701.646508 [INFO ] [MESH] sent round=39804688 len=48 entries=1 records=0x00000000 asked=0x00000000 neighbours=0x00000000 messages=0 summary=false done=true (octowhere_node octowhere-node/src/node.rs:1863)
721.204988 [INFO ] [MESH] round=39804689 sending=true sweeping=false (octowhere_node octowhere-node/src/node.rs:1286)
721.333642 [INFO ] [MESH] sent round=39804689 len=48 entries=1 records=0x00000000 asked=0x00000000 neighbours=0x00000000 messages=0 summary=false done=true (octowhere_node octowhere-node/src/node.rs:1863)
788.704944 [INFO ] [MESH] round=39804690 sending=true sweeping=false (octowhere_node octowhere-node/src/node.rs:1286)
788.834078 [INFO ] [MESH] sent round=39804690 len=48 entries=1 records=0x00000000 asked=0x00000000 neighbours=0x00000000 messages=0 summary=false done=true (octowhere_node octowhere-node/src/node.rs:1863)
812.611150 [INFO ] [MESH] round=39804691 sending=true sweeping=false (octowhere_node octowhere-node/src/node.rs:1286)
812.740226 [INFO ] [MESH] sent round=39804691 len=48 entries=1 records=0x00000000 asked=0x00000000 neighbours=0x00000000 messages=0 summary=false done=true (octowhere_node octowhere-node/src/node.rs:1863)
888.548678 [INFO ] [MESH] round=39804692 sending=true sweeping=false (octowhere_node octowhere-node/src/node.rs:1286)
888.677653 [INFO ] [MESH] sent round=39804692 len=48 entries=1 records=0x00000000 asked=0x00000000 neighbours=0x00000000 messages=0 summary=false done=true (octowhere_node octowhere-node/src/node.rs:1863)
923.705005 [INFO ] [MESH] round=39804693 sending=true sweeping=false (octowhere_node octowhere-node/src/node.rs:1286)
923.833873 [INFO ] [MESH] sent round=39804693 len=48 entries=1 records=0x00000000 asked=0x00000000 neighbours=0x00000000 messages=0 summary=false done=true (octowhere_node octowhere-node/src/node.rs:1863)
944.798638 [INFO ] [MESH] round=39804694 sending=true sweeping=false (octowhere_node octowhere-node/src/node.rs:1286)
944.927706 [INFO ] [MESH] sent round=39804694 len=48 entries=1 records=0x00000000 asked=0x00000000 neighbours=0x00000000 messages=0 summary=false done=true (octowhere_node octowhere-node/src/node.rs:1863)
1026.361182 [INFO ] [MESH] round=39804695 sending=true sweeping=false (octowhere_node octowhere-node/src/node.rs:1286)
1026.490257 [INFO ] [MESH] sent round=39804695 len=48 entries=1 records=0x00000000 asked=0x00000000 neighbours=0x00000000 messages=0 summary=false done=true (octowhere_node octowhere-node/src/node.rs:1863)
1057.298714 [INFO ] [MESH] round=39804696 sending=true sweeping=false (octowhere_node octowhere-node/src/node.rs:1286)
1057.427740 [INFO ] [MESH] sent round=39804696 len=48 entries=1 records=0x00000000 asked=0x00000000 neighbours=0x00000000 messages=0 summary=false done=true (octowhere_node octowhere-node/src/node.rs:1863)
1109.329965 [INFO ] [MESH] round=39804697 sending=true sweeping=false (octowhere_node octowhere-node/src/node.rs:1286)
1109.458928 [INFO ] [MESH] sent round=39804697 len=48 entries=1 records=0x00000000 asked=0x00000000 neighbours=0x00000000 messages=0 summary=false done=true (octowhere_node octowhere-node/src/node.rs:1863)
1159.954936 [INFO ] [MESH] round=39804698 sending=true sweeping=false (octowhere_node octowhere-node/src/node.rs:1286)
1160.083851 [INFO ] [MESH] sent round=39804698 len=48 entries=1 records=0x00000000 asked=0x00000000 neighbours=0x00000000 messages=0 summary=false done=true (octowhere_node octowhere-node/src/node.rs:1863)
1166.986169 [INFO ] [MESH] round=39804699 sending=true sweeping=false (octowhere_node octowhere-node/src/node.rs:1286)
1167.115157 [INFO ] [MESH] sent round=39804699 len=48 entries=1 records=0x00000000 asked=0x00000000 neighbours=0x00000000 messages=0 summary=false done=true (octowhere_node octowhere-node/src/node.rs:1863)
