[2026-10-08T21:04:17Z INFO ] Serial port: '/dev/ttyACM3'
[2026-10-08T21:04:17Z INFO ] Connecting...
[2026-10-08T21:04:17Z INFO ] Using flash stub
I (268) esp_image: segment 2: paddr=000b6564 vaddr=40378000 size1.936761 [INFO ] [GNSS] configured=true (octowhere firmware/src/main.rs:1415)
1.970836 [INFO ] [GNSS] reference time 2026-10-08 21:04:17 sent=true (octowhere firmware/src/main.rs:2715)
9.000137 [INFO ] [STARTUP] board 1a38 (octowhere firmware/src/main.rs:341)
9.000170 [INFO ] [STARTUP] reset power_on=true (octowhere firmware/src/main.rs:342)
9.000193 [INFO ] [STARTUP] mesh generation=20 members=0x3 kept=0x0 stored=0xf (octowhere firmware/src/main.rs:345)
9.000233 [INFO ] [STARTUP] load-group read 648141 (octowhere firmware/src/main.rs:355)
9.000270 [INFO ] [STARTUP] load-members read 796925 (octowhere firmware/src/main.rs:355)
9.000306 [INFO ] [STARTUP] load-restored read 797010 (octowhere firmware/src/main.rs:355)
9.000343 [INFO ] [STARTUP] load-rest read 810773 (octowhere firmware/src/main.rs:355)
9.000370 [INFO ] [STARTUP] load-kept read 921569 (octowhere firmware/src/main.rs:355)
9.000399 [INFO ] [STARTUP] main enter 593103 (octowhere firmware/src/main.rs:362)
9.000444 [INFO ] [STARTUP] esp_hal init 597871 (octowhere firmware/src/main.rs:362)
9.000540 [INFO ] [STARTUP] psram ready 604687 (octowhere firmware/src/main.rs:362)
9.000581 [INFO ] [STARTUP] settings loaded 647235 (octowhere firmware/src/main.rs:362)
9.000624 [INFO ] [STARTUP] trng on 647339 (octowhere firmware/src/main.rs:362)
9.000661 [INFO ] [STARTUP] mesh-store read 921611 (octowhere firmware/src/main.rs:362)
9.000703 [INFO ] [STARTUP] identity made 944896 (octowhere firmware/src/main.rs:362)
9.000744 [INFO ] [STARTUP] mesh-store loaded 946113 (octowhere firmware/src/main.rs:362)
9.000795 [INFO ] [STARTUP] core1 starting 946472 (octowhere firmware/src/main.rs:362)
9.000838 [INFO ] [STARTUP] core1 started 963900 (octowhere firmware/src/main.rs:362)
9.000880 [INFO ] [STARTUP] core1 enter 964133 (octowhere firmware/src/main.rs:362)
9.000920 [INFO ] [STARTUP] bring_up enter 967602 (octowhere firmware/src/main.rs:362)
9.000963 [INFO ] [STARTUP] frame_loop first 967803 (octowhere firmware/src/main.rs:362)
9.001007 [INFO ] [STARTUP] frame_loop drawn 986940 (octowhere firmware/src/main.rs:362)
9.001050 [INFO ] [STARTUP] i2c powered 1047756 (octowhere firmware/src/main.rs:362)
9.001090 [INFO ] [STARTUP] POWER start 1048204 (octowhere firmware/src/main.rs:362)
9.001137 [INFO ] [STARTUP] POWER answered 1050049 (octowhere firmware/src/main.rs:362)
9.001180 [INFO ] [STARTUP] exio reset 1071795 (octowhere firmware/src/main.rs:362)
9.001219 [INFO ] [STARTUP] CLOCK start 1071972 (octowhere firmware/src/main.rs:362)
9.001260 [INFO ] [STARTUP] TOUCH start 1072070 (octowhere firmware/src/main.rs:362)
9.001300 [INFO ] [STARTUP] MOTION start 1072118 (octowhere firmware/src/main.rs:362)
9.001342 [INFO ] [STARTUP] MAGNET start 1072208 (octowhere firmware/src/main.rs:362)
9.001383 [INFO ] [STARTUP] gnss-settle end 1072296 (octowhere firmware/src/main.rs:362)
9.001432 [INFO ] [STARTUP] CLOCK answered 1072827 (octowhere firmware/src/main.rs:362)
9.001542 [INFO ] [STARTUP] TOUCH answered 1183377 (octowhere firmware/src/main.rs:362)
9.001584 [INFO ] [STARTUP] MAGNET answered 1216294 (octowhere firmware/src/main.rs:362)
9.001628 [INFO ] [STARTUP] MOTION answered 1224329 (octowhere firmware/src/main.rs:362)
9.001671 [INFO ] [STARTUP] GNSS start 1224467 (octowhere firmware/src/main.rs:362)
9.001710 [INFO ] [STARTUP] display up 1226928 (octowhere firmware/src/main.rs:362)
9.001749 [INFO ] [STARTUP] flush0 start 1226958 (octowhere firmware/src/main.rs:362)
9.001791 [INFO ] [STARTUP] GNSS answered 1235323 (octowhere firmware/src/main.rs:362)
9.001833 [INFO ] [STARTUP] RADIO start 1235517 (octowhere firmware/src/main.rs:362)
9.001873 [INFO ] [STARTUP] RADIO answered 1238249 (octowhere firmware/src/main.rs:362)
9.001916 [INFO ] [STARTUP] flush0 end 1240218 (octowhere firmware/src/main.rs:362)
9.001955 [INFO ] [STARTUP] flush1 start 1240326 (octowhere firmware/src/main.rs:362)
9.001996 [INFO ] [STARTUP] bring_up exit 1283150 (octowhere firmware/src/main.rs:362)
9.002037 [INFO ] [STARTUP] frame_loop handed 1283356 (octowhere firmware/src/main.rs:362)
9.002088 [INFO ] [STARTUP] flush1 end 1295556 (octowhere firmware/src/main.rs:362)
9.002127 [INFO ] [STARTUP] panel lit 1307816 (octowhere firmware/src/main.rs:362)
9.002166 [INFO ] [STARTUP] GNSS-config end 1936795 (octowhere firmware/src/main.rs:362)
9.002209 [INFO ] [STARTUP] startup over 6428570 (octowhere firmware/src/main.rs:362)
9.002249 [INFO ] [STARTUP] done (octowhere firmware/src/main.rs:364)
