[2026-10-08T21:04:30Z INFO ] Serial port: '/dev/ttyACM3'
[2026-10-08T21:04:30Z INFO ] Connecting...
[2026-10-08T21:04:30Z INFO ] Using flash stub
I (268) esp_image: segment 2: paddr=000b6564 vaddr=40378000 size1.926810 [INFO ] [GNSS] configured=true (octowhere firmware/src/main.rs:1415)
1.960452 [INFO ] [GNSS] reference time 2026-10-08 21:04:30 sent=true (octowhere firmware/src/main.rs:2715)
9.000137 [INFO ] [STARTUP] board 1a38 (octowhere firmware/src/main.rs:341)
9.000171 [INFO ] [STARTUP] reset power_on=true (octowhere firmware/src/main.rs:342)
9.000193 [INFO ] [STARTUP] mesh generation=20 members=0x3 kept=0x0 stored=0xf (octowhere firmware/src/main.rs:345)
9.000288 [INFO ] [STARTUP] load-group read 648144 (octowhere firmware/src/main.rs:355)
9.000323 [INFO ] [STARTUP] load-members read 796929 (octowhere firmware/src/main.rs:355)
9.000359 [INFO ] [STARTUP] load-restored read 797013 (octowhere firmware/src/main.rs:355)
9.000395 [INFO ] [STARTUP] load-rest read 810776 (octowhere firmware/src/main.rs:355)
9.000423 [INFO ] [STARTUP] load-kept read 921572 (octowhere firmware/src/main.rs:355)
9.000451 [INFO ] [STARTUP] main enter 593103 (octowhere firmware/src/main.rs:362)
9.000496 [INFO ] [STARTUP] esp_hal init 597874 (octowhere firmware/src/main.rs:362)
9.000537 [INFO ] [STARTUP] psram ready 604690 (octowhere firmware/src/main.rs:362)
9.000577 [INFO ] [STARTUP] settings loaded 647239 (octowhere firmware/src/main.rs:362)
9.000621 [INFO ] [STARTUP] trng on 647342 (octowhere firmware/src/main.rs:362)
9.000658 [INFO ] [STARTUP] mesh-store read 921615 (octowhere firmware/src/main.rs:362)
9.000700 [INFO ] [STARTUP] identity made 944899 (octowhere firmware/src/main.rs:362)
9.000742 [INFO ] [STARTUP] mesh-store loaded 946116 (octowhere firmware/src/main.rs:362)
9.000793 [INFO ] [STARTUP] core1 starting 946476 (octowhere firmware/src/main.rs:362)
9.000835 [INFO ] [STARTUP] core1 started 963903 (octowhere firmware/src/main.rs:362)
9.000877 [INFO ] [STARTUP] core1 enter 964136 (octowhere firmware/src/main.rs:362)
9.000918 [INFO ] [STARTUP] bring_up enter 967606 (octowhere firmware/src/main.rs:362)
9.000960 [INFO ] [STARTUP] frame_loop first 967806 (octowhere firmware/src/main.rs:362)
9.001004 [INFO ] [STARTUP] frame_loop drawn 986944 (octowhere firmware/src/main.rs:362)
9.001048 [INFO ] [STARTUP] i2c powered 1047760 (octowhere firmware/src/main.rs:362)
9.001088 [INFO ] [STARTUP] POWER start 1048208 (octowhere firmware/src/main.rs:362)
9.001134 [INFO ] [STARTUP] POWER answered 1050052 (octowhere firmware/src/main.rs:362)
9.001177 [INFO ] [STARTUP] exio reset 1071800 (octowhere firmware/src/main.rs:362)
9.001296 [INFO ] [STARTUP] CLOCK start 1071978 (octowhere firmware/src/main.rs:362)
9.001337 [INFO ] [STARTUP] TOUCH start 1072076 (octowhere firmware/src/main.rs:362)
9.001378 [INFO ] [STARTUP] MOTION start 1072123 (octowhere firmware/src/main.rs:362)
9.001419 [INFO ] [STARTUP] MAGNET start 1072213 (octowhere firmware/src/main.rs:362)
9.001460 [INFO ] [STARTUP] gnss-settle end 1072302 (octowhere firmware/src/main.rs:362)
9.001509 [INFO ] [STARTUP] CLOCK answered 1072832 (octowhere firmware/src/main.rs:362)
9.001552 [INFO ] [STARTUP] TOUCH answered 1183385 (octowhere firmware/src/main.rs:362)
9.001594 [INFO ] [STARTUP] MAGNET answered 1216297 (octowhere firmware/src/main.rs:362)
9.001638 [INFO ] [STARTUP] MOTION answered 1224334 (octowhere firmware/src/main.rs:362)
9.001681 [INFO ] [STARTUP] GNSS start 1224472 (octowhere firmware/src/main.rs:362)
9.001720 [INFO ] [STARTUP] display up 1226931 (octowhere firmware/src/main.rs:362)
9.001759 [INFO ] [STARTUP] flush0 start 1226961 (octowhere firmware/src/main.rs:362)
9.001801 [INFO ] [STARTUP] GNSS answered 1235328 (octowhere firmware/src/main.rs:362)
9.001843 [INFO ] [STARTUP] RADIO start 1235524 (octowhere firmware/src/main.rs:362)
9.001883 [INFO ] [STARTUP] RADIO answered 1238253 (octowhere firmware/src/main.rs:362)
9.001926 [INFO ] [STARTUP] flush0 end 1240222 (octowhere firmware/src/main.rs:362)
9.001965 [INFO ] [STARTUP] flush1 start 1240330 (octowhere firmware/src/main.rs:362)
9.002006 [INFO ] [STARTUP] bring_up exit 1283154 (octowhere firmware/src/main.rs:362)
9.002047 [INFO ] [STARTUP] frame_loop handed 1283360 (octowhere firmware/src/main.rs:362)
9.002098 [INFO ] [STARTUP] flush1 end 1295560 (octowhere firmware/src/main.rs:362)
9.002137 [INFO ] [STARTUP] panel lit 1307819 (octowhere firmware/src/main.rs:362)
9.002176 [INFO ] [STARTUP] GNSS-config end 1926843 (octowhere firmware/src/main.rs:362)
9.002300 [INFO ] [STARTUP] startup over 6435336 (octowhere firmware/src/main.rs:362)
9.002340 [INFO ] [STARTUP] done (octowhere firmware/src/main.rs:364)
10.567909 [INFO ] [MESH] heard id=1 timebase=Node(0) hops=1 taken=Adopted late_us=None len=105 rssi=-30 snr=6 entries=0 new=0 neighbours=0x00000001 messages=0/0 summary=false (octowhere_node octowhere-node/src/node.rs:1686)
10.568364 [INFO ] [MESH] timebase root=0 hops=0 (octowhere_node octowhere-node/src/node.rs:2943)
10.792312 [INFO ] [MESH] sent round=39810966 len=105 entries=0 records=0x00000000 asked=0x00000000 neighbours=0x00000002 messages=0 summary=false done=true (octowhere_node octowhere-node/src/node.rs:1827)
