[2026-10-08T21:04:04Z INFO ] Serial port: '/dev/ttyACM3'
[2026-10-08T21:04:04Z INFO ] Connecting...
[2026-10-08T21:04:04Z INFO ] Using flash stub
I (268) esp_image: segment 2: paddr=000b6564 vaddr=40378000 size1.926022 [INFO ] [GNSS] configured=true (octowhere firmware/src/main.rs:1415)
1.959556 [INFO ] [GNSS] reference time 2026-10-08 21:04:04 sent=true (octowhere firmware/src/main.rs:2715)
9.000137 [INFO ] [STARTUP] board 1a38 (octowhere firmware/src/main.rs:341)
9.000174 [INFO ] [STARTUP] reset power_on=true (octowhere firmware/src/main.rs:342)
9.000197 [INFO ] [STARTUP] mesh generation=20 members=0x3 kept=0x0 stored=0xf (octowhere firmware/src/main.rs:345)
9.000235 [INFO ] [STARTUP] load-group read 648143 (octowhere firmware/src/main.rs:355)
9.000275 [INFO ] [STARTUP] load-members read 796927 (octowhere firmware/src/main.rs:355)
9.000311 [INFO ] [STARTUP] load-restored read 797012 (octowhere firmware/src/main.rs:355)
9.000347 [INFO ] [STARTUP] load-rest read 810775 (octowhere firmware/src/main.rs:355)
9.000375 [INFO ] [STARTUP] load-kept read 921571 (octowhere firmware/src/main.rs:355)
9.000403 [INFO ] [STARTUP] main enter 593103 (octowhere firmware/src/main.rs:362)
9.000448 [INFO ] [STARTUP] esp_hal init 597873 (octowhere firmware/src/main.rs:362)
9.000488 [INFO ] [STARTUP] psram ready 604689 (octowhere firmware/src/main.rs:362)
9.000528 [INFO ] [STARTUP] settings loaded 647238 (octowhere firmware/src/main.rs:362)
9.000572 [INFO ] [STARTUP] trng on 647341 (octowhere firmware/src/main.rs:362)
9.000609 [INFO ] [STARTUP] mesh-store read 921614 (octowhere firmware/src/main.rs:362)
9.000651 [INFO ] [STARTUP] identity made 944898 (octowhere firmware/src/main.rs:362)
9.000692 [INFO ] [STARTUP] mesh-store loaded 946115 (octowhere firmware/src/main.rs:362)
9.000743 [INFO ] [STARTUP] core1 starting 946474 (octowhere firmware/src/main.rs:362)
9.000786 [INFO ] [STARTUP] core1 started 963902 (octowhere firmware/src/main.rs:362)
9.000828 [INFO ] [STARTUP] core1 enter 964135 (octowhere firmware/src/main.rs:362)
9.000869 [INFO ] [STARTUP] bring_up enter 967605 (octowhere firmware/src/main.rs:362)
9.000911 [INFO ] [STARTUP] frame_loop first 967805 (octowhere firmware/src/main.rs:362)
9.001007 [INFO ] [STARTUP] frame_loop drawn 986943 (octowhere firmware/src/main.rs:362)
9.001051 [INFO ] [STARTUP] i2c powered 1047758 (octowhere firmware/src/main.rs:362)
9.001091 [INFO ] [STARTUP] POWER start 1048205 (octowhere firmware/src/main.rs:362)
9.001138 [INFO ] [STARTUP] POWER answered 1050050 (octowhere firmware/src/main.rs:362)
9.001181 [INFO ] [STARTUP] exio reset 1071798 (octowhere firmware/src/main.rs:362)
9.001220 [INFO ] [STARTUP] CLOCK start 1071975 (octowhere firmware/src/main.rs:362)
9.001261 [INFO ] [STARTUP] TOUCH start 1072073 (octowhere firmware/src/main.rs:362)
9.001301 [INFO ] [STARTUP] MOTION start 1072121 (octowhere firmware/src/main.rs:362)
9.001342 [INFO ] [STARTUP] MAGNET start 1072211 (octowhere firmware/src/main.rs:362)
9.001384 [INFO ] [STARTUP] gnss-settle end 1072299 (octowhere firmware/src/main.rs:362)
9.001432 [INFO ] [STARTUP] CLOCK answered 1072830 (octowhere firmware/src/main.rs:362)
9.001475 [INFO ] [STARTUP] TOUCH answered 1183382 (octowhere firmware/src/main.rs:362)
9.001518 [INFO ] [STARTUP] MAGNET answered 1216299 (octowhere firmware/src/main.rs:362)
9.001561 [INFO ] [STARTUP] MOTION answered 1224332 (octowhere firmware/src/main.rs:362)
9.001604 [INFO ] [STARTUP] GNSS start 1224470 (octowhere firmware/src/main.rs:362)
9.001643 [INFO ] [STARTUP] display up 1226931 (octowhere firmware/src/main.rs:362)
9.001683 [INFO ] [STARTUP] flush0 start 1226961 (octowhere firmware/src/main.rs:362)
9.001724 [INFO ] [STARTUP] GNSS answered 1235326 (octowhere firmware/src/main.rs:362)
9.001766 [INFO ] [STARTUP] RADIO start 1235520 (octowhere firmware/src/main.rs:362)
9.001807 [INFO ] [STARTUP] RADIO answered 1238252 (octowhere firmware/src/main.rs:362)
9.001849 [INFO ] [STARTUP] flush0 end 1240221 (octowhere firmware/src/main.rs:362)
9.001889 [INFO ] [STARTUP] flush1 start 1240329 (octowhere firmware/src/main.rs:362)
9.002004 [INFO ] [STARTUP] bring_up exit 1283153 (octowhere firmware/src/main.rs:362)
9.002046 [INFO ] [STARTUP] frame_loop handed 1283359 (octowhere firmware/src/main.rs:362)
9.002096 [INFO ] [STARTUP] flush1 end 1295556 (octowhere firmware/src/main.rs:362)
9.002136 [INFO ] [STARTUP] panel lit 1307817 (octowhere firmware/src/main.rs:362)
9.002175 [INFO ] [STARTUP] GNSS-config end 1926054 (octowhere firmware/src/main.rs:362)
9.002217 [INFO ] [STARTUP] startup over 6428819 (octowhere firmware/src/main.rs:362)
9.002258 [INFO ] [STARTUP] done (octowhere firmware/src/main.rs:364)
