[2026-10-08T21:03:51Z INFO ] Serial port: '/dev/ttyACM3'
[2026-10-08T21:03:51Z INFO ] Connecting...
[2026-10-08T21:03:51Z INFO ] Using flash stub
I (273) esp_image: segment 3: paddr=000ba470 vaddr=00000000 size1.936683 [INFO ] [GNSS] configured=true (octowhere firmware/src/main.rs:1415)
1.970766 [INFO ] [GNSS] reference time 2026-10-08 21:03:51 sent=true (octowhere firmware/src/main.rs:2715)
9.000137 [INFO ] [STARTUP] board 1a38 (octowhere firmware/src/main.rs:341)
9.000175 [INFO ] [STARTUP] reset power_on=true (octowhere firmware/src/main.rs:342)
9.000197 [INFO ] [STARTUP] mesh generation=20 members=0x3 kept=0x0 stored=0xf (octowhere firmware/src/main.rs:345)
9.000238 [INFO ] [STARTUP] load-group read 648155 (octowhere firmware/src/main.rs:355)
9.000275 [INFO ] [STARTUP] load-members read 796939 (octowhere firmware/src/main.rs:355)
9.000311 [INFO ] [STARTUP] load-restored read 797024 (octowhere firmware/src/main.rs:355)
9.000347 [INFO ] [STARTUP] load-rest read 810787 (octowhere firmware/src/main.rs:355)
9.000375 [INFO ] [STARTUP] load-kept read 921583 (octowhere firmware/src/main.rs:355)
9.000403 [INFO ] [STARTUP] main enter 593111 (octowhere firmware/src/main.rs:362)
9.000448 [INFO ] [STARTUP] esp_hal init 597885 (octowhere firmware/src/main.rs:362)
9.000488 [INFO ] [STARTUP] psram ready 604701 (octowhere firmware/src/main.rs:362)
9.000529 [INFO ] [STARTUP] settings loaded 647249 (octowhere firmware/src/main.rs:362)
9.000572 [INFO ] [STARTUP] trng on 647353 (octowhere firmware/src/main.rs:362)
9.000609 [INFO ] [STARTUP] mesh-store read 921625 (octowhere firmware/src/main.rs:362)
9.000651 [INFO ] [STARTUP] identity made 944910 (octowhere firmware/src/main.rs:362)
9.000693 [INFO ] [STARTUP] mesh-store loaded 946127 (octowhere firmware/src/main.rs:362)
9.000743 [INFO ] [STARTUP] core1 starting 946486 (octowhere firmware/src/main.rs:362)
9.000786 [INFO ] [STARTUP] core1 started 963914 (octowhere firmware/src/main.rs:362)
9.000828 [INFO ] [STARTUP] core1 enter 964146 (octowhere firmware/src/main.rs:362)
9.000868 [INFO ] [STARTUP] bring_up enter 967616 (octowhere firmware/src/main.rs:362)
9.000911 [INFO ] [STARTUP] frame_loop first 967816 (octowhere firmware/src/main.rs:362)
9.000955 [INFO ] [STARTUP] frame_loop drawn 986955 (octowhere firmware/src/main.rs:362)
9.001056 [INFO ] [STARTUP] i2c powered 1047770 (octowhere firmware/src/main.rs:362)
9.001096 [INFO ] [STARTUP] POWER start 1048217 (octowhere firmware/src/main.rs:362)
9.001143 [INFO ] [STARTUP] POWER answered 1050062 (octowhere firmware/src/main.rs:362)
9.001186 [INFO ] [STARTUP] exio reset 1071810 (octowhere firmware/src/main.rs:362)
9.001225 [INFO ] [STARTUP] CLOCK start 1071987 (octowhere firmware/src/main.rs:362)
9.001266 [INFO ] [STARTUP] TOUCH start 1072085 (octowhere firmware/src/main.rs:362)
9.001306 [INFO ] [STARTUP] MOTION start 1072133 (octowhere firmware/src/main.rs:362)
9.001347 [INFO ] [STARTUP] MAGNET start 1072223 (octowhere firmware/src/main.rs:362)
9.001389 [INFO ] [STARTUP] gnss-settle end 1072312 (octowhere firmware/src/main.rs:362)
9.001437 [INFO ] [STARTUP] CLOCK answered 1072842 (octowhere firmware/src/main.rs:362)
9.001480 [INFO ] [STARTUP] TOUCH answered 1183394 (octowhere firmware/src/main.rs:362)
9.001522 [INFO ] [STARTUP] MAGNET answered 1216306 (octowhere firmware/src/main.rs:362)
9.001566 [INFO ] [STARTUP] MOTION answered 1224344 (octowhere firmware/src/main.rs:362)
9.001609 [INFO ] [STARTUP] GNSS start 1224482 (octowhere firmware/src/main.rs:362)
9.001648 [INFO ] [STARTUP] display up 1226941 (octowhere firmware/src/main.rs:362)
9.001687 [INFO ] [STARTUP] flush0 start 1226971 (octowhere firmware/src/main.rs:362)
9.001728 [INFO ] [STARTUP] GNSS answered 1235337 (octowhere firmware/src/main.rs:362)
9.001770 [INFO ] [STARTUP] RADIO start 1235534 (octowhere firmware/src/main.rs:362)
9.001810 [INFO ] [STARTUP] RADIO answered 1238263 (octowhere firmware/src/main.rs:362)
9.001853 [INFO ] [STARTUP] flush0 end 1240231 (octowhere firmware/src/main.rs:362)
9.001892 [INFO ] [STARTUP] flush1 start 1240340 (octowhere firmware/src/main.rs:362)
9.001934 [INFO ] [STARTUP] bring_up exit 1283164 (octowhere firmware/src/main.rs:362)
9.002053 [INFO ] [STARTUP] frame_loop handed 1283370 (octowhere firmware/src/main.rs:362)
9.002098 [INFO ] [STARTUP] flush1 end 1295570 (octowhere firmware/src/main.rs:362)
9.002137 [INFO ] [STARTUP] panel lit 1307829 (octowhere firmware/src/main.rs:362)
9.002176 [INFO ] [STARTUP] GNSS-config end 1936715 (octowhere firmware/src/main.rs:362)
9.002218 [INFO ] [STARTUP] startup over 6433251 (octowhere firmware/src/main.rs:362)
9.002259 [INFO ] [STARTUP] done (octowhere firmware/src/main.rs:364)
