[2026-10-08T21:03:38Z INFO ] Serial port: '/dev/ttyACM3'
[2026-10-08T21:03:38Z INFO ] Connecting...
[2026-10-08T21:03:38Z INFO ] Using flash stub
I (273) esp_image: segment 3: paddr=000ba470 vaddr=00000000 size1.947880 [INFO ] [GNSS] configured=true (octowhere firmware/src/main.rs:1415)
1.981963 [INFO ] [GNSS] reference time 2026-10-08 21:03:38 sent=true (octowhere firmware/src/main.rs:2715)
9.000137 [INFO ] [STARTUP] board 1a38 (octowhere firmware/src/main.rs:341)
9.000174 [INFO ] [STARTUP] reset power_on=true (octowhere firmware/src/main.rs:342)
9.000196 [INFO ] [STARTUP] mesh generation=20 members=0x3 kept=0x0 stored=0xf (octowhere firmware/src/main.rs:345)
9.000237 [INFO ] [STARTUP] load-group read 648154 (octowhere firmware/src/main.rs:355)
9.000274 [INFO ] [STARTUP] load-members read 796938 (octowhere firmware/src/main.rs:355)
9.000310 [INFO ] [STARTUP] load-restored read 797023 (octowhere firmware/src/main.rs:355)
9.000347 [INFO ] [STARTUP] load-rest read 810786 (octowhere firmware/src/main.rs:355)
9.000374 [INFO ] [STARTUP] load-kept read 921582 (octowhere firmware/src/main.rs:355)
9.000402 [INFO ] [STARTUP] main enter 593111 (octowhere firmware/src/main.rs:362)
9.000447 [INFO ] [STARTUP] esp_hal init 597884 (octowhere firmware/src/main.rs:362)
9.000488 [INFO ] [STARTUP] psram ready 604700 (octowhere firmware/src/main.rs:362)
9.000528 [INFO ] [STARTUP] settings loaded 647248 (octowhere firmware/src/main.rs:362)
9.000572 [INFO ] [STARTUP] trng on 647352 (octowhere firmware/src/main.rs:362)
9.000609 [INFO ] [STARTUP] mesh-store read 921625 (octowhere firmware/src/main.rs:362)
9.000652 [INFO ] [STARTUP] identity made 944909 (octowhere firmware/src/main.rs:362)
9.000693 [INFO ] [STARTUP] mesh-store loaded 946126 (octowhere firmware/src/main.rs:362)
9.000744 [INFO ] [STARTUP] core1 starting 946485 (octowhere firmware/src/main.rs:362)
9.000842 [INFO ] [STARTUP] core1 started 963913 (octowhere firmware/src/main.rs:362)
9.000884 [INFO ] [STARTUP] core1 enter 964146 (octowhere firmware/src/main.rs:362)
9.000925 [INFO ] [STARTUP] bring_up enter 967615 (octowhere firmware/src/main.rs:362)
9.000967 [INFO ] [STARTUP] frame_loop first 967816 (octowhere firmware/src/main.rs:362)
9.001011 [INFO ] [STARTUP] frame_loop drawn 986954 (octowhere firmware/src/main.rs:362)
9.001055 [INFO ] [STARTUP] i2c powered 1047769 (octowhere firmware/src/main.rs:362)
9.001095 [INFO ] [STARTUP] POWER start 1048217 (octowhere firmware/src/main.rs:362)
9.001142 [INFO ] [STARTUP] POWER answered 1050062 (octowhere firmware/src/main.rs:362)
9.001184 [INFO ] [STARTUP] exio reset 1071809 (octowhere firmware/src/main.rs:362)
9.001224 [INFO ] [STARTUP] CLOCK start 1071986 (octowhere firmware/src/main.rs:362)
9.001264 [INFO ] [STARTUP] TOUCH start 1072084 (octowhere firmware/src/main.rs:362)
9.001305 [INFO ] [STARTUP] MOTION start 1072132 (octowhere firmware/src/main.rs:362)
9.001346 [INFO ] [STARTUP] MAGNET start 1072222 (octowhere firmware/src/main.rs:362)
9.001387 [INFO ] [STARTUP] gnss-settle end 1072310 (octowhere firmware/src/main.rs:362)
9.001436 [INFO ] [STARTUP] CLOCK answered 1072841 (octowhere firmware/src/main.rs:362)
9.001479 [INFO ] [STARTUP] TOUCH answered 1183392 (octowhere firmware/src/main.rs:362)
9.001521 [INFO ] [STARTUP] MAGNET answered 1216295 (octowhere firmware/src/main.rs:362)
9.001564 [INFO ] [STARTUP] MOTION answered 1224352 (octowhere firmware/src/main.rs:362)
9.001608 [INFO ] [STARTUP] GNSS start 1224492 (octowhere firmware/src/main.rs:362)
9.001647 [INFO ] [STARTUP] display up 1226927 (octowhere firmware/src/main.rs:362)
9.001686 [INFO ] [STARTUP] flush0 start 1226957 (octowhere firmware/src/main.rs:362)
9.001727 [INFO ] [STARTUP] GNSS answered 1235341 (octowhere firmware/src/main.rs:362)
9.001841 [INFO ] [STARTUP] RADIO start 1235540 (octowhere firmware/src/main.rs:362)
9.001882 [INFO ] [STARTUP] RADIO answered 1238273 (octowhere firmware/src/main.rs:362)
9.001925 [INFO ] [STARTUP] flush0 end 1240166 (octowhere firmware/src/main.rs:362)
9.001964 [INFO ] [STARTUP] flush1 start 1240276 (octowhere firmware/src/main.rs:362)
9.002005 [INFO ] [STARTUP] bring_up exit 1283167 (octowhere firmware/src/main.rs:362)
9.002047 [INFO ] [STARTUP] frame_loop handed 1283374 (octowhere firmware/src/main.rs:362)
9.002097 [INFO ] [STARTUP] flush1 end 1295571 (octowhere firmware/src/main.rs:362)
9.002137 [INFO ] [STARTUP] panel lit 1307831 (octowhere firmware/src/main.rs:362)
9.002175 [INFO ] [STARTUP] GNSS-config end 1947921 (octowhere firmware/src/main.rs:362)
9.002218 [INFO ] [STARTUP] startup over 6432608 (octowhere firmware/src/main.rs:362)
9.002259 [INFO ] [STARTUP] done (octowhere firmware/src/main.rs:364)
