[2026-10-08T21:05:40Z INFO ] Serial port: '/dev/ttyACM2'
[2026-10-08T21:05:40Z INFO ] Connecting...
[2026-10-08T21:05:40Z INFO ] Using flash stub
I (579) boot: Loaded app from partition at offset 0x10000

1.870991 [INFO ] [GNSS] configured=true (octowhere firmware/src/main.rs:1415)
1.905016 [INFO ] [GNSS] reference time 2026-10-08 21:05:40 sent=true (octowhere firmware/src/main.rs:2715)
9.000137 [INFO ] [STARTUP] board 1c1c (octowhere firmware/src/main.rs:341)
9.000181 [INFO ] [STARTUP] reset power_on=true (octowhere firmware/src/main.rs:342)
9.000205 [INFO ] [STARTUP] mesh generation=20 members=0x3 kept=0x0 stored=0xf (octowhere firmware/src/main.rs:345)
9.000246 [INFO ] [STARTUP] load-group read 642170 (octowhere firmware/src/main.rs:355)
9.000282 [INFO ] [STARTUP] load-members read 784237 (octowhere firmware/src/main.rs:355)
9.000314 [INFO ] [STARTUP] load-restored read 784320 (octowhere firmware/src/main.rs:355)
9.000346 [INFO ] [STARTUP] load-rest read 796672 (octowhere firmware/src/main.rs:355)
9.000376 [INFO ] [STARTUP] load-kept read 855821 (octowhere firmware/src/main.rs:355)
9.000406 [INFO ] [STARTUP] main enter 593164 (octowhere firmware/src/main.rs:362)
9.000457 [INFO ] [STARTUP] esp_hal init 597923 (octowhere firmware/src/main.rs:362)
9.000509 [INFO ] [STARTUP] psram ready 604739 (octowhere firmware/src/main.rs:362)
9.000563 [INFO ] [STARTUP] settings loaded 641420 (octowhere firmware/src/main.rs:362)
9.000620 [INFO ] [STARTUP] trng on 641523 (octowhere firmware/src/main.rs:362)
9.000690 [INFO ] [STARTUP] mesh-store read 855863 (octowhere firmware/src/main.rs:362)
9.000746 [INFO ] [STARTUP] identity made 879148 (octowhere firmware/src/main.rs:362)
9.000798 [INFO ] [STARTUP] mesh-store loaded 880365 (octowhere firmware/src/main.rs:362)
9.000844 [INFO ] [STARTUP] core1 starting 880716 (octowhere firmware/src/main.rs:362)
9.000898 [INFO ] [STARTUP] core1 started 898144 (octowhere firmware/src/main.rs:362)
9.000961 [INFO ] [STARTUP] core1 enter 898376 (octowhere firmware/src/main.rs:362)
9.001015 [INFO ] [STARTUP] bring_up enter 901846 (octowhere firmware/src/main.rs:362)
9.001078 [INFO ] [STARTUP] frame_loop first 902047 (octowhere firmware/src/main.rs:362)
9.001134 [INFO ] [STARTUP] frame_loop drawn 921185 (octowhere firmware/src/main.rs:362)
9.001204 [INFO ] [STARTUP] i2c powered 982000 (octowhere firmware/src/main.rs:362)
9.001255 [INFO ] [STARTUP] POWER start 982448 (octowhere firmware/src/main.rs:362)
9.001326 [INFO ] [STARTUP] POWER answered 984292 (octowhere firmware/src/main.rs:362)
9.001379 [INFO ] [STARTUP] exio reset 1006040 (octowhere firmware/src/main.rs:362)
9.001449 [INFO ] [STARTUP] CLOCK start 1006217 (octowhere firmware/src/main.rs:362)
9.001501 [INFO ] [STARTUP] TOUCH start 1006315 (octowhere firmware/src/main.rs:362)
9.001578 [INFO ] [STARTUP] MOTION start 1006363 (octowhere firmware/src/main.rs:362)
9.001694 [INFO ] [STARTUP] MAGNET start 1006453 (octowhere firmware/src/main.rs:362)
9.001748 [INFO ] [STARTUP] gnss-settle end 1006542 (octowhere firmware/src/main.rs:362)
9.001815 [INFO ] [STARTUP] CLOCK answered 1007072 (octowhere firmware/src/main.rs:362)
9.001870 [INFO ] [STARTUP] TOUCH answered 1117623 (octowhere firmware/src/main.rs:362)
9.001924 [INFO ] [STARTUP] MAGNET answered 1150540 (octowhere firmware/src/main.rs:362)
9.001978 [INFO ] [STARTUP] MOTION answered 1158574 (octowhere firmware/src/main.rs:362)
9.002034 [INFO ] [STARTUP] GNSS start 1158712 (octowhere firmware/src/main.rs:362)
9.002086 [INFO ] [STARTUP] display up 1161172 (octowhere firmware/src/main.rs:362)
9.002137 [INFO ] [STARTUP] flush0 start 1161202 (octowhere firmware/src/main.rs:362)
9.002197 [INFO ] [STARTUP] GNSS answered 1169568 (octowhere firmware/src/main.rs:362)
9.002253 [INFO ] [STARTUP] RADIO start 1169765 (octowhere firmware/src/main.rs:362)
9.002325 [INFO ] [STARTUP] RADIO answered 1172495 (octowhere firmware/src/main.rs:362)
9.002379 [INFO ] [STARTUP] flush0 end 1174461 (octowhere firmware/src/main.rs:362)
9.002449 [INFO ] [STARTUP] flush1 start 1174570 (octowhere firmware/src/main.rs:362)
9.002502 [INFO ] [STARTUP] bring_up exit 1217395 (octowhere firmware/src/main.rs:362)
9.002578 [INFO ] [STARTUP] frame_loop handed 1217601 (octowhere firmware/src/main.rs:362)
9.002697 [INFO ] [STARTUP] flush1 end 1229760 (octowhere firmware/src/main.rs:362)
9.002748 [INFO ] [STARTUP] panel lit 1242032 (octowhere firmware/src/main.rs:362)
9.002811 [INFO ] [STARTUP] GNSS-config end 1871023 (octowhere firmware/src/main.rs:362)
9.002866 [INFO ] [STARTUP] startup over 6363715 (octowhere firmware/src/main.rs:362)
9.002922 [INFO ] [STARTUP] done (octowhere firmware/src/main.rs:364)
