[2026-10-08T21:05:14Z INFO ] Serial port: '/dev/ttyACM2'
[2026-10-08T21:05:14Z INFO ] Connecting...
[2026-10-08T21:05:14Z INFO ] Using flash stub
I (579) boot: Loaded app from partition at offset 0x10000

1.871786 [INFO ] [GNSS] configured=true (octowhere firmware/src/main.rs:1415)
1.905811 [INFO ] [GNSS] reference time 2026-10-08 21:05:13 sent=true (octowhere firmware/src/main.rs:2715)
9.000137 [INFO ] [STARTUP] board 1c1c (octowhere firmware/src/main.rs:341)
9.000179 [INFO ] [STARTUP] reset power_on=true (octowhere firmware/src/main.rs:342)
9.000204 [INFO ] [STARTUP] mesh generation=20 members=0x3 kept=0x0 stored=0xf (octowhere firmware/src/main.rs:345)
9.000245 [INFO ] [STARTUP] load-group read 642172 (octowhere firmware/src/main.rs:355)
9.000285 [INFO ] [STARTUP] load-members read 784239 (octowhere firmware/src/main.rs:355)
9.000317 [INFO ] [STARTUP] load-restored read 784322 (octowhere firmware/src/main.rs:355)
9.000382 [INFO ] [STARTUP] load-rest read 796673 (octowhere firmware/src/main.rs:355)
9.000412 [INFO ] [STARTUP] load-kept read 855822 (octowhere firmware/src/main.rs:355)
9.000442 [INFO ] [STARTUP] main enter 593166 (octowhere firmware/src/main.rs:362)
9.000508 [INFO ] [STARTUP] esp_hal init 597924 (octowhere firmware/src/main.rs:362)
9.000561 [INFO ] [STARTUP] psram ready 604741 (octowhere firmware/src/main.rs:362)
9.000627 [INFO ] [STARTUP] settings loaded 641421 (octowhere firmware/src/main.rs:362)
9.000681 [INFO ] [STARTUP] trng on 641525 (octowhere firmware/src/main.rs:362)
9.000749 [INFO ] [STARTUP] mesh-store read 855865 (octowhere firmware/src/main.rs:362)
9.000805 [INFO ] [STARTUP] identity made 879150 (octowhere firmware/src/main.rs:362)
9.000877 [INFO ] [STARTUP] mesh-store loaded 880367 (octowhere firmware/src/main.rs:362)
9.000933 [INFO ] [STARTUP] core1 starting 880718 (octowhere firmware/src/main.rs:362)
9.001006 [INFO ] [STARTUP] core1 started 898145 (octowhere firmware/src/main.rs:362)
9.001121 [INFO ] [STARTUP] core1 enter 898378 (octowhere firmware/src/main.rs:362)
9.001175 [INFO ] [STARTUP] bring_up enter 901848 (octowhere firmware/src/main.rs:362)
9.001242 [INFO ] [STARTUP] frame_loop first 902048 (octowhere firmware/src/main.rs:362)
9.001298 [INFO ] [STARTUP] frame_loop drawn 921186 (octowhere firmware/src/main.rs:362)
9.001374 [INFO ] [STARTUP] i2c powered 982002 (octowhere firmware/src/main.rs:362)
9.001425 [INFO ] [STARTUP] POWER start 982450 (octowhere firmware/src/main.rs:362)
9.001498 [INFO ] [STARTUP] POWER answered 984295 (octowhere firmware/src/main.rs:362)
9.001551 [INFO ] [STARTUP] exio reset 1006042 (octowhere firmware/src/main.rs:362)
9.001613 [INFO ] [STARTUP] CLOCK start 1006219 (octowhere firmware/src/main.rs:362)
9.001666 [INFO ] [STARTUP] TOUCH start 1006317 (octowhere firmware/src/main.rs:362)
9.001719 [INFO ] [STARTUP] MOTION start 1006365 (octowhere firmware/src/main.rs:362)
9.001772 [INFO ] [STARTUP] MAGNET start 1006455 (octowhere firmware/src/main.rs:362)
9.001827 [INFO ] [STARTUP] gnss-settle end 1006543 (octowhere firmware/src/main.rs:362)
9.001886 [INFO ] [STARTUP] CLOCK answered 1007074 (octowhere firmware/src/main.rs:362)
9.001939 [INFO ] [STARTUP] TOUCH answered 1117626 (octowhere firmware/src/main.rs:362)
9.002000 [INFO ] [STARTUP] MAGNET answered 1150530 (octowhere firmware/src/main.rs:362)
9.002113 [INFO ] [STARTUP] MOTION answered 1158581 (octowhere firmware/src/main.rs:362)
9.002169 [INFO ] [STARTUP] GNSS start 1158721 (octowhere firmware/src/main.rs:362)
9.002221 [INFO ] [STARTUP] display up 1161162 (octowhere firmware/src/main.rs:362)
9.002262 [INFO ] [STARTUP] flush0 start 1161192 (octowhere firmware/src/main.rs:362)
9.002315 [INFO ] [STARTUP] GNSS answered 1169576 (octowhere firmware/src/main.rs:362)
9.002372 [INFO ] [STARTUP] RADIO start 1169773 (octowhere firmware/src/main.rs:362)
9.002426 [INFO ] [STARTUP] RADIO answered 1172510 (octowhere firmware/src/main.rs:362)
9.002504 [INFO ] [STARTUP] flush0 end 1174408 (octowhere firmware/src/main.rs:362)
9.002556 [INFO ] [STARTUP] flush1 start 1174518 (octowhere firmware/src/main.rs:362)
9.002628 [INFO ] [STARTUP] bring_up exit 1217407 (octowhere firmware/src/main.rs:362)
9.002682 [INFO ] [STARTUP] frame_loop handed 1217613 (octowhere firmware/src/main.rs:362)
9.002756 [INFO ] [STARTUP] flush1 end 1229772 (octowhere firmware/src/main.rs:362)
9.002807 [INFO ] [STARTUP] panel lit 1242043 (octowhere firmware/src/main.rs:362)
9.002875 [INFO ] [STARTUP] GNSS-config end 1871818 (octowhere firmware/src/main.rs:362)
9.002930 [INFO ] [STARTUP] startup over 6363032 (octowhere firmware/src/main.rs:362)
9.003004 [INFO ] [STARTUP] done (octowhere firmware/src/main.rs:364)
11.521030 [INFO ] [MESH] heard id=0 timebase=Node(0) hops=0 taken=Adopted late_us=None len=105 rssi=-31 snr=6 entries=0 new=0 neighbours=0x00000002 messages=0/0 summary=false (octowhere_node octowhere-node/src/node.rs:1686)
11.521492 [INFO ] [MESH] timebase root=0 hops=1 (octowhere_node octowhere-node/src/node.rs:2943)
11.865228 [INFO ] [MESH] sent round=39810967 len=105 entries=0 records=0x00000000 asked=0x00000000 neighbours=0x00000001 messages=0 summary=false done=true (octowhere_node octowhere-node/src/node.rs:1827)
