[2026-10-08T21:05:01Z INFO ] Serial port: '/dev/ttyACM2'
[2026-10-08T21:05:01Z INFO ] Connecting...
[2026-10-08T21:05:01Z INFO ] Using flash stub
I (263) esp_image: segment 1: paddr=000b2e6c vaddr=3fc8bf08 size1.861339 [INFO ] [GNSS] configured=true (octowhere firmware/src/main.rs:1415)
1.894913 [INFO ] [GNSS] reference time 2026-10-08 21:05:00 sent=true (octowhere firmware/src/main.rs:2715)
9.000136 [INFO ] [STARTUP] board 1c1c (octowhere firmware/src/main.rs:341)
9.000169 [INFO ] [STARTUP] reset power_on=true (octowhere firmware/src/main.rs:342)
9.000188 [INFO ] [STARTUP] mesh generation=20 members=0x3 kept=0x0 stored=0xf (octowhere firmware/src/main.rs:345)
9.000229 [INFO ] [STARTUP] load-group read 642101 (octowhere firmware/src/main.rs:355)
9.000270 [INFO ] [STARTUP] load-members read 784169 (octowhere firmware/src/main.rs:355)
9.000306 [INFO ] [STARTUP] load-restored read 784251 (octowhere firmware/src/main.rs:355)
9.000344 [INFO ] [STARTUP] load-rest read 796603 (octowhere firmware/src/main.rs:355)
9.000396 [INFO ] [STARTUP] load-kept read 855752 (octowhere firmware/src/main.rs:355)
9.000432 [INFO ] [STARTUP] main enter 593095 (octowhere firmware/src/main.rs:362)
9.000519 [INFO ] [STARTUP] esp_hal init 597854 (octowhere firmware/src/main.rs:362)
9.000561 [INFO ] [STARTUP] psram ready 604670 (octowhere firmware/src/main.rs:362)
9.000603 [INFO ] [STARTUP] settings loaded 641351 (octowhere firmware/src/main.rs:362)
9.000656 [INFO ] [STARTUP] trng on 641454 (octowhere firmware/src/main.rs:362)
9.000694 [INFO ] [STARTUP] mesh-store read 855794 (octowhere firmware/src/main.rs:362)
9.000744 [INFO ] [STARTUP] identity made 879079 (octowhere firmware/src/main.rs:362)
9.000784 [INFO ] [STARTUP] mesh-store loaded 880296 (octowhere firmware/src/main.rs:362)
9.000829 [INFO ] [STARTUP] core1 starting 880647 (octowhere firmware/src/main.rs:362)
9.000871 [INFO ] [STARTUP] core1 started 898075 (octowhere firmware/src/main.rs:362)
9.000913 [INFO ] [STARTUP] core1 enter 898308 (octowhere firmware/src/main.rs:362)
9.000953 [INFO ] [STARTUP] bring_up enter 901778 (octowhere firmware/src/main.rs:362)
9.000998 [INFO ] [STARTUP] frame_loop first 901978 (octowhere firmware/src/main.rs:362)
9.001043 [INFO ] [STARTUP] frame_loop drawn 921116 (octowhere firmware/src/main.rs:362)
9.001087 [INFO ] [STARTUP] i2c powered 981931 (octowhere firmware/src/main.rs:362)
9.001126 [INFO ] [STARTUP] POWER start 982378 (octowhere firmware/src/main.rs:362)
9.001177 [INFO ] [STARTUP] POWER answered 984223 (octowhere firmware/src/main.rs:362)
9.001220 [INFO ] [STARTUP] exio reset 1005969 (octowhere firmware/src/main.rs:362)
9.001275 [INFO ] [STARTUP] CLOCK start 1006146 (octowhere firmware/src/main.rs:362)
9.001316 [INFO ] [STARTUP] TOUCH start 1006244 (octowhere firmware/src/main.rs:362)
9.001358 [INFO ] [STARTUP] MOTION start 1006292 (octowhere firmware/src/main.rs:362)
9.001404 [INFO ] [STARTUP] MAGNET start 1006382 (octowhere firmware/src/main.rs:362)
9.001447 [INFO ] [STARTUP] gnss-settle end 1006470 (octowhere firmware/src/main.rs:362)
9.001523 [INFO ] [STARTUP] CLOCK answered 1007001 (octowhere firmware/src/main.rs:362)
9.001567 [INFO ] [STARTUP] TOUCH answered 1117552 (octowhere firmware/src/main.rs:362)
9.001610 [INFO ] [STARTUP] MAGNET answered 1150457 (octowhere firmware/src/main.rs:362)
9.001656 [INFO ] [STARTUP] MOTION answered 1158511 (octowhere firmware/src/main.rs:362)
9.001700 [INFO ] [STARTUP] GNSS start 1158652 (octowhere firmware/src/main.rs:362)
9.001740 [INFO ] [STARTUP] display up 1161089 (octowhere firmware/src/main.rs:362)
9.001782 [INFO ] [STARTUP] flush0 start 1161118 (octowhere firmware/src/main.rs:362)
9.001823 [INFO ] [STARTUP] GNSS answered 1169503 (octowhere firmware/src/main.rs:362)
9.001865 [INFO ] [STARTUP] RADIO start 1169701 (octowhere firmware/src/main.rs:362)
9.001912 [INFO ] [STARTUP] RADIO answered 1172426 (octowhere firmware/src/main.rs:362)
9.001956 [INFO ] [STARTUP] flush0 end 1174351 (octowhere firmware/src/main.rs:362)
9.001995 [INFO ] [STARTUP] flush1 start 1174460 (octowhere firmware/src/main.rs:362)
9.002038 [INFO ] [STARTUP] bring_up exit 1217332 (octowhere firmware/src/main.rs:362)
9.002079 [INFO ] [STARTUP] frame_loop handed 1217538 (octowhere firmware/src/main.rs:362)
9.002125 [INFO ] [STARTUP] flush1 end 1229697 (octowhere firmware/src/main.rs:362)
9.002166 [INFO ] [STARTUP] panel lit 1241969 (octowhere firmware/src/main.rs:362)
9.002205 [INFO ] [STARTUP] GNSS-config end 1861370 (octowhere firmware/src/main.rs:362)
9.002248 [INFO ] [STARTUP] startup over 6374453 (octowhere firmware/src/main.rs:362)
9.002290 [INFO ] [STARTUP] done (octowhere firmware/src/main.rs:364)
