[2026-10-08T21:05:27Z INFO ] Serial port: '/dev/ttyACM2'
[2026-10-08T21:05:27Z INFO ] Connecting...
[2026-10-08T21:05:27Z INFO ] Using flash stub
I (577) boot: Loaded app from partition at offset 0x10000

1.869391 [INFO ] [GNSS] configured=true (octowhere firmware/src/main.rs:1415)
1.903317 [INFO ] [GNSS] reference time 2026-10-08 21:05:26 sent=true (octowhere firmware/src/main.rs:2715)
9.000138 [INFO ] [STARTUP] board 1c1c (octowhere firmware/src/main.rs:341)
9.000197 [INFO ] [STARTUP] reset power_on=true (octowhere firmware/src/main.rs:342)
9.000221 [INFO ] [STARTUP] mesh generation=20 members=0x3 kept=0x0 stored=0xf (octowhere firmware/src/main.rs:345)
9.000262 [INFO ] [STARTUP] load-group read 639797 (octowhere firmware/src/main.rs:355)
9.000297 [INFO ] [STARTUP] load-members read 781864 (octowhere firmware/src/main.rs:355)
9.000334 [INFO ] [STARTUP] load-restored read 781947 (octowhere firmware/src/main.rs:355)
9.000367 [INFO ] [STARTUP] load-rest read 794298 (octowhere firmware/src/main.rs:355)
9.000397 [INFO ] [STARTUP] load-kept read 853447 (octowhere firmware/src/main.rs:355)
9.000427 [INFO ] [STARTUP] main enter 590791 (octowhere firmware/src/main.rs:362)
9.000478 [INFO ] [STARTUP] esp_hal init 595550 (octowhere firmware/src/main.rs:362)
9.000530 [INFO ] [STARTUP] psram ready 602366 (octowhere firmware/src/main.rs:362)
9.000594 [INFO ] [STARTUP] settings loaded 639046 (octowhere firmware/src/main.rs:362)
9.000648 [INFO ] [STARTUP] trng on 639150 (octowhere firmware/src/main.rs:362)
9.000711 [INFO ] [STARTUP] mesh-store read 853490 (octowhere firmware/src/main.rs:362)
9.000768 [INFO ] [STARTUP] identity made 876775 (octowhere firmware/src/main.rs:362)
9.000840 [INFO ] [STARTUP] mesh-store loaded 877992 (octowhere firmware/src/main.rs:362)
9.000899 [INFO ] [STARTUP] core1 starting 878343 (octowhere firmware/src/main.rs:362)
9.000967 [INFO ] [STARTUP] core1 started 895771 (octowhere firmware/src/main.rs:362)
9.001021 [INFO ] [STARTUP] core1 enter 896003 (octowhere firmware/src/main.rs:362)
9.001092 [INFO ] [STARTUP] bring_up enter 899473 (octowhere firmware/src/main.rs:362)
9.001210 [INFO ] [STARTUP] frame_loop first 899673 (octowhere firmware/src/main.rs:362)
9.001266 [INFO ] [STARTUP] frame_loop drawn 918812 (octowhere firmware/src/main.rs:362)
9.001331 [INFO ] [STARTUP] i2c powered 979626 (octowhere firmware/src/main.rs:362)
9.001382 [INFO ] [STARTUP] POWER start 980074 (octowhere firmware/src/main.rs:362)
9.001436 [INFO ] [STARTUP] POWER answered 981919 (octowhere firmware/src/main.rs:362)
9.001492 [INFO ] [STARTUP] exio reset 1003665 (octowhere firmware/src/main.rs:362)
9.001544 [INFO ] [STARTUP] CLOCK start 1003842 (octowhere firmware/src/main.rs:362)
9.001599 [INFO ] [STARTUP] TOUCH start 1003940 (octowhere firmware/src/main.rs:362)
9.001651 [INFO ] [STARTUP] MOTION start 1003988 (octowhere firmware/src/main.rs:362)
9.001712 [INFO ] [STARTUP] MAGNET start 1004078 (octowhere firmware/src/main.rs:362)
9.001767 [INFO ] [STARTUP] gnss-settle end 1004167 (octowhere firmware/src/main.rs:362)
9.001842 [INFO ] [STARTUP] CLOCK answered 1004697 (octowhere firmware/src/main.rs:362)
9.001897 [INFO ] [STARTUP] TOUCH answered 1115248 (octowhere firmware/src/main.rs:362)
9.001967 [INFO ] [STARTUP] MAGNET answered 1148155 (octowhere firmware/src/main.rs:362)
9.002023 [INFO ] [STARTUP] MOTION answered 1156204 (octowhere firmware/src/main.rs:362)
9.002095 [INFO ] [STARTUP] GNSS start 1156344 (octowhere firmware/src/main.rs:362)
9.002206 [INFO ] [STARTUP] display up 1158787 (octowhere firmware/src/main.rs:362)
9.002259 [INFO ] [STARTUP] flush0 start 1158816 (octowhere firmware/src/main.rs:362)
9.002312 [INFO ] [STARTUP] GNSS answered 1167200 (octowhere firmware/src/main.rs:362)
9.002355 [INFO ] [STARTUP] RADIO start 1167397 (octowhere firmware/src/main.rs:362)
9.002406 [INFO ] [STARTUP] RADIO answered 1170133 (octowhere firmware/src/main.rs:362)
9.002477 [INFO ] [STARTUP] flush0 end 1172026 (octowhere firmware/src/main.rs:362)
9.002528 [INFO ] [STARTUP] flush1 start 1172135 (octowhere firmware/src/main.rs:362)
9.002587 [INFO ] [STARTUP] bring_up exit 1215025 (octowhere firmware/src/main.rs:362)
9.002641 [INFO ] [STARTUP] frame_loop handed 1215231 (octowhere firmware/src/main.rs:362)
9.002719 [INFO ] [STARTUP] flush1 end 1227390 (octowhere firmware/src/main.rs:362)
9.002769 [INFO ] [STARTUP] panel lit 1239662 (octowhere firmware/src/main.rs:362)
9.002838 [INFO ] [STARTUP] GNSS-config end 1869421 (octowhere firmware/src/main.rs:362)
9.002893 [INFO ] [STARTUP] startup over 6364043 (octowhere firmware/src/main.rs:362)
9.002965 [INFO ] [STARTUP] done (octowhere firmware/src/main.rs:364)
