[2026-10-08T21:05:53Z INFO ] Serial port: '/dev/ttyACM2'
[2026-10-08T21:05:53Z INFO ] Connecting...
[2026-10-08T21:05:53Z INFO ] Using flash stub
I (577) boot: Loaded app from partition at offset 0x10000

1.868729 [INFO ] [GNSS] configured=true (octowhere firmware/src/main.rs:1415)
1.902535 [INFO ] [GNSS] reference time 2026-10-08 21:05:53 sent=true (octowhere firmware/src/main.rs:2715)
7.318745 [INFO ] [MESH] heard id=0 timebase=Node(0) hops=0 taken=Adopted late_us=None len=105 rssi=-31 snr=7 entries=0 new=0 neighbours=0x00000002 messages=0/0 summary=false (octowhere_node octowhere-node/src/node.rs:1686)
7.319195 [INFO ] [MESH] timebase root=0 hops=1 (octowhere_node octowhere-node/src/node.rs:2943)
7.773029 [INFO ] [MESH] sent round=39810967 len=105 entries=0 records=0x00000000 asked=0x00000000 neighbours=0x00000001 messages=0 summary=false done=true (octowhere_node octowhere-node/src/node.rs:1827)
9.000136 [INFO ] [STARTUP] board 1c1c (octowhere firmware/src/main.rs:341)
9.000178 [INFO ] [STARTUP] reset power_on=true (octowhere firmware/src/main.rs:342)
9.000202 [INFO ] [STARTUP] mesh generation=20 members=0x3 kept=0x0 stored=0xf (octowhere firmware/src/main.rs:345)
9.000243 [INFO ] [STARTUP] load-group read 639797 (octowhere firmware/src/main.rs:355)
9.000280 [INFO ] [STARTUP] load-members read 781864 (octowhere firmware/src/main.rs:355)
9.000313 [INFO ] [STARTUP] load-restored read 781947 (octowhere firmware/src/main.rs:355)
9.000369 [INFO ] [STARTUP] load-rest read 794299 (octowhere firmware/src/main.rs:355)
9.000399 [INFO ] [STARTUP] load-kept read 853448 (octowhere firmware/src/main.rs:355)
9.000429 [INFO ] [STARTUP] main enter 590791 (octowhere firmware/src/main.rs:362)
9.000500 [INFO ] [STARTUP] esp_hal init 595550 (octowhere firmware/src/main.rs:362)
9.000553 [INFO ] [STARTUP] psram ready 602366 (octowhere firmware/src/main.rs:362)
9.000614 [INFO ] [STARTUP] settings loaded 639047 (octowhere firmware/src/main.rs:362)
9.000671 [INFO ] [STARTUP] trng on 639150 (octowhere firmware/src/main.rs:362)
9.000741 [INFO ] [STARTUP] mesh-store read 853490 (octowhere firmware/src/main.rs:362)
9.000795 [INFO ] [STARTUP] identity made 876775 (octowhere firmware/src/main.rs:362)
9.000847 [INFO ] [STARTUP] mesh-store loaded 877992 (octowhere firmware/src/main.rs:362)
9.000893 [INFO ] [STARTUP] core1 starting 878343 (octowhere firmware/src/main.rs:362)
9.000948 [INFO ] [STARTUP] core1 started 895771 (octowhere firmware/src/main.rs:362)
9.001012 [INFO ] [STARTUP] core1 enter 896003 (octowhere firmware/src/main.rs:362)
9.001066 [INFO ] [STARTUP] bring_up enter 899473 (octowhere firmware/src/main.rs:362)
9.001129 [INFO ] [STARTUP] frame_loop first 899674 (octowhere firmware/src/main.rs:362)
9.001185 [INFO ] [STARTUP] frame_loop drawn 918812 (octowhere firmware/src/main.rs:362)
9.001255 [INFO ] [STARTUP] i2c powered 979627 (octowhere firmware/src/main.rs:362)
9.001305 [INFO ] [STARTUP] POWER start 980075 (octowhere firmware/src/main.rs:362)
9.001376 [INFO ] [STARTUP] POWER answered 981919 (octowhere firmware/src/main.rs:362)
9.001430 [INFO ] [STARTUP] exio reset 1003667 (octowhere firmware/src/main.rs:362)
9.001500 [INFO ] [STARTUP] CLOCK start 1003845 (octowhere firmware/src/main.rs:362)
9.001552 [INFO ] [STARTUP] TOUCH start 1003943 (octowhere firmware/src/main.rs:362)
9.001614 [INFO ] [STARTUP] MOTION start 1003990 (octowhere firmware/src/main.rs:362)
9.001668 [INFO ] [STARTUP] MAGNET start 1004080 (octowhere firmware/src/main.rs:362)
9.001745 [INFO ] [STARTUP] gnss-settle end 1004169 (octowhere firmware/src/main.rs:362)
9.001801 [INFO ] [STARTUP] CLOCK answered 1004699 (octowhere firmware/src/main.rs:362)
9.001866 [INFO ] [STARTUP] TOUCH answered 1115252 (octowhere firmware/src/main.rs:362)
9.001922 [INFO ] [STARTUP] MAGNET answered 1148164 (octowhere firmware/src/main.rs:362)
9.001975 [INFO ] [STARTUP] MOTION answered 1156201 (octowhere firmware/src/main.rs:362)
9.002029 [INFO ] [STARTUP] GNSS start 1156339 (octowhere firmware/src/main.rs:362)
9.002081 [INFO ] [STARTUP] display up 1158798 (octowhere firmware/src/main.rs:362)
9.002133 [INFO ] [STARTUP] flush0 start 1158828 (octowhere firmware/src/main.rs:362)
9.002187 [INFO ] [STARTUP] GNSS answered 1167194 (octowhere firmware/src/main.rs:362)
9.002241 [INFO ] [STARTUP] RADIO start 1167391 (octowhere firmware/src/main.rs:362)
9.002294 [INFO ] [STARTUP] RADIO answered 1170121 (octowhere firmware/src/main.rs:362)
9.002350 [INFO ] [STARTUP] flush0 end 1172087 (octowhere firmware/src/main.rs:362)
9.002402 [INFO ] [STARTUP] flush1 start 1172195 (octowhere firmware/src/main.rs:362)
9.002456 [INFO ] [STARTUP] bring_up exit 1215020 (octowhere firmware/src/main.rs:362)
9.002510 [INFO ] [STARTUP] frame_loop handed 1215227 (octowhere firmware/src/main.rs:362)
9.002565 [INFO ] [STARTUP] flush1 end 1227385 (octowhere firmware/src/main.rs:362)
9.002621 [INFO ] [STARTUP] panel lit 1239658 (octowhere firmware/src/main.rs:362)
9.002733 [INFO ] [STARTUP] GNSS-config end 1868761 (octowhere firmware/src/main.rs:362)
9.002789 [INFO ] [STARTUP] startup over 6361493 (octowhere firmware/src/main.rs:362)
9.002843 [INFO ] [STARTUP] done (octowhere firmware/src/main.rs:364)
