[2026-10-06T15:59:34Z INFO ] Serial port: '/dev/ttyACM0'
[2026-10-06T15:59:34Z INFO ] Connecting...
[2026-10-06T15:59:34Z INFO ] Using flash stub
I (273) esp_image: segment 3: paddr=000ba17c vaddr=00000000 size2.645341 [INFO ] [BOOT] Gnss Answered in 634ms (octowhere firmware/src/main.rs:1967)
2.652979 [INFO ] [GNSS] no reference time: the RTC has none (octowhere firmware/src/main.rs:2517)
2.653017 [INFO ] [BOOT] answered: power=true clock=true touch=true motion=true magnet=true gnss=true (octowhere firmware/src/main.rs:2342)
2.757991 [INFO ] [LORA] init_ok (octowhere firmware/src/main.rs:2645)
2.758057 [INFO ] [BOOT] Radio Answered in 104ms (octowhere firmware/src/main.rs:1967)
2.758236 [INFO ] [TOUCH] OK resolution=466x466 firmware=0x1000001 checksum=0x693275ee (octowhere firmware/src/main.rs:2396)
2.758676 [INFO ] [MESH] id=0 name=Dredge members=2 mac=[44, 1b, f6, 86, 1a, 38] (octowhere_node octowhere-node/src/node.rs:688)
2.800003 [INFO ] [MESH] tuned=true (octowhere_node octowhere-node/src/node.rs:744)
2.801772 [INFO ] [MESH] id=0 members=2 generation=17 removal pending=false declinable until=None old keys=0 (octowhere_node octowhere-node/src/node.rs:886)
2.803592 [INFO ] [MEM] internal_used=65400 psram_used=1102300 (octowhere firmware/src/main.rs:2431)
9.000117 [INFO ] [STARTUP] reset power_on=true (octowhere firmware/src/main.rs:246)
9.000161 [INFO ] [STARTUP] async_main enter 9415891 (octowhere firmware/src/main.rs:249)
9.000216 [INFO ] [STARTUP] bring_up enter 906455 (octowhere firmware/src/main.rs:249)
9.000258 [INFO ] [STARTUP] frame_loop first 906609 (octowhere firmware/src/main.rs:249)
9.000302 [INFO ] [STARTUP] i2c powered 986575 (octowhere firmware/src/main.rs:249)
9.000342 [INFO ] [STARTUP] POWER start 987016 (octowhere firmware/src/main.rs:249)
9.000389 [INFO ] [STARTUP] POWER answered 988869 (octowhere firmware/src/main.rs:249)
9.000489 [INFO ] [STARTUP] exio reset 1010624 (octowhere firmware/src/main.rs:249)
9.000529 [INFO ] [STARTUP] CLOCK start 1010775 (octowhere firmware/src/main.rs:249)
9.000569 [INFO ] [STARTUP] TOUCH start 1010866 (octowhere firmware/src/main.rs:249)
9.000610 [INFO ] [STARTUP] MOTION start 1010910 (octowhere firmware/src/main.rs:249)
9.000651 [INFO ] [STARTUP] MAGNET start 1010990 (octowhere firmware/src/main.rs:249)
9.000692 [INFO ] [STARTUP] CLOCK answered 1011614 (octowhere firmware/src/main.rs:249)
9.000735 [INFO ] [STARTUP] TOUCH answered 1122188 (octowhere firmware/src/main.rs:249)
9.000777 [INFO ] [STARTUP] MAGNET answered 1155143 (octowhere firmware/src/main.rs:249)
9.000821 [INFO ] [STARTUP] MOTION answered 1163093 (octowhere firmware/src/main.rs:249)
9.000864 [INFO ] [STARTUP] gnss-settle end 2011075 (octowhere firmware/src/main.rs:249)
9.000913 [INFO ] [STARTUP] GNSS start 2011121 (octowhere firmware/src/main.rs:249)
9.000952 [INFO ] [STARTUP] GNSS answered 2645254 (octowhere firmware/src/main.rs:249)
9.000994 [INFO ] [STARTUP] RADIO start 2653119 (octowhere firmware/src/main.rs:249)
9.001035 [INFO ] [STARTUP] RADIO answered 2758030 (octowhere firmware/src/main.rs:249)
9.001077 [INFO ] [STARTUP] bring_up exit 2803634 (octowhere firmware/src/main.rs:249)
9.001118 [INFO ] [STARTUP] startup over 7781681 (octowhere firmware/src/main.rs:249)
9.001159 [INFO ] [STARTUP] done (octowhere firmware/src/main.rs:251)
