[2026-10-06T16:00:00Z INFO ] Serial port: '/dev/ttyACM0'
[2026-10-06T16:00:00Z INFO ] Connecting...
[2026-10-06T16:00:00Z INFO ] Using flash stub
I (273) esp_image: segment 3: paddr=000ba17c vaddr=00000000 size2.635007 [INFO ] [BOOT] Gnss Answered in 623ms (octowhere firmware/src/main.rs:1967)
2.642200 [INFO ] [GNSS] no reference time: the RTC has none (octowhere firmware/src/main.rs:2517)
2.642225 [INFO ] [BOOT] answered: power=true clock=true touch=true motion=true magnet=true gnss=true (octowhere firmware/src/main.rs:2342)
2.650148 [INFO ] [LORA] init_ok (octowhere firmware/src/main.rs:2645)
2.650197 [INFO ] [BOOT] Radio Answered in 7ms (octowhere firmware/src/main.rs:1967)
2.650338 [INFO ] [TOUCH] OK resolution=466x466 firmware=0x1000001 checksum=0x693275ee (octowhere firmware/src/main.rs:2396)
2.650656 [INFO ] [MESH] id=0 name=Dredge members=2 mac=[44, 1b, f6, 86, 1a, 38] (octowhere_node octowhere-node/src/node.rs:688)
2.690701 [INFO ] [MESH] tuned=true (octowhere_node octowhere-node/src/node.rs:744)
2.692600 [INFO ] [MESH] id=0 members=2 generation=17 removal pending=false declinable until=None old keys=0 (octowhere_node octowhere-node/src/node.rs:886)
2.693818 [INFO ] [MEM] internal_used=65400 psram_used=1102300 (octowhere firmware/src/main.rs:2431)
9.000590 [INFO ] [STARTUP] reset power_on=true (octowhere firmware/src/main.rs:246)
9.000637 [INFO ] [STARTUP] async_main enter 9415891 (octowhere firmware/src/main.rs:249)
9.000692 [INFO ] [STARTUP] bring_up enter 906457 (octowhere firmware/src/main.rs:249)
9.000735 [INFO ] [STARTUP] frame_loop first 906612 (octowhere firmware/src/main.rs:249)
9.000779 [INFO ] [STARTUP] i2c powered 986578 (octowhere firmware/src/main.rs:249)
9.000819 [INFO ] [STARTUP] POWER start 987019 (octowhere firmware/src/main.rs:249)
9.000866 [INFO ] [STARTUP] POWER answered 988872 (octowhere firmware/src/main.rs:249)
9.000908 [INFO ] [STARTUP] exio reset 1010627 (octowhere firmware/src/main.rs:249)
9.000947 [INFO ] [STARTUP] CLOCK start 1010779 (octowhere firmware/src/main.rs:249)
9.000988 [INFO ] [STARTUP] TOUCH start 1010869 (octowhere firmware/src/main.rs:249)
9.001109 [INFO ] [STARTUP] MOTION start 1010913 (octowhere firmware/src/main.rs:249)
9.001151 [INFO ] [STARTUP] MAGNET start 1010994 (octowhere firmware/src/main.rs:249)
9.001192 [INFO ] [STARTUP] CLOCK answered 1011618 (octowhere firmware/src/main.rs:249)
9.001235 [INFO ] [STARTUP] TOUCH answered 1122190 (octowhere firmware/src/main.rs:249)
9.001277 [INFO ] [STARTUP] MAGNET answered 1155146 (octowhere firmware/src/main.rs:249)
9.001321 [INFO ] [STARTUP] MOTION answered 1163098 (octowhere firmware/src/main.rs:249)
9.001364 [INFO ] [STARTUP] gnss-settle end 2011078 (octowhere firmware/src/main.rs:249)
9.001413 [INFO ] [STARTUP] GNSS start 2011124 (octowhere firmware/src/main.rs:249)
9.001452 [INFO ] [STARTUP] GNSS answered 2634922 (octowhere firmware/src/main.rs:249)
9.001494 [INFO ] [STARTUP] RADIO start 2642296 (octowhere firmware/src/main.rs:249)
9.001534 [INFO ] [STARTUP] RADIO answered 2650178 (octowhere firmware/src/main.rs:249)
9.001577 [INFO ] [STARTUP] bring_up exit 2693850 (octowhere firmware/src/main.rs:249)
9.001618 [INFO ] [STARTUP] startup over 7672200 (octowhere firmware/src/main.rs:249)
9.001659 [INFO ] [STARTUP] done (octowhere firmware/src/main.rs:251)
