[2026-10-06T16:00:13Z INFO ] Serial port: '/dev/ttyACM0'
[2026-10-06T16:00:13Z INFO ] Connecting...
[2026-10-06T16:00:13Z INFO ] Using flash stub
I (273) esp_image: segment 3: paddr=000ba17c vaddr=00000000 size2.635181 [INFO ] [BOOT] Gnss Answered in 623ms (octowhere firmware/src/main.rs:1967)
2.642362 [INFO ] [GNSS] no reference time: the RTC has none (octowhere firmware/src/main.rs:2517)
2.642445 [INFO ] [BOOT] answered: power=true clock=true touch=true motion=true magnet=true gnss=true (octowhere firmware/src/main.rs:2342)
2.650421 [INFO ] [LORA] init_ok (octowhere firmware/src/main.rs:2645)
2.650470 [INFO ] [BOOT] Radio Answered in 7ms (octowhere firmware/src/main.rs:1967)
2.650611 [INFO ] [TOUCH] OK resolution=466x466 firmware=0x1000001 checksum=0x693275ee (octowhere firmware/src/main.rs:2396)
2.650930 [INFO ] [MESH] id=0 name=Dredge members=2 mac=[44, 1b, f6, 86, 1a, 38] (octowhere_node octowhere-node/src/node.rs:688)
2.690967 [INFO ] [MESH] tuned=true (octowhere_node octowhere-node/src/node.rs:744)
2.692873 [INFO ] [MESH] id=0 members=2 generation=17 removal pending=false declinable until=None old keys=0 (octowhere_node octowhere-node/src/node.rs:886)
2.694076 [INFO ] [MEM] internal_used=65400 psram_used=1102300 (octowhere firmware/src/main.rs:2431)
9.000800 [INFO ] [STARTUP] reset power_on=true (octowhere firmware/src/main.rs:246)
9.000847 [INFO ] [STARTUP] async_main enter 9415891 (octowhere firmware/src/main.rs:249)
9.000902 [INFO ] [STARTUP] bring_up enter 906460 (octowhere firmware/src/main.rs:249)
9.000944 [INFO ] [STARTUP] frame_loop first 906614 (octowhere firmware/src/main.rs:249)
9.000988 [INFO ] [STARTUP] i2c powered 986579 (octowhere firmware/src/main.rs:249)
9.001028 [INFO ] [STARTUP] POWER start 987021 (octowhere firmware/src/main.rs:249)
9.001074 [INFO ] [STARTUP] POWER answered 988873 (octowhere firmware/src/main.rs:249)
9.001117 [INFO ] [STARTUP] exio reset 1010627 (octowhere firmware/src/main.rs:249)
9.001156 [INFO ] [STARTUP] CLOCK start 1010779 (octowhere firmware/src/main.rs:249)
9.001197 [INFO ] [STARTUP] TOUCH start 1010870 (octowhere firmware/src/main.rs:249)
9.001237 [INFO ] [STARTUP] MOTION start 1010913 (octowhere firmware/src/main.rs:249)
9.001279 [INFO ] [STARTUP] MAGNET start 1010994 (octowhere firmware/src/main.rs:249)
9.001320 [INFO ] [STARTUP] CLOCK answered 1011618 (octowhere firmware/src/main.rs:249)
9.001363 [INFO ] [STARTUP] TOUCH answered 1122191 (octowhere firmware/src/main.rs:249)
9.001405 [INFO ] [STARTUP] MAGNET answered 1155149 (octowhere firmware/src/main.rs:249)
9.001448 [INFO ] [STARTUP] MOTION answered 1163098 (octowhere firmware/src/main.rs:249)
9.001492 [INFO ] [STARTUP] gnss-settle end 2011079 (octowhere firmware/src/main.rs:249)
9.001611 [INFO ] [STARTUP] GNSS start 2011125 (octowhere firmware/src/main.rs:249)
9.001651 [INFO ] [STARTUP] GNSS answered 2635096 (octowhere firmware/src/main.rs:249)
9.001692 [INFO ] [STARTUP] RADIO start 2642519 (octowhere firmware/src/main.rs:249)
9.001733 [INFO ] [STARTUP] RADIO answered 2650451 (octowhere firmware/src/main.rs:249)
9.001776 [INFO ] [STARTUP] bring_up exit 2694108 (octowhere firmware/src/main.rs:249)
9.001817 [INFO ] [STARTUP] startup over 7672027 (octowhere firmware/src/main.rs:249)
9.001857 [INFO ] [STARTUP] done (octowhere firmware/src/main.rs:251)
