[2026-10-06T15:59:47Z INFO ] Serial port: '/dev/ttyACM0'
[2026-10-06T15:59:47Z INFO ] Connecting...
[2026-10-06T15:59:47Z INFO ] Using flash stub
I (273) esp_image: segment 3: paddr=000ba17c vaddr=00000000 size2.635038 [INFO ] [BOOT] Gnss Answered in 623ms (octowhere firmware/src/main.rs:1967)
2.642207 [INFO ] [GNSS] no reference time: the RTC has none (octowhere firmware/src/main.rs:2517)
2.642234 [INFO ] [BOOT] answered: power=true clock=true touch=true motion=true magnet=true gnss=true (octowhere firmware/src/main.rs:2342)
2.650209 [INFO ] [LORA] init_ok (octowhere firmware/src/main.rs:2645)
2.650258 [INFO ] [BOOT] Radio Answered in 7ms (octowhere firmware/src/main.rs:1967)
2.650398 [INFO ] [TOUCH] OK resolution=466x466 firmware=0x1000001 checksum=0x693275ee (octowhere firmware/src/main.rs:2396)
2.650717 [INFO ] [MESH] id=0 name=Dredge members=2 mac=[44, 1b, f6, 86, 1a, 38] (octowhere_node octowhere-node/src/node.rs:688)
2.690757 [INFO ] [MESH] tuned=true (octowhere_node octowhere-node/src/node.rs:744)
2.692662 [INFO ] [MESH] id=0 members=2 generation=17 removal pending=false declinable until=None old keys=0 (octowhere_node octowhere-node/src/node.rs:886)
2.693866 [INFO ] [MEM] internal_used=65400 psram_used=1102300 (octowhere firmware/src/main.rs:2431)
9.000111 [INFO ] [STARTUP] reset power_on=true (octowhere firmware/src/main.rs:246)
9.000158 [INFO ] [STARTUP] async_main enter 9415891 (octowhere firmware/src/main.rs:249)
9.000218 [INFO ] [STARTUP] bring_up enter 906459 (octowhere firmware/src/main.rs:249)
9.000260 [INFO ] [STARTUP] frame_loop first 906613 (octowhere firmware/src/main.rs:249)
9.000304 [INFO ] [STARTUP] i2c powered 986578 (octowhere firmware/src/main.rs:249)
9.000344 [INFO ] [STARTUP] POWER start 987019 (octowhere firmware/src/main.rs:249)
9.000391 [INFO ] [STARTUP] POWER answered 988871 (octowhere firmware/src/main.rs:249)
9.000433 [INFO ] [STARTUP] exio reset 1010626 (octowhere firmware/src/main.rs:249)
9.000473 [INFO ] [STARTUP] CLOCK start 1010778 (octowhere firmware/src/main.rs:249)
9.000513 [INFO ] [STARTUP] TOUCH start 1010869 (octowhere firmware/src/main.rs:249)
9.000554 [INFO ] [STARTUP] MOTION start 1010912 (octowhere firmware/src/main.rs:249)
9.000595 [INFO ] [STARTUP] MAGNET start 1010993 (octowhere firmware/src/main.rs:249)
9.000637 [INFO ] [STARTUP] CLOCK answered 1011618 (octowhere firmware/src/main.rs:249)
9.000740 [INFO ] [STARTUP] TOUCH answered 1122189 (octowhere firmware/src/main.rs:249)
9.000783 [INFO ] [STARTUP] MAGNET answered 1155148 (octowhere firmware/src/main.rs:249)
9.000826 [INFO ] [STARTUP] MOTION answered 1163096 (octowhere firmware/src/main.rs:249)
9.000869 [INFO ] [STARTUP] gnss-settle end 2011079 (octowhere firmware/src/main.rs:249)
9.000918 [INFO ] [STARTUP] GNSS start 2011124 (octowhere firmware/src/main.rs:249)
9.000957 [INFO ] [STARTUP] GNSS answered 2634953 (octowhere firmware/src/main.rs:249)
9.000999 [INFO ] [STARTUP] RADIO start 2642305 (octowhere firmware/src/main.rs:249)
9.001040 [INFO ] [STARTUP] RADIO answered 2650239 (octowhere firmware/src/main.rs:249)
9.001082 [INFO ] [STARTUP] bring_up exit 2693898 (octowhere firmware/src/main.rs:249)
9.001123 [INFO ] [STARTUP] startup over 7681357 (octowhere firmware/src/main.rs:249)
9.001164 [INFO ] [STARTUP] done (octowhere firmware/src/main.rs:251)
