[2026-10-06T15:59:21Z INFO ] Serial port: '/dev/ttyACM0'
[2026-10-06T15:59:21Z INFO ] Connecting...
[2026-10-06T15:59:21Z INFO ] Using flash stub
I (273) esp_image: segment 3: paddr=000ba17c vaddr=00000000 size2.635051 [INFO ] [BOOT] Gnss Answered in 623ms (octowhere firmware/src/main.rs:1967)
2.642173 [INFO ] [GNSS] no reference time: the RTC has none (octowhere firmware/src/main.rs:2517)
2.642202 [INFO ] [BOOT] answered: power=true clock=true touch=true motion=true magnet=true gnss=true (octowhere firmware/src/main.rs:2342)
2.650178 [INFO ] [LORA] init_ok (octowhere firmware/src/main.rs:2645)
2.650227 [INFO ] [BOOT] Radio Answered in 7ms (octowhere firmware/src/main.rs:1967)
2.650368 [INFO ] [TOUCH] OK resolution=466x466 firmware=0x1000001 checksum=0x693275ee (octowhere firmware/src/main.rs:2396)
2.650686 [INFO ] [MESH] id=0 name=Dredge members=2 mac=[44, 1b, f6, 86, 1a, 38] (octowhere_node octowhere-node/src/node.rs:688)
2.690726 [INFO ] [MESH] tuned=true (octowhere_node octowhere-node/src/node.rs:744)
2.692631 [INFO ] [MESH] id=0 members=2 generation=17 removal pending=false declinable until=None old keys=0 (octowhere_node octowhere-node/src/node.rs:886)
2.693834 [INFO ] [MEM] internal_used=65400 psram_used=1102300 (octowhere firmware/src/main.rs:2431)
9.000163 [INFO ] [STARTUP] reset power_on=true (octowhere firmware/src/main.rs:246)
9.000208 [INFO ] [STARTUP] async_main enter 9415891 (octowhere firmware/src/main.rs:249)
9.000265 [INFO ] [STARTUP] bring_up enter 906455 (octowhere firmware/src/main.rs:249)
9.000308 [INFO ] [STARTUP] frame_loop first 906609 (octowhere firmware/src/main.rs:249)
9.000352 [INFO ] [STARTUP] i2c powered 986574 (octowhere firmware/src/main.rs:249)
9.000392 [INFO ] [STARTUP] POWER start 987016 (octowhere firmware/src/main.rs:249)
9.000438 [INFO ] [STARTUP] POWER answered 988868 (octowhere firmware/src/main.rs:249)
9.000481 [INFO ] [STARTUP] exio reset 1010623 (octowhere firmware/src/main.rs:249)
9.000520 [INFO ] [STARTUP] CLOCK start 1010775 (octowhere firmware/src/main.rs:249)
9.000561 [INFO ] [STARTUP] TOUCH start 1010865 (octowhere firmware/src/main.rs:249)
9.000601 [INFO ] [STARTUP] MOTION start 1010909 (octowhere firmware/src/main.rs:249)
9.000643 [INFO ] [STARTUP] MAGNET start 1010990 (octowhere firmware/src/main.rs:249)
9.000684 [INFO ] [STARTUP] CLOCK answered 1011614 (octowhere firmware/src/main.rs:249)
9.000727 [INFO ] [STARTUP] TOUCH answered 1122186 (octowhere firmware/src/main.rs:249)
9.000769 [INFO ] [STARTUP] MAGNET answered 1155141 (octowhere firmware/src/main.rs:249)
9.000812 [INFO ] [STARTUP] MOTION answered 1163091 (octowhere firmware/src/main.rs:249)
9.000856 [INFO ] [STARTUP] gnss-settle end 2011075 (octowhere firmware/src/main.rs:249)
9.000905 [INFO ] [STARTUP] GNSS start 2011120 (octowhere firmware/src/main.rs:249)
9.000944 [INFO ] [STARTUP] GNSS answered 2634966 (octowhere firmware/src/main.rs:249)
9.000986 [INFO ] [STARTUP] RADIO start 2642275 (octowhere firmware/src/main.rs:249)
9.001026 [INFO ] [STARTUP] RADIO answered 2650208 (octowhere firmware/src/main.rs:249)
9.001144 [INFO ] [STARTUP] bring_up exit 2693867 (octowhere firmware/src/main.rs:249)
9.001186 [INFO ] [STARTUP] startup over 7670417 (octowhere firmware/src/main.rs:249)
9.001226 [INFO ] [STARTUP] done (octowhere firmware/src/main.rs:251)
