[2026-10-06T16:01:09Z INFO ] Serial port: '/dev/ttyACM1'
[2026-10-06T16:01:09Z INFO ] Connecting...
[2026-10-06T16:01:09Z INFO ] Using flash stub
I (273) esp_image: segment 3: paddr=000ba17c vaddr=00000000 size2.580797 [INFO ] [BOOT] Gnss Answered in 623ms (octowhere firmware/src/main.rs:1967)
2.587967 [INFO ] [GNSS] no reference time: the RTC has none (octowhere firmware/src/main.rs:2517)
2.587995 [INFO ] [BOOT] answered: power=true clock=true touch=true motion=true magnet=true gnss=true (octowhere firmware/src/main.rs:2342)
2.595970 [INFO ] [LORA] init_ok (octowhere firmware/src/main.rs:2645)
2.596019 [INFO ] [BOOT] Radio Answered in 7ms (octowhere firmware/src/main.rs:1967)
2.596160 [INFO ] [TOUCH] OK resolution=466x466 firmware=0x1000001 checksum=0x693275ee (octowhere firmware/src/main.rs:2396)
2.596478 [INFO ] [MESH] id=1 name=Roger Roger members=2 mac=[44, 1b, f6, 86, 1c, 1c] (octowhere_node octowhere-node/src/node.rs:688)
2.636529 [INFO ] [MESH] tuned=true (octowhere_node octowhere-node/src/node.rs:744)
2.638483 [INFO ] [MESH] id=1 members=2 generation=17 removal pending=false declinable until=Some(39806926) old keys=0 (octowhere_node octowhere-node/src/node.rs:886)
2.639698 [INFO ] [MEM] internal_used=65400 psram_used=1102300 (octowhere firmware/src/main.rs:2431)
9.000124 [INFO ] [STARTUP] reset power_on=true (octowhere firmware/src/main.rs:246)
9.000167 [INFO ] [STARTUP] async_main enter 9415891 (octowhere firmware/src/main.rs:249)
9.000224 [INFO ] [STARTUP] bring_up enter 852208 (octowhere firmware/src/main.rs:249)
9.000266 [INFO ] [STARTUP] frame_loop first 852362 (octowhere firmware/src/main.rs:249)
9.000310 [INFO ] [STARTUP] i2c powered 932327 (octowhere firmware/src/main.rs:249)
9.000350 [INFO ] [STARTUP] POWER start 932768 (octowhere firmware/src/main.rs:249)
9.000397 [INFO ] [STARTUP] POWER answered 934621 (octowhere firmware/src/main.rs:249)
9.000440 [INFO ] [STARTUP] exio reset 956378 (octowhere firmware/src/main.rs:249)
9.000479 [INFO ] [STARTUP] CLOCK start 956529 (octowhere firmware/src/main.rs:249)
9.000521 [INFO ] [STARTUP] TOUCH start 956620 (octowhere firmware/src/main.rs:249)
9.000664 [INFO ] [STARTUP] MOTION start 956664 (octowhere firmware/src/main.rs:249)
9.000706 [INFO ] [STARTUP] MAGNET start 956745 (octowhere firmware/src/main.rs:249)
9.000747 [INFO ] [STARTUP] CLOCK answered 957369 (octowhere firmware/src/main.rs:249)
9.000790 [INFO ] [STARTUP] TOUCH answered 1067940 (octowhere firmware/src/main.rs:249)
9.000833 [INFO ] [STARTUP] MAGNET answered 1100897 (octowhere firmware/src/main.rs:249)
9.000876 [INFO ] [STARTUP] MOTION answered 1108850 (octowhere firmware/src/main.rs:249)
9.000920 [INFO ] [STARTUP] gnss-settle end 1956829 (octowhere firmware/src/main.rs:249)
9.000969 [INFO ] [STARTUP] GNSS start 1956875 (octowhere firmware/src/main.rs:249)
9.001008 [INFO ] [STARTUP] GNSS answered 2580712 (octowhere firmware/src/main.rs:249)
9.001050 [INFO ] [STARTUP] RADIO start 2588066 (octowhere firmware/src/main.rs:249)
9.001091 [INFO ] [STARTUP] RADIO answered 2596000 (octowhere firmware/src/main.rs:249)
9.001134 [INFO ] [STARTUP] bring_up exit 2639728 (octowhere firmware/src/main.rs:249)
9.001175 [INFO ] [STARTUP] startup over 7623255 (octowhere firmware/src/main.rs:249)
9.001216 [INFO ] [STARTUP] done (octowhere firmware/src/main.rs:251)
