[2026-10-06T16:01:22Z INFO ] Serial port: '/dev/ttyACM1'
[2026-10-06T16:01:22Z INFO ] Connecting...
[2026-10-06T16:01:23Z INFO ] Using flash stub
I (273) esp_image: segment 3: paddr=000ba17c vaddr=00000000 size2.148935 [WARN ] [GNSS] STARTUP PAIR_SEND_RESULT command=732 status=error error=I2c { operation: WriteConfig, error: I2c(AcknowledgeCheckFailed(Address)) } (octowhere firmware/src/main.rs:2553)
2.532092 [WARN ] [GNSS] STARTUP PAIR_SEND_RESULT command=410 status=error error=I2c { operation: WriteConfig, error: I2c(AcknowledgeCheckFailed(Address)) } (octowhere firmware/src/main.rs:2564)
2.532160 [WARN ] [GNSS] STARTUP PAIR_SEND_RESULT command=411 status=error error=I2c { operation: WriteConfig, error: I2c(AcknowledgeCheckFailed(Address)) } (octowhere firmware/src/main.rs:2564)
2.723801 [WARN ] [GNSS] STARTUP PAIR_SEND_RESULT command=062 status=error error=I2c { operation: WriteConfig, error: I2c(AcknowledgeCheckFailed(Address)) } (octowhere firmware/src/main.rs:2579)
2.915200 [WARN ] [GNSS] STARTUP PAIR_SEND_RESULT command=063 status=error error=I2c { operation: WriteConfig, error: I2c(AcknowledgeCheckFailed(Address)) } (octowhere firmware/src/main.rs:2586)
3.106636 [WARN ] [GNSS] STARTUP PAIR_SEND_RESULT command=062 status=error error=I2c { operation: WriteConfig, error: I2c(AcknowledgeCheckFailed(Address)) } (octowhere firmware/src/main.rs:2579)
3.298385 [WARN ] [GNSS] STARTUP PAIR_SEND_RESULT command=063 status=error error=I2c { operation: WriteConfig, error: I2c(AcknowledgeCheckFailed(Address)) } (octowhere firmware/src/main.rs:2586)
3.456951 [WARN ] [GNSS] no answer; resetting it (octowhere firmware/src/main.rs:2325)
5.090451 [INFO ] [BOOT] Gnss Answered in 3133ms (octowhere firmware/src/main.rs:1967)
5.097434 [INFO ] [GNSS] no reference time: the RTC has none (octowhere firmware/src/main.rs:2517)
5.097465 [INFO ] [BOOT] answered: power=true clock=true touch=true motion=true magnet=true gnss=true (octowhere firmware/src/main.rs:2342)
5.201888 [INFO ] [LORA] init_ok (octowhere firmware/src/main.rs:2645)
5.201965 [INFO ] [BOOT] Radio Answered in 104ms (octowhere firmware/src/main.rs:1967)
5.202180 [INFO ] [TOUCH] OK resolution=466x466 firmware=0x1000001 checksum=0x693275ee (octowhere firmware/src/main.rs:2396)
5.202653 [INFO ] [MESH] id=1 name=Roger Roger members=2 mac=[44, 1b, f6, 86, 1c, 1c] (octowhere_node octowhere-node/src/node.rs:688)
5.245563 [INFO ] [MESH] tuned=true (octowhere_node octowhere-node/src/node.rs:744)
5.247218 [INFO ] [MESH] id=1 members=2 generation=17 removal pending=false declinable until=Some(39806926) old keys=0 (octowhere_node octowhere-node/src/node.rs:886)
5.248988 [INFO ] [MEM] internal_used=65400 psram_used=1102300 (octowhere firmware/src/main.rs:2431)
9.000096 [INFO ] [STARTUP] reset power_on=true (octowhere firmware/src/main.rs:246)
9.000143 [INFO ] [STARTUP] async_main enter 9415891 (octowhere firmware/src/main.rs:249)
9.000200 [INFO ] [STARTUP] bring_up enter 852208 (octowhere firmware/src/main.rs:249)
9.000242 [INFO ] [STARTUP] frame_loop first 852362 (octowhere firmware/src/main.rs:249)
9.000286 [INFO ] [STARTUP] i2c powered 932327 (octowhere firmware/src/main.rs:249)
9.000326 [INFO ] [STARTUP] POWER start 932768 (octowhere firmware/src/main.rs:249)
9.000373 [INFO ] [STARTUP] POWER answered 934620 (octowhere firmware/src/main.rs:249)
9.000416 [INFO ] [STARTUP] exio reset 956375 (octowhere firmware/src/main.rs:249)
9.000455 [INFO ] [STARTUP] CLOCK start 956527 (octowhere firmware/src/main.rs:249)
9.000496 [INFO ] [STARTUP] TOUCH start 956618 (octowhere firmware/src/main.rs:249)
9.000537 [INFO ] [STARTUP] MOTION start 956661 (octowhere firmware/src/main.rs:249)
9.000578 [INFO ] [STARTUP] MAGNET start 956742 (octowhere firmware/src/main.rs:249)
9.000619 [INFO ] [STARTUP] CLOCK answered 957367 (octowhere firmware/src/main.rs:249)
9.000664 [INFO ] [STARTUP] TOUCH answered 1067938 (octowhere firmware/src/main.rs:249)
9.000707 [INFO ] [STARTUP] MAGNET answered 1100899 (octowhere firmware/src/main.rs:249)
9.000821 [INFO ] [STARTUP] MOTION answered 1108848 (octowhere firmware/src/main.rs:249)
9.000865 [INFO ] [STARTUP] gnss-settle end 1956828 (octowhere firmware/src/main.rs:249)
9.000914 [INFO ] [STARTUP] GNSS start 1956873 (octowhere firmware/src/main.rs:249)
9.000953 [INFO ] [STARTUP] GNSS answered 5090369 (octowhere firmware/src/main.rs:249)
9.000996 [INFO ] [STARTUP] RADIO start 5097537 (octowhere firmware/src/main.rs:249)
9.001036 [INFO ] [STARTUP] RADIO answered 5201931 (octowhere firmware/src/main.rs:249)
9.001079 [INFO ] [STARTUP] bring_up exit 5249045 (octowhere firmware/src/main.rs:249)
9.001120 [INFO ] [STARTUP] done (octowhere firmware/src/main.rs:251)
