[2026-10-06T16:01:35Z INFO ] Serial port: '/dev/ttyACM1'
[2026-10-06T16:01:35Z INFO ] Connecting...
[2026-10-06T16:01:36Z INFO ] Using flash stub
I (273) esp_image: segment 3: paddr=000ba17c vaddr=00000000 size2.580801 [INFO ] [BOOT] Gnss Answered in 623ms (octowhere firmware/src/main.rs:1967)
2.587971 [INFO ] [GNSS] no reference time: the RTC has none (octowhere firmware/src/main.rs:2517)
2.587999 [INFO ] [BOOT] answered: power=true clock=true touch=true motion=true magnet=true gnss=true (octowhere firmware/src/main.rs:2342)
2.595975 [INFO ] [LORA] init_ok (octowhere firmware/src/main.rs:2645)
2.596024 [INFO ] [BOOT] Radio Answered in 7ms (octowhere firmware/src/main.rs:1967)
2.596164 [INFO ] [TOUCH] OK resolution=466x466 firmware=0x1000001 checksum=0x693275ee (octowhere firmware/src/main.rs:2396)
2.596483 [INFO ] [MESH] id=1 name=Roger Roger members=2 mac=[44, 1b, f6, 86, 1c, 1c] (octowhere_node octowhere-node/src/node.rs:688)
2.636534 [INFO ] [MESH] tuned=true (octowhere_node octowhere-node/src/node.rs:744)
2.638487 [INFO ] [MESH] id=1 members=2 generation=17 removal pending=false declinable until=Some(39806926) old keys=0 (octowhere_node octowhere-node/src/node.rs:886)
2.639703 [INFO ] [MEM] internal_used=65400 psram_used=1102300 (octowhere firmware/src/main.rs:2431)
9.002624 [INFO ] [STARTUP] reset power_on=true (octowhere firmware/src/main.rs:246)
9.002673 [INFO ] [STARTUP] async_main enter 9415891 (octowhere firmware/src/main.rs:249)
9.002731 [INFO ] [STARTUP] bring_up enter 852208 (octowhere firmware/src/main.rs:249)
9.002773 [INFO ] [STARTUP] frame_loop first 852363 (octowhere firmware/src/main.rs:249)
9.002817 [INFO ] [STARTUP] i2c powered 932328 (octowhere firmware/src/main.rs:249)
9.002857 [INFO ] [STARTUP] POWER start 932769 (octowhere firmware/src/main.rs:249)
9.002904 [INFO ] [STARTUP] POWER answered 934622 (octowhere firmware/src/main.rs:249)
9.002947 [INFO ] [STARTUP] exio reset 956377 (octowhere firmware/src/main.rs:249)
9.002987 [INFO ] [STARTUP] CLOCK start 956529 (octowhere firmware/src/main.rs:249)
9.003027 [INFO ] [STARTUP] TOUCH start 956619 (octowhere firmware/src/main.rs:249)
9.003068 [INFO ] [STARTUP] MOTION start 956663 (octowhere firmware/src/main.rs:249)
9.003110 [INFO ] [STARTUP] MAGNET start 956744 (octowhere firmware/src/main.rs:249)
9.003152 [INFO ] [STARTUP] CLOCK answered 957368 (octowhere firmware/src/main.rs:249)
9.003195 [INFO ] [STARTUP] TOUCH answered 1067940 (octowhere firmware/src/main.rs:249)
9.003309 [INFO ] [STARTUP] MAGNET answered 1100895 (octowhere firmware/src/main.rs:249)
9.003353 [INFO ] [STARTUP] MOTION answered 1108850 (octowhere firmware/src/main.rs:249)
9.003396 [INFO ] [STARTUP] gnss-settle end 1956828 (octowhere firmware/src/main.rs:249)
9.003445 [INFO ] [STARTUP] GNSS start 1956874 (octowhere firmware/src/main.rs:249)
9.003485 [INFO ] [STARTUP] GNSS answered 2580716 (octowhere firmware/src/main.rs:249)
9.003527 [INFO ] [STARTUP] RADIO start 2588070 (octowhere firmware/src/main.rs:249)
9.003568 [INFO ] [STARTUP] RADIO answered 2596005 (octowhere firmware/src/main.rs:249)
9.003611 [INFO ] [STARTUP] bring_up exit 2639733 (octowhere firmware/src/main.rs:249)
9.003652 [INFO ] [STARTUP] startup over 7619181 (octowhere firmware/src/main.rs:249)
9.003693 [INFO ] [STARTUP] done (octowhere firmware/src/main.rs:251)
