[2026-10-06T16:00:43Z INFO ] Serial port: '/dev/ttyACM1'
[2026-10-06T16:00:43Z INFO ] Connecting...
[2026-10-06T16:00:44Z INFO ] Using flash stub
I (273) esp_image: segment 3: paddr=000ba17c vaddr=00000000 size2.591045 [INFO ] [BOOT] Gnss Answered in 634ms (octowhere firmware/src/main.rs:1967)
2.598207 [INFO ] [GNSS] no reference time: the RTC has none (octowhere firmware/src/main.rs:2517)
2.598234 [INFO ] [BOOT] answered: power=true clock=true touch=true motion=true magnet=true gnss=true (octowhere firmware/src/main.rs:2342)
2.722728 [INFO ] [LORA] init_ok (octowhere firmware/src/main.rs:2645)
2.722806 [INFO ] [BOOT] Radio Answered in 124ms (octowhere firmware/src/main.rs:1967)
2.723005 [INFO ] [TOUCH] OK resolution=466x466 firmware=0x1000001 checksum=0x693275ee (octowhere firmware/src/main.rs:2396)
2.723427 [INFO ] [MESH] id=1 name=Roger Roger members=2 mac=[44, 1b, f6, 86, 1c, 1c] (octowhere_node octowhere-node/src/node.rs:688)
2.764314 [INFO ] [MESH] tuned=true (octowhere_node octowhere-node/src/node.rs:744)
2.766161 [INFO ] [MESH] id=1 members=2 generation=17 removal pending=false declinable until=Some(39806926) old keys=0 (octowhere_node octowhere-node/src/node.rs:886)
2.768093 [INFO ] [MEM] internal_used=65400 psram_used=1102300 (octowhere firmware/src/main.rs:2431)
9.000117 [INFO ] [STARTUP] reset power_on=true (octowhere firmware/src/main.rs:246)
9.000161 [INFO ] [STARTUP] async_main enter 9415891 (octowhere firmware/src/main.rs:249)
9.000217 [INFO ] [STARTUP] bring_up enter 852208 (octowhere firmware/src/main.rs:249)
9.000259 [INFO ] [STARTUP] frame_loop first 852363 (octowhere firmware/src/main.rs:249)
9.000303 [INFO ] [STARTUP] i2c powered 932328 (octowhere firmware/src/main.rs:249)
9.000343 [INFO ] [STARTUP] POWER start 932769 (octowhere firmware/src/main.rs:249)
9.000390 [INFO ] [STARTUP] POWER answered 934622 (octowhere firmware/src/main.rs:249)
9.000433 [INFO ] [STARTUP] exio reset 956377 (octowhere firmware/src/main.rs:249)
9.000554 [INFO ] [STARTUP] CLOCK start 956529 (octowhere firmware/src/main.rs:249)
9.000595 [INFO ] [STARTUP] TOUCH start 956619 (octowhere firmware/src/main.rs:249)
9.000636 [INFO ] [STARTUP] MOTION start 956663 (octowhere firmware/src/main.rs:249)
9.000677 [INFO ] [STARTUP] MAGNET start 956744 (octowhere firmware/src/main.rs:249)
9.000718 [INFO ] [STARTUP] CLOCK answered 957368 (octowhere firmware/src/main.rs:249)
9.000761 [INFO ] [STARTUP] TOUCH answered 1067941 (octowhere firmware/src/main.rs:249)
9.000804 [INFO ] [STARTUP] MAGNET answered 1100896 (octowhere firmware/src/main.rs:249)
9.000847 [INFO ] [STARTUP] MOTION answered 1108849 (octowhere firmware/src/main.rs:249)
9.000891 [INFO ] [STARTUP] gnss-settle end 1956829 (octowhere firmware/src/main.rs:249)
9.000939 [INFO ] [STARTUP] GNSS start 1956874 (octowhere firmware/src/main.rs:249)
9.000979 [INFO ] [STARTUP] GNSS answered 2590958 (octowhere firmware/src/main.rs:249)
9.001021 [INFO ] [STARTUP] RADIO start 2598306 (octowhere firmware/src/main.rs:249)
9.001061 [INFO ] [STARTUP] RADIO answered 2722768 (octowhere firmware/src/main.rs:249)
9.001104 [INFO ] [STARTUP] bring_up exit 2768136 (octowhere firmware/src/main.rs:249)
9.001145 [INFO ] [STARTUP] startup over 7759940 (octowhere firmware/src/main.rs:249)
9.001186 [INFO ] [STARTUP] done (octowhere firmware/src/main.rs:251)
