[2026-10-06T16:00:56Z INFO ] Serial port: '/dev/ttyACM1'
[2026-10-06T16:00:56Z INFO ] Connecting...
[2026-10-06T16:00:56Z INFO ] Using flash stub
I (273) esp_image: segment 3: paddr=000ba17c vaddr=00000000 size2.148954 [WARN ] [GNSS] STARTUP PAIR_SEND_RESULT command=732 status=error error=I2c { operation: WriteConfig, error: I2c(AcknowledgeCheckFailed(Address)) } (octowhere firmware/src/main.rs:2553)
2.532106 [WARN ] [GNSS] STARTUP PAIR_SEND_RESULT command=410 status=error error=I2c { operation: WriteConfig, error: I2c(AcknowledgeCheckFailed(Address)) } (octowhere firmware/src/main.rs:2564)
2.532257 [WARN ] [GNSS] STARTUP PAIR_SEND_RESULT command=411 status=error error=I2c { operation: WriteConfig, error: I2c(AcknowledgeCheckFailed(Address)) } (octowhere firmware/src/main.rs:2564)
2.723898 [WARN ] [GNSS] STARTUP PAIR_SEND_RESULT command=062 status=error error=I2c { operation: WriteConfig, error: I2c(AcknowledgeCheckFailed(Address)) } (octowhere firmware/src/main.rs:2579)
2.915297 [WARN ] [GNSS] STARTUP PAIR_SEND_RESULT command=063 status=error error=I2c { operation: WriteConfig, error: I2c(AcknowledgeCheckFailed(Address)) } (octowhere firmware/src/main.rs:2586)
3.106733 [WARN ] [GNSS] STARTUP PAIR_SEND_RESULT command=062 status=error error=I2c { operation: WriteConfig, error: I2c(AcknowledgeCheckFailed(Address)) } (octowhere firmware/src/main.rs:2579)
3.298482 [WARN ] [GNSS] STARTUP PAIR_SEND_RESULT command=063 status=error error=I2c { operation: WriteConfig, error: I2c(AcknowledgeCheckFailed(Address)) } (octowhere firmware/src/main.rs:2586)
3.456952 [WARN ] [GNSS] no answer; resetting it (octowhere firmware/src/main.rs:2325)
5.090455 [INFO ] [BOOT] Gnss Answered in 3133ms (octowhere firmware/src/main.rs:1967)
5.097438 [INFO ] [GNSS] no reference time: the RTC has none (octowhere firmware/src/main.rs:2517)
5.097469 [INFO ] [BOOT] answered: power=true clock=true touch=true motion=true magnet=true gnss=true (octowhere firmware/src/main.rs:2342)
5.222393 [INFO ] [LORA] init_ok (octowhere firmware/src/main.rs:2645)
5.222479 [INFO ] [BOOT] Radio Answered in 124ms (octowhere firmware/src/main.rs:1967)
5.222659 [INFO ] [TOUCH] OK resolution=466x466 firmware=0x1000001 checksum=0x693275ee (octowhere firmware/src/main.rs:2396)
5.223084 [INFO ] [MESH] id=1 name=Roger Roger members=2 mac=[44, 1b, f6, 86, 1c, 1c] (octowhere_node octowhere-node/src/node.rs:688)
5.263469 [INFO ] [MESH] tuned=true (octowhere_node octowhere-node/src/node.rs:744)
5.265409 [INFO ] [MESH] id=1 members=2 generation=17 removal pending=false declinable until=Some(39806926) old keys=0 (octowhere_node octowhere-node/src/node.rs:886)
5.267354 [INFO ] [MEM] internal_used=65400 psram_used=1102300 (octowhere firmware/src/main.rs:2431)
9.000086 [INFO ] [STARTUP] reset power_on=true (octowhere firmware/src/main.rs:246)
9.000135 [INFO ] [STARTUP] async_main enter 9415891 (octowhere firmware/src/main.rs:249)
9.000193 [INFO ] [STARTUP] bring_up enter 852208 (octowhere firmware/src/main.rs:249)
9.000235 [INFO ] [STARTUP] frame_loop first 852362 (octowhere firmware/src/main.rs:249)
9.000279 [INFO ] [STARTUP] i2c powered 932328 (octowhere firmware/src/main.rs:249)
9.000400 [INFO ] [STARTUP] POWER start 932769 (octowhere firmware/src/main.rs:249)
9.000447 [INFO ] [STARTUP] POWER answered 934622 (octowhere firmware/src/main.rs:249)
9.000490 [INFO ] [STARTUP] exio reset 956377 (octowhere firmware/src/main.rs:249)
9.000529 [INFO ] [STARTUP] CLOCK start 956528 (octowhere firmware/src/main.rs:249)
9.000570 [INFO ] [STARTUP] TOUCH start 956619 (octowhere firmware/src/main.rs:249)
9.000611 [INFO ] [STARTUP] MOTION start 956663 (octowhere firmware/src/main.rs:249)
9.000652 [INFO ] [STARTUP] MAGNET start 956744 (octowhere firmware/src/main.rs:249)
9.000693 [INFO ] [STARTUP] CLOCK answered 957368 (octowhere firmware/src/main.rs:249)
9.000736 [INFO ] [STARTUP] TOUCH answered 1067940 (octowhere firmware/src/main.rs:249)
9.000779 [INFO ] [STARTUP] MAGNET answered 1100899 (octowhere firmware/src/main.rs:249)
9.000822 [INFO ] [STARTUP] MOTION answered 1108849 (octowhere firmware/src/main.rs:249)
9.000866 [INFO ] [STARTUP] gnss-settle end 1956829 (octowhere firmware/src/main.rs:249)
9.000915 [INFO ] [STARTUP] GNSS start 1956874 (octowhere firmware/src/main.rs:249)
9.000954 [INFO ] [STARTUP] GNSS answered 5090373 (octowhere firmware/src/main.rs:249)
9.000996 [INFO ] [STARTUP] RADIO start 5097541 (octowhere firmware/src/main.rs:249)
9.001037 [INFO ] [STARTUP] RADIO answered 5222451 (octowhere firmware/src/main.rs:249)
9.001080 [INFO ] [STARTUP] bring_up exit 5267398 (octowhere firmware/src/main.rs:249)
9.001121 [INFO ] [STARTUP] done (octowhere firmware/src/main.rs:251)
