[2026-10-06T15:55:24Z INFO ] Serial port: '/dev/ttyACM0'
[2026-10-06T15:55:24Z INFO ] Connecting...
[2026-10-06T15:55:25Z INFO ] Using flash stub
I (273) esp_image: segment 3: paddr=000ba1ac vaddr=00000000 size2.654896 [INFO ] [BOOT] Gnss Answered in 644ms (octowhere firmware/src/main.rs:1967)
2.661904 [INFO ] [GNSS] no reference time: the RTC has none (octowhere firmware/src/main.rs:2521)
2.661942 [INFO ] [BOOT] answered: power=true clock=true touch=true motion=true magnet=true gnss=true (octowhere firmware/src/main.rs:2347)
2.670407 [INFO ] [LORA] init_ok (octowhere firmware/src/main.rs:2649)
2.670496 [INFO ] [BOOT] Radio Answered in 8ms (octowhere firmware/src/main.rs:1967)
2.670687 [INFO ] [TOUCH] OK resolution=466x466 firmware=0x1000001 checksum=0x693275ee (octowhere firmware/src/main.rs:2400)
2.671209 [INFO ] [MESH] id=0 name=Dredge members=2 mac=[44, 1b, f6, 86, 1a, 38] (octowhere_node octowhere-node/src/node.rs:688)
2.710638 [INFO ] [MESH] tuned=true (octowhere_node octowhere-node/src/node.rs:744)
2.711821 [INFO ] [MESH] id=0 members=2 generation=17 removal pending=false declinable until=None old keys=0 (octowhere_node octowhere-node/src/node.rs:886)
2.713001 [INFO ] [MEM] internal_used=65400 psram_used=1102300 (octowhere firmware/src/main.rs:2435)
9.000126 [INFO ] [STARTUP] reset power_on=true (octowhere firmware/src/main.rs:246)
9.000174 [INFO ] [STARTUP] async_main enter 9408390 (octowhere firmware/src/main.rs:249)
9.000230 [INFO ] [STARTUP] bring_up enter 905899 (octowhere firmware/src/main.rs:249)
9.000273 [INFO ] [STARTUP] frame_loop first 906067 (octowhere firmware/src/main.rs:249)
9.000323 [INFO ] [STARTUP] i2c powered 986017 (octowhere firmware/src/main.rs:249)
9.000362 [INFO ] [STARTUP] POWER start 986459 (octowhere firmware/src/main.rs:249)
9.000409 [INFO ] [STARTUP] POWER answered 988300 (octowhere firmware/src/main.rs:249)
9.000451 [INFO ] [STARTUP] exio reset 1010052 (octowhere firmware/src/main.rs:249)
9.000491 [INFO ] [STARTUP] CLOCK start 1010201 (octowhere firmware/src/main.rs:249)
9.000531 [INFO ] [STARTUP] CLOCK answered 1010818 (octowhere firmware/src/main.rs:249)
9.000574 [INFO ] [STARTUP] TOUCH start 1010854 (octowhere firmware/src/main.rs:249)
9.000659 [INFO ] [STARTUP] TOUCH answered 1122249 (octowhere firmware/src/main.rs:249)
9.000702 [INFO ] [STARTUP] MOTION start 1122302 (octowhere firmware/src/main.rs:249)
9.000744 [INFO ] [STARTUP] MOTION answered 1278056 (octowhere firmware/src/main.rs:249)
9.000787 [INFO ] [STARTUP] MAGNET start 1278273 (octowhere firmware/src/main.rs:249)
9.000828 [INFO ] [STARTUP] MAGNET answered 1481568 (octowhere firmware/src/main.rs:249)
9.000871 [INFO ] [STARTUP] gnss-settle end 2010195 (octowhere firmware/src/main.rs:249)
9.000914 [INFO ] [STARTUP] GNSS start 2010273 (octowhere firmware/src/main.rs:249)
9.000953 [INFO ] [STARTUP] GNSS answered 2654813 (octowhere firmware/src/main.rs:249)
9.000995 [INFO ] [STARTUP] RADIO start 2662017 (octowhere firmware/src/main.rs:249)
9.001036 [INFO ] [STARTUP] RADIO answered 2670449 (octowhere firmware/src/main.rs:249)
9.001078 [INFO ] [STARTUP] bring_up exit 2713033 (octowhere firmware/src/main.rs:249)
9.001119 [INFO ] [STARTUP] startup over 7688997 (octowhere firmware/src/main.rs:249)
9.001160 [INFO ] [STARTUP] done (octowhere firmware/src/main.rs:251)
