[2026-10-06T15:55:50Z INFO ] Serial port: '/dev/ttyACM0'
[2026-10-06T15:55:50Z INFO ] Connecting...
[2026-10-06T15:55:51Z INFO ] Using flash stub
I (273) esp_image: segment 3: paddr=000ba1ac vaddr=00000000 size2.634463 [INFO ] [BOOT] Gnss Answered in 624ms (octowhere firmware/src/main.rs:1967)
2.641662 [INFO ] [GNSS] no reference time: the RTC has none (octowhere firmware/src/main.rs:2521)
2.641698 [INFO ] [BOOT] answered: power=true clock=true touch=true motion=true magnet=true gnss=true (octowhere firmware/src/main.rs:2347)
2.649510 [INFO ] [LORA] init_ok (octowhere firmware/src/main.rs:2649)
2.649559 [INFO ] [BOOT] Radio Answered in 7ms (octowhere firmware/src/main.rs:1967)
2.649695 [INFO ] [TOUCH] OK resolution=466x466 firmware=0x1000001 checksum=0x693275ee (octowhere firmware/src/main.rs:2400)
2.650014 [INFO ] [MESH] id=0 name=Dredge members=2 mac=[44, 1b, f6, 86, 1a, 38] (octowhere_node octowhere-node/src/node.rs:688)
2.690032 [INFO ] [MESH] tuned=true (octowhere_node octowhere-node/src/node.rs:744)
2.691903 [INFO ] [MESH] id=0 members=2 generation=17 removal pending=false declinable until=None old keys=0 (octowhere_node octowhere-node/src/node.rs:886)
2.693204 [INFO ] [MEM] internal_used=65400 psram_used=1102300 (octowhere firmware/src/main.rs:2435)
9.000151 [INFO ] [STARTUP] reset power_on=true (octowhere firmware/src/main.rs:246)
9.000198 [INFO ] [STARTUP] async_main enter 9408390 (octowhere firmware/src/main.rs:249)
9.000256 [INFO ] [STARTUP] bring_up enter 905899 (octowhere firmware/src/main.rs:249)
9.000298 [INFO ] [STARTUP] frame_loop first 906067 (octowhere firmware/src/main.rs:249)
9.000348 [INFO ] [STARTUP] i2c powered 986017 (octowhere firmware/src/main.rs:249)
9.000388 [INFO ] [STARTUP] POWER start 986459 (octowhere firmware/src/main.rs:249)
9.000435 [INFO ] [STARTUP] POWER answered 988301 (octowhere firmware/src/main.rs:249)
9.000478 [INFO ] [STARTUP] exio reset 1010052 (octowhere firmware/src/main.rs:249)
9.000593 [INFO ] [STARTUP] CLOCK start 1010202 (octowhere firmware/src/main.rs:249)
9.000633 [INFO ] [STARTUP] CLOCK answered 1010819 (octowhere firmware/src/main.rs:249)
9.000676 [INFO ] [STARTUP] TOUCH start 1010854 (octowhere firmware/src/main.rs:249)
9.000717 [INFO ] [STARTUP] TOUCH answered 1122251 (octowhere firmware/src/main.rs:249)
9.000759 [INFO ] [STARTUP] MOTION start 1122303 (octowhere firmware/src/main.rs:249)
9.000801 [INFO ] [STARTUP] MOTION answered 1278069 (octowhere firmware/src/main.rs:249)
9.000844 [INFO ] [STARTUP] MAGNET start 1278286 (octowhere firmware/src/main.rs:249)
9.000885 [INFO ] [STARTUP] MAGNET answered 1481537 (octowhere firmware/src/main.rs:249)
9.000929 [INFO ] [STARTUP] gnss-settle end 2010196 (octowhere firmware/src/main.rs:249)
9.000971 [INFO ] [STARTUP] GNSS start 2010274 (octowhere firmware/src/main.rs:249)
9.001010 [INFO ] [STARTUP] GNSS answered 2634380 (octowhere firmware/src/main.rs:249)
9.001052 [INFO ] [STARTUP] RADIO start 2641772 (octowhere firmware/src/main.rs:249)
9.001093 [INFO ] [STARTUP] RADIO answered 2649542 (octowhere firmware/src/main.rs:249)
9.001135 [INFO ] [STARTUP] bring_up exit 2693238 (octowhere firmware/src/main.rs:249)
9.001177 [INFO ] [STARTUP] startup over 7673526 (octowhere firmware/src/main.rs:249)
9.001217 [INFO ] [STARTUP] done (octowhere firmware/src/main.rs:251)
11.577574 [INFO ] [MESH] heard id=1 timebase=Boot(0) hops=1 taken=Adopted late_us=None len=36 rssi=-15 snr=6 entries=0 new=0 neighbours=0x00000001 messages=0/0 summary=false (octowhere_node octowhere-node/src/node.rs:1640)
11.578174 [INFO ] [MESH] timebase root=0 from its boot hops=0 (octowhere_node octowhere-node/src/node.rs:2880)
11.802046 [INFO ] [MESH] sent round=918 len=105 entries=0 records=0x00000000 asked=0x00000000 neighbours=0x00000002 messages=0 summary=false done=true (octowhere_node octowhere-node/src/node.rs:1774)
