[2026-10-06T15:54:58Z INFO ] Serial port: '/dev/ttyACM0'
[2026-10-06T15:54:58Z INFO ] Connecting...
[2026-10-06T15:54:59Z INFO ] Using flash stub
I (273) esp_image: segment 3: paddr=000ba1ac vaddr=00000000 size2.634477 [INFO ] [BOOT] Gnss Answered in 624ms (octowhere firmware/src/main.rs:1967)
2.641676 [INFO ] [GNSS] no reference time: the RTC has none (octowhere firmware/src/main.rs:2521)
2.641712 [INFO ] [BOOT] answered: power=true clock=true touch=true motion=true magnet=true gnss=true (octowhere firmware/src/main.rs:2347)
2.649525 [INFO ] [LORA] init_ok (octowhere firmware/src/main.rs:2649)
2.649574 [INFO ] [BOOT] Radio Answered in 7ms (octowhere firmware/src/main.rs:1967)
2.649710 [INFO ] [TOUCH] OK resolution=466x466 firmware=0x1000001 checksum=0x693275ee (octowhere firmware/src/main.rs:2400)
2.650029 [INFO ] [MESH] id=0 name=Dredge members=2 mac=[44, 1b, f6, 86, 1a, 38] (octowhere_node octowhere-node/src/node.rs:688)
2.690046 [INFO ] [MESH] tuned=true (octowhere_node octowhere-node/src/node.rs:744)
2.691918 [INFO ] [MESH] id=0 members=2 generation=17 removal pending=false declinable until=None old keys=0 (octowhere_node octowhere-node/src/node.rs:886)
2.693218 [INFO ] [MEM] internal_used=65400 psram_used=1102300 (octowhere firmware/src/main.rs:2435)
9.003166 [INFO ] [STARTUP] reset power_on=true (octowhere firmware/src/main.rs:246)
9.003216 [INFO ] [STARTUP] async_main enter 9408390 (octowhere firmware/src/main.rs:249)
9.003271 [INFO ] [STARTUP] bring_up enter 905901 (octowhere firmware/src/main.rs:249)
9.003314 [INFO ] [STARTUP] frame_loop first 906068 (octowhere firmware/src/main.rs:249)
9.003443 [INFO ] [STARTUP] i2c powered 986020 (octowhere firmware/src/main.rs:249)
9.003483 [INFO ] [STARTUP] POWER start 986461 (octowhere firmware/src/main.rs:249)
9.003530 [INFO ] [STARTUP] POWER answered 988303 (octowhere firmware/src/main.rs:249)
9.003572 [INFO ] [STARTUP] exio reset 1010055 (octowhere firmware/src/main.rs:249)
9.003612 [INFO ] [STARTUP] CLOCK start 1010205 (octowhere firmware/src/main.rs:249)
9.003652 [INFO ] [STARTUP] CLOCK answered 1010822 (octowhere firmware/src/main.rs:249)
9.003695 [INFO ] [STARTUP] TOUCH start 1010857 (octowhere firmware/src/main.rs:249)
9.003735 [INFO ] [STARTUP] TOUCH answered 1122253 (octowhere firmware/src/main.rs:249)
9.003778 [INFO ] [STARTUP] MOTION start 1122306 (octowhere firmware/src/main.rs:249)
9.003819 [INFO ] [STARTUP] MOTION answered 1278019 (octowhere firmware/src/main.rs:249)
9.003862 [INFO ] [STARTUP] MAGNET start 1278239 (octowhere firmware/src/main.rs:249)
9.003904 [INFO ] [STARTUP] MAGNET answered 1481451 (octowhere firmware/src/main.rs:249)
9.003947 [INFO ] [STARTUP] gnss-settle end 2010199 (octowhere firmware/src/main.rs:249)
9.003989 [INFO ] [STARTUP] GNSS start 2010277 (octowhere firmware/src/main.rs:249)
9.004029 [INFO ] [STARTUP] GNSS answered 2634394 (octowhere firmware/src/main.rs:249)
9.004071 [INFO ] [STARTUP] RADIO start 2641787 (octowhere firmware/src/main.rs:249)
9.004111 [INFO ] [STARTUP] RADIO answered 2649557 (octowhere firmware/src/main.rs:249)
9.004154 [INFO ] [STARTUP] bring_up exit 2693252 (octowhere firmware/src/main.rs:249)
9.004195 [INFO ] [STARTUP] startup over 7669142 (octowhere firmware/src/main.rs:249)
9.004235 [INFO ] [STARTUP] done (octowhere firmware/src/main.rs:251)
