[2026-10-06T15:55:11Z INFO ] Serial port: '/dev/ttyACM0'
[2026-10-06T15:55:11Z INFO ] Connecting...
[2026-10-06T15:55:12Z INFO ] Using flash stub
I (273) esp_image: segment 3: paddr=000ba1ac vaddr=00000000 size2.634366 [INFO ] [BOOT] Gnss Answered in 624ms (octowhere firmware/src/main.rs:1967)
2.641562 [INFO ] [GNSS] no reference time: the RTC has none (octowhere firmware/src/main.rs:2521)
2.641640 [INFO ] [BOOT] answered: power=true clock=true touch=true motion=true magnet=true gnss=true (octowhere firmware/src/main.rs:2347)
2.649453 [INFO ] [LORA] init_ok (octowhere firmware/src/main.rs:2649)
2.649502 [INFO ] [BOOT] Radio Answered in 7ms (octowhere firmware/src/main.rs:1967)
2.649638 [INFO ] [TOUCH] OK resolution=466x466 firmware=0x1000001 checksum=0x693275ee (octowhere firmware/src/main.rs:2400)
2.649957 [INFO ] [MESH] id=0 name=Dredge members=2 mac=[44, 1b, f6, 86, 1a, 38] (octowhere_node octowhere-node/src/node.rs:688)
2.689975 [INFO ] [MESH] tuned=true (octowhere_node octowhere-node/src/node.rs:744)
2.691846 [INFO ] [MESH] id=0 members=2 generation=17 removal pending=false declinable until=None old keys=0 (octowhere_node octowhere-node/src/node.rs:886)
2.693146 [INFO ] [MEM] internal_used=65400 psram_used=1102300 (octowhere firmware/src/main.rs:2435)
9.000138 [INFO ] [STARTUP] reset power_on=true (octowhere firmware/src/main.rs:246)
9.000185 [INFO ] [STARTUP] async_main enter 9408390 (octowhere firmware/src/main.rs:249)
9.000242 [INFO ] [STARTUP] bring_up enter 905900 (octowhere firmware/src/main.rs:249)
9.000285 [INFO ] [STARTUP] frame_loop first 906068 (octowhere firmware/src/main.rs:249)
9.000335 [INFO ] [STARTUP] i2c powered 986018 (octowhere firmware/src/main.rs:249)
9.000375 [INFO ] [STARTUP] POWER start 986460 (octowhere firmware/src/main.rs:249)
9.000421 [INFO ] [STARTUP] POWER answered 988301 (octowhere firmware/src/main.rs:249)
9.000464 [INFO ] [STARTUP] exio reset 1010052 (octowhere firmware/src/main.rs:249)
9.000503 [INFO ] [STARTUP] CLOCK start 1010202 (octowhere firmware/src/main.rs:249)
9.000544 [INFO ] [STARTUP] CLOCK answered 1010819 (octowhere firmware/src/main.rs:249)
9.000586 [INFO ] [STARTUP] TOUCH start 1010854 (octowhere firmware/src/main.rs:249)
9.000627 [INFO ] [STARTUP] TOUCH answered 1122250 (octowhere firmware/src/main.rs:249)
9.000670 [INFO ] [STARTUP] MOTION start 1122303 (octowhere firmware/src/main.rs:249)
9.000711 [INFO ] [STARTUP] MOTION answered 1278139 (octowhere firmware/src/main.rs:249)
9.000807 [INFO ] [STARTUP] MAGNET start 1278357 (octowhere firmware/src/main.rs:249)
9.000849 [INFO ] [STARTUP] MAGNET answered 1481665 (octowhere firmware/src/main.rs:249)
9.000892 [INFO ] [STARTUP] gnss-settle end 2010196 (octowhere firmware/src/main.rs:249)
9.000935 [INFO ] [STARTUP] GNSS start 2010274 (octowhere firmware/src/main.rs:249)
9.000974 [INFO ] [STARTUP] GNSS answered 2634283 (octowhere firmware/src/main.rs:249)
9.001016 [INFO ] [STARTUP] RADIO start 2641715 (octowhere firmware/src/main.rs:249)
9.001056 [INFO ] [STARTUP] RADIO answered 2649485 (octowhere firmware/src/main.rs:249)
9.001099 [INFO ] [STARTUP] bring_up exit 2693180 (octowhere firmware/src/main.rs:249)
9.001140 [INFO ] [STARTUP] startup over 7669864 (octowhere firmware/src/main.rs:249)
9.001181 [INFO ] [STARTUP] done (octowhere firmware/src/main.rs:251)
