[2026-10-06T15:55:37Z INFO ] Serial port: '/dev/ttyACM0'
[2026-10-06T15:55:37Z INFO ] Connecting...
[2026-10-06T15:55:38Z INFO ] Using flash stub
I (273) esp_image: segment 3: paddr=000ba1ac vaddr=00000000 size2.644709 [INFO ] [BOOT] Gnss Answered in 634ms (octowhere firmware/src/main.rs:1967)
2.651912 [INFO ] [GNSS] no reference time: the RTC has none (octowhere firmware/src/main.rs:2521)
2.651948 [INFO ] [BOOT] answered: power=true clock=true touch=true motion=true magnet=true gnss=true (octowhere firmware/src/main.rs:2347)
2.791850 [INFO ] [LORA] init_ok (octowhere firmware/src/main.rs:2649)
2.791914 [INFO ] [BOOT] Radio Answered in 139ms (octowhere firmware/src/main.rs:1967)
2.792080 [INFO ] [TOUCH] OK resolution=466x466 firmware=0x1000001 checksum=0x693275ee (octowhere firmware/src/main.rs:2400)
2.792529 [INFO ] [MESH] id=0 name=Dredge members=2 mac=[44, 1b, f6, 86, 1a, 38] (octowhere_node octowhere-node/src/node.rs:688)
2.834343 [INFO ] [MESH] tuned=true (octowhere_node octowhere-node/src/node.rs:744)
2.836104 [INFO ] [MESH] id=0 members=2 generation=17 removal pending=false declinable until=None old keys=0 (octowhere_node octowhere-node/src/node.rs:886)
2.837899 [INFO ] [MEM] internal_used=65400 psram_used=1102300 (octowhere firmware/src/main.rs:2435)
9.001811 [INFO ] [STARTUP] reset power_on=true (octowhere firmware/src/main.rs:246)
9.001858 [INFO ] [STARTUP] async_main enter 9408390 (octowhere firmware/src/main.rs:249)
9.001915 [INFO ] [STARTUP] bring_up enter 905895 (octowhere firmware/src/main.rs:249)
9.001957 [INFO ] [STARTUP] frame_loop first 906062 (octowhere firmware/src/main.rs:249)
9.002007 [INFO ] [STARTUP] i2c powered 986014 (octowhere firmware/src/main.rs:249)
9.002047 [INFO ] [STARTUP] POWER start 986455 (octowhere firmware/src/main.rs:249)
9.002094 [INFO ] [STARTUP] POWER answered 988297 (octowhere firmware/src/main.rs:249)
9.002137 [INFO ] [STARTUP] exio reset 1010047 (octowhere firmware/src/main.rs:249)
9.002176 [INFO ] [STARTUP] CLOCK start 1010196 (octowhere firmware/src/main.rs:249)
9.002217 [INFO ] [STARTUP] CLOCK answered 1010813 (octowhere firmware/src/main.rs:249)
9.002259 [INFO ] [STARTUP] TOUCH start 1010849 (octowhere firmware/src/main.rs:249)
9.002300 [INFO ] [STARTUP] TOUCH answered 1122246 (octowhere firmware/src/main.rs:249)
9.002342 [INFO ] [STARTUP] MOTION start 1122299 (octowhere firmware/src/main.rs:249)
9.002384 [INFO ] [STARTUP] MOTION answered 1278192 (octowhere firmware/src/main.rs:249)
9.002427 [INFO ] [STARTUP] MAGNET start 1278410 (octowhere firmware/src/main.rs:249)
9.002468 [INFO ] [STARTUP] MAGNET answered 1481772 (octowhere firmware/src/main.rs:249)
9.002512 [INFO ] [STARTUP] gnss-settle end 2010191 (octowhere firmware/src/main.rs:249)
9.002554 [INFO ] [STARTUP] GNSS start 2010269 (octowhere firmware/src/main.rs:249)
9.002594 [INFO ] [STARTUP] GNSS answered 2644626 (octowhere firmware/src/main.rs:249)
9.002708 [INFO ] [STARTUP] RADIO start 2652022 (octowhere firmware/src/main.rs:249)
9.002749 [INFO ] [STARTUP] RADIO answered 2791892 (octowhere firmware/src/main.rs:249)
9.002792 [INFO ] [STARTUP] bring_up exit 2837961 (octowhere firmware/src/main.rs:249)
9.002833 [INFO ] [STARTUP] startup over 7832072 (octowhere firmware/src/main.rs:249)
9.002874 [INFO ] [STARTUP] done (octowhere firmware/src/main.rs:251)
