[2026-10-06T15:56:34Z INFO ] Serial port: '/dev/ttyACM1'
[2026-10-06T15:56:34Z INFO ] Connecting...
[2026-10-06T15:56:34Z INFO ] Using flash stub
I (273) esp_image: segment 3: paddr=000ba1ac vaddr=00000000 size2.148338 [WARN ] [GNSS] STARTUP PAIR_SEND_RESULT command=732 status=error error=I2c { operation: WriteConfig, error: I2c(AcknowledgeCheckFailed(Address)) } (octowhere firmware/src/main.rs:2557)
2.531519 [WARN ] [GNSS] STARTUP PAIR_SEND_RESULT command=410 status=error error=I2c { operation: WriteConfig, error: I2c(AcknowledgeCheckFailed(Address)) } (octowhere firmware/src/main.rs:2568)
2.531596 [WARN ] [GNSS] STARTUP PAIR_SEND_RESULT command=411 status=error error=I2c { operation: WriteConfig, error: I2c(AcknowledgeCheckFailed(Address)) } (octowhere firmware/src/main.rs:2568)
2.723426 [WARN ] [GNSS] STARTUP PAIR_SEND_RESULT command=062 status=error error=I2c { operation: WriteConfig, error: I2c(AcknowledgeCheckFailed(Address)) } (octowhere firmware/src/main.rs:2583)
2.914817 [WARN ] [GNSS] STARTUP PAIR_SEND_RESULT command=063 status=error error=I2c { operation: WriteConfig, error: I2c(AcknowledgeCheckFailed(Address)) } (octowhere firmware/src/main.rs:2590)
3.106527 [WARN ] [GNSS] STARTUP PAIR_SEND_RESULT command=062 status=error error=I2c { operation: WriteConfig, error: I2c(AcknowledgeCheckFailed(Address)) } (octowhere firmware/src/main.rs:2583)
3.298197 [WARN ] [GNSS] STARTUP PAIR_SEND_RESULT command=063 status=error error=I2c { operation: WriteConfig, error: I2c(AcknowledgeCheckFailed(Address)) } (octowhere firmware/src/main.rs:2590)
3.456096 [WARN ] [GNSS] no answer; resetting it (octowhere firmware/src/main.rs:2333)
5.089441 [INFO ] [BOOT] Gnss Answered in 3133ms (octowhere firmware/src/main.rs:1967)
5.096649 [INFO ] [GNSS] no reference time: the RTC has none (octowhere firmware/src/main.rs:2521)
5.096684 [INFO ] [BOOT] answered: power=true clock=true touch=true motion=true magnet=true gnss=true (octowhere firmware/src/main.rs:2347)
5.140921 [INFO ] [LORA] init_ok (octowhere firmware/src/main.rs:2649)
5.141001 [INFO ] [BOOT] Radio Answered in 44ms (octowhere firmware/src/main.rs:1967)
5.141170 [INFO ] [TOUCH] OK resolution=466x466 firmware=0x1000001 checksum=0x693275ee (octowhere firmware/src/main.rs:2400)
5.141611 [INFO ] [MESH] id=1 name=Roger Roger members=2 mac=[44, 1b, f6, 86, 1c, 1c] (octowhere_node octowhere-node/src/node.rs:688)
5.181524 [INFO ] [MESH] tuned=true (octowhere_node octowhere-node/src/node.rs:744)
5.183473 [INFO ] [MESH] id=1 members=2 generation=17 removal pending=false declinable until=Some(39806926) old keys=0 (octowhere_node octowhere-node/src/node.rs:886)
5.185447 [INFO ] [MEM] internal_used=65400 psram_used=1102300 (octowhere firmware/src/main.rs:2435)
9.000126 [INFO ] [STARTUP] reset power_on=true (octowhere firmware/src/main.rs:246)
9.000171 [INFO ] [STARTUP] async_main enter 9408390 (octowhere firmware/src/main.rs:249)
9.000227 [INFO ] [STARTUP] bring_up enter 851649 (octowhere firmware/src/main.rs:249)
9.000270 [INFO ] [STARTUP] frame_loop first 851816 (octowhere firmware/src/main.rs:249)
9.000320 [INFO ] [STARTUP] i2c powered 931768 (octowhere firmware/src/main.rs:249)
9.000360 [INFO ] [STARTUP] POWER start 932209 (octowhere firmware/src/main.rs:249)
9.000407 [INFO ] [STARTUP] POWER answered 934050 (octowhere firmware/src/main.rs:249)
9.000450 [INFO ] [STARTUP] exio reset 955801 (octowhere firmware/src/main.rs:249)
9.000490 [INFO ] [STARTUP] CLOCK start 955951 (octowhere firmware/src/main.rs:249)
9.000530 [INFO ] [STARTUP] CLOCK answered 956568 (octowhere firmware/src/main.rs:249)
9.000573 [INFO ] [STARTUP] TOUCH start 956603 (octowhere firmware/src/main.rs:249)
9.000614 [INFO ] [STARTUP] TOUCH answered 1067998 (octowhere firmware/src/main.rs:249)
9.000946 [INFO ] [STARTUP] MOTION start 1068051 (octowhere firmware/src/main.rs:249)
9.000989 [INFO ] [STARTUP] MOTION answered 1223839 (octowhere firmware/src/main.rs:249)
9.001032 [INFO ] [STARTUP] MAGNET start 1224057 (octowhere firmware/src/main.rs:249)
9.001073 [INFO ] [STARTUP] MAGNET answered 1425890 (octowhere firmware/src/main.rs:249)
9.001117 [INFO ] [STARTUP] gnss-settle end 1955945 (octowhere firmware/src/main.rs:249)
9.001159 [INFO ] [STARTUP] GNSS start 1956023 (octowhere firmware/src/main.rs:249)
9.001199 [INFO ] [STARTUP] GNSS answered 5089368 (octowhere firmware/src/main.rs:249)
9.001241 [INFO ] [STARTUP] RADIO start 5096758 (octowhere firmware/src/main.rs:249)
9.001282 [INFO ] [STARTUP] RADIO answered 5140977 (octowhere firmware/src/main.rs:249)
9.001324 [INFO ] [STARTUP] bring_up exit 5185487 (octowhere firmware/src/main.rs:249)
9.001366 [INFO ] [STARTUP] done (octowhere firmware/src/main.rs:251)
