[2026-10-06T15:57:00Z INFO ] Serial port: '/dev/ttyACM1'
[2026-10-06T15:57:00Z INFO ] Connecting...
[2026-10-06T15:57:00Z INFO ] Using flash stub
I (273) esp_image: segment 3: paddr=000ba1ac vaddr=00000000 size2.580230 [INFO ] [BOOT] Gnss Answered in 624ms (octowhere firmware/src/main.rs:1967)
2.587425 [INFO ] [GNSS] no reference time: the RTC has none (octowhere firmware/src/main.rs:2521)
2.587462 [INFO ] [BOOT] answered: power=true clock=true touch=true motion=true magnet=true gnss=true (octowhere firmware/src/main.rs:2347)
2.595286 [INFO ] [LORA] init_ok (octowhere firmware/src/main.rs:2649)
2.595335 [INFO ] [BOOT] Radio Answered in 7ms (octowhere firmware/src/main.rs:1967)
2.595471 [INFO ] [TOUCH] OK resolution=466x466 firmware=0x1000001 checksum=0x693275ee (octowhere firmware/src/main.rs:2400)
2.595790 [INFO ] [MESH] id=1 name=Roger Roger members=2 mac=[44, 1b, f6, 86, 1c, 1c] (octowhere_node octowhere-node/src/node.rs:688)
2.635818 [INFO ] [MESH] tuned=true (octowhere_node octowhere-node/src/node.rs:744)
2.637749 [INFO ] [MESH] id=1 members=2 generation=17 removal pending=false declinable until=Some(39806926) old keys=0 (octowhere_node octowhere-node/src/node.rs:886)
2.639101 [INFO ] [MEM] internal_used=65400 psram_used=1102300 (octowhere firmware/src/main.rs:2435)
9.000457 [INFO ] [STARTUP] reset power_on=true (octowhere firmware/src/main.rs:246)
9.000504 [INFO ] [STARTUP] async_main enter 9408390 (octowhere firmware/src/main.rs:249)
9.000557 [INFO ] [STARTUP] bring_up enter 851649 (octowhere firmware/src/main.rs:249)
9.000600 [INFO ] [STARTUP] frame_loop first 851816 (octowhere firmware/src/main.rs:249)
9.000650 [INFO ] [STARTUP] i2c powered 931768 (octowhere firmware/src/main.rs:249)
9.000690 [INFO ] [STARTUP] POWER start 932210 (octowhere firmware/src/main.rs:249)
9.000737 [INFO ] [STARTUP] POWER answered 934051 (octowhere firmware/src/main.rs:249)
9.000781 [INFO ] [STARTUP] exio reset 955803 (octowhere firmware/src/main.rs:249)
9.000821 [INFO ] [STARTUP] CLOCK start 955953 (octowhere firmware/src/main.rs:249)
9.000936 [INFO ] [STARTUP] CLOCK answered 956569 (octowhere firmware/src/main.rs:249)
9.000980 [INFO ] [STARTUP] TOUCH start 956604 (octowhere firmware/src/main.rs:249)
9.001020 [INFO ] [STARTUP] TOUCH answered 1068002 (octowhere firmware/src/main.rs:249)
9.001063 [INFO ] [STARTUP] MOTION start 1068055 (octowhere firmware/src/main.rs:249)
9.001104 [INFO ] [STARTUP] MOTION answered 1223851 (octowhere firmware/src/main.rs:249)
9.001148 [INFO ] [STARTUP] MAGNET start 1224067 (octowhere firmware/src/main.rs:249)
9.001189 [INFO ] [STARTUP] MAGNET answered 1425942 (octowhere firmware/src/main.rs:249)
9.001233 [INFO ] [STARTUP] gnss-settle end 1955947 (octowhere firmware/src/main.rs:249)
9.001275 [INFO ] [STARTUP] GNSS start 1956025 (octowhere firmware/src/main.rs:249)
9.001315 [INFO ] [STARTUP] GNSS answered 2580145 (octowhere firmware/src/main.rs:249)
9.001357 [INFO ] [STARTUP] RADIO start 2587536 (octowhere firmware/src/main.rs:249)
9.001397 [INFO ] [STARTUP] RADIO answered 2595318 (octowhere firmware/src/main.rs:249)
9.001440 [INFO ] [STARTUP] bring_up exit 2639131 (octowhere firmware/src/main.rs:249)
9.001482 [INFO ] [STARTUP] startup over 7622268 (octowhere firmware/src/main.rs:249)
9.001522 [INFO ] [STARTUP] done (octowhere firmware/src/main.rs:251)
