[2026-10-06T15:56:47Z INFO ] Serial port: '/dev/ttyACM1'
[2026-10-06T15:56:47Z INFO ] Connecting...
[2026-10-06T15:56:47Z INFO ] Using flash stub
I (273) esp_image: segment 3: paddr=000ba1ac vaddr=00000000 size2.580110 [INFO ] [BOOT] Gnss Answered in 624ms (octowhere firmware/src/main.rs:1967)
2.587297 [INFO ] [GNSS] no reference time: the RTC has none (octowhere firmware/src/main.rs:2521)
2.587386 [INFO ] [BOOT] answered: power=true clock=true touch=true motion=true magnet=true gnss=true (octowhere firmware/src/main.rs:2347)
2.595213 [INFO ] [LORA] init_ok (octowhere firmware/src/main.rs:2649)
2.595262 [INFO ] [BOOT] Radio Answered in 7ms (octowhere firmware/src/main.rs:1967)
2.595398 [INFO ] [TOUCH] OK resolution=466x466 firmware=0x1000001 checksum=0x693275ee (octowhere firmware/src/main.rs:2400)
2.595717 [INFO ] [MESH] id=1 name=Roger Roger members=2 mac=[44, 1b, f6, 86, 1c, 1c] (octowhere_node octowhere-node/src/node.rs:688)
2.635745 [INFO ] [MESH] tuned=true (octowhere_node octowhere-node/src/node.rs:744)
2.637676 [INFO ] [MESH] id=1 members=2 generation=17 removal pending=false declinable until=Some(39806926) old keys=0 (octowhere_node octowhere-node/src/node.rs:886)
2.639028 [INFO ] [MEM] internal_used=65400 psram_used=1102300 (octowhere firmware/src/main.rs:2435)
9.000122 [INFO ] [STARTUP] reset power_on=true (octowhere firmware/src/main.rs:246)
9.000167 [INFO ] [STARTUP] async_main enter 9408390 (octowhere firmware/src/main.rs:249)
9.000223 [INFO ] [STARTUP] bring_up enter 851649 (octowhere firmware/src/main.rs:249)
9.000266 [INFO ] [STARTUP] frame_loop first 851816 (octowhere firmware/src/main.rs:249)
9.000316 [INFO ] [STARTUP] i2c powered 931767 (octowhere firmware/src/main.rs:249)
9.000357 [INFO ] [STARTUP] POWER start 932208 (octowhere firmware/src/main.rs:249)
9.000398 [INFO ] [STARTUP] POWER answered 934050 (octowhere firmware/src/main.rs:249)
9.000543 [INFO ] [STARTUP] exio reset 955800 (octowhere firmware/src/main.rs:249)
9.000583 [INFO ] [STARTUP] CLOCK start 955949 (octowhere firmware/src/main.rs:249)
9.000623 [INFO ] [STARTUP] CLOCK answered 956566 (octowhere firmware/src/main.rs:249)
9.000666 [INFO ] [STARTUP] TOUCH start 956602 (octowhere firmware/src/main.rs:249)
9.000707 [INFO ] [STARTUP] TOUCH answered 1067998 (octowhere firmware/src/main.rs:249)
9.000750 [INFO ] [STARTUP] MOTION start 1068051 (octowhere firmware/src/main.rs:249)
9.000791 [INFO ] [STARTUP] MOTION answered 1223948 (octowhere firmware/src/main.rs:249)
9.000835 [INFO ] [STARTUP] MAGNET start 1224167 (octowhere firmware/src/main.rs:249)
9.000876 [INFO ] [STARTUP] MAGNET answered 1425910 (octowhere firmware/src/main.rs:249)
9.000920 [INFO ] [STARTUP] gnss-settle end 1955944 (octowhere firmware/src/main.rs:249)
9.000962 [INFO ] [STARTUP] GNSS start 1956022 (octowhere firmware/src/main.rs:249)
9.001002 [INFO ] [STARTUP] GNSS answered 2580025 (octowhere firmware/src/main.rs:249)
9.001044 [INFO ] [STARTUP] RADIO start 2587461 (octowhere firmware/src/main.rs:249)
9.001085 [INFO ] [STARTUP] RADIO answered 2595245 (octowhere firmware/src/main.rs:249)
9.001127 [INFO ] [STARTUP] bring_up exit 2639058 (octowhere firmware/src/main.rs:249)
9.001168 [INFO ] [STARTUP] startup over 7622107 (octowhere firmware/src/main.rs:249)
9.001209 [INFO ] [STARTUP] done (octowhere firmware/src/main.rs:251)
