[2026-10-06T15:56:21Z INFO ] Serial port: '/dev/ttyACM1'
[2026-10-06T15:56:21Z INFO ] Connecting...
[2026-10-06T15:56:21Z INFO ] Using flash stub
I (268) esp_image: segment 2: paddr=000b62a0 vaddr=40378000 size2.148330 [WARN ] [GNSS] STARTUP PAIR_SEND_RESULT command=732 status=error error=I2c { operation: WriteConfig, error: I2c(AcknowledgeCheckFailed(Address)) } (octowhere firmware/src/main.rs:2557)
2.531509 [WARN ] [GNSS] STARTUP PAIR_SEND_RESULT command=410 status=error error=I2c { operation: WriteConfig, error: I2c(AcknowledgeCheckFailed(Address)) } (octowhere firmware/src/main.rs:2568)
2.531585 [WARN ] [GNSS] STARTUP PAIR_SEND_RESULT command=411 status=error error=I2c { operation: WriteConfig, error: I2c(AcknowledgeCheckFailed(Address)) } (octowhere firmware/src/main.rs:2568)
2.723426 [WARN ] [GNSS] STARTUP PAIR_SEND_RESULT command=062 status=error error=I2c { operation: WriteConfig, error: I2c(AcknowledgeCheckFailed(Address)) } (octowhere firmware/src/main.rs:2583)
2.914815 [WARN ] [GNSS] STARTUP PAIR_SEND_RESULT command=063 status=error error=I2c { operation: WriteConfig, error: I2c(AcknowledgeCheckFailed(Address)) } (octowhere firmware/src/main.rs:2590)
3.106536 [WARN ] [GNSS] STARTUP PAIR_SEND_RESULT command=062 status=error error=I2c { operation: WriteConfig, error: I2c(AcknowledgeCheckFailed(Address)) } (octowhere firmware/src/main.rs:2583)
3.298202 [WARN ] [GNSS] STARTUP PAIR_SEND_RESULT command=063 status=error error=I2c { operation: WriteConfig, error: I2c(AcknowledgeCheckFailed(Address)) } (octowhere firmware/src/main.rs:2590)
3.456089 [WARN ] [GNSS] no answer; resetting it (octowhere firmware/src/main.rs:2333)
5.089428 [INFO ] [BOOT] Gnss Answered in 3133ms (octowhere firmware/src/main.rs:1967)
5.096631 [INFO ] [GNSS] no reference time: the RTC has none (octowhere firmware/src/main.rs:2521)
5.096666 [INFO ] [BOOT] answered: power=true clock=true touch=true motion=true magnet=true gnss=true (octowhere firmware/src/main.rs:2347)
5.140886 [INFO ] [LORA] init_ok (octowhere firmware/src/main.rs:2649)
5.140952 [INFO ] [BOOT] Radio Answered in 44ms (octowhere firmware/src/main.rs:1967)
5.141119 [INFO ] [TOUCH] OK resolution=466x466 firmware=0x1000001 checksum=0x693275ee (octowhere firmware/src/main.rs:2400)
5.141577 [INFO ] [MESH] id=1 name=Roger Roger members=2 mac=[44, 1b, f6, 86, 1c, 1c] (octowhere_node octowhere-node/src/node.rs:688)
5.181582 [INFO ] [MESH] tuned=true (octowhere_node octowhere-node/src/node.rs:744)
5.183532 [INFO ] [MESH] id=1 members=2 generation=17 removal pending=false declinable until=Some(39806926) old keys=0 (octowhere_node octowhere-node/src/node.rs:886)
5.185506 [INFO ] [MEM] internal_used=65400 psram_used=1102300 (octowhere firmware/src/main.rs:2435)
9.000122 [INFO ] [STARTUP] reset power_on=true (octowhere firmware/src/main.rs:246)
9.000167 [INFO ] [STARTUP] async_main enter 9408268 (octowhere firmware/src/main.rs:249)
9.000220 [INFO ] [STARTUP] bring_up enter 851641 (octowhere firmware/src/main.rs:249)
9.000263 [INFO ] [STARTUP] frame_loop first 851809 (octowhere firmware/src/main.rs:249)
9.000313 [INFO ] [STARTUP] i2c powered 931759 (octowhere firmware/src/main.rs:249)
9.000354 [INFO ] [STARTUP] POWER start 932201 (octowhere firmware/src/main.rs:249)
9.000401 [INFO ] [STARTUP] POWER answered 934042 (octowhere firmware/src/main.rs:249)
9.000444 [INFO ] [STARTUP] exio reset 955794 (octowhere firmware/src/main.rs:249)
9.000483 [INFO ] [STARTUP] CLOCK start 955943 (octowhere firmware/src/main.rs:249)
9.000524 [INFO ] [STARTUP] CLOCK answered 956560 (octowhere firmware/src/main.rs:249)
9.000663 [INFO ] [STARTUP] TOUCH start 956596 (octowhere firmware/src/main.rs:249)
9.000704 [INFO ] [STARTUP] TOUCH answered 1067993 (octowhere firmware/src/main.rs:249)
9.000746 [INFO ] [STARTUP] MOTION start 1068046 (octowhere firmware/src/main.rs:249)
9.000788 [INFO ] [STARTUP] MOTION answered 1224080 (octowhere firmware/src/main.rs:249)
9.000831 [INFO ] [STARTUP] MAGNET start 1224292 (octowhere firmware/src/main.rs:249)
9.000873 [INFO ] [STARTUP] MAGNET answered 1426114 (octowhere firmware/src/main.rs:249)
9.000916 [INFO ] [STARTUP] gnss-settle end 1955938 (octowhere firmware/src/main.rs:249)
9.000959 [INFO ] [STARTUP] GNSS start 1956016 (octowhere firmware/src/main.rs:249)
9.000998 [INFO ] [STARTUP] GNSS answered 5089355 (octowhere firmware/src/main.rs:249)
9.001040 [INFO ] [STARTUP] RADIO start 5096740 (octowhere firmware/src/main.rs:249)
9.001081 [INFO ] [STARTUP] RADIO answered 5140928 (octowhere firmware/src/main.rs:249)
9.001124 [INFO ] [STARTUP] bring_up exit 5185545 (octowhere firmware/src/main.rs:249)
9.001165 [INFO ] [STARTUP] done (octowhere firmware/src/main.rs:251)
