[2026-10-06T15:57:13Z INFO ] Serial port: '/dev/ttyACM1'
[2026-10-06T15:57:13Z INFO ] Connecting...
[2026-10-06T15:57:13Z INFO ] Using flash stub
I (273) esp_image: segment 3: paddr=000ba1ac vaddr=00000000 size2.580250 [INFO ] [BOOT] Gnss Answered in 624ms (octowhere firmware/src/main.rs:1967)
2.587486 [INFO ] [GNSS] no reference time: the RTC has none (octowhere firmware/src/main.rs:2521)
2.587522 [INFO ] [BOOT] answered: power=true clock=true touch=true motion=true magnet=true gnss=true (octowhere firmware/src/main.rs:2347)
2.595333 [INFO ] [LORA] init_ok (octowhere firmware/src/main.rs:2649)
2.595382 [INFO ] [BOOT] Radio Answered in 7ms (octowhere firmware/src/main.rs:1967)
2.595518 [INFO ] [TOUCH] OK resolution=466x466 firmware=0x1000001 checksum=0x693275ee (octowhere firmware/src/main.rs:2400)
2.595837 [INFO ] [MESH] id=1 name=Roger Roger members=2 mac=[44, 1b, f6, 86, 1c, 1c] (octowhere_node octowhere-node/src/node.rs:688)
2.635865 [INFO ] [MESH] tuned=true (octowhere_node octowhere-node/src/node.rs:744)
2.637796 [INFO ] [MESH] id=1 members=2 generation=17 removal pending=false declinable until=Some(39806926) old keys=0 (octowhere_node octowhere-node/src/node.rs:886)
2.639148 [INFO ] [MEM] internal_used=65400 psram_used=1102300 (octowhere firmware/src/main.rs:2435)
2.982152 [INFO ] [MESH] heard id=0 timebase=Boot(0) hops=0 taken=Adopted late_us=None len=105 rssi=-18 snr=5 entries=0 new=0 neighbours=0x00000002 messages=0/0 summary=false (octowhere_node octowhere-node/src/node.rs:1640)
2.982819 [INFO ] [MESH] timebase root=0 from its boot hops=1 (octowhere_node octowhere-node/src/node.rs:2880)
3.217401 [INFO ] [MESH] sent round=920 len=105 entries=0 records=0x00000000 asked=0x00000000 neighbours=0x00000001 messages=0 summary=false done=true (octowhere_node octowhere-node/src/node.rs:1774)
9.000125 [INFO ] [STARTUP] reset power_on=true (octowhere firmware/src/main.rs:246)
9.000174 [INFO ] [STARTUP] async_main enter 9408390 (octowhere firmware/src/main.rs:249)
9.000227 [INFO ] [STARTUP] bring_up enter 851649 (octowhere firmware/src/main.rs:249)
9.000270 [INFO ] [STARTUP] frame_loop first 851816 (octowhere firmware/src/main.rs:249)
9.000320 [INFO ] [STARTUP] i2c powered 931767 (octowhere firmware/src/main.rs:249)
9.000360 [INFO ] [STARTUP] POWER start 932208 (octowhere firmware/src/main.rs:249)
9.000407 [INFO ] [STARTUP] POWER answered 934050 (octowhere firmware/src/main.rs:249)
9.000450 [INFO ] [STARTUP] exio reset 955801 (octowhere firmware/src/main.rs:249)
9.000489 [INFO ] [STARTUP] CLOCK start 955951 (octowhere firmware/src/main.rs:249)
9.000530 [INFO ] [STARTUP] CLOCK answered 956568 (octowhere firmware/src/main.rs:249)
9.000573 [INFO ] [STARTUP] TOUCH start 956603 (octowhere firmware/src/main.rs:249)
9.000614 [INFO ] [STARTUP] TOUCH answered 1068000 (octowhere firmware/src/main.rs:249)
9.000656 [INFO ] [STARTUP] MOTION start 1068053 (octowhere firmware/src/main.rs:249)
9.000698 [INFO ] [STARTUP] MOTION answered 1223737 (octowhere firmware/src/main.rs:249)
9.000741 [INFO ] [STARTUP] MAGNET start 1223955 (octowhere firmware/src/main.rs:249)
9.000783 [INFO ] [STARTUP] MAGNET answered 1427221 (octowhere firmware/src/main.rs:249)
9.000826 [INFO ] [STARTUP] gnss-settle end 1955945 (octowhere firmware/src/main.rs:249)
9.000869 [INFO ] [STARTUP] GNSS start 1956023 (octowhere firmware/src/main.rs:249)
9.000909 [INFO ] [STARTUP] GNSS answered 2580167 (octowhere firmware/src/main.rs:249)
9.000951 [INFO ] [STARTUP] RADIO start 2587597 (octowhere firmware/src/main.rs:249)
9.001078 [INFO ] [STARTUP] RADIO answered 2595365 (octowhere firmware/src/main.rs:249)
9.001121 [INFO ] [STARTUP] bring_up exit 2639178 (octowhere firmware/src/main.rs:249)
9.001163 [INFO ] [STARTUP] startup over 7620959 (octowhere firmware/src/main.rs:249)
9.001203 [INFO ] [STARTUP] done (octowhere firmware/src/main.rs:251)
