[2026-10-04T05:17:40Z INFO ] Serial port: '/dev/ttyACM0'
[2026-10-04T05:17:40Z INFO ] Connecting...
[2026-10-04T05:17:41Z INFO ] Using flash stub
2.500775 [INFO ] [BOOT] Gnss Answered in 624ms (octowhere octowhere/src/main.rs:1900)
2.540686 [INFO ] [GNSS] reference time 2026-10-04 05:17:42 sent=true (octowhere octowhere/src/main.rs:2424)
2.540755 [INFO ] [BOOT] answered: power=true clock=true touch=true motion=true magnet=true gnss=true (octowhere octowhere/src/main.rs:2266)
2.644412 [INFO ] [LORA] init_ok (octowhere octowhere/src/main.rs:2568)
2.644449 [INFO ] [BOOT] Radio Answered in 103ms (octowhere octowhere/src/main.rs:1900)
2.644668 [INFO ] [TOUCH] OK resolution=466x466 firmware=0x1000001 checksum=0x693275ee (octowhere octowhere/src/main.rs:2319)
2.645143 [INFO ] [MESH] id=0 name=Dredge members=2 mac=[44, 1b, f6, 86, 1a, 38] (octowhere_node octowhere-node/src/node.rs:721)
2.650248 [INFO ] [MESH] tuned=true (octowhere_node octowhere-node/src/node.rs:776)
2.652471 [INFO ] [MESH] id=0 members=2 generation=5 removal pending=false declinable until=None old keys=0 (octowhere_node octowhere-node/src/node.rs:820)
2.653959 [INFO ] [MEM] internal_used=62464 psram_used=942532 (octowhere octowhere/src/main.rs:2354)
20.051833 [INFO ] [ZONE] Europe/Dublin after 1 steps in 2544us, longest 2529us (octowhere octowhere/src/main.rs:471)
26.442037 [INFO ] [DISPLAY] shift 3 0 (octowhere octowhere/src/main.rs:700)
28.490572 [INFO ] [DISPLAY] shift 2 2 (octowhere octowhere/src/main.rs:700)
28.647829 [WARN ] [GNSS] I2C_FAILED operation=ReadData error=I2c(AcknowledgeCheckFailed(Address)) (octowhere octowhere/src/main.rs:1484)
29.559462 [WARN ] [GNSS] I2C_FAILED operation=ReadLength error=I2c(AcknowledgeCheckFailed(Address)) (octowhere octowhere/src/main.rs:1484)
30.226766 [WARN ] [GNSS] I2C_FAILED operation=ReadLength error=I2c(AcknowledgeCheckFailed(Address)) (octowhere octowhere/src/main.rs:1484)
30.897044 [WARN ] [GNSS] I2C_FAILED operation=ReadLength error=I2c(AcknowledgeCheckFailed(Address)) (octowhere octowhere/src/main.rs:1484)
31.579385 [WARN ] [GNSS] I2C_FAILED operation=ReadLength error=I2c(AcknowledgeCheckFailed(Address)) (octowhere octowhere/src/main.rs:1484)
32.249922 [WARN ] [GNSS] I2C_FAILED operation=ReadLength error=I2c(AcknowledgeCheckFailed(Address)) (octowhere octowhere/src/main.rs:1484)
32.931565 [WARN ] [GNSS] I2C_FAILED operation=ReadLength error=I2c(AcknowledgeCheckFailed(Address)) (octowhere octowhere/src/main.rs:1484)
33.604639 [WARN ] [GNSS] I2C_FAILED operation=ReadLength error=I2c(AcknowledgeCheckFailed(Address)) (octowhere octowhere/src/main.rs:1484)
34.275567 [WARN ] [GNSS] I2C_FAILED operation=ReadLength error=I2c(AcknowledgeCheckFailed(Address)) (octowhere octowhere/src/main.rs:1484)
34.525731 [WARN ] [GNSS] stuck; resetting it, 1 resets since it last sent NMEA (octowhere octowhere/src/main.rs:1294)
34.685333 [WARN ] [PMIC] key read failed (octowhere octowhere/src/main.rs:1035)
35.955946 [WARN ] [GNSS] STARTUP PAIR_SEND_RESULT command=732 status=error error=I2c { operation: ReadLength, error: I2c(AcknowledgeCheckFailed(Address)) } (octowhere octowhere/src/main.rs:2474)
36.632285 [WARN ] [GNSS] STARTUP PAIR_SEND_RESULT command=062 status=error error=I2c { operation: ReadLength, error: I2c(AcknowledgeCheckFailed(Address)) } (octowhere octowhere/src/main.rs:2500)
37.054979 [WARN ] [GNSS] STARTUP PAIR_SEND_RESULT command=063 status=error error=I2c { operation: ReadLength, error: I2c(AcknowledgeCheckFailed(Address)) } (octowhere octowhere/src/main.rs:2507)
37.332968 [INFO ] [GNSS] reset configured=true (octowhere octowhere/src/main.rs:1302)
37.366259 [INFO ] [GNSS] reference time 2026-10-04 05:18:16 sent=true (octowhere octowhere/src/main.rs:2424)
38.138941 [WARN ] [GNSS] I2C_FAILED operation=ReadLength error=I2c(AcknowledgeCheckFailed(Address)) (octowhere octowhere/src/main.rs:1484)
38.801788 [WARN ] [GNSS] I2C_FAILED operation=ReadLength error=I2c(AcknowledgeCheckFailed(Address)) (octowhere octowhere/src/main.rs:1484)
39.476026 [WARN ] [GNSS] I2C_FAILED operation=ReadLength error=I2c(AcknowledgeCheckFailed(Address)) (octowhere octowhere/src/main.rs:1484)
40.150919 [WARN ] [GNSS] I2C_FAILED operation=ReadLength error=I2c(AcknowledgeCheckFailed(Address)) (octowhere octowhere/src/main.rs:1484)
40.814521 [WARN ] [GNSS] I2C_FAILED operation=ReadLength error=I2c(AcknowledgeCheckFailed(Address)) (octowhere octowhere/src/main.rs:1484)
41.497922 [WARN ] [GNSS] I2C_FAILED operation=ReadLength error=I2c(AcknowledgeCheckFailed(Address)) (octowhere octowhere/src/main.rs:1484)
42.176963 [WARN ] [GNSS] I2C_FAILED operation=ReadLength error=I2c(AcknowledgeCheckFailed(Address)) (octowhere octowhere/src/main.rs:1484)
42.843645 [WARN ] [GNSS] I2C_FAILED operation=ReadLength error=I2c(AcknowledgeCheckFailed(Address)) (octowhere octowhere/src/main.rs:1484)
97.366395 [WARN ] [GNSS] stuck; resetting it, 1 resets since it last sent NMEA (octowhere octowhere/src/main.rs:1294)
97.498846 [WARN ] [PMIC] key read failed (octowhere octowhere/src/main.rs:1035)
98.803538 [WARN ] [GNSS] STARTUP PAIR_SEND_RESULT command=732 status=error error=I2c { operation: ReadLength, error: I2c(AcknowledgeCheckFailed(Address)) } (octowhere octowhere/src/main.rs:2474)
99.272621 [WARN ] [GNSS] STARTUP PAIR_SEND_RESULT command=410 status=error error=I2c { operation: ReadLength, error: I2c(AcknowledgeCheckFailed(Address)) } (octowhere octowhere/src/main.rs:2485)
99.974633 [WARN ] [GNSS] STARTUP PAIR_SEND_RESULT command=062 status=error error=I2c { operation: ReadLength, error: I2c(AcknowledgeCheckFailed(Address)) } (octowhere octowhere/src/main.rs:2500)
100.453339 [WARN ] [GNSS] STARTUP PAIR_SEND_RESULT command=067 status=error error=I2c { operation: ReadLength, error: I2c(AcknowledgeCheckFailed(Address)) } (octowhere octowhere/src/main.rs:2516)
100.881934 [WARN ] [GNSS] I2C_FAILED operation=ReadLength error=I2c(AcknowledgeCheckFailed(Address)) (octowhere octowhere/src/main.rs:2533)
100.881987 [INFO ] [GNSS] reset configured=true (octowhere octowhere/src/main.rs:1302)
101.311241 [INFO ] [GNSS] reference time 2026-10-04 05:19:20 sent=false (octowhere octowhere/src/main.rs:2424)
101.931105 [WARN ] [GNSS] I2C_FAILED operation=ReadLength error=I2c(AcknowledgeCheckFailed(Address)) (octowhere octowhere/src/main.rs:1484)
102.611703 [WARN ] [GNSS] I2C_FAILED operation=ReadLength error=I2c(AcknowledgeCheckFailed(Address)) (octowhere octowhere/src/main.rs:1484)
103.287922 [WARN ] [GNSS] I2C_FAILED operation=ReadLength error=I2c(AcknowledgeCheckFailed(Address)) (octowhere octowhere/src/main.rs:1484)
103.947882 [WARN ] [GNSS] I2C_FAILED operation=ReadLength error=I2c(AcknowledgeCheckFailed(Address)) (octowhere octowhere/src/main.rs:1484)
104.624606 [WARN ] [GNSS] I2C_FAILED operation=ReadLength error=I2c(AcknowledgeCheckFailed(Address)) (octowhere octowhere/src/main.rs:1484)
105.299642 [WARN ] [GNSS] I2C_FAILED operation=ReadLength error=I2c(AcknowledgeCheckFailed(Address)) (octowhere octowhere/src/main.rs:1484)
105.956111 [WARN ] [GNSS] I2C_FAILED operation=ReadLength error=I2c(AcknowledgeCheckFailed(Address)) (octowhere octowhere/src/main.rs:1484)
106.623770 [WARN ] [GNSS] I2C_FAILED operation=ReadLength error=I2c(AcknowledgeCheckFailed(Address)) (octowhere octowhere/src/main.rs:1484)
137.646223 [INFO ] [MESH] timebase root=0 hops=0 (octowhere_node octowhere-node/src/node.rs:2759)
160.966351 [INFO ] [MESH] heard id=1 timebase=Gps hops=0 taken=Adopted late_us=None len=48 rssi=-34 snr=6 entries=1 new=1 neighbours=0x00000000 messages=0/0 summary=false (octowhere_node octowhere-node/src/node.rs:1632)
160.966957 [INFO ] [MESH] timebase GPS hops=1 (octowhere_node octowhere-node/src/node.rs:2755)
161.311380 [WARN ] [GNSS] stuck; resetting it, 1 resets since it last sent NMEA (octowhere octowhere/src/main.rs:1294)
161.370666 [WARN ] [PMIC] key read failed (octowhere octowhere/src/main.rs:1035)
162.749601 [WARN ] [GNSS] STARTUP PAIR_SEND_RESULT command=732 status=error error=I2c { operation: ReadLength, error: I2c(AcknowledgeCheckFailed(Address)) } (octowhere octowhere/src/main.rs:2474)
163.619207 [WARN ] [GNSS] STARTUP PAIR_SEND_RESULT command=410 status=error error=I2c { operation: ReadLength, error: I2c(AcknowledgeCheckFailed(Address)) } (octowhere octowhere/src/main.rs:2485)
163.619279 [WARN ] [GNSS] STARTUP PAIR_SEND_RESULT command=411 status=error error=I2c { operation: ReadLength, error: I2c(AcknowledgeCheckFailed(Address)) } (octowhere octowhere/src/main.rs:2485)
164.045269 [WARN ] [GNSS] STARTUP PAIR_SEND_RESULT command=062 status=error error=I2c { operation: ReadLength, error: I2c(AcknowledgeCheckFailed(Address)) } (octowhere octowhere/src/main.rs:2500)
164.474084 [WARN ] [GNSS] STARTUP PAIR_SEND_RESULT command=063 status=error error=I2c { operation: ReadLength, error: I2c(AcknowledgeCheckFailed(Address)) } (octowhere octowhere/src/main.rs:2507)
164.891902 [WARN ] [GNSS] STARTUP PAIR_SEND_RESULT command=062 status=error error=I2c { operation: ReadLength, error: I2c(AcknowledgeCheckFailed(Address)) } (octowhere octowhere/src/main.rs:2500)
165.328492 [WARN ] [GNSS] STARTUP PAIR_SEND_RESULT command=063 status=error error=I2c { operation: ReadLength, error: I2c(AcknowledgeCheckFailed(Address)) } (octowhere octowhere/src/main.rs:2507)
165.595788 [INFO ] [GNSS] reset configured=true (octowhere octowhere/src/main.rs:1302)
165.628866 [INFO ] [GNSS] reference time 2026-10-04 05:20:25 sent=true (octowhere octowhere/src/main.rs:2424)
167.865927 [INFO ] [MESH] round=39802027 sending=true sweeping=false (octowhere_node octowhere-node/src/node.rs:1131)
167.996772 [INFO ] [MESH] sent round=39802027 len=48 entries=1 records=0x00000000 asked=0x00000000 neighbours=0x00000002 messages=0 summary=false done=true (octowhere_node octowhere-node/src/node.rs:1736)
204.428684 [INFO ] [MESH] round=39802028 sending=false sweeping=false (octowhere_node octowhere-node/src/node.rs:1131)
207.371995 [INFO ] [MESH] heard id=1 timebase=Gps hops=0 taken=Refined late_us=Some(304) len=48 rssi=-34 snr=6 entries=1 new=1 neighbours=0x00000001 messages=0/0 summary=false (octowhere_node octowhere-node/src/node.rs:1632)
225.629119 [WARN ] [GNSS] stuck; resetting it, 1 resets since it last sent NMEA (octowhere octowhere/src/main.rs:1294)
225.815051 [WARN ] [PMIC] key read failed (octowhere octowhere/src/main.rs:1035)
227.060496 [WARN ] [GNSS] STARTUP PAIR_SEND_RESULT command=732 status=error error=I2c { operation: ReadLength, error: I2c(AcknowledgeCheckFailed(Address)) } (octowhere octowhere/src/main.rs:2474)
227.528948 [WARN ] [GNSS] STARTUP PAIR_SEND_RESULT command=410 status=error error=I2c { operation: ReadLength, error: I2c(AcknowledgeCheckFailed(Address)) } (octowhere octowhere/src/main.rs:2485)
228.002778 [WARN ] [GNSS] STARTUP PAIR_SEND_RESULT command=063 status=error error=I2c { operation: ReadLength, error: I2c(AcknowledgeCheckFailed(Address)) } (octowhere octowhere/src/main.rs:2507)
228.421676 [WARN ] [GNSS] STARTUP PAIR_SEND_RESULT command=062 status=error error=I2c { operation: ReadLength, error: I2c(AcknowledgeCheckFailed(Address)) } (octowhere octowhere/src/main.rs:2500)
228.856763 [WARN ] [GNSS] STARTUP PAIR_SEND_RESULT command=063 status=error error=I2c { operation: ReadLength, error: I2c(AcknowledgeCheckFailed(Address)) } (octowhere octowhere/src/main.rs:2507)
229.124052 [INFO ] [GNSS] reset configured=true (octowhere octowhere/src/main.rs:1302)
229.157245 [INFO ] [GNSS] reference time 2026-10-04 05:21:28 sent=true (octowhere octowhere/src/main.rs:2424)
230.175046 [WARN ] [GNSS] I2C_FAILED operation=ReadLength error=I2c(AcknowledgeCheckFailed(Address)) (octowhere octowhere/src/main.rs:1484)
230.851523 [WARN ] [GNSS] I2C_FAILED operation=ReadLength error=I2c(AcknowledgeCheckFailed(Address)) (octowhere octowhere/src/main.rs:1484)
231.522418 [WARN ] [GNSS] I2C_FAILED operation=ReadLength error=I2c(AcknowledgeCheckFailed(Address)) (octowhere octowhere/src/main.rs:1484)
232.206023 [WARN ] [GNSS] I2C_FAILED operation=ReadLength error=I2c(AcknowledgeCheckFailed(Address)) (octowhere octowhere/src/main.rs:1484)
232.880107 [WARN ] [GNSS] I2C_FAILED operation=ReadLength error=I2c(AcknowledgeCheckFailed(Address)) (octowhere octowhere/src/main.rs:1484)
233.563984 [WARN ] [GNSS] I2C_FAILED operation=ReadLength error=I2c(AcknowledgeCheckFailed(Address)) (octowhere octowhere/src/main.rs:1484)
234.248014 [WARN ] [GNSS] I2C_FAILED operation=ReadLength error=I2c(AcknowledgeCheckFailed(Address)) (octowhere octowhere/src/main.rs:1484)
234.930257 [WARN ] [GNSS] I2C_FAILED operation=ReadLength error=I2c(AcknowledgeCheckFailed(Address)) (octowhere octowhere/src/main.rs:1484)
