[2026-10-08T20:33:00Z INFO ] Serial port: '/dev/ttyACM3'
[2026-10-08T20:33:00Z INFO ] Connecting...
[2026-10-08T20:33:00Z INFO ] Using flash stub
I (446) boot: Loaded app from partition at offset 0x10000

1.812321 [INFO ] [GNSS] configured=true (octowhere firmware/src/main.rs:1368)
1.846662 [INFO ] [GNSS] reference time 2026-10-08 20:32:59 sent=true (octowhere firmware/src/main.rs:2665)
9.000117 [INFO ] [STARTUP] board 1a38 (octowhere firmware/src/main.rs:303)
9.000152 [INFO ] [STARTUP] reset power_on=true (octowhere firmware/src/main.rs:304)
9.000191 [INFO ] [STARTUP] load-group read 514110 (octowhere firmware/src/main.rs:308)
9.000238 [INFO ] [STARTUP] load-members read 662898 (octowhere firmware/src/main.rs:308)
9.000271 [INFO ] [STARTUP] load-restored read 662997 (octowhere firmware/src/main.rs:308)
9.000304 [INFO ] [STARTUP] load-rest read 676764 (octowhere firmware/src/main.rs:308)
9.000335 [INFO ] [STARTUP] load-kept read 787561 (octowhere firmware/src/main.rs:308)
9.000365 [INFO ] [STARTUP] main enter 7360558 (octowhere firmware/src/main.rs:315)
9.000416 [INFO ] [STARTUP] esp_hal init 463912 (octowhere firmware/src/main.rs:315)
9.000468 [INFO ] [STARTUP] psram ready 470684 (octowhere firmware/src/main.rs:315)
9.000520 [INFO ] [STARTUP] settings loaded 513218 (octowhere firmware/src/main.rs:315)
9.000575 [INFO ] [STARTUP] trng on 513313 (octowhere firmware/src/main.rs:315)
9.000624 [INFO ] [STARTUP] mesh-store read 787605 (octowhere firmware/src/main.rs:315)
9.000678 [INFO ] [STARTUP] identity made 810865 (octowhere firmware/src/main.rs:315)
9.000731 [INFO ] [STARTUP] mesh-store loaded 812083 (octowhere firmware/src/main.rs:315)
9.000788 [INFO ] [STARTUP] core1 starting 812439 (octowhere firmware/src/main.rs:315)
9.000842 [INFO ] [STARTUP] core1 started 829876 (octowhere firmware/src/main.rs:315)
9.000936 [INFO ] [STARTUP] core1 enter 830100 (octowhere firmware/src/main.rs:315)
9.000989 [INFO ] [STARTUP] bring_up enter 833587 (octowhere firmware/src/main.rs:315)
9.001043 [INFO ] [STARTUP] frame_loop first 833775 (octowhere firmware/src/main.rs:315)
9.001098 [INFO ] [STARTUP] frame_loop drawn 852993 (octowhere firmware/src/main.rs:315)
9.001154 [INFO ] [STARTUP] i2c powered 913710 (octowhere firmware/src/main.rs:315)
9.001206 [INFO ] [STARTUP] POWER start 914157 (octowhere firmware/src/main.rs:315)
9.001258 [INFO ] [STARTUP] POWER answered 916001 (octowhere firmware/src/main.rs:315)
9.001312 [INFO ] [STARTUP] exio reset 937711 (octowhere firmware/src/main.rs:315)
9.001363 [INFO ] [STARTUP] CLOCK start 937892 (octowhere firmware/src/main.rs:315)
9.001416 [INFO ] [STARTUP] TOUCH start 937977 (octowhere firmware/src/main.rs:315)
9.001468 [INFO ] [STARTUP] MOTION start 938023 (octowhere firmware/src/main.rs:315)
9.001521 [INFO ] [STARTUP] MAGNET start 938110 (octowhere firmware/src/main.rs:315)
9.001574 [INFO ] [STARTUP] CLOCK answered 938755 (octowhere firmware/src/main.rs:315)
9.001628 [INFO ] [STARTUP] gnss-settle end 1000021 (octowhere firmware/src/main.rs:315)
9.001683 [INFO ] [STARTUP] TOUCH answered 1049275 (octowhere firmware/src/main.rs:315)
9.001737 [INFO ] [STARTUP] MAGNET answered 1082212 (octowhere firmware/src/main.rs:315)
9.001792 [INFO ] [STARTUP] MOTION answered 1090251 (octowhere firmware/src/main.rs:315)
9.001847 [INFO ] [STARTUP] GNSS start 1090369 (octowhere firmware/src/main.rs:315)
9.001933 [INFO ] [STARTUP] display up 1092793 (octowhere firmware/src/main.rs:315)
9.001984 [INFO ] [STARTUP] flush0 start 1092814 (octowhere firmware/src/main.rs:315)
9.002037 [INFO ] [STARTUP] GNSS answered 1101120 (octowhere firmware/src/main.rs:315)
9.002091 [INFO ] [STARTUP] RADIO start 1101327 (octowhere firmware/src/main.rs:315)
9.002143 [INFO ] [STARTUP] RADIO answered 1104072 (octowhere firmware/src/main.rs:315)
9.002197 [INFO ] [STARTUP] flush0 end 1106047 (octowhere firmware/src/main.rs:315)
9.002248 [INFO ] [STARTUP] flush1 start 1106154 (octowhere firmware/src/main.rs:315)
9.002301 [INFO ] [STARTUP] bring_up exit 1148993 (octowhere firmware/src/main.rs:315)
9.002354 [INFO ] [STARTUP] frame_loop handed 1149193 (octowhere firmware/src/main.rs:315)
9.002410 [INFO ] [STARTUP] flush1 end 1161331 (octowhere firmware/src/main.rs:315)
9.002461 [INFO ] [STARTUP] panel lit 1173676 (octowhere firmware/src/main.rs:315)
9.002512 [INFO ] [STARTUP] GNSS-config end 1812369 (octowhere firmware/src/main.rs:315)
9.002566 [INFO ] [STARTUP] startup over 6301432 (octowhere firmware/src/main.rs:315)
9.002619 [INFO ] [STARTUP] done (octowhere firmware/src/main.rs:317)
