[2026-10-08T20:33:26Z INFO ] Serial port: '/dev/ttyACM3'
[2026-10-08T20:33:26Z INFO ] Connecting...
[2026-10-08T20:33:26Z INFO ] Using flash stub
I (446) boot: Loaded app from partition at offset 0x10000

1.813596 [INFO ] [GNSS] configured=true (octowhere firmware/src/main.rs:1368)
1.847898 [INFO ] [GNSS] reference time 2026-10-08 20:33:26 sent=true (octowhere firmware/src/main.rs:2665)
9.000097 [INFO ] [STARTUP] board 1a38 (octowhere firmware/src/main.rs:303)
9.000146 [INFO ] [STARTUP] reset power_on=true (octowhere firmware/src/main.rs:304)
9.000184 [INFO ] [STARTUP] load-group read 514109 (octowhere firmware/src/main.rs:308)
9.000232 [INFO ] [STARTUP] load-members read 662896 (octowhere firmware/src/main.rs:308)
9.000264 [INFO ] [STARTUP] load-restored read 662996 (octowhere firmware/src/main.rs:308)
9.000297 [INFO ] [STARTUP] load-rest read 676762 (octowhere firmware/src/main.rs:308)
9.000328 [INFO ] [STARTUP] load-kept read 787559 (octowhere firmware/src/main.rs:308)
9.000358 [INFO ] [STARTUP] main enter 7360558 (octowhere firmware/src/main.rs:315)
9.000409 [INFO ] [STARTUP] esp_hal init 463910 (octowhere firmware/src/main.rs:315)
9.000461 [INFO ] [STARTUP] psram ready 470682 (octowhere firmware/src/main.rs:315)
9.000514 [INFO ] [STARTUP] settings loaded 513216 (octowhere firmware/src/main.rs:315)
9.000569 [INFO ] [STARTUP] trng on 513312 (octowhere firmware/src/main.rs:315)
9.000618 [INFO ] [STARTUP] mesh-store read 787603 (octowhere firmware/src/main.rs:315)
9.000672 [INFO ] [STARTUP] identity made 810864 (octowhere firmware/src/main.rs:315)
9.000725 [INFO ] [STARTUP] mesh-store loaded 812081 (octowhere firmware/src/main.rs:315)
9.000781 [INFO ] [STARTUP] core1 starting 812438 (octowhere firmware/src/main.rs:315)
9.000835 [INFO ] [STARTUP] core1 started 829875 (octowhere firmware/src/main.rs:315)
9.000961 [INFO ] [STARTUP] core1 enter 830099 (octowhere firmware/src/main.rs:315)
9.001014 [INFO ] [STARTUP] bring_up enter 833585 (octowhere firmware/src/main.rs:315)
9.001068 [INFO ] [STARTUP] frame_loop first 833774 (octowhere firmware/src/main.rs:315)
9.001124 [INFO ] [STARTUP] frame_loop drawn 852991 (octowhere firmware/src/main.rs:315)
9.001179 [INFO ] [STARTUP] i2c powered 913708 (octowhere firmware/src/main.rs:315)
9.001231 [INFO ] [STARTUP] POWER start 914155 (octowhere firmware/src/main.rs:315)
9.001283 [INFO ] [STARTUP] POWER answered 916008 (octowhere firmware/src/main.rs:315)
9.001338 [INFO ] [STARTUP] exio reset 937718 (octowhere firmware/src/main.rs:315)
9.001388 [INFO ] [STARTUP] CLOCK start 937899 (octowhere firmware/src/main.rs:315)
9.001441 [INFO ] [STARTUP] TOUCH start 937984 (octowhere firmware/src/main.rs:315)
9.001493 [INFO ] [STARTUP] MOTION start 938030 (octowhere firmware/src/main.rs:315)
9.001546 [INFO ] [STARTUP] MAGNET start 938117 (octowhere firmware/src/main.rs:315)
9.001599 [INFO ] [STARTUP] CLOCK answered 938763 (octowhere firmware/src/main.rs:315)
9.001653 [INFO ] [STARTUP] gnss-settle end 1000021 (octowhere firmware/src/main.rs:315)
9.001707 [INFO ] [STARTUP] TOUCH answered 1049283 (octowhere firmware/src/main.rs:315)
9.001762 [INFO ] [STARTUP] MAGNET answered 1082227 (octowhere firmware/src/main.rs:315)
9.001817 [INFO ] [STARTUP] MOTION answered 1090260 (octowhere firmware/src/main.rs:315)
9.001872 [INFO ] [STARTUP] GNSS start 1090377 (octowhere firmware/src/main.rs:315)
9.001959 [INFO ] [STARTUP] display up 1092802 (octowhere firmware/src/main.rs:315)
9.002010 [INFO ] [STARTUP] flush0 start 1092824 (octowhere firmware/src/main.rs:315)
9.002062 [INFO ] [STARTUP] GNSS answered 1101130 (octowhere firmware/src/main.rs:315)
9.002116 [INFO ] [STARTUP] RADIO start 1101337 (octowhere firmware/src/main.rs:315)
9.002169 [INFO ] [STARTUP] RADIO answered 1104085 (octowhere firmware/src/main.rs:315)
9.002223 [INFO ] [STARTUP] flush0 end 1106058 (octowhere firmware/src/main.rs:315)
9.002274 [INFO ] [STARTUP] flush1 start 1106165 (octowhere firmware/src/main.rs:315)
9.002327 [INFO ] [STARTUP] bring_up exit 1149003 (octowhere firmware/src/main.rs:315)
9.002380 [INFO ] [STARTUP] frame_loop handed 1149203 (octowhere firmware/src/main.rs:315)
9.002436 [INFO ] [STARTUP] flush1 end 1161343 (octowhere firmware/src/main.rs:315)
9.002487 [INFO ] [STARTUP] panel lit 1173688 (octowhere firmware/src/main.rs:315)
9.002538 [INFO ] [STARTUP] GNSS-config end 1813639 (octowhere firmware/src/main.rs:315)
9.002592 [INFO ] [STARTUP] startup over 6294581 (octowhere firmware/src/main.rs:315)
9.002645 [INFO ] [STARTUP] done (octowhere firmware/src/main.rs:317)
