[2026-10-08T20:33:13Z INFO ] Serial port: '/dev/ttyACM3'
[2026-10-08T20:33:13Z INFO ] Connecting...
[2026-10-08T20:33:13Z INFO ] Using flash stub
I (446) boot: Loaded app from partition at offset 0x10000

1.801704 [INFO ] [GNSS] configured=true (octowhere firmware/src/main.rs:1368)
1.835589 [INFO ] [GNSS] reference time 2026-10-08 20:33:13 sent=true (octowhere firmware/src/main.rs:2665)
9.000126 [INFO ] [STARTUP] board 1a38 (octowhere firmware/src/main.rs:303)
9.000171 [INFO ] [STARTUP] reset power_on=true (octowhere firmware/src/main.rs:304)
9.000211 [INFO ] [STARTUP] load-group read 514105 (octowhere firmware/src/main.rs:308)
9.000257 [INFO ] [STARTUP] load-members read 662893 (octowhere firmware/src/main.rs:308)
9.000290 [INFO ] [STARTUP] load-restored read 662993 (octowhere firmware/src/main.rs:308)
9.000323 [INFO ] [STARTUP] load-rest read 676759 (octowhere firmware/src/main.rs:308)
9.000354 [INFO ] [STARTUP] load-kept read 787556 (octowhere firmware/src/main.rs:308)
9.000384 [INFO ] [STARTUP] main enter 7360558 (octowhere firmware/src/main.rs:315)
9.000435 [INFO ] [STARTUP] esp_hal init 463907 (octowhere firmware/src/main.rs:315)
9.000487 [INFO ] [STARTUP] psram ready 470679 (octowhere firmware/src/main.rs:315)
9.000540 [INFO ] [STARTUP] settings loaded 513213 (octowhere firmware/src/main.rs:315)
9.000595 [INFO ] [STARTUP] trng on 513308 (octowhere firmware/src/main.rs:315)
9.000643 [INFO ] [STARTUP] mesh-store read 787600 (octowhere firmware/src/main.rs:315)
9.000698 [INFO ] [STARTUP] identity made 810861 (octowhere firmware/src/main.rs:315)
9.000751 [INFO ] [STARTUP] mesh-store loaded 812078 (octowhere firmware/src/main.rs:315)
9.000807 [INFO ] [STARTUP] core1 starting 812435 (octowhere firmware/src/main.rs:315)
9.000861 [INFO ] [STARTUP] core1 started 829871 (octowhere firmware/src/main.rs:315)
9.000915 [INFO ] [STARTUP] core1 enter 830095 (octowhere firmware/src/main.rs:315)
9.000967 [INFO ] [STARTUP] bring_up enter 833582 (octowhere firmware/src/main.rs:315)
9.001102 [INFO ] [STARTUP] frame_loop first 833771 (octowhere firmware/src/main.rs:315)
9.001158 [INFO ] [STARTUP] frame_loop drawn 852988 (octowhere firmware/src/main.rs:315)
9.001214 [INFO ] [STARTUP] i2c powered 913706 (octowhere firmware/src/main.rs:315)
9.001266 [INFO ] [STARTUP] POWER start 914153 (octowhere firmware/src/main.rs:315)
9.001318 [INFO ] [STARTUP] POWER answered 915997 (octowhere firmware/src/main.rs:315)
9.001372 [INFO ] [STARTUP] exio reset 937707 (octowhere firmware/src/main.rs:315)
9.001423 [INFO ] [STARTUP] CLOCK start 937888 (octowhere firmware/src/main.rs:315)
9.001475 [INFO ] [STARTUP] TOUCH start 937973 (octowhere firmware/src/main.rs:315)
9.001528 [INFO ] [STARTUP] MOTION start 938019 (octowhere firmware/src/main.rs:315)
9.001581 [INFO ] [STARTUP] MAGNET start 938106 (octowhere firmware/src/main.rs:315)
9.001634 [INFO ] [STARTUP] CLOCK answered 938752 (octowhere firmware/src/main.rs:315)
9.001687 [INFO ] [STARTUP] gnss-settle end 1000021 (octowhere firmware/src/main.rs:315)
9.001742 [INFO ] [STARTUP] TOUCH answered 1049256 (octowhere firmware/src/main.rs:315)
9.001796 [INFO ] [STARTUP] MAGNET answered 1082211 (octowhere firmware/src/main.rs:315)
9.001851 [INFO ] [STARTUP] MOTION answered 1090249 (octowhere firmware/src/main.rs:315)
9.001906 [INFO ] [STARTUP] GNSS start 1090366 (octowhere firmware/src/main.rs:315)
9.001957 [INFO ] [STARTUP] display up 1092792 (octowhere firmware/src/main.rs:315)
9.002008 [INFO ] [STARTUP] flush0 start 1092814 (octowhere firmware/src/main.rs:315)
9.002101 [INFO ] [STARTUP] GNSS answered 1101120 (octowhere firmware/src/main.rs:315)
9.002155 [INFO ] [STARTUP] RADIO start 1101327 (octowhere firmware/src/main.rs:315)
9.002207 [INFO ] [STARTUP] RADIO answered 1104073 (octowhere firmware/src/main.rs:315)
9.002261 [INFO ] [STARTUP] flush0 end 1106046 (octowhere firmware/src/main.rs:315)
9.002313 [INFO ] [STARTUP] flush1 start 1106153 (octowhere firmware/src/main.rs:315)
9.002366 [INFO ] [STARTUP] bring_up exit 1148992 (octowhere firmware/src/main.rs:315)
9.002418 [INFO ] [STARTUP] frame_loop handed 1149192 (octowhere firmware/src/main.rs:315)
9.002475 [INFO ] [STARTUP] flush1 end 1161330 (octowhere firmware/src/main.rs:315)
9.002526 [INFO ] [STARTUP] panel lit 1173675 (octowhere firmware/src/main.rs:315)
9.002576 [INFO ] [STARTUP] GNSS-config end 1801739 (octowhere firmware/src/main.rs:315)
9.002630 [INFO ] [STARTUP] startup over 6303585 (octowhere firmware/src/main.rs:315)
9.002683 [INFO ] [STARTUP] done (octowhere firmware/src/main.rs:317)
