[2026-10-08T21:40:13Z INFO ] Serial port: '/dev/ttyACM3'
[2026-10-08T21:40:13Z INFO ] Connecting...
[2026-10-08T21:40:13Z INFO ] Using flash stub
I (448) boot: Loaded app from partition at offset 0x10000

1.927306 [INFO ] [GNSS] configured=true (octowhere firmware/src/main.rs:1479)
1.927902 [INFO ] [GNSS] no reference time: the RTC has none (octowhere firmware/src/main.rs:2796)
9.000135 [INFO ] [STARTUP] board 1a38 (octowhere firmware/src/main.rs:370)
9.000168 [INFO ] [STARTUP] reset power_on=true (octowhere firmware/src/main.rs:371)
9.000193 [INFO ] [STARTUP] mesh generation=20 members=0x3 kept=0x0 stored=0xf (octowhere firmware/src/main.rs:375)
9.000238 [INFO ] [STARTUP] load-group read 516420 (octowhere firmware/src/main.rs:385)
9.000283 [INFO ] [STARTUP] load-members read 570852 (octowhere firmware/src/main.rs:385)
9.000315 [INFO ] [STARTUP] load-restored read 570957 (octowhere firmware/src/main.rs:385)
9.000348 [INFO ] [STARTUP] load-rest read 584750 (octowhere firmware/src/main.rs:385)
9.000379 [INFO ] [STARTUP] load-kept read 594003 (octowhere firmware/src/main.rs:385)
9.000409 [INFO ] [STARTUP] main enter 462319 (octowhere firmware/src/main.rs:392)
9.000460 [INFO ] [STARTUP] esp_hal init 466169 (octowhere firmware/src/main.rs:392)
9.000512 [INFO ] [STARTUP] panel reset 466303 (octowhere firmware/src/main.rs:392)
9.000565 [INFO ] [STARTUP] psram ready 473013 (octowhere firmware/src/main.rs:392)
9.000617 [INFO ] [STARTUP] settings loaded 515484 (octowhere firmware/src/main.rs:392)
9.000672 [INFO ] [STARTUP] trng on 515603 (octowhere firmware/src/main.rs:392)
9.000753 [INFO ] [STARTUP] mesh-store read 594040 (octowhere firmware/src/main.rs:392)
9.000807 [INFO ] [STARTUP] core1 starting 594395 (octowhere firmware/src/main.rs:392)
9.000862 [INFO ] [STARTUP] core1 started 611830 (octowhere firmware/src/main.rs:392)
9.000915 [INFO ] [STARTUP] core1 enter 612070 (octowhere firmware/src/main.rs:392)
9.000967 [INFO ] [STARTUP] identity made 637623 (octowhere firmware/src/main.rs:392)
9.001020 [INFO ] [STARTUP] bring_up enter 640210 (octowhere firmware/src/main.rs:392)
9.001075 [INFO ] [STARTUP] i2c powered 720343 (octowhere firmware/src/main.rs:392)
9.001127 [INFO ] [STARTUP] POWER start 720794 (octowhere firmware/src/main.rs:392)
9.001179 [INFO ] [STARTUP] POWER answered 722608 (octowhere firmware/src/main.rs:392)
9.001233 [INFO ] [STARTUP] exio reset 744428 (octowhere firmware/src/main.rs:392)
9.001284 [INFO ] [STARTUP] CLOCK start 744629 (octowhere firmware/src/main.rs:392)
9.001337 [INFO ] [STARTUP] TOUCH start 744746 (octowhere firmware/src/main.rs:392)
9.001389 [INFO ] [STARTUP] MOTION start 744849 (octowhere firmware/src/main.rs:392)
9.001442 [INFO ] [STARTUP] display up 744964 (octowhere firmware/src/main.rs:392)
9.001493 [INFO ] [STARTUP] MAGNET start 745019 (octowhere firmware/src/main.rs:392)
9.001546 [INFO ] [STARTUP] frame_loop first 745114 (octowhere firmware/src/main.rs:392)
9.001601 [INFO ] [STARTUP] frame_loop drawn 764113 (octowhere firmware/src/main.rs:392)
9.001657 [INFO ] [STARTUP] frame_loop handed 764250 (octowhere firmware/src/main.rs:392)
9.001760 [INFO ] [STARTUP] flush0 start 764411 (octowhere firmware/src/main.rs:392)
9.001813 [INFO ] [STARTUP] flush0 end 779797 (octowhere firmware/src/main.rs:392)
9.001864 [INFO ] [STARTUP] flush1 start 788427 (octowhere firmware/src/main.rs:392)
9.001917 [INFO ] [STARTUP] panel lit 790216 (octowhere firmware/src/main.rs:392)
9.001953 [INFO ] [STARTUP] flush1 end 792473 (octowhere firmware/src/main.rs:392)
9.002004 [INFO ] [STARTUP] CLOCK answered 806845 (octowhere firmware/src/main.rs:392)
9.002058 [INFO ] [STARTUP] TOUCH answered 873362 (octowhere firmware/src/main.rs:392)
9.002112 [INFO ] [STARTUP] MOTION answered 963194 (octowhere firmware/src/main.rs:392)
9.002167 [INFO ] [STARTUP] gnss-settle end 1001772 (octowhere firmware/src/main.rs:392)
9.002221 [INFO ] [STARTUP] MAGNET answered 1091233 (octowhere firmware/src/main.rs:392)
9.002276 [INFO ] [STARTUP] GNSS start 1091455 (octowhere firmware/src/main.rs:392)
9.002327 [INFO ] [STARTUP] GNSS answered 1116898 (octowhere firmware/src/main.rs:392)
9.002381 [INFO ] [STARTUP] RADIO start 1117134 (octowhere firmware/src/main.rs:392)
9.002433 [INFO ] [STARTUP] RADIO answered 1233739 (octowhere firmware/src/main.rs:392)
9.002488 [INFO ] [STARTUP] bring_up exit 1279126 (octowhere firmware/src/main.rs:392)
9.002541 [INFO ] [STARTUP] GNSS-config end 1927343 (octowhere firmware/src/main.rs:392)
9.002595 [INFO ] [STARTUP] startup over 6255844 (octowhere firmware/src/main.rs:392)
9.002647 [INFO ] [FRAMES] 0 woke 745438 drawn 764101 (octowhere firmware/src/main.rs:395)
9.002749 [INFO ] [FRAMES] 1 woke 764880 drawn 788251 (octowhere firmware/src/main.rs:395)
9.002780 [INFO ] [FRAMES] 2 woke 788928 drawn 795128 (octowhere firmware/src/main.rs:395)
9.002811 [INFO ] [FRAMES] 3 woke 795859 drawn 800494 (octowhere firmware/src/main.rs:395)
9.002841 [INFO ] [FRAMES] 4 woke 801122 drawn 805337 (octowhere firmware/src/main.rs:395)
9.002872 [INFO ] [FRAMES] 5 woke 808940 drawn 809732 (octowhere firmware/src/main.rs:395)
9.002902 [INFO ] [FRAMES] 6 woke 809821 drawn 814819 (octowhere firmware/src/main.rs:395)
9.002933 [INFO ] [FRAMES] 7 woke 815462 drawn 820182 (octowhere firmware/src/main.rs:395)
9.002964 [INFO ] [FRAMES] 8 woke 825595 drawn 831020 (octowhere firmware/src/main.rs:395)
9.002994 [INFO ] [FRAMES] 9 woke 832300 drawn 836961 (octowhere firmware/src/main.rs:395)
9.003025 [INFO ] [FRAMES] 10 woke 842622 drawn 848181 (octowhere firmware/src/main.rs:395)
9.003055 [INFO ] [FRAMES] 11 woke 849509 drawn 854530 (octowhere firmware/src/main.rs:395)
9.003086 [INFO ] [FRAMES] 12 woke 859583 drawn 864935 (octowhere firmware/src/main.rs:395)
9.003117 [INFO ] [FRAMES] 13 woke 866355 drawn 871089 (octowhere firmware/src/main.rs:395)
9.003147 [INFO ] [FRAMES] 14 woke 876022 drawn 883371 (octowhere firmware/src/main.rs:395)
9.003178 [INFO ] [FRAMES] 15 woke 884777 drawn 892843 (octowhere firmware/src/main.rs:395)
9.003208 [INFO ] [FRAMES] 16 woke 895331 drawn 900659 (octowhere firmware/src/main.rs:395)
9.003239 [INFO ] [FRAMES] 17 woke 901924 drawn 910298 (octowhere firmware/src/main.rs:395)
9.003270 [INFO ] [FRAMES] 18 woke 911529 drawn 918811 (octowhere firmware/src/main.rs:395)
9.003300 [INFO ] [FRAMES] 19 woke 926856 drawn 932118 (octowhere firmware/src/main.rs:395)
9.003331 [INFO ] [FRAMES] 20 woke 943465 drawn 950595 (octowhere firmware/src/main.rs:395)
9.003361 [INFO ] [FRAMES] 21 woke 951883 drawn 960042 (octowhere firmware/src/main.rs:395)
9.003392 [INFO ] [FRAMES] 22 woke 963494 drawn 969122 (octowhere firmware/src/main.rs:395)
9.003422 [INFO ] [FRAMES] 23 woke 970324 drawn 978888 (octowhere firmware/src/main.rs:395)
9.003453 [INFO ] [FRAMES] 24 woke 993711 drawn 1001067 (octowhere firmware/src/main.rs:395)
9.003484 [INFO ] [FRAMES] 25 woke 1002302 drawn 1010973 (octowhere firmware/src/main.rs:395)
9.003514 [INFO ] [FRAMES] 26 woke 1023689 drawn 1032002 (octowhere firmware/src/main.rs:395)
9.003545 [INFO ] [FRAMES] 27 woke 1053710 drawn 1059349 (octowhere firmware/src/main.rs:395)
9.003575 [INFO ] [FRAMES] 28 woke 1083657 drawn 1089356 (octowhere firmware/src/main.rs:395)
9.003606 [INFO ] [FRAMES] 29 woke 1091679 drawn 1100243 (octowhere firmware/src/main.rs:395)
9.003636 [INFO ] [FRAMES] 30 woke 1100810 drawn 1105954 (octowhere firmware/src/main.rs:395)
9.003750 [INFO ] [FRAMES] 31 woke 1117938 drawn 1123913 (octowhere firmware/src/main.rs:395)
9.003780 [INFO ] [FRAMES] 32 woke 1124580 drawn 1132595 (octowhere firmware/src/main.rs:395)
9.003811 [INFO ] [FRAMES] 33 woke 1133752 drawn 1151328 (octowhere firmware/src/main.rs:395)
9.003842 [INFO ] [FRAMES] 34 woke 1152413 drawn 1171643 (octowhere firmware/src/main.rs:395)
9.003872 [INFO ] [FRAMES] 35 woke 1172758 drawn 1191919 (octowhere firmware/src/main.rs:395)
9.003903 [INFO ] [FRAMES] 36 woke 1193340 drawn 1212549 (octowhere firmware/src/main.rs:395)
9.003933 [INFO ] [FRAMES] 37 woke 1213628 drawn 1231842 (octowhere firmware/src/main.rs:395)
9.003964 [INFO ] [FRAMES] 38 woke 1279827 drawn 1300003 (octowhere firmware/src/main.rs:395)
9.003994 [INFO ] [FRAMES] 39 woke 1300650 drawn 1321868 (octowhere firmware/src/main.rs:395)
9.004025 [INFO ] [FRAMES] 40 woke 1322582 drawn 1327954 (octowhere firmware/src/main.rs:395)
9.004055 [INFO ] [FRAMES] 41 woke 1340063 drawn 1346704 (octowhere firmware/src/main.rs:395)
9.004086 [INFO ] [FRAMES] 42 woke 1370134 drawn 1376512 (octowhere firmware/src/main.rs:395)
9.004116 [INFO ] [FRAMES] 43 woke 1400128 drawn 1406594 (octowhere firmware/src/main.rs:395)
9.004147 [INFO ] [FRAMES] 44 woke 1526849 drawn 1533309 (octowhere firmware/src/main.rs:395)
9.004177 [INFO ] [FRAMES] 45 woke 1600060 drawn 1616551 (octowhere firmware/src/main.rs:395)
9.004208 [INFO ] [FRAMES] 46 woke 1633533 drawn 1652007 (octowhere firmware/src/main.rs:395)
9.004238 [INFO ] [FRAMES] 47 woke 1666828 drawn 1688372 (octowhere firmware/src/main.rs:395)
9.004269 [INFO ] [STARTUP] done (octowhere firmware/src/main.rs:402)
