[2026-10-08T21:39:47Z INFO ] Serial port: '/dev/ttyACM3'
[2026-10-08T21:39:47Z INFO ] Connecting...
[2026-10-08T21:39:47Z INFO ] Using flash stub
I (448) boot: Loaded app from partition at offset 0x10000

1.920042 [INFO ] [GNSS] configured=true (octowhere firmware/src/main.rs:1479)
1.920738 [INFO ] [GNSS] no reference time: the RTC has none (octowhere firmware/src/main.rs:2796)
9.000135 [INFO ] [STARTUP] board 1a38 (octowhere firmware/src/main.rs:370)
9.000181 [INFO ] [STARTUP] reset power_on=true (octowhere firmware/src/main.rs:371)
9.000207 [INFO ] [STARTUP] mesh generation=20 members=0x3 kept=0x0 stored=0xf (octowhere firmware/src/main.rs:375)
9.000251 [INFO ] [STARTUP] load-group read 516025 (octowhere firmware/src/main.rs:385)
9.000296 [INFO ] [STARTUP] load-members read 570457 (octowhere firmware/src/main.rs:385)
9.000328 [INFO ] [STARTUP] load-restored read 570563 (octowhere firmware/src/main.rs:385)
9.000361 [INFO ] [STARTUP] load-rest read 584356 (octowhere firmware/src/main.rs:385)
9.000392 [INFO ] [STARTUP] load-kept read 593608 (octowhere firmware/src/main.rs:385)
9.000422 [INFO ] [STARTUP] main enter 461919 (octowhere firmware/src/main.rs:392)
9.000473 [INFO ] [STARTUP] esp_hal init 465775 (octowhere firmware/src/main.rs:392)
9.000525 [INFO ] [STARTUP] panel reset 465908 (octowhere firmware/src/main.rs:392)
9.000578 [INFO ] [STARTUP] psram ready 472619 (octowhere firmware/src/main.rs:392)
9.000630 [INFO ] [STARTUP] settings loaded 515089 (octowhere firmware/src/main.rs:392)
9.000685 [INFO ] [STARTUP] trng on 515208 (octowhere firmware/src/main.rs:392)
9.000734 [INFO ] [STARTUP] mesh-store read 593645 (octowhere firmware/src/main.rs:392)
9.000788 [INFO ] [STARTUP] core1 starting 594001 (octowhere firmware/src/main.rs:392)
9.000879 [INFO ] [STARTUP] core1 started 611435 (octowhere firmware/src/main.rs:392)
9.000933 [INFO ] [STARTUP] core1 enter 611676 (octowhere firmware/src/main.rs:392)
9.000985 [INFO ] [STARTUP] identity made 637229 (octowhere firmware/src/main.rs:392)
9.001038 [INFO ] [STARTUP] bring_up enter 639815 (octowhere firmware/src/main.rs:392)
9.001092 [INFO ] [STARTUP] i2c powered 719948 (octowhere firmware/src/main.rs:392)
9.001144 [INFO ] [STARTUP] POWER start 720400 (octowhere firmware/src/main.rs:392)
9.001196 [INFO ] [STARTUP] POWER answered 722214 (octowhere firmware/src/main.rs:392)
9.001251 [INFO ] [STARTUP] exio reset 744034 (octowhere firmware/src/main.rs:392)
9.001302 [INFO ] [STARTUP] CLOCK start 744235 (octowhere firmware/src/main.rs:392)
9.001354 [INFO ] [STARTUP] TOUCH start 744352 (octowhere firmware/src/main.rs:392)
9.001406 [INFO ] [STARTUP] MOTION start 744456 (octowhere firmware/src/main.rs:392)
9.001459 [INFO ] [STARTUP] display up 744570 (octowhere firmware/src/main.rs:392)
9.001510 [INFO ] [STARTUP] MAGNET start 744625 (octowhere firmware/src/main.rs:392)
9.001563 [INFO ] [STARTUP] frame_loop first 744721 (octowhere firmware/src/main.rs:392)
9.001619 [INFO ] [STARTUP] frame_loop drawn 763719 (octowhere firmware/src/main.rs:392)
9.001674 [INFO ] [STARTUP] frame_loop handed 763857 (octowhere firmware/src/main.rs:392)
9.001731 [INFO ] [STARTUP] flush0 start 764018 (octowhere firmware/src/main.rs:392)
9.001784 [INFO ] [STARTUP] flush0 end 779404 (octowhere firmware/src/main.rs:392)
9.001876 [INFO ] [STARTUP] flush1 start 788034 (octowhere firmware/src/main.rs:392)
9.001929 [INFO ] [STARTUP] panel lit 789671 (octowhere firmware/src/main.rs:392)
9.001964 [INFO ] [STARTUP] flush1 end 791966 (octowhere firmware/src/main.rs:392)
9.002015 [INFO ] [STARTUP] CLOCK answered 806586 (octowhere firmware/src/main.rs:392)
9.002069 [INFO ] [STARTUP] TOUCH answered 872816 (octowhere firmware/src/main.rs:392)
9.002123 [INFO ] [STARTUP] MOTION answered 962896 (octowhere firmware/src/main.rs:392)
9.002178 [INFO ] [STARTUP] gnss-settle end 1001482 (octowhere firmware/src/main.rs:392)
9.002233 [INFO ] [STARTUP] MAGNET answered 1090910 (octowhere firmware/src/main.rs:392)
9.002288 [INFO ] [STARTUP] GNSS start 1091135 (octowhere firmware/src/main.rs:392)
9.002339 [INFO ] [STARTUP] GNSS answered 1116655 (octowhere firmware/src/main.rs:392)
9.002392 [INFO ] [STARTUP] RADIO start 1116889 (octowhere firmware/src/main.rs:392)
9.002445 [INFO ] [STARTUP] RADIO answered 1211836 (octowhere firmware/src/main.rs:392)
9.002499 [INFO ] [STARTUP] bring_up exit 1259741 (octowhere firmware/src/main.rs:392)
9.002552 [INFO ] [STARTUP] GNSS-config end 1920080 (octowhere firmware/src/main.rs:392)
9.002606 [INFO ] [STARTUP] startup over 6238856 (octowhere firmware/src/main.rs:392)
9.002658 [INFO ] [FRAMES] 0 woke 745045 drawn 763708 (octowhere firmware/src/main.rs:395)
9.002688 [INFO ] [FRAMES] 1 woke 764487 drawn 787858 (octowhere firmware/src/main.rs:395)
9.002719 [INFO ] [FRAMES] 2 woke 788535 drawn 794708 (octowhere firmware/src/main.rs:395)
9.002749 [INFO ] [FRAMES] 3 woke 795444 drawn 800093 (octowhere firmware/src/main.rs:395)
9.002780 [INFO ] [FRAMES] 4 woke 800728 drawn 804959 (octowhere firmware/src/main.rs:395)
9.002870 [INFO ] [FRAMES] 5 woke 808506 drawn 809297 (octowhere firmware/src/main.rs:395)
9.002901 [INFO ] [FRAMES] 6 woke 809386 drawn 814399 (octowhere firmware/src/main.rs:395)
9.002932 [INFO ] [FRAMES] 7 woke 815056 drawn 819803 (octowhere firmware/src/main.rs:395)
9.002962 [INFO ] [FRAMES] 8 woke 825060 drawn 830449 (octowhere firmware/src/main.rs:395)
9.002993 [INFO ] [FRAMES] 9 woke 831721 drawn 836379 (octowhere firmware/src/main.rs:395)
9.003024 [INFO ] [FRAMES] 10 woke 842082 drawn 847638 (octowhere firmware/src/main.rs:395)
9.003054 [INFO ] [FRAMES] 11 woke 848962 drawn 853973 (octowhere firmware/src/main.rs:395)
9.003085 [INFO ] [FRAMES] 12 woke 859035 drawn 864388 (octowhere firmware/src/main.rs:395)
9.003115 [INFO ] [FRAMES] 13 woke 865809 drawn 870543 (octowhere firmware/src/main.rs:395)
9.003146 [INFO ] [FRAMES] 14 woke 875442 drawn 882794 (octowhere firmware/src/main.rs:395)
9.003176 [INFO ] [FRAMES] 15 woke 884199 drawn 892240 (octowhere firmware/src/main.rs:395)
9.003207 [INFO ] [FRAMES] 16 woke 894742 drawn 900070 (octowhere firmware/src/main.rs:395)
9.003237 [INFO ] [FRAMES] 17 woke 901335 drawn 909698 (octowhere firmware/src/main.rs:395)
9.003268 [INFO ] [FRAMES] 18 woke 910920 drawn 918202 (octowhere firmware/src/main.rs:395)
9.003299 [INFO ] [FRAMES] 19 woke 926249 drawn 931509 (octowhere firmware/src/main.rs:395)
9.003329 [INFO ] [FRAMES] 20 woke 942865 drawn 949994 (octowhere firmware/src/main.rs:395)
9.003360 [INFO ] [FRAMES] 21 woke 951276 drawn 959419 (octowhere firmware/src/main.rs:395)
9.003390 [INFO ] [FRAMES] 22 woke 963192 drawn 968822 (octowhere firmware/src/main.rs:395)
9.003421 [INFO ] [FRAMES] 23 woke 970020 drawn 978485 (octowhere firmware/src/main.rs:395)
9.003452 [INFO ] [FRAMES] 24 woke 993406 drawn 1000762 (octowhere firmware/src/main.rs:395)
9.003482 [INFO ] [FRAMES] 25 woke 1002014 drawn 1010720 (octowhere firmware/src/main.rs:395)
9.003513 [INFO ] [FRAMES] 26 woke 1023391 drawn 1031581 (octowhere firmware/src/main.rs:395)
9.003543 [INFO ] [FRAMES] 27 woke 1053411 drawn 1059083 (octowhere firmware/src/main.rs:395)
9.003574 [INFO ] [FRAMES] 28 woke 1083354 drawn 1089026 (octowhere firmware/src/main.rs:395)
9.003605 [INFO ] [FRAMES] 29 woke 1091486 drawn 1100037 (octowhere firmware/src/main.rs:395)
9.003635 [INFO ] [FRAMES] 30 woke 1100602 drawn 1105715 (octowhere firmware/src/main.rs:395)
9.003666 [INFO ] [FRAMES] 31 woke 1117693 drawn 1123671 (octowhere firmware/src/main.rs:395)
9.003696 [INFO ] [FRAMES] 32 woke 1124338 drawn 1132440 (octowhere firmware/src/main.rs:395)
9.003727 [INFO ] [FRAMES] 33 woke 1133596 drawn 1150975 (octowhere firmware/src/main.rs:395)
9.003758 [INFO ] [FRAMES] 34 woke 1152070 drawn 1171474 (octowhere firmware/src/main.rs:395)
9.003870 [INFO ] [FRAMES] 35 woke 1172592 drawn 1191786 (octowhere firmware/src/main.rs:395)
9.003901 [INFO ] [FRAMES] 36 woke 1192917 drawn 1209500 (octowhere firmware/src/main.rs:395)
9.003931 [INFO ] [FRAMES] 37 woke 1260465 drawn 1280514 (octowhere firmware/src/main.rs:395)
9.003962 [INFO ] [FRAMES] 38 woke 1281160 drawn 1302144 (octowhere firmware/src/main.rs:395)
9.003993 [INFO ] [FRAMES] 39 woke 1302937 drawn 1308270 (octowhere firmware/src/main.rs:395)
9.004023 [INFO ] [FRAMES] 40 woke 1320887 drawn 1326590 (octowhere firmware/src/main.rs:395)
9.004054 [INFO ] [FRAMES] 41 woke 1350774 drawn 1357433 (octowhere firmware/src/main.rs:395)
9.004084 [INFO ] [FRAMES] 42 woke 1380757 drawn 1387348 (octowhere firmware/src/main.rs:395)
9.004115 [INFO ] [FRAMES] 43 woke 1508076 drawn 1514534 (octowhere firmware/src/main.rs:395)
9.004145 [INFO ] [FRAMES] 44 woke 1580691 drawn 1597215 (octowhere firmware/src/main.rs:395)
9.004176 [INFO ] [FRAMES] 45 woke 1614187 drawn 1633720 (octowhere firmware/src/main.rs:395)
9.004206 [INFO ] [FRAMES] 46 woke 1647619 drawn 1670073 (octowhere firmware/src/main.rs:395)
9.004237 [INFO ] [FRAMES] 47 woke 1680782 drawn 1703413 (octowhere firmware/src/main.rs:395)
9.004268 [INFO ] [STARTUP] done (octowhere firmware/src/main.rs:402)
