[2026-10-08T21:40:00Z INFO ] Serial port: '/dev/ttyACM3'
[2026-10-08T21:40:00Z INFO ] Connecting...
[2026-10-08T21:40:00Z INFO ] Using flash stub
I (448) boot: Loaded app from partition at offset 0x10000

1.919560 [INFO ] [GNSS] configured=true (octowhere firmware/src/main.rs:1479)
1.920169 [INFO ] [GNSS] no reference time: the RTC has none (octowhere firmware/src/main.rs:2796)
9.000135 [INFO ] [STARTUP] board 1a38 (octowhere firmware/src/main.rs:370)
9.000172 [INFO ] [STARTUP] reset power_on=true (octowhere firmware/src/main.rs:371)
9.000197 [INFO ] [STARTUP] mesh generation=20 members=0x3 kept=0x0 stored=0xf (octowhere firmware/src/main.rs:375)
9.000243 [INFO ] [STARTUP] load-group read 515921 (octowhere firmware/src/main.rs:385)
9.000286 [INFO ] [STARTUP] load-members read 570353 (octowhere firmware/src/main.rs:385)
9.000319 [INFO ] [STARTUP] load-restored read 570458 (octowhere firmware/src/main.rs:385)
9.000352 [INFO ] [STARTUP] load-rest read 584251 (octowhere firmware/src/main.rs:385)
9.000382 [INFO ] [STARTUP] load-kept read 593504 (octowhere firmware/src/main.rs:385)
9.000413 [INFO ] [STARTUP] main enter 461819 (octowhere firmware/src/main.rs:392)
9.000464 [INFO ] [STARTUP] esp_hal init 465670 (octowhere firmware/src/main.rs:392)
9.000516 [INFO ] [STARTUP] panel reset 465804 (octowhere firmware/src/main.rs:392)
9.000568 [INFO ] [STARTUP] psram ready 472514 (octowhere firmware/src/main.rs:392)
9.000621 [INFO ] [STARTUP] settings loaded 514985 (octowhere firmware/src/main.rs:392)
9.000676 [INFO ] [STARTUP] trng on 515104 (octowhere firmware/src/main.rs:392)
9.000725 [INFO ] [STARTUP] mesh-store read 593541 (octowhere firmware/src/main.rs:392)
9.000853 [INFO ] [STARTUP] core1 starting 593896 (octowhere firmware/src/main.rs:392)
9.000907 [INFO ] [STARTUP] core1 started 611331 (octowhere firmware/src/main.rs:392)
9.000961 [INFO ] [STARTUP] core1 enter 611571 (octowhere firmware/src/main.rs:392)
9.001013 [INFO ] [STARTUP] identity made 637124 (octowhere firmware/src/main.rs:392)
9.001066 [INFO ] [STARTUP] bring_up enter 639711 (octowhere firmware/src/main.rs:392)
9.001120 [INFO ] [STARTUP] i2c powered 719844 (octowhere firmware/src/main.rs:392)
9.001172 [INFO ] [STARTUP] POWER start 720295 (octowhere firmware/src/main.rs:392)
9.001224 [INFO ] [STARTUP] POWER answered 722109 (octowhere firmware/src/main.rs:392)
9.001279 [INFO ] [STARTUP] exio reset 743929 (octowhere firmware/src/main.rs:392)
9.001330 [INFO ] [STARTUP] CLOCK start 744130 (octowhere firmware/src/main.rs:392)
9.001382 [INFO ] [STARTUP] TOUCH start 744247 (octowhere firmware/src/main.rs:392)
9.001434 [INFO ] [STARTUP] MOTION start 744350 (octowhere firmware/src/main.rs:392)
9.001487 [INFO ] [STARTUP] display up 744465 (octowhere firmware/src/main.rs:392)
9.001538 [INFO ] [STARTUP] MAGNET start 744520 (octowhere firmware/src/main.rs:392)
9.001591 [INFO ] [STARTUP] frame_loop first 744615 (octowhere firmware/src/main.rs:392)
9.001647 [INFO ] [STARTUP] frame_loop drawn 763614 (octowhere firmware/src/main.rs:392)
9.001702 [INFO ] [STARTUP] frame_loop handed 763751 (octowhere firmware/src/main.rs:392)
9.001759 [INFO ] [STARTUP] flush0 start 763914 (octowhere firmware/src/main.rs:392)
9.001851 [INFO ] [STARTUP] flush0 end 779340 (octowhere firmware/src/main.rs:392)
9.001902 [INFO ] [STARTUP] flush1 start 787918 (octowhere firmware/src/main.rs:392)
9.001955 [INFO ] [STARTUP] panel lit 789648 (octowhere firmware/src/main.rs:392)
9.002006 [INFO ] [STARTUP] flush1 end 791887 (octowhere firmware/src/main.rs:392)
9.002057 [INFO ] [STARTUP] CLOCK answered 806380 (octowhere firmware/src/main.rs:392)
9.002111 [INFO ] [STARTUP] TOUCH answered 872789 (octowhere firmware/src/main.rs:392)
9.002165 [INFO ] [STARTUP] MOTION answered 962977 (octowhere firmware/src/main.rs:392)
9.002220 [INFO ] [STARTUP] gnss-settle end 1001570 (octowhere firmware/src/main.rs:392)
9.002275 [INFO ] [STARTUP] MAGNET answered 1090984 (octowhere firmware/src/main.rs:392)
9.002330 [INFO ] [STARTUP] GNSS start 1091258 (octowhere firmware/src/main.rs:392)
9.002380 [INFO ] [STARTUP] GNSS answered 1116728 (octowhere firmware/src/main.rs:392)
9.002434 [INFO ] [STARTUP] RADIO start 1116962 (octowhere firmware/src/main.rs:392)
9.002486 [INFO ] [STARTUP] RADIO answered 1211882 (octowhere firmware/src/main.rs:392)
9.002541 [INFO ] [STARTUP] bring_up exit 1259746 (octowhere firmware/src/main.rs:392)
9.002594 [INFO ] [STARTUP] GNSS-config end 1919593 (octowhere firmware/src/main.rs:392)
9.002648 [INFO ] [STARTUP] startup over 6240227 (octowhere firmware/src/main.rs:392)
9.002700 [INFO ] [FRAMES] 0 woke 744939 drawn 763602 (octowhere firmware/src/main.rs:395)
9.002730 [INFO ] [FRAMES] 1 woke 764371 drawn 787743 (octowhere firmware/src/main.rs:395)
9.002844 [INFO ] [FRAMES] 2 woke 788422 drawn 794598 (octowhere firmware/src/main.rs:395)
9.002875 [INFO ] [FRAMES] 3 woke 795342 drawn 799982 (octowhere firmware/src/main.rs:395)
9.002905 [INFO ] [FRAMES] 4 woke 800618 drawn 804849 (octowhere firmware/src/main.rs:395)
9.002936 [INFO ] [FRAMES] 5 woke 808370 drawn 809160 (octowhere firmware/src/main.rs:395)
9.002967 [INFO ] [FRAMES] 6 woke 809248 drawn 814253 (octowhere firmware/src/main.rs:395)
9.002997 [INFO ] [FRAMES] 7 woke 814906 drawn 819651 (octowhere firmware/src/main.rs:395)
9.003028 [INFO ] [FRAMES] 8 woke 825032 drawn 830435 (octowhere firmware/src/main.rs:395)
9.003058 [INFO ] [FRAMES] 9 woke 831709 drawn 836370 (octowhere firmware/src/main.rs:395)
9.003089 [INFO ] [FRAMES] 10 woke 842025 drawn 847585 (octowhere firmware/src/main.rs:395)
9.003120 [INFO ] [FRAMES] 11 woke 848909 drawn 853920 (octowhere firmware/src/main.rs:395)
9.003150 [INFO ] [FRAMES] 12 woke 859010 drawn 864387 (octowhere firmware/src/main.rs:395)
9.003181 [INFO ] [FRAMES] 13 woke 865782 drawn 870517 (octowhere firmware/src/main.rs:395)
9.003211 [INFO ] [FRAMES] 14 woke 875400 drawn 882752 (octowhere firmware/src/main.rs:395)
9.003242 [INFO ] [FRAMES] 15 woke 884157 drawn 892202 (octowhere firmware/src/main.rs:395)
9.003272 [INFO ] [FRAMES] 16 woke 894695 drawn 900022 (octowhere firmware/src/main.rs:395)
9.003303 [INFO ] [FRAMES] 17 woke 901287 drawn 909610 (octowhere firmware/src/main.rs:395)
9.003333 [INFO ] [FRAMES] 18 woke 910835 drawn 918117 (octowhere firmware/src/main.rs:395)
9.003364 [INFO ] [FRAMES] 19 woke 926171 drawn 931434 (octowhere firmware/src/main.rs:395)
9.003394 [INFO ] [FRAMES] 20 woke 942862 drawn 949991 (octowhere firmware/src/main.rs:395)
9.003425 [INFO ] [FRAMES] 21 woke 951270 drawn 959389 (octowhere firmware/src/main.rs:395)
9.003456 [INFO ] [FRAMES] 22 woke 963274 drawn 968906 (octowhere firmware/src/main.rs:395)
9.003486 [INFO ] [FRAMES] 23 woke 970105 drawn 978594 (octowhere firmware/src/main.rs:395)
9.003517 [INFO ] [FRAMES] 24 woke 993486 drawn 1000846 (octowhere firmware/src/main.rs:395)
9.003547 [INFO ] [FRAMES] 25 woke 1002102 drawn 1010811 (octowhere firmware/src/main.rs:395)
9.003578 [INFO ] [FRAMES] 26 woke 1023474 drawn 1031627 (octowhere firmware/src/main.rs:395)
9.003608 [INFO ] [FRAMES] 27 woke 1053491 drawn 1059187 (octowhere firmware/src/main.rs:395)
9.003639 [INFO ] [FRAMES] 28 woke 1083435 drawn 1089099 (octowhere firmware/src/main.rs:395)
9.003669 [INFO ] [FRAMES] 29 woke 1091694 drawn 1100144 (octowhere firmware/src/main.rs:395)
9.003700 [INFO ] [FRAMES] 30 woke 1100710 drawn 1105789 (octowhere firmware/src/main.rs:395)
9.003731 [INFO ] [FRAMES] 31 woke 1117765 drawn 1123743 (octowhere firmware/src/main.rs:395)
9.003844 [INFO ] [FRAMES] 32 woke 1124410 drawn 1132549 (octowhere firmware/src/main.rs:395)
9.003875 [INFO ] [FRAMES] 33 woke 1133706 drawn 1151033 (octowhere firmware/src/main.rs:395)
9.003905 [INFO ] [FRAMES] 34 woke 1152121 drawn 1171519 (octowhere firmware/src/main.rs:395)
9.003936 [INFO ] [FRAMES] 35 woke 1172636 drawn 1191795 (octowhere firmware/src/main.rs:395)
9.003966 [INFO ] [FRAMES] 36 woke 1192924 drawn 1209542 (octowhere firmware/src/main.rs:395)
9.003997 [INFO ] [FRAMES] 37 woke 1260467 drawn 1280524 (octowhere firmware/src/main.rs:395)
9.004027 [INFO ] [FRAMES] 38 woke 1281168 drawn 1302148 (octowhere firmware/src/main.rs:395)
9.004058 [INFO ] [FRAMES] 39 woke 1302971 drawn 1308300 (octowhere firmware/src/main.rs:395)
9.004089 [INFO ] [FRAMES] 40 woke 1320874 drawn 1326577 (octowhere firmware/src/main.rs:395)
9.004119 [INFO ] [FRAMES] 41 woke 1350778 drawn 1357438 (octowhere firmware/src/main.rs:395)
9.004150 [INFO ] [FRAMES] 42 woke 1380758 drawn 1387351 (octowhere firmware/src/main.rs:395)
9.004180 [INFO ] [FRAMES] 43 woke 1508107 drawn 1514554 (octowhere firmware/src/main.rs:395)
9.004211 [INFO ] [FRAMES] 44 woke 1580692 drawn 1597229 (octowhere firmware/src/main.rs:395)
9.004241 [INFO ] [FRAMES] 45 woke 1614197 drawn 1633743 (octowhere firmware/src/main.rs:395)
9.004272 [INFO ] [FRAMES] 46 woke 1647657 drawn 1670072 (octowhere firmware/src/main.rs:395)
9.004302 [INFO ] [FRAMES] 47 woke 1680789 drawn 1703404 (octowhere firmware/src/main.rs:395)
9.004334 [INFO ] [STARTUP] done (octowhere firmware/src/main.rs:402)
