[2026-10-08T21:40:57Z INFO ] Serial port: '/dev/ttyACM2'
[2026-10-08T21:40:57Z INFO ] Connecting...
[2026-10-08T21:40:57Z INFO ] Using flash stub
I (448) boot: Loaded app from partition at offset 0x10000

1.907996 [INFO ] [GNSS] configured=true (octowhere firmware/src/main.rs:1479)
1.952261 [INFO ] [GNSS] reference time 2026-10-08 21:40:56 sent=true (octowhere firmware/src/main.rs:2785)
9.000135 [INFO ] [STARTUP] board 1c1c (octowhere firmware/src/main.rs:370)
9.000174 [INFO ] [STARTUP] reset power_on=true (octowhere firmware/src/main.rs:371)
9.000198 [INFO ] [STARTUP] mesh generation=20 members=0x3 kept=0x0 stored=0xf (octowhere firmware/src/main.rs:375)
9.000245 [INFO ] [STARTUP] load-group read 509547 (octowhere firmware/src/main.rs:385)
9.000289 [INFO ] [STARTUP] load-members read 548206 (octowhere firmware/src/main.rs:385)
9.000321 [INFO ] [STARTUP] load-restored read 548312 (octowhere firmware/src/main.rs:385)
9.000354 [INFO ] [STARTUP] load-rest read 560697 (octowhere firmware/src/main.rs:385)
9.000383 [INFO ] [STARTUP] load-kept read 585257 (octowhere firmware/src/main.rs:385)
9.000413 [INFO ] [STARTUP] main enter 461482 (octowhere firmware/src/main.rs:392)
9.000527 [INFO ] [STARTUP] esp_hal init 465320 (octowhere firmware/src/main.rs:392)
9.000579 [INFO ] [STARTUP] panel reset 465453 (octowhere firmware/src/main.rs:392)
9.000632 [INFO ] [STARTUP] psram ready 472163 (octowhere firmware/src/main.rs:392)
9.000674 [INFO ] [STARTUP] settings loaded 508766 (octowhere firmware/src/main.rs:392)
9.000731 [INFO ] [STARTUP] trng on 508885 (octowhere firmware/src/main.rs:392)
9.000793 [INFO ] [STARTUP] mesh-store read 585294 (octowhere firmware/src/main.rs:392)
9.000850 [INFO ] [STARTUP] core1 starting 585633 (octowhere firmware/src/main.rs:392)
9.000922 [INFO ] [STARTUP] core1 started 603068 (octowhere firmware/src/main.rs:392)
9.000976 [INFO ] [STARTUP] core1 enter 603309 (octowhere firmware/src/main.rs:392)
9.001045 [INFO ] [STARTUP] identity made 628862 (octowhere firmware/src/main.rs:392)
9.001097 [INFO ] [STARTUP] bring_up enter 631448 (octowhere firmware/src/main.rs:392)
9.001172 [INFO ] [STARTUP] i2c powered 711580 (octowhere firmware/src/main.rs:392)
9.001224 [INFO ] [STARTUP] POWER start 712032 (octowhere firmware/src/main.rs:392)
9.001295 [INFO ] [STARTUP] POWER answered 713846 (octowhere firmware/src/main.rs:392)
9.001348 [INFO ] [STARTUP] exio reset 735667 (octowhere firmware/src/main.rs:392)
9.001420 [INFO ] [STARTUP] CLOCK start 735868 (octowhere firmware/src/main.rs:392)
9.001538 [INFO ] [STARTUP] TOUCH start 735985 (octowhere firmware/src/main.rs:392)
9.001589 [INFO ] [STARTUP] MOTION start 736088 (octowhere firmware/src/main.rs:392)
9.001661 [INFO ] [STARTUP] display up 736202 (octowhere firmware/src/main.rs:392)
9.001711 [INFO ] [STARTUP] MAGNET start 736257 (octowhere firmware/src/main.rs:392)
9.001767 [INFO ] [STARTUP] frame_loop first 736353 (octowhere firmware/src/main.rs:392)
9.001823 [INFO ] [STARTUP] frame_loop drawn 755351 (octowhere firmware/src/main.rs:392)
9.001879 [INFO ] [STARTUP] frame_loop handed 755489 (octowhere firmware/src/main.rs:392)
9.001935 [INFO ] [STARTUP] flush0 start 755652 (octowhere firmware/src/main.rs:392)
9.001987 [INFO ] [STARTUP] flush0 end 771078 (octowhere firmware/src/main.rs:392)
9.002047 [INFO ] [STARTUP] flush1 start 779656 (octowhere firmware/src/main.rs:392)
9.002100 [INFO ] [STARTUP] panel lit 781597 (octowhere firmware/src/main.rs:392)
9.002168 [INFO ] [STARTUP] flush1 end 783844 (octowhere firmware/src/main.rs:392)
9.002219 [INFO ] [STARTUP] CLOCK answered 797935 (octowhere firmware/src/main.rs:392)
9.002284 [INFO ] [STARTUP] TOUCH answered 864821 (octowhere firmware/src/main.rs:392)
9.002340 [INFO ] [STARTUP] MOTION answered 949973 (octowhere firmware/src/main.rs:392)
9.002394 [INFO ] [STARTUP] gnss-settle end 1000357 (octowhere firmware/src/main.rs:392)
9.002448 [INFO ] [STARTUP] MAGNET answered 1079912 (octowhere firmware/src/main.rs:392)
9.002540 [INFO ] [STARTUP] GNSS start 1080132 (octowhere firmware/src/main.rs:392)
9.002590 [INFO ] [STARTUP] GNSS answered 1106035 (octowhere firmware/src/main.rs:392)
9.002643 [INFO ] [STARTUP] RADIO start 1106273 (octowhere firmware/src/main.rs:392)
9.002685 [INFO ] [STARTUP] RADIO answered 1220915 (octowhere firmware/src/main.rs:392)
9.002742 [INFO ] [STARTUP] bring_up exit 1269192 (octowhere firmware/src/main.rs:392)
9.002805 [INFO ] [STARTUP] GNSS-config end 1908031 (octowhere firmware/src/main.rs:392)
9.002861 [INFO ] [STARTUP] startup over 6246852 (octowhere firmware/src/main.rs:392)
9.002923 [INFO ] [FRAMES] 0 woke 736677 drawn 755340 (octowhere firmware/src/main.rs:395)
9.002953 [INFO ] [FRAMES] 1 woke 756109 drawn 779480 (octowhere firmware/src/main.rs:395)
9.002983 [INFO ] [FRAMES] 2 woke 780160 drawn 786299 (octowhere firmware/src/main.rs:395)
9.003026 [INFO ] [FRAMES] 3 woke 787008 drawn 791648 (octowhere firmware/src/main.rs:395)
9.003056 [INFO ] [FRAMES] 4 woke 792277 drawn 796501 (octowhere firmware/src/main.rs:395)
9.003086 [INFO ] [FRAMES] 5 woke 800250 drawn 801037 (octowhere firmware/src/main.rs:395)
9.003116 [INFO ] [FRAMES] 6 woke 801127 drawn 806126 (octowhere firmware/src/main.rs:395)
9.003171 [INFO ] [FRAMES] 7 woke 806781 drawn 811478 (octowhere firmware/src/main.rs:395)
9.003201 [INFO ] [FRAMES] 8 woke 817035 drawn 822533 (octowhere firmware/src/main.rs:395)
9.003231 [INFO ] [FRAMES] 9 woke 823813 drawn 828492 (octowhere firmware/src/main.rs:395)
9.003284 [INFO ] [FRAMES] 10 woke 834112 drawn 839739 (octowhere firmware/src/main.rs:395)
9.003314 [INFO ] [FRAMES] 11 woke 840972 drawn 846011 (octowhere firmware/src/main.rs:395)
9.003344 [INFO ] [FRAMES] 12 woke 851046 drawn 856401 (octowhere firmware/src/main.rs:395)
9.003375 [INFO ] [FRAMES] 13 woke 857821 drawn 862553 (octowhere firmware/src/main.rs:395)
9.003407 [INFO ] [FRAMES] 14 woke 867472 drawn 874829 (octowhere firmware/src/main.rs:395)
9.003437 [INFO ] [FRAMES] 15 woke 876230 drawn 887119 (octowhere firmware/src/main.rs:395)
9.003531 [INFO ] [FRAMES] 16 woke 888398 drawn 893348 (octowhere firmware/src/main.rs:395)
9.003561 [INFO ] [FRAMES] 17 woke 901280 drawn 908532 (octowhere firmware/src/main.rs:395)
9.003591 [INFO ] [FRAMES] 18 woke 909922 drawn 918035 (octowhere firmware/src/main.rs:395)
9.003622 [INFO ] [FRAMES] 19 woke 920458 drawn 921260 (octowhere firmware/src/main.rs:395)
9.003657 [INFO ] [FRAMES] 20 woke 922090 drawn 927173 (octowhere firmware/src/main.rs:395)
9.003687 [INFO ] [FRAMES] 21 woke 928528 drawn 936994 (octowhere firmware/src/main.rs:395)
9.003717 [INFO ] [FRAMES] 22 woke 938190 drawn 943330 (octowhere firmware/src/main.rs:395)
9.003747 [INFO ] [FRAMES] 23 woke 952338 drawn 958048 (octowhere firmware/src/main.rs:395)
9.003794 [INFO ] [FRAMES] 24 woke 959385 drawn 967328 (octowhere firmware/src/main.rs:395)
9.003824 [INFO ] [FRAMES] 25 woke 982500 drawn 990767 (octowhere firmware/src/main.rs:395)
9.003855 [INFO ] [FRAMES] 26 woke 991885 drawn 999363 (octowhere firmware/src/main.rs:395)
9.003901 [INFO ] [FRAMES] 27 woke 1012525 drawn 1020822 (octowhere firmware/src/main.rs:395)
9.003931 [INFO ] [FRAMES] 28 woke 1042558 drawn 1048176 (octowhere firmware/src/main.rs:395)
9.003961 [INFO ] [FRAMES] 29 woke 1072502 drawn 1078033 (octowhere firmware/src/main.rs:395)
9.003991 [INFO ] [FRAMES] 30 woke 1080360 drawn 1089341 (octowhere firmware/src/main.rs:395)
9.004044 [INFO ] [FRAMES] 31 woke 1089873 drawn 1095102 (octowhere firmware/src/main.rs:395)
9.004074 [INFO ] [FRAMES] 32 woke 1107073 drawn 1113026 (octowhere firmware/src/main.rs:395)
9.004104 [INFO ] [FRAMES] 33 woke 1113693 drawn 1122084 (octowhere firmware/src/main.rs:395)
9.004151 [INFO ] [FRAMES] 34 woke 1123159 drawn 1140564 (octowhere firmware/src/main.rs:395)
9.004181 [INFO ] [FRAMES] 35 woke 1141651 drawn 1160875 (octowhere firmware/src/main.rs:395)
9.004211 [INFO ] [FRAMES] 36 woke 1161979 drawn 1180250 (octowhere firmware/src/main.rs:395)
9.004241 [INFO ] [FRAMES] 37 woke 1181386 drawn 1200982 (octowhere firmware/src/main.rs:395)
9.004288 [INFO ] [FRAMES] 38 woke 1202118 drawn 1218759 (octowhere firmware/src/main.rs:395)
9.004317 [INFO ] [FRAMES] 39 woke 1269891 drawn 1289866 (octowhere firmware/src/main.rs:395)
9.004347 [INFO ] [FRAMES] 40 woke 1290512 drawn 1311532 (octowhere firmware/src/main.rs:395)
9.004378 [INFO ] [FRAMES] 41 woke 1312356 drawn 1317689 (octowhere firmware/src/main.rs:395)
9.004408 [INFO ] [FRAMES] 42 woke 1330294 drawn 1335988 (octowhere firmware/src/main.rs:395)
9.004438 [INFO ] [FRAMES] 43 woke 1360204 drawn 1366868 (octowhere firmware/src/main.rs:395)
9.004531 [INFO ] [FRAMES] 44 woke 1390183 drawn 1396775 (octowhere firmware/src/main.rs:395)
9.004561 [INFO ] [FRAMES] 45 woke 1517338 drawn 1523803 (octowhere firmware/src/main.rs:395)
9.004591 [INFO ] [FRAMES] 46 woke 1590117 drawn 1606645 (octowhere firmware/src/main.rs:395)
9.004621 [INFO ] [FRAMES] 47 woke 1623658 drawn 1643377 (octowhere firmware/src/main.rs:395)
9.004657 [INFO ] [STARTUP] done (octowhere firmware/src/main.rs:402)
