[2026-10-08T21:40:44Z INFO ] Serial port: '/dev/ttyACM2'
[2026-10-08T21:40:44Z INFO ] Connecting...
[2026-10-08T21:40:44Z INFO ] Using flash stub
sabling RNG early entropy source...

1.930219 [INFO ] [GNSS] configured=true (octowhere firmware/src/main.rs:1479)
1.964150 [INFO ] [GNSS] reference time 2026-10-08 21:40:43 sent=true (octowhere firmware/src/main.rs:2785)
9.000135 [INFO ] [STARTUP] board 1c1c (octowhere firmware/src/main.rs:370)
9.000174 [INFO ] [STARTUP] reset power_on=true (octowhere firmware/src/main.rs:371)
9.000199 [INFO ] [STARTUP] mesh generation=20 members=0x3 kept=0x0 stored=0xf (octowhere firmware/src/main.rs:375)
9.000246 [INFO ] [STARTUP] load-group read 509479 (octowhere firmware/src/main.rs:385)
9.000287 [INFO ] [STARTUP] load-members read 548138 (octowhere firmware/src/main.rs:385)
9.000318 [INFO ] [STARTUP] load-restored read 548243 (octowhere firmware/src/main.rs:385)
9.000409 [INFO ] [STARTUP] load-rest read 560628 (octowhere firmware/src/main.rs:385)
9.000439 [INFO ] [STARTUP] load-kept read 585189 (octowhere firmware/src/main.rs:385)
9.000470 [INFO ] [STARTUP] main enter 461413 (octowhere firmware/src/main.rs:392)
9.000521 [INFO ] [STARTUP] esp_hal init 465251 (octowhere firmware/src/main.rs:392)
9.000563 [INFO ] [STARTUP] panel reset 465384 (octowhere firmware/src/main.rs:392)
9.000617 [INFO ] [STARTUP] psram ready 472094 (octowhere firmware/src/main.rs:392)
9.000682 [INFO ] [STARTUP] settings loaded 508698 (octowhere firmware/src/main.rs:392)
9.000736 [INFO ] [STARTUP] trng on 508816 (octowhere firmware/src/main.rs:392)
9.000802 [INFO ] [STARTUP] mesh-store read 585226 (octowhere firmware/src/main.rs:392)
9.000858 [INFO ] [STARTUP] core1 starting 585565 (octowhere firmware/src/main.rs:392)
9.000932 [INFO ] [STARTUP] core1 started 602999 (octowhere firmware/src/main.rs:392)
9.000986 [INFO ] [STARTUP] core1 enter 603240 (octowhere firmware/src/main.rs:392)
9.001055 [INFO ] [STARTUP] identity made 628793 (octowhere firmware/src/main.rs:392)
9.001107 [INFO ] [STARTUP] bring_up enter 631380 (octowhere firmware/src/main.rs:392)
9.001182 [INFO ] [STARTUP] i2c powered 711513 (octowhere firmware/src/main.rs:392)
9.001234 [INFO ] [STARTUP] POWER start 711964 (octowhere firmware/src/main.rs:392)
9.001307 [INFO ] [STARTUP] POWER answered 713779 (octowhere firmware/src/main.rs:392)
9.001425 [INFO ] [STARTUP] exio reset 735599 (octowhere firmware/src/main.rs:392)
9.001475 [INFO ] [STARTUP] CLOCK start 735800 (octowhere firmware/src/main.rs:392)
9.001527 [INFO ] [STARTUP] TOUCH start 735916 (octowhere firmware/src/main.rs:392)
9.001569 [INFO ] [STARTUP] MOTION start 736019 (octowhere firmware/src/main.rs:392)
9.001622 [INFO ] [STARTUP] display up 736134 (octowhere firmware/src/main.rs:392)
9.001688 [INFO ] [STARTUP] MAGNET start 736189 (octowhere firmware/src/main.rs:392)
9.001741 [INFO ] [STARTUP] frame_loop first 736285 (octowhere firmware/src/main.rs:392)
9.001804 [INFO ] [STARTUP] frame_loop drawn 755283 (octowhere firmware/src/main.rs:392)
9.001859 [INFO ] [STARTUP] frame_loop handed 755420 (octowhere firmware/src/main.rs:392)
9.001934 [INFO ] [STARTUP] flush0 start 755581 (octowhere firmware/src/main.rs:392)
9.001989 [INFO ] [STARTUP] flush0 end 770967 (octowhere firmware/src/main.rs:392)
9.002053 [INFO ] [STARTUP] flush1 start 779597 (octowhere firmware/src/main.rs:392)
9.002106 [INFO ] [STARTUP] panel lit 781387 (octowhere firmware/src/main.rs:392)
9.002178 [INFO ] [STARTUP] flush1 end 783657 (octowhere firmware/src/main.rs:392)
9.002230 [INFO ] [STARTUP] CLOCK answered 797996 (octowhere firmware/src/main.rs:392)
9.002295 [INFO ] [STARTUP] TOUCH answered 864591 (octowhere firmware/src/main.rs:392)
9.002348 [INFO ] [STARTUP] MOTION answered 955000 (octowhere firmware/src/main.rs:392)
9.002425 [INFO ] [STARTUP] gnss-settle end 1003458 (octowhere firmware/src/main.rs:392)
9.002481 [INFO ] [STARTUP] MAGNET answered 1083005 (octowhere firmware/src/main.rs:392)
9.002557 [INFO ] [STARTUP] GNSS start 1083230 (octowhere firmware/src/main.rs:392)
9.002609 [INFO ] [STARTUP] GNSS answered 1108750 (octowhere firmware/src/main.rs:392)
9.002687 [INFO ] [STARTUP] RADIO start 1108984 (octowhere firmware/src/main.rs:392)
9.002741 [INFO ] [STARTUP] RADIO answered 1225728 (octowhere firmware/src/main.rs:392)
9.002803 [INFO ] [STARTUP] bring_up exit 1270933 (octowhere firmware/src/main.rs:392)
9.002856 [INFO ] [STARTUP] GNSS-config end 1930265 (octowhere firmware/src/main.rs:392)
9.002932 [INFO ] [STARTUP] startup over 6247812 (octowhere firmware/src/main.rs:392)
9.002985 [INFO ] [FRAMES] 0 woke 736608 drawn 755271 (octowhere firmware/src/main.rs:395)
9.003014 [INFO ] [FRAMES] 1 woke 756051 drawn 779422 (octowhere firmware/src/main.rs:395)
9.003045 [INFO ] [FRAMES] 2 woke 780099 drawn 786300 (octowhere firmware/src/main.rs:395)
9.003075 [INFO ] [FRAMES] 3 woke 787030 drawn 791668 (octowhere firmware/src/main.rs:395)
9.003105 [INFO ] [FRAMES] 4 woke 792295 drawn 796505 (octowhere firmware/src/main.rs:395)
9.003136 [INFO ] [FRAMES] 5 woke 800121 drawn 800912 (octowhere firmware/src/main.rs:395)
9.003166 [INFO ] [FRAMES] 6 woke 801001 drawn 806003 (octowhere firmware/src/main.rs:395)
9.003196 [INFO ] [FRAMES] 7 woke 806647 drawn 811361 (octowhere firmware/src/main.rs:395)
9.003226 [INFO ] [FRAMES] 8 woke 816789 drawn 822208 (octowhere firmware/src/main.rs:395)
9.003255 [INFO ] [FRAMES] 9 woke 823493 drawn 828155 (octowhere firmware/src/main.rs:395)
9.003292 [INFO ] [FRAMES] 10 woke 833836 drawn 839395 (octowhere firmware/src/main.rs:395)
9.003322 [INFO ] [FRAMES] 11 woke 840723 drawn 845745 (octowhere firmware/src/main.rs:395)
9.003416 [INFO ] [FRAMES] 12 woke 850807 drawn 856159 (octowhere firmware/src/main.rs:395)
9.003446 [INFO ] [FRAMES] 13 woke 857580 drawn 862314 (octowhere firmware/src/main.rs:395)
9.003477 [INFO ] [FRAMES] 14 woke 867227 drawn 874579 (octowhere firmware/src/main.rs:395)
9.003507 [INFO ] [FRAMES] 15 woke 875984 drawn 883960 (octowhere firmware/src/main.rs:395)
9.003543 [INFO ] [FRAMES] 16 woke 886552 drawn 891879 (octowhere firmware/src/main.rs:395)
9.003573 [INFO ] [FRAMES] 17 woke 893259 drawn 901695 (octowhere firmware/src/main.rs:395)
9.003603 [INFO ] [FRAMES] 18 woke 902845 drawn 910107 (octowhere firmware/src/main.rs:395)
9.003633 [INFO ] [FRAMES] 19 woke 918138 drawn 923397 (octowhere firmware/src/main.rs:395)
9.003680 [INFO ] [FRAMES] 20 woke 934818 drawn 941945 (octowhere firmware/src/main.rs:395)
9.003710 [INFO ] [FRAMES] 21 woke 943230 drawn 951422 (octowhere firmware/src/main.rs:395)
9.003740 [INFO ] [FRAMES] 22 woke 955295 drawn 960925 (octowhere firmware/src/main.rs:395)
9.003786 [INFO ] [FRAMES] 23 woke 962124 drawn 970583 (octowhere firmware/src/main.rs:395)
9.003816 [INFO ] [FRAMES] 24 woke 985513 drawn 992875 (octowhere firmware/src/main.rs:395)
9.003846 [INFO ] [FRAMES] 25 woke 994072 drawn 1002879 (octowhere firmware/src/main.rs:395)
9.003877 [INFO ] [FRAMES] 26 woke 1015465 drawn 1023630 (octowhere firmware/src/main.rs:395)
9.003929 [INFO ] [FRAMES] 27 woke 1045517 drawn 1051214 (octowhere firmware/src/main.rs:395)
9.003959 [INFO ] [FRAMES] 28 woke 1075459 drawn 1081124 (octowhere firmware/src/main.rs:395)
9.003989 [INFO ] [FRAMES] 29 woke 1083577 drawn 1092135 (octowhere firmware/src/main.rs:395)
9.004036 [INFO ] [FRAMES] 30 woke 1092697 drawn 1097809 (octowhere firmware/src/main.rs:395)
9.004066 [INFO ] [FRAMES] 31 woke 1109789 drawn 1115767 (octowhere firmware/src/main.rs:395)
9.004096 [INFO ] [FRAMES] 32 woke 1116433 drawn 1124528 (octowhere firmware/src/main.rs:395)
9.004127 [INFO ] [FRAMES] 33 woke 1125686 drawn 1143091 (octowhere firmware/src/main.rs:395)
9.004174 [INFO ] [FRAMES] 34 woke 1144188 drawn 1163547 (octowhere firmware/src/main.rs:395)
9.004204 [INFO ] [FRAMES] 35 woke 1164664 drawn 1183883 (octowhere firmware/src/main.rs:395)
9.004234 [INFO ] [FRAMES] 36 woke 1185469 drawn 1204395 (octowhere firmware/src/main.rs:395)
9.004265 [INFO ] [FRAMES] 37 woke 1205454 drawn 1223822 (octowhere firmware/src/main.rs:395)
9.004295 [INFO ] [FRAMES] 38 woke 1271635 drawn 1291811 (octowhere firmware/src/main.rs:395)
9.004325 [INFO ] [FRAMES] 39 woke 1292457 drawn 1313751 (octowhere firmware/src/main.rs:395)
9.004416 [INFO ] [FRAMES] 40 woke 1314466 drawn 1319844 (octowhere firmware/src/main.rs:395)
9.004446 [INFO ] [FRAMES] 41 woke 1331885 drawn 1338510 (octowhere firmware/src/main.rs:395)
9.004477 [INFO ] [FRAMES] 42 woke 1361940 drawn 1368272 (octowhere firmware/src/main.rs:395)
9.004506 [INFO ] [FRAMES] 43 woke 1391936 drawn 1398370 (octowhere firmware/src/main.rs:395)
9.004542 [INFO ] [FRAMES] 44 woke 1518603 drawn 1525036 (octowhere firmware/src/main.rs:395)
9.004572 [INFO ] [FRAMES] 45 woke 1591868 drawn 1608345 (octowhere firmware/src/main.rs:395)
9.004602 [INFO ] [FRAMES] 46 woke 1625321 drawn 1643974 (octowhere firmware/src/main.rs:395)
9.004632 [INFO ] [FRAMES] 47 woke 1658655 drawn 1680258 (octowhere firmware/src/main.rs:395)
9.004680 [INFO ] [STARTUP] done (octowhere firmware/src/main.rs:402)
