[2026-10-08T21:41:10Z INFO ] Serial port: '/dev/ttyACM2'
[2026-10-08T21:41:10Z INFO ] Connecting...
[2026-10-08T21:41:10Z INFO ] Using flash stub
 22848) 

1.913720 [INFO ] [GNSS] configured=true (octowhere firmware/src/main.rs:1479)
1.947650 [INFO ] [GNSS] reference time 2026-10-08 21:41:10 sent=true (octowhere firmware/src/main.rs:2785)
9.000135 [INFO ] [STARTUP] board 1c1c (octowhere firmware/src/main.rs:370)
9.000171 [INFO ] [STARTUP] reset power_on=true (octowhere firmware/src/main.rs:371)
9.000196 [INFO ] [STARTUP] mesh generation=20 members=0x3 kept=0x0 stored=0xf (octowhere firmware/src/main.rs:375)
9.000240 [INFO ] [STARTUP] load-group read 511442 (octowhere firmware/src/main.rs:385)
9.000301 [INFO ] [STARTUP] load-members read 550101 (octowhere firmware/src/main.rs:385)
9.000333 [INFO ] [STARTUP] load-restored read 550206 (octowhere firmware/src/main.rs:385)
9.000366 [INFO ] [STARTUP] load-rest read 562591 (octowhere firmware/src/main.rs:385)
9.000396 [INFO ] [STARTUP] load-kept read 587152 (octowhere firmware/src/main.rs:385)
9.000426 [INFO ] [STARTUP] main enter 463376 (octowhere firmware/src/main.rs:392)
9.000540 [INFO ] [STARTUP] esp_hal init 467214 (octowhere firmware/src/main.rs:392)
9.000592 [INFO ] [STARTUP] panel reset 467347 (octowhere firmware/src/main.rs:392)
9.000645 [INFO ] [STARTUP] psram ready 474057 (octowhere firmware/src/main.rs:392)
9.000688 [INFO ] [STARTUP] settings loaded 510661 (octowhere firmware/src/main.rs:392)
9.000744 [INFO ] [STARTUP] trng on 510779 (octowhere firmware/src/main.rs:392)
9.000806 [INFO ] [STARTUP] mesh-store read 587189 (octowhere firmware/src/main.rs:392)
9.000859 [INFO ] [STARTUP] core1 starting 587528 (octowhere firmware/src/main.rs:392)
9.000935 [INFO ] [STARTUP] core1 started 604962 (octowhere firmware/src/main.rs:392)
9.000989 [INFO ] [STARTUP] core1 enter 605203 (octowhere firmware/src/main.rs:392)
9.001057 [INFO ] [STARTUP] identity made 630756 (octowhere firmware/src/main.rs:392)
9.001109 [INFO ] [STARTUP] bring_up enter 633343 (octowhere firmware/src/main.rs:392)
9.001185 [INFO ] [STARTUP] i2c powered 713476 (octowhere firmware/src/main.rs:392)
9.001237 [INFO ] [STARTUP] POWER start 713927 (octowhere firmware/src/main.rs:392)
9.001308 [INFO ] [STARTUP] POWER answered 715741 (octowhere firmware/src/main.rs:392)
9.001361 [INFO ] [STARTUP] exio reset 737561 (octowhere firmware/src/main.rs:392)
9.001433 [INFO ] [STARTUP] CLOCK start 737761 (octowhere firmware/src/main.rs:392)
9.001550 [INFO ] [STARTUP] TOUCH start 737878 (octowhere firmware/src/main.rs:392)
9.001602 [INFO ] [STARTUP] MOTION start 737981 (octowhere firmware/src/main.rs:392)
9.001655 [INFO ] [STARTUP] display up 738096 (octowhere firmware/src/main.rs:392)
9.001696 [INFO ] [STARTUP] MAGNET start 738151 (octowhere firmware/src/main.rs:392)
9.001749 [INFO ] [STARTUP] frame_loop first 738246 (octowhere firmware/src/main.rs:392)
9.001821 [INFO ] [STARTUP] frame_loop drawn 757245 (octowhere firmware/src/main.rs:392)
9.001875 [INFO ] [STARTUP] frame_loop handed 757382 (octowhere firmware/src/main.rs:392)
9.001941 [INFO ] [STARTUP] flush0 start 757543 (octowhere firmware/src/main.rs:392)
9.001993 [INFO ] [STARTUP] flush0 end 772929 (octowhere firmware/src/main.rs:392)
9.002048 [INFO ] [STARTUP] flush1 start 781559 (octowhere firmware/src/main.rs:392)
9.002101 [INFO ] [STARTUP] panel lit 783271 (octowhere firmware/src/main.rs:392)
9.002152 [INFO ] [STARTUP] flush1 end 785526 (octowhere firmware/src/main.rs:392)
9.002205 [INFO ] [STARTUP] CLOCK answered 800026 (octowhere firmware/src/main.rs:392)
9.002259 [INFO ] [STARTUP] TOUCH answered 866452 (octowhere firmware/src/main.rs:392)
9.002302 [INFO ] [STARTUP] MOTION answered 956743 (octowhere firmware/src/main.rs:392)
9.002358 [INFO ] [STARTUP] gnss-settle end 1005133 (octowhere firmware/src/main.rs:392)
9.002422 [INFO ] [STARTUP] MAGNET answered 1084753 (octowhere firmware/src/main.rs:392)
9.002477 [INFO ] [STARTUP] GNSS start 1085016 (octowhere firmware/src/main.rs:392)
9.002549 [INFO ] [STARTUP] GNSS answered 1110485 (octowhere firmware/src/main.rs:392)
9.002604 [INFO ] [STARTUP] RADIO start 1110719 (octowhere firmware/src/main.rs:392)
9.002679 [INFO ] [STARTUP] RADIO answered 1205700 (octowhere firmware/src/main.rs:392)
9.002732 [INFO ] [STARTUP] bring_up exit 1253562 (octowhere firmware/src/main.rs:392)
9.002802 [INFO ] [STARTUP] GNSS-config end 1913763 (octowhere firmware/src/main.rs:392)
9.002856 [INFO ] [STARTUP] startup over 6230407 (octowhere firmware/src/main.rs:392)
9.002929 [INFO ] [FRAMES] 0 woke 738570 drawn 757233 (octowhere firmware/src/main.rs:395)
9.002958 [INFO ] [FRAMES] 1 woke 758012 drawn 781383 (octowhere firmware/src/main.rs:395)
9.002988 [INFO ] [FRAMES] 2 woke 782061 drawn 788239 (octowhere firmware/src/main.rs:395)
9.003018 [INFO ] [FRAMES] 3 woke 788983 drawn 793625 (octowhere firmware/src/main.rs:395)
9.003048 [INFO ] [FRAMES] 4 woke 794261 drawn 798493 (octowhere firmware/src/main.rs:395)
9.003079 [INFO ] [FRAMES] 5 woke 802015 drawn 802805 (octowhere firmware/src/main.rs:395)
9.003109 [INFO ] [FRAMES] 6 woke 802893 drawn 807896 (octowhere firmware/src/main.rs:395)
9.003139 [INFO ] [FRAMES] 7 woke 808549 drawn 813295 (octowhere firmware/src/main.rs:395)
9.003169 [INFO ] [FRAMES] 8 woke 818659 drawn 824060 (octowhere firmware/src/main.rs:395)
9.003200 [INFO ] [FRAMES] 9 woke 825334 drawn 829996 (octowhere firmware/src/main.rs:395)
9.003230 [INFO ] [FRAMES] 10 woke 835698 drawn 841257 (octowhere firmware/src/main.rs:395)
9.003260 [INFO ] [FRAMES] 11 woke 842583 drawn 847594 (octowhere firmware/src/main.rs:395)
9.003293 [INFO ] [FRAMES] 12 woke 852667 drawn 858020 (octowhere firmware/src/main.rs:395)
9.003323 [INFO ] [FRAMES] 13 woke 859440 drawn 864195 (octowhere firmware/src/main.rs:395)
9.003353 [INFO ] [FRAMES] 14 woke 869087 drawn 876434 (octowhere firmware/src/main.rs:395)
9.003383 [INFO ] [FRAMES] 15 woke 877840 drawn 885884 (octowhere firmware/src/main.rs:395)
9.003420 [INFO ] [FRAMES] 16 woke 888378 drawn 893705 (octowhere firmware/src/main.rs:395)
9.003450 [INFO ] [FRAMES] 17 woke 894970 drawn 903308 (octowhere firmware/src/main.rs:395)
9.003544 [INFO ] [FRAMES] 18 woke 904535 drawn 911817 (octowhere firmware/src/main.rs:395)
9.003574 [INFO ] [FRAMES] 19 woke 919886 drawn 925149 (octowhere firmware/src/main.rs:395)
9.003604 [INFO ] [FRAMES] 20 woke 936568 drawn 943697 (octowhere firmware/src/main.rs:395)
9.003635 [INFO ] [FRAMES] 21 woke 944976 drawn 953186 (octowhere firmware/src/main.rs:395)
9.003670 [INFO ] [FRAMES] 22 woke 957041 drawn 962672 (octowhere firmware/src/main.rs:395)
9.003700 [INFO ] [FRAMES] 23 woke 963870 drawn 972337 (octowhere firmware/src/main.rs:395)
9.003730 [INFO ] [FRAMES] 24 woke 987256 drawn 994616 (octowhere firmware/src/main.rs:395)
9.003760 [INFO ] [FRAMES] 25 woke 995815 drawn 1004554 (octowhere firmware/src/main.rs:395)
9.003807 [INFO ] [FRAMES] 26 woke 1017221 drawn 1025419 (octowhere firmware/src/main.rs:395)
9.003837 [INFO ] [FRAMES] 27 woke 1047266 drawn 1052959 (octowhere firmware/src/main.rs:395)
9.003867 [INFO ] [FRAMES] 28 woke 1077205 drawn 1082869 (octowhere firmware/src/main.rs:395)
9.003914 [INFO ] [FRAMES] 29 woke 1085450 drawn 1093900 (octowhere firmware/src/main.rs:395)
9.003944 [INFO ] [FRAMES] 30 woke 1094462 drawn 1099545 (octowhere firmware/src/main.rs:395)
9.003974 [INFO ] [FRAMES] 31 woke 1111521 drawn 1117498 (octowhere firmware/src/main.rs:395)
9.004004 [INFO ] [FRAMES] 32 woke 1118165 drawn 1126300 (octowhere firmware/src/main.rs:395)
9.004058 [INFO ] [FRAMES] 33 woke 1127463 drawn 1144826 (octowhere firmware/src/main.rs:395)
9.004088 [INFO ] [FRAMES] 34 woke 1145917 drawn 1165339 (octowhere firmware/src/main.rs:395)
9.004118 [INFO ] [FRAMES] 35 woke 1166458 drawn 1185613 (octowhere firmware/src/main.rs:395)
9.004164 [INFO ] [FRAMES] 36 woke 1186740 drawn 1203358 (octowhere firmware/src/main.rs:395)
9.004194 [INFO ] [FRAMES] 37 woke 1254283 drawn 1274342 (octowhere firmware/src/main.rs:395)
9.004224 [INFO ] [FRAMES] 38 woke 1274988 drawn 1295961 (octowhere firmware/src/main.rs:395)
9.004254 [INFO ] [FRAMES] 39 woke 1296785 drawn 1302114 (octowhere firmware/src/main.rs:395)
9.004301 [INFO ] [FRAMES] 40 woke 1314680 drawn 1320374 (octowhere firmware/src/main.rs:395)
9.004332 [INFO ] [FRAMES] 41 woke 1344595 drawn 1351258 (octowhere firmware/src/main.rs:395)
9.004362 [INFO ] [FRAMES] 42 woke 1374574 drawn 1381167 (octowhere firmware/src/main.rs:395)
9.004392 [INFO ] [FRAMES] 43 woke 1501924 drawn 1508372 (octowhere firmware/src/main.rs:395)
9.004422 [INFO ] [FRAMES] 44 woke 1574508 drawn 1591045 (octowhere firmware/src/main.rs:395)
9.004453 [INFO ] [FRAMES] 45 woke 1608007 drawn 1627517 (octowhere firmware/src/main.rs:395)
9.004544 [INFO ] [FRAMES] 46 woke 1641416 drawn 1663870 (octowhere firmware/src/main.rs:395)
9.004573 [INFO ] [FRAMES] 47 woke 1674588 drawn 1697211 (octowhere firmware/src/main.rs:395)
9.004604 [INFO ] [STARTUP] done (octowhere firmware/src/main.rs:402)
