[2026-10-06T16:08:34Z INFO ] Serial port: '/dev/ttyACM0'
[2026-10-06T16:08:34Z INFO ] Connecting...
[2026-10-06T16:08:35Z INFO ] Using flash stub
I (273) esp_image: segment 3: paddr=000ba16c vaddr=00000000 size2.022458 [WARN ] [GNSS] STARTUP PAIR_SEND_RESULT command=732 status=error error=BufferTooSmall { required: 15, available: 1 } (octowhere firmware/src/main.rs:2553)
2.063792 [WARN ] [GNSS] STARTUP PAIR_SEND_RESULT command=410 status=error error=BufferTooSmall { required: 15, available: 1 } (octowhere firmware/src/main.rs:2564)
2.063828 [WARN ] [GNSS] STARTUP PAIR_SEND_RESULT command=411 status=error error=BufferTooSmall { required: 13, available: 1 } (octowhere firmware/src/main.rs:2564)
2.084449 [WARN ] [GNSS] STARTUP PAIR_SEND_RESULT command=062 status=error error=BufferTooSmall { required: 17, available: 1 } (octowhere firmware/src/main.rs:2579)
2.105008 [WARN ] [GNSS] STARTUP PAIR_SEND_RESULT command=063 status=error error=BufferTooSmall { required: 15, available: 1 } (octowhere firmware/src/main.rs:2586)
2.125527 [WARN ] [GNSS] STARTUP PAIR_SEND_RESULT command=062 status=error error=BufferTooSmall { required: 17, available: 1 } (octowhere firmware/src/main.rs:2579)
2.146028 [WARN ] [GNSS] STARTUP PAIR_SEND_RESULT command=063 status=error error=BufferTooSmall { required: 15, available: 1 } (octowhere firmware/src/main.rs:2586)
2.166543 [WARN ] [GNSS] STARTUP PAIR_SEND_RESULT command=062 status=error error=BufferTooSmall { required: 17, available: 1 } (octowhere firmware/src/main.rs:2579)
2.187059 [WARN ] [GNSS] STARTUP PAIR_SEND_RESULT command=063 status=error error=BufferTooSmall { required: 15, available: 1 } (octowhere firmware/src/main.rs:2586)
2.207564 [WARN ] [GNSS] STARTUP PAIR_SEND_RESULT command=062 status=error error=BufferTooSmall { required: 17, available: 1 } (octowhere firmware/src/main.rs:2579)
2.228067 [WARN ] [GNSS] STARTUP PAIR_SEND_RESULT command=063 status=error error=BufferTooSmall { required: 15, available: 1 } (octowhere firmware/src/main.rs:2586)
2.248593 [WARN ] [GNSS] STARTUP PAIR_SEND_RESULT command=067 status=error error=BufferTooSmall { required: 13, available: 1 } (octowhere firmware/src/main.rs:2594)
2.303233 [INFO ] [BOOT] Gnss Answered in 292ms (octowhere firmware/src/main.rs:1967)
2.310310 [INFO ] [GNSS] no reference time: the RTC has none (octowhere firmware/src/main.rs:2517)
2.310340 [INFO ] [BOOT] answered: power=true clock=true touch=true motion=true magnet=true gnss=true (octowhere firmware/src/main.rs:2342)
2.319075 [INFO ] [LORA] init_ok (octowhere firmware/src/main.rs:2645)
2.319166 [INFO ] [BOOT] Radio Answered in 8ms (octowhere firmware/src/main.rs:1967)
2.319353 [INFO ] [TOUCH] OK resolution=466x466 firmware=0x1000001 checksum=0x693275ee (octowhere firmware/src/main.rs:2396)
2.319761 [INFO ] [MESH] id=0 name=Dredge members=2 mac=[44, 1b, f6, 86, 1a, 38] (octowhere_node octowhere-node/src/node.rs:688)
2.359163 [INFO ] [MESH] tuned=true (octowhere_node octowhere-node/src/node.rs:744)
2.360323 [INFO ] [MESH] id=0 members=2 generation=17 removal pending=false declinable until=None old keys=0 (octowhere_node octowhere-node/src/node.rs:886)
2.361506 [INFO ] [MEM] internal_used=65400 psram_used=1102300 (octowhere firmware/src/main.rs:2431)
5.859020 [INFO ] [MESH] heard id=1 timebase=Boot(0) hops=1 taken=Adopted late_us=None len=36 rssi=-16 snr=7 entries=0 new=0 neighbours=0x00000001 messages=0/0 summary=false (octowhere_node octowhere-node/src/node.rs:1640)
5.859617 [INFO ] [MESH] timebase root=0 from its boot hops=0 (octowhere_node octowhere-node/src/node.rs:2880)
6.223385 [INFO ] [MESH] sent round=11 len=105 entries=0 records=0x00000000 asked=0x00000000 neighbours=0x00000002 messages=0 summary=false done=true (octowhere_node octowhere-node/src/node.rs:1774)
9.000130 [INFO ] [STARTUP] reset power_on=true (octowhere firmware/src/main.rs:246)
9.000174 [INFO ] [STARTUP] async_main enter 9415664 (octowhere firmware/src/main.rs:249)
9.000232 [INFO ] [STARTUP] bring_up enter 906289 (octowhere firmware/src/main.rs:249)
9.000275 [INFO ] [STARTUP] frame_loop first 906441 (octowhere firmware/src/main.rs:249)
9.000325 [INFO ] [STARTUP] i2c powered 986410 (octowhere firmware/src/main.rs:249)
9.000365 [INFO ] [STARTUP] POWER start 986851 (octowhere firmware/src/main.rs:249)
9.000411 [INFO ] [STARTUP] POWER answered 988701 (octowhere firmware/src/main.rs:249)
9.000454 [INFO ] [STARTUP] exio reset 1010437 (octowhere firmware/src/main.rs:249)
9.000493 [INFO ] [STARTUP] CLOCK start 1010595 (octowhere firmware/src/main.rs:249)
9.000533 [INFO ] [STARTUP] TOUCH start 1010665 (octowhere firmware/src/main.rs:249)
9.000574 [INFO ] [STARTUP] MOTION start 1010711 (octowhere firmware/src/main.rs:249)
9.000615 [INFO ] [STARTUP] MAGNET start 1010801 (octowhere firmware/src/main.rs:249)
9.000656 [INFO ] [STARTUP] CLOCK answered 1011430 (octowhere firmware/src/main.rs:249)
9.000699 [INFO ] [STARTUP] TOUCH answered 1122019 (octowhere firmware/src/main.rs:249)
9.000742 [INFO ] [STARTUP] MAGNET answered 1154803 (octowhere firmware/src/main.rs:249)
9.000785 [INFO ] [STARTUP] MOTION answered 1162945 (octowhere firmware/src/main.rs:249)
9.000828 [INFO ] [STARTUP] gnss-settle end 2010581 (octowhere firmware/src/main.rs:249)
9.000871 [INFO ] [STARTUP] GNSS start 2010674 (octowhere firmware/src/main.rs:249)
9.000993 [INFO ] [STARTUP] GNSS answered 2303176 (octowhere firmware/src/main.rs:249)
9.001035 [INFO ] [STARTUP] RADIO start 2310421 (octowhere firmware/src/main.rs:249)
9.001075 [INFO ] [STARTUP] RADIO answered 2319130 (octowhere firmware/src/main.rs:249)
9.001118 [INFO ] [STARTUP] bring_up exit 2361535 (octowhere firmware/src/main.rs:249)
9.001159 [INFO ] [STARTUP] startup over 7337576 (octowhere firmware/src/main.rs:249)
9.001201 [INFO ] [STARTUP] done (octowhere firmware/src/main.rs:251)
