[2026-10-06T16:08:48Z INFO ] Serial port: '/dev/ttyACM0'
[2026-10-06T16:08:48Z INFO ] Connecting...
[2026-10-06T16:08:48Z INFO ] Using flash stub
I (273) esp_image: segment 3: paddr=000ba16c vaddr=00000000 size2.022466 [WARN ] [GNSS] STARTUP PAIR_SEND_RESULT command=732 status=error error=BufferTooSmall { required: 15, available: 1 } (octowhere firmware/src/main.rs:2553)
2.063799 [WARN ] [GNSS] STARTUP PAIR_SEND_RESULT command=410 status=error error=BufferTooSmall { required: 15, available: 1 } (octowhere firmware/src/main.rs:2564)
2.063853 [WARN ] [GNSS] STARTUP PAIR_SEND_RESULT command=411 status=error error=BufferTooSmall { required: 13, available: 1 } (octowhere firmware/src/main.rs:2564)
2.084473 [WARN ] [GNSS] STARTUP PAIR_SEND_RESULT command=062 status=error error=BufferTooSmall { required: 17, available: 1 } (octowhere firmware/src/main.rs:2579)
2.105033 [WARN ] [GNSS] STARTUP PAIR_SEND_RESULT command=063 status=error error=BufferTooSmall { required: 15, available: 1 } (octowhere firmware/src/main.rs:2586)
2.125550 [WARN ] [GNSS] STARTUP PAIR_SEND_RESULT command=062 status=error error=BufferTooSmall { required: 17, available: 1 } (octowhere firmware/src/main.rs:2579)
2.146052 [WARN ] [GNSS] STARTUP PAIR_SEND_RESULT command=063 status=error error=BufferTooSmall { required: 15, available: 1 } (octowhere firmware/src/main.rs:2586)
2.166566 [WARN ] [GNSS] STARTUP PAIR_SEND_RESULT command=062 status=error error=BufferTooSmall { required: 17, available: 1 } (octowhere firmware/src/main.rs:2579)
2.187084 [WARN ] [GNSS] STARTUP PAIR_SEND_RESULT command=063 status=error error=BufferTooSmall { required: 15, available: 1 } (octowhere firmware/src/main.rs:2586)
2.207591 [WARN ] [GNSS] STARTUP PAIR_SEND_RESULT command=062 status=error error=BufferTooSmall { required: 17, available: 1 } (octowhere firmware/src/main.rs:2579)
2.228092 [WARN ] [GNSS] STARTUP PAIR_SEND_RESULT command=063 status=error error=BufferTooSmall { required: 15, available: 1 } (octowhere firmware/src/main.rs:2586)
2.248617 [WARN ] [GNSS] STARTUP PAIR_SEND_RESULT command=067 status=error error=BufferTooSmall { required: 13, available: 1 } (octowhere firmware/src/main.rs:2594)
2.293923 [INFO ] [BOOT] Gnss Answered in 283ms (octowhere firmware/src/main.rs:1967)
2.300920 [INFO ] [GNSS] no reference time: the RTC has none (octowhere firmware/src/main.rs:2517)
2.300950 [INFO ] [BOOT] answered: power=true clock=true touch=true motion=true magnet=true gnss=true (octowhere firmware/src/main.rs:2342)
2.308803 [INFO ] [LORA] init_ok (octowhere firmware/src/main.rs:2645)
2.308852 [INFO ] [BOOT] Radio Answered in 7ms (octowhere firmware/src/main.rs:1967)
2.308985 [INFO ] [TOUCH] OK resolution=466x466 firmware=0x1000001 checksum=0x693275ee (octowhere firmware/src/main.rs:2396)
2.309295 [INFO ] [MESH] id=0 name=Dredge members=2 mac=[44, 1b, f6, 86, 1a, 38] (octowhere_node octowhere-node/src/node.rs:688)
2.349550 [INFO ] [MESH] tuned=true (octowhere_node octowhere-node/src/node.rs:744)
2.351378 [INFO ] [MESH] id=0 members=2 generation=17 removal pending=false declinable until=None old keys=0 (octowhere_node octowhere-node/src/node.rs:886)
2.352571 [INFO ] [MEM] internal_used=65400 psram_used=1102300 (octowhere firmware/src/main.rs:2431)
9.000114 [INFO ] [STARTUP] reset power_on=true (octowhere firmware/src/main.rs:246)
9.000159 [INFO ] [STARTUP] async_main enter 9415664 (octowhere firmware/src/main.rs:249)
9.000215 [INFO ] [STARTUP] bring_up enter 906295 (octowhere firmware/src/main.rs:249)
9.000257 [INFO ] [STARTUP] frame_loop first 906447 (octowhere firmware/src/main.rs:249)
9.000307 [INFO ] [STARTUP] i2c powered 986416 (octowhere firmware/src/main.rs:249)
9.000347 [INFO ] [STARTUP] POWER start 986857 (octowhere firmware/src/main.rs:249)
9.000394 [INFO ] [STARTUP] POWER answered 988707 (octowhere firmware/src/main.rs:249)
9.000437 [INFO ] [STARTUP] exio reset 1010446 (octowhere firmware/src/main.rs:249)
9.000476 [INFO ] [STARTUP] CLOCK start 1010603 (octowhere firmware/src/main.rs:249)
9.000516 [INFO ] [STARTUP] TOUCH start 1010673 (octowhere firmware/src/main.rs:249)
9.000557 [INFO ] [STARTUP] MOTION start 1010719 (octowhere firmware/src/main.rs:249)
9.000598 [INFO ] [STARTUP] MAGNET start 1010809 (octowhere firmware/src/main.rs:249)
9.000640 [INFO ] [STARTUP] CLOCK answered 1011438 (octowhere firmware/src/main.rs:249)
9.000682 [INFO ] [STARTUP] TOUCH answered 1122024 (octowhere firmware/src/main.rs:249)
9.000725 [INFO ] [STARTUP] MAGNET answered 1154813 (octowhere firmware/src/main.rs:249)
9.000768 [INFO ] [STARTUP] MOTION answered 1162952 (octowhere firmware/src/main.rs:249)
9.000811 [INFO ] [STARTUP] gnss-settle end 2010590 (octowhere firmware/src/main.rs:249)
9.000860 [INFO ] [STARTUP] GNSS start 2010683 (octowhere firmware/src/main.rs:249)
9.000899 [INFO ] [STARTUP] GNSS answered 2293871 (octowhere firmware/src/main.rs:249)
9.000940 [INFO ] [STARTUP] RADIO start 2301030 (octowhere firmware/src/main.rs:249)
9.001025 [INFO ] [STARTUP] RADIO answered 2308833 (octowhere firmware/src/main.rs:249)
9.001068 [INFO ] [STARTUP] bring_up exit 2352600 (octowhere firmware/src/main.rs:249)
9.001109 [INFO ] [STARTUP] startup over 7336447 (octowhere firmware/src/main.rs:249)
9.001151 [INFO ] [STARTUP] done (octowhere firmware/src/main.rs:251)
