[2026-10-06T16:08:09Z INFO ] Serial port: '/dev/ttyACM0'
[2026-10-06T16:08:09Z INFO ] Connecting...
[2026-10-06T16:08:09Z INFO ] Using flash stub
I (273) esp_image: segment 3: paddr=000ba16c vaddr=00000000 size2.634875 [INFO ] [BOOT] Gnss Answered in 624ms (octowhere firmware/src/main.rs:1967)
2.642022 [INFO ] [GNSS] no reference time: the RTC has none (octowhere firmware/src/main.rs:2517)
2.642051 [INFO ] [BOOT] answered: power=true clock=true touch=true motion=true magnet=true gnss=true (octowhere firmware/src/main.rs:2342)
2.649951 [INFO ] [LORA] init_ok (octowhere firmware/src/main.rs:2645)
2.650001 [INFO ] [BOOT] Radio Answered in 7ms (octowhere firmware/src/main.rs:1967)
2.650137 [INFO ] [TOUCH] OK resolution=466x466 firmware=0x1000001 checksum=0x693275ee (octowhere firmware/src/main.rs:2396)
2.650448 [INFO ] [MESH] id=0 name=Dredge members=2 mac=[44, 1b, f6, 86, 1a, 38] (octowhere_node octowhere-node/src/node.rs:688)
2.690702 [INFO ] [MESH] tuned=true (octowhere_node octowhere-node/src/node.rs:744)
2.692530 [INFO ] [MESH] id=0 members=2 generation=17 removal pending=false declinable until=None old keys=0 (octowhere_node octowhere-node/src/node.rs:886)
2.693711 [INFO ] [MEM] internal_used=65400 psram_used=1102300 (octowhere firmware/src/main.rs:2431)
9.000114 [INFO ] [STARTUP] reset power_on=true (octowhere firmware/src/main.rs:246)
9.000157 [INFO ] [STARTUP] async_main enter 9415664 (octowhere firmware/src/main.rs:249)
9.000216 [INFO ] [STARTUP] bring_up enter 906291 (octowhere firmware/src/main.rs:249)
9.000258 [INFO ] [STARTUP] frame_loop first 906443 (octowhere firmware/src/main.rs:249)
9.000363 [INFO ] [STARTUP] i2c powered 986412 (octowhere firmware/src/main.rs:249)
9.000404 [INFO ] [STARTUP] POWER start 986853 (octowhere firmware/src/main.rs:249)
9.000450 [INFO ] [STARTUP] POWER answered 988703 (octowhere firmware/src/main.rs:249)
9.000493 [INFO ] [STARTUP] exio reset 1010439 (octowhere firmware/src/main.rs:249)
9.000532 [INFO ] [STARTUP] CLOCK start 1010597 (octowhere firmware/src/main.rs:249)
9.000573 [INFO ] [STARTUP] TOUCH start 1010667 (octowhere firmware/src/main.rs:249)
9.000613 [INFO ] [STARTUP] MOTION start 1010713 (octowhere firmware/src/main.rs:249)
9.000654 [INFO ] [STARTUP] MAGNET start 1010803 (octowhere firmware/src/main.rs:249)
9.000696 [INFO ] [STARTUP] CLOCK answered 1011432 (octowhere firmware/src/main.rs:249)
9.000738 [INFO ] [STARTUP] TOUCH answered 1122019 (octowhere firmware/src/main.rs:249)
9.000781 [INFO ] [STARTUP] MAGNET answered 1154805 (octowhere firmware/src/main.rs:249)
9.000824 [INFO ] [STARTUP] MOTION answered 1162947 (octowhere firmware/src/main.rs:249)
9.000867 [INFO ] [STARTUP] gnss-settle end 2010583 (octowhere firmware/src/main.rs:249)
9.000916 [INFO ] [STARTUP] GNSS start 2010676 (octowhere firmware/src/main.rs:249)
9.000955 [INFO ] [STARTUP] GNSS answered 2634790 (octowhere firmware/src/main.rs:249)
9.000997 [INFO ] [STARTUP] RADIO start 2642131 (octowhere firmware/src/main.rs:249)
9.001038 [INFO ] [STARTUP] RADIO answered 2649982 (octowhere firmware/src/main.rs:249)
9.001080 [INFO ] [STARTUP] bring_up exit 2693740 (octowhere firmware/src/main.rs:249)
9.001121 [INFO ] [STARTUP] startup over 7670605 (octowhere firmware/src/main.rs:249)
9.001163 [INFO ] [STARTUP] done (octowhere firmware/src/main.rs:251)
