[2026-10-06T16:07:55Z INFO ] Serial port: '/dev/ttyACM0'
[2026-10-06T16:07:55Z INFO ] Connecting...
[2026-10-06T16:07:56Z INFO ] Using flash stub
I (273) esp_image: segment 3: paddr=000ba16c vaddr=00000000 size2.634836 [INFO ] [BOOT] Gnss Answered in 624ms (octowhere firmware/src/main.rs:1967)
2.641973 [INFO ] [GNSS] no reference time: the RTC has none (octowhere firmware/src/main.rs:2517)
2.642002 [INFO ] [BOOT] answered: power=true clock=true touch=true motion=true magnet=true gnss=true (octowhere firmware/src/main.rs:2342)
2.649903 [INFO ] [LORA] init_ok (octowhere firmware/src/main.rs:2645)
2.649953 [INFO ] [BOOT] Radio Answered in 7ms (octowhere firmware/src/main.rs:1967)
2.650089 [INFO ] [TOUCH] OK resolution=466x466 firmware=0x1000001 checksum=0x693275ee (octowhere firmware/src/main.rs:2396)
2.650400 [INFO ] [MESH] id=0 name=Dredge members=2 mac=[44, 1b, f6, 86, 1a, 38] (octowhere_node octowhere-node/src/node.rs:688)
2.690655 [INFO ] [MESH] tuned=true (octowhere_node octowhere-node/src/node.rs:744)
2.692482 [INFO ] [MESH] id=0 members=2 generation=17 removal pending=false declinable until=None old keys=0 (octowhere_node octowhere-node/src/node.rs:886)
2.693663 [INFO ] [MEM] internal_used=65400 psram_used=1102300 (octowhere firmware/src/main.rs:2431)
9.000131 [INFO ] [STARTUP] reset power_on=true (octowhere firmware/src/main.rs:246)
9.000178 [INFO ] [STARTUP] async_main enter 9415664 (octowhere firmware/src/main.rs:249)
9.000231 [INFO ] [STARTUP] bring_up enter 906293 (octowhere firmware/src/main.rs:249)
9.000273 [INFO ] [STARTUP] frame_loop first 906445 (octowhere firmware/src/main.rs:249)
9.000323 [INFO ] [STARTUP] i2c powered 986414 (octowhere firmware/src/main.rs:249)
9.000363 [INFO ] [STARTUP] POWER start 986855 (octowhere firmware/src/main.rs:249)
9.000478 [INFO ] [STARTUP] POWER answered 988705 (octowhere firmware/src/main.rs:249)
9.000521 [INFO ] [STARTUP] exio reset 1010441 (octowhere firmware/src/main.rs:249)
9.000560 [INFO ] [STARTUP] CLOCK start 1010599 (octowhere firmware/src/main.rs:249)
9.000601 [INFO ] [STARTUP] TOUCH start 1010669 (octowhere firmware/src/main.rs:249)
9.000641 [INFO ] [STARTUP] MOTION start 1010715 (octowhere firmware/src/main.rs:249)
9.000683 [INFO ] [STARTUP] MAGNET start 1010805 (octowhere firmware/src/main.rs:249)
9.000724 [INFO ] [STARTUP] CLOCK answered 1011434 (octowhere firmware/src/main.rs:249)
9.000767 [INFO ] [STARTUP] TOUCH answered 1122022 (octowhere firmware/src/main.rs:249)
9.000809 [INFO ] [STARTUP] MAGNET answered 1154807 (octowhere firmware/src/main.rs:249)
9.000852 [INFO ] [STARTUP] MOTION answered 1162949 (octowhere firmware/src/main.rs:249)
9.000896 [INFO ] [STARTUP] gnss-settle end 2010585 (octowhere firmware/src/main.rs:249)
9.000944 [INFO ] [STARTUP] GNSS start 2010678 (octowhere firmware/src/main.rs:249)
9.000983 [INFO ] [STARTUP] GNSS answered 2634750 (octowhere firmware/src/main.rs:249)
9.001025 [INFO ] [STARTUP] RADIO start 2642083 (octowhere firmware/src/main.rs:249)
9.001066 [INFO ] [STARTUP] RADIO answered 2649934 (octowhere firmware/src/main.rs:249)
9.001109 [INFO ] [STARTUP] bring_up exit 2693692 (octowhere firmware/src/main.rs:249)
9.001150 [INFO ] [STARTUP] startup over 7676406 (octowhere firmware/src/main.rs:249)
9.001191 [INFO ] [STARTUP] done (octowhere firmware/src/main.rs:251)
