[2026-10-06T16:08:22Z INFO ] Serial port: '/dev/ttyACM0'
[2026-10-06T16:08:22Z INFO ] Connecting...
[2026-10-06T16:08:22Z INFO ] Using flash stub
I (273) esp_image: segment 3: paddr=000ba16c vaddr=00000000 size2.518347 [WARN ] [GNSS] STARTUP PAIR_SEND_RESULT command=063 status=error error=BufferTooSmall { required: 15, available: 1 } (octowhere firmware/src/main.rs:2586)
2.539192 [WARN ] [GNSS] STARTUP PAIR_SEND_RESULT command=067 status=error error=BufferTooSmall { required: 13, available: 1 } (octowhere firmware/src/main.rs:2594)
2.593494 [INFO ] [BOOT] Gnss Answered in 582ms (octowhere firmware/src/main.rs:1967)
2.600622 [INFO ] [GNSS] no reference time: the RTC has none (octowhere firmware/src/main.rs:2517)
2.600650 [INFO ] [BOOT] answered: power=true clock=true touch=true motion=true magnet=true gnss=true (octowhere firmware/src/main.rs:2342)
2.723346 [INFO ] [LORA] init_ok (octowhere firmware/src/main.rs:2645)
2.723417 [INFO ] [BOOT] Radio Answered in 122ms (octowhere firmware/src/main.rs:1967)
2.723619 [INFO ] [TOUCH] OK resolution=466x466 firmware=0x1000001 checksum=0x693275ee (octowhere firmware/src/main.rs:2396)
2.724042 [INFO ] [MESH] id=0 name=Dredge members=2 mac=[44, 1b, f6, 86, 1a, 38] (octowhere_node octowhere-node/src/node.rs:688)
2.765959 [INFO ] [MESH] tuned=true (octowhere_node octowhere-node/src/node.rs:744)
2.767696 [INFO ] [MESH] id=0 members=2 generation=17 removal pending=false declinable until=None old keys=0 (octowhere_node octowhere-node/src/node.rs:886)
2.769443 [INFO ] [MEM] internal_used=65400 psram_used=1102300 (octowhere firmware/src/main.rs:2431)
9.000128 [INFO ] [STARTUP] reset power_on=true (octowhere firmware/src/main.rs:246)
9.000172 [INFO ] [STARTUP] async_main enter 9415664 (octowhere firmware/src/main.rs:249)
9.000226 [INFO ] [STARTUP] bring_up enter 906295 (octowhere firmware/src/main.rs:249)
9.000269 [INFO ] [STARTUP] frame_loop first 906447 (octowhere firmware/src/main.rs:249)
9.000319 [INFO ] [STARTUP] i2c powered 986416 (octowhere firmware/src/main.rs:249)
9.000359 [INFO ] [STARTUP] POWER start 986857 (octowhere firmware/src/main.rs:249)
9.000405 [INFO ] [STARTUP] POWER answered 988707 (octowhere firmware/src/main.rs:249)
9.000448 [INFO ] [STARTUP] exio reset 1010443 (octowhere firmware/src/main.rs:249)
9.000486 [INFO ] [STARTUP] CLOCK start 1010600 (octowhere firmware/src/main.rs:249)
9.000527 [INFO ] [STARTUP] TOUCH start 1010671 (octowhere firmware/src/main.rs:249)
9.000567 [INFO ] [STARTUP] MOTION start 1010716 (octowhere firmware/src/main.rs:249)
9.000609 [INFO ] [STARTUP] MAGNET start 1010806 (octowhere firmware/src/main.rs:249)
9.000650 [INFO ] [STARTUP] CLOCK answered 1011436 (octowhere firmware/src/main.rs:249)
9.000692 [INFO ] [STARTUP] TOUCH answered 1122023 (octowhere firmware/src/main.rs:249)
9.000735 [INFO ] [STARTUP] MAGNET answered 1154794 (octowhere firmware/src/main.rs:249)
9.000778 [INFO ] [STARTUP] MOTION answered 1162950 (octowhere firmware/src/main.rs:249)
9.000822 [INFO ] [STARTUP] gnss-settle end 2010587 (octowhere firmware/src/main.rs:249)
9.000865 [INFO ] [STARTUP] GNSS start 2010680 (octowhere firmware/src/main.rs:249)
9.000962 [INFO ] [STARTUP] GNSS answered 2593447 (octowhere firmware/src/main.rs:249)
9.001005 [INFO ] [STARTUP] RADIO start 2600731 (octowhere firmware/src/main.rs:249)
9.001045 [INFO ] [STARTUP] RADIO answered 2723392 (octowhere firmware/src/main.rs:249)
9.001088 [INFO ] [STARTUP] bring_up exit 2769484 (octowhere firmware/src/main.rs:249)
9.001129 [INFO ] [STARTUP] startup over 7758322 (octowhere firmware/src/main.rs:249)
9.001171 [INFO ] [STARTUP] done (octowhere firmware/src/main.rs:251)
