[2026-10-06T16:09:57Z INFO ] Serial port: '/dev/ttyACM1'
[2026-10-06T16:09:57Z INFO ] Connecting...
[2026-10-06T16:09:57Z INFO ] Using flash stub
I (273) esp_image: segment 3: paddr=000ba16c vaddr=00000000 size2.590768 [INFO ] [BOOT] Gnss Answered in 634ms (octowhere firmware/src/main.rs:1967)
2.597925 [INFO ] [GNSS] no reference time: the RTC has none (octowhere firmware/src/main.rs:2517)
2.597954 [INFO ] [BOOT] answered: power=true clock=true touch=true motion=true magnet=true gnss=true (octowhere firmware/src/main.rs:2342)
2.719502 [INFO ] [LORA] init_ok (octowhere firmware/src/main.rs:2645)
2.719613 [INFO ] [BOOT] Radio Answered in 121ms (octowhere firmware/src/main.rs:1967)
2.719888 [INFO ] [TOUCH] OK resolution=466x466 firmware=0x1000001 checksum=0x693275ee (octowhere firmware/src/main.rs:2396)
2.720338 [INFO ] [MESH] id=1 name=Roger Roger members=2 mac=[44, 1b, f6, 86, 1c, 1c] (octowhere_node octowhere-node/src/node.rs:688)
2.763340 [INFO ] [MESH] tuned=true (octowhere_node octowhere-node/src/node.rs:744)
2.764988 [INFO ] [MESH] id=1 members=2 generation=17 removal pending=false declinable until=Some(39806926) old keys=0 (octowhere_node octowhere-node/src/node.rs:886)
2.766800 [INFO ] [MEM] internal_used=65400 psram_used=1102300 (octowhere firmware/src/main.rs:2431)
9.000126 [INFO ] [STARTUP] reset power_on=true (octowhere firmware/src/main.rs:246)
9.000170 [INFO ] [STARTUP] async_main enter 9415664 (octowhere firmware/src/main.rs:249)
9.000225 [INFO ] [STARTUP] bring_up enter 852047 (octowhere firmware/src/main.rs:249)
9.000268 [INFO ] [STARTUP] frame_loop first 852199 (octowhere firmware/src/main.rs:249)
9.000317 [INFO ] [STARTUP] i2c powered 932168 (octowhere firmware/src/main.rs:249)
9.000357 [INFO ] [STARTUP] POWER start 932609 (octowhere firmware/src/main.rs:249)
9.000404 [INFO ] [STARTUP] POWER answered 934459 (octowhere firmware/src/main.rs:249)
9.000447 [INFO ] [STARTUP] exio reset 956198 (octowhere firmware/src/main.rs:249)
9.000486 [INFO ] [STARTUP] CLOCK start 956355 (octowhere firmware/src/main.rs:249)
9.000527 [INFO ] [STARTUP] TOUCH start 956425 (octowhere firmware/src/main.rs:249)
9.000568 [INFO ] [STARTUP] MOTION start 956471 (octowhere firmware/src/main.rs:249)
9.000610 [INFO ] [STARTUP] MAGNET start 956561 (octowhere firmware/src/main.rs:249)
9.000651 [INFO ] [STARTUP] CLOCK answered 957190 (octowhere firmware/src/main.rs:249)
9.000766 [INFO ] [STARTUP] TOUCH answered 1067777 (octowhere firmware/src/main.rs:249)
9.000809 [INFO ] [STARTUP] MAGNET answered 1100563 (octowhere firmware/src/main.rs:249)
9.000852 [INFO ] [STARTUP] MOTION answered 1108704 (octowhere firmware/src/main.rs:249)
9.000896 [INFO ] [STARTUP] gnss-settle end 1956341 (octowhere firmware/src/main.rs:249)
9.000939 [INFO ] [STARTUP] GNSS start 1956434 (octowhere firmware/src/main.rs:249)
9.000978 [INFO ] [STARTUP] GNSS answered 2590681 (octowhere firmware/src/main.rs:249)
9.001020 [INFO ] [STARTUP] RADIO start 2598034 (octowhere firmware/src/main.rs:249)
9.001061 [INFO ] [STARTUP] RADIO answered 2719550 (octowhere firmware/src/main.rs:249)
9.001104 [INFO ] [STARTUP] bring_up exit 2766849 (octowhere firmware/src/main.rs:249)
9.001145 [INFO ] [STARTUP] startup over 7757219 (octowhere firmware/src/main.rs:249)
9.001187 [INFO ] [STARTUP] done (octowhere firmware/src/main.rs:251)
