[2026-10-06T16:09:31Z INFO ] Serial port: '/dev/ttyACM1'
[2026-10-06T16:09:31Z INFO ] Connecting...
[2026-10-06T16:09:31Z INFO ] Using flash stub
I (273) esp_image: segment 3: paddr=000ba16c vaddr=00000000 size2.580604 [INFO ] [BOOT] Gnss Answered in 624ms (octowhere firmware/src/main.rs:1967)
2.587750 [INFO ] [GNSS] no reference time: the RTC has none (octowhere firmware/src/main.rs:2517)
2.587779 [INFO ] [BOOT] answered: power=true clock=true touch=true motion=true magnet=true gnss=true (octowhere firmware/src/main.rs:2342)
2.595680 [INFO ] [LORA] init_ok (octowhere firmware/src/main.rs:2645)
2.595730 [INFO ] [BOOT] Radio Answered in 7ms (octowhere firmware/src/main.rs:1967)
2.595866 [INFO ] [TOUCH] OK resolution=466x466 firmware=0x1000001 checksum=0x693275ee (octowhere firmware/src/main.rs:2396)
2.596177 [INFO ] [MESH] id=1 name=Roger Roger members=2 mac=[44, 1b, f6, 86, 1c, 1c] (octowhere_node octowhere-node/src/node.rs:688)
2.636443 [INFO ] [MESH] tuned=true (octowhere_node octowhere-node/src/node.rs:744)
2.638314 [INFO ] [MESH] id=1 members=2 generation=17 removal pending=false declinable until=Some(39806926) old keys=0 (octowhere_node octowhere-node/src/node.rs:886)
2.639533 [INFO ] [MEM] internal_used=65400 psram_used=1102300 (octowhere firmware/src/main.rs:2431)
9.000116 [INFO ] [STARTUP] reset power_on=true (octowhere firmware/src/main.rs:246)
9.000161 [INFO ] [STARTUP] async_main enter 9415664 (octowhere firmware/src/main.rs:249)
9.000215 [INFO ] [STARTUP] bring_up enter 852047 (octowhere firmware/src/main.rs:249)
9.000257 [INFO ] [STARTUP] frame_loop first 852199 (octowhere firmware/src/main.rs:249)
9.000307 [INFO ] [STARTUP] i2c powered 932168 (octowhere firmware/src/main.rs:249)
9.000347 [INFO ] [STARTUP] POWER start 932609 (octowhere firmware/src/main.rs:249)
9.000395 [INFO ] [STARTUP] POWER answered 934459 (octowhere firmware/src/main.rs:249)
9.000523 [INFO ] [STARTUP] exio reset 956198 (octowhere firmware/src/main.rs:249)
9.000563 [INFO ] [STARTUP] CLOCK start 956355 (octowhere firmware/src/main.rs:249)
9.000603 [INFO ] [STARTUP] TOUCH start 956425 (octowhere firmware/src/main.rs:249)
9.000644 [INFO ] [STARTUP] MOTION start 956471 (octowhere firmware/src/main.rs:249)
9.000685 [INFO ] [STARTUP] MAGNET start 956561 (octowhere firmware/src/main.rs:249)
9.000727 [INFO ] [STARTUP] CLOCK answered 957190 (octowhere firmware/src/main.rs:249)
9.000770 [INFO ] [STARTUP] TOUCH answered 1067776 (octowhere firmware/src/main.rs:249)
9.000812 [INFO ] [STARTUP] MAGNET answered 1100562 (octowhere firmware/src/main.rs:249)
9.000855 [INFO ] [STARTUP] MOTION answered 1108704 (octowhere firmware/src/main.rs:249)
9.000899 [INFO ] [STARTUP] gnss-settle end 1956341 (octowhere firmware/src/main.rs:249)
9.000941 [INFO ] [STARTUP] GNSS start 1956434 (octowhere firmware/src/main.rs:249)
9.000981 [INFO ] [STARTUP] GNSS answered 2580519 (octowhere firmware/src/main.rs:249)
9.001023 [INFO ] [STARTUP] RADIO start 2587860 (octowhere firmware/src/main.rs:249)
9.001064 [INFO ] [STARTUP] RADIO answered 2595712 (octowhere firmware/src/main.rs:249)
9.001106 [INFO ] [STARTUP] bring_up exit 2639562 (octowhere firmware/src/main.rs:249)
9.001148 [INFO ] [STARTUP] startup over 7615476 (octowhere firmware/src/main.rs:249)
9.001189 [INFO ] [STARTUP] done (octowhere firmware/src/main.rs:251)
