[2026-10-06T16:10:10Z INFO ] Serial port: '/dev/ttyACM1'
[2026-10-06T16:10:10Z INFO ] Connecting...
[2026-10-06T16:10:10Z INFO ] Using flash stub
I (273) esp_image: segment 3: paddr=000ba16c vaddr=00000000 size2.149212 [WARN ] [GNSS] STARTUP PAIR_SEND_RESULT command=732 status=error error=I2c { operation: WriteConfig, error: I2c(AcknowledgeCheckFailed(Address)) } (octowhere firmware/src/main.rs:2553)
2.533600 [WARN ] [GNSS] STARTUP PAIR_SEND_RESULT command=410 status=error error=I2c { operation: WriteConfig, error: I2c(AcknowledgeCheckFailed(Address)) } (octowhere firmware/src/main.rs:2564)
2.533658 [WARN ] [GNSS] STARTUP PAIR_SEND_RESULT command=411 status=error error=I2c { operation: WriteConfig, error: I2c(AcknowledgeCheckFailed(Address)) } (octowhere firmware/src/main.rs:2564)
2.725903 [WARN ] [GNSS] STARTUP PAIR_SEND_RESULT command=062 status=error error=I2c { operation: WriteConfig, error: I2c(AcknowledgeCheckFailed(Address)) } (octowhere firmware/src/main.rs:2579)
2.917862 [WARN ] [GNSS] STARTUP PAIR_SEND_RESULT command=063 status=error error=I2c { operation: WriteConfig, error: I2c(AcknowledgeCheckFailed(Address)) } (octowhere firmware/src/main.rs:2586)
3.109897 [WARN ] [GNSS] STARTUP PAIR_SEND_RESULT command=062 status=error error=I2c { operation: WriteConfig, error: I2c(AcknowledgeCheckFailed(Address)) } (octowhere firmware/src/main.rs:2579)
3.302315 [WARN ] [GNSS] STARTUP PAIR_SEND_RESULT command=063 status=error error=I2c { operation: WriteConfig, error: I2c(AcknowledgeCheckFailed(Address)) } (octowhere firmware/src/main.rs:2586)
3.456501 [WARN ] [GNSS] no answer; resetting it (octowhere firmware/src/main.rs:2328)
5.090268 [INFO ] [BOOT] Gnss Answered in 3133ms (octowhere firmware/src/main.rs:1967)
5.097896 [INFO ] [GNSS] no reference time: the RTC has none (octowhere firmware/src/main.rs:2517)
5.097933 [INFO ] [BOOT] answered: power=true clock=true touch=true motion=true magnet=true gnss=true (octowhere firmware/src/main.rs:2342)
5.200333 [INFO ] [LORA] init_ok (octowhere firmware/src/main.rs:2645)
5.200416 [INFO ] [BOOT] Radio Answered in 102ms (octowhere firmware/src/main.rs:1967)
5.200617 [INFO ] [TOUCH] OK resolution=466x466 firmware=0x1000001 checksum=0x693275ee (octowhere firmware/src/main.rs:2396)
5.201095 [INFO ] [MESH] id=1 name=Roger Roger members=2 mac=[44, 1b, f6, 86, 1c, 1c] (octowhere_node octowhere-node/src/node.rs:688)
5.244621 [INFO ] [MESH] tuned=true (octowhere_node octowhere-node/src/node.rs:744)
5.246289 [INFO ] [MESH] id=1 members=2 generation=17 removal pending=false declinable until=Some(39806926) old keys=0 (octowhere_node octowhere-node/src/node.rs:886)
5.248109 [INFO ] [MEM] internal_used=65400 psram_used=1102300 (octowhere firmware/src/main.rs:2431)
9.000215 [INFO ] [STARTUP] reset power_on=true (octowhere firmware/src/main.rs:246)
9.000262 [INFO ] [STARTUP] async_main enter 9415664 (octowhere firmware/src/main.rs:249)
9.000317 [INFO ] [STARTUP] bring_up enter 852048 (octowhere firmware/src/main.rs:249)
9.000360 [INFO ] [STARTUP] frame_loop first 852199 (octowhere firmware/src/main.rs:249)
9.000503 [INFO ] [STARTUP] i2c powered 932168 (octowhere firmware/src/main.rs:249)
9.000544 [INFO ] [STARTUP] POWER start 932609 (octowhere firmware/src/main.rs:249)
9.000591 [INFO ] [STARTUP] POWER answered 934459 (octowhere firmware/src/main.rs:249)
9.000633 [INFO ] [STARTUP] exio reset 956198 (octowhere firmware/src/main.rs:249)
9.000673 [INFO ] [STARTUP] CLOCK start 956355 (octowhere firmware/src/main.rs:249)
9.000713 [INFO ] [STARTUP] TOUCH start 956425 (octowhere firmware/src/main.rs:249)
9.000754 [INFO ] [STARTUP] MOTION start 956471 (octowhere firmware/src/main.rs:249)
9.000795 [INFO ] [STARTUP] MAGNET start 956561 (octowhere firmware/src/main.rs:249)
9.000837 [INFO ] [STARTUP] CLOCK answered 957190 (octowhere firmware/src/main.rs:249)
9.000880 [INFO ] [STARTUP] TOUCH answered 1067776 (octowhere firmware/src/main.rs:249)
9.000922 [INFO ] [STARTUP] MAGNET answered 1100562 (octowhere firmware/src/main.rs:249)
9.000965 [INFO ] [STARTUP] MOTION answered 1108705 (octowhere firmware/src/main.rs:249)
9.001009 [INFO ] [STARTUP] gnss-settle end 1956341 (octowhere firmware/src/main.rs:249)
9.001051 [INFO ] [STARTUP] GNSS start 1956434 (octowhere firmware/src/main.rs:249)
9.001091 [INFO ] [STARTUP] GNSS answered 5090196 (octowhere firmware/src/main.rs:249)
9.001133 [INFO ] [STARTUP] RADIO start 5098049 (octowhere firmware/src/main.rs:249)
9.001174 [INFO ] [STARTUP] RADIO answered 5200387 (octowhere firmware/src/main.rs:249)
9.001216 [INFO ] [STARTUP] bring_up exit 5248160 (octowhere firmware/src/main.rs:249)
9.001258 [INFO ] [STARTUP] done (octowhere firmware/src/main.rs:251)
