[2026-10-06T16:09:44Z INFO ] Serial port: '/dev/ttyACM1'
[2026-10-06T16:09:44Z INFO ] Connecting...
[2026-10-06T16:09:44Z INFO ] Using flash stub
I (273) esp_image: segment 3: paddr=000ba16c vaddr=00000000 size2.580482 [INFO ] [BOOT] Gnss Answered in 623ms (octowhere firmware/src/main.rs:1967)
2.587578 [INFO ] [GNSS] no reference time: the RTC has none (octowhere firmware/src/main.rs:2517)
2.587607 [INFO ] [BOOT] answered: power=true clock=true touch=true motion=true magnet=true gnss=true (octowhere firmware/src/main.rs:2342)
2.595508 [INFO ] [LORA] init_ok (octowhere firmware/src/main.rs:2645)
2.595558 [INFO ] [BOOT] Radio Answered in 7ms (octowhere firmware/src/main.rs:1967)
2.595693 [INFO ] [TOUCH] OK resolution=466x466 firmware=0x1000001 checksum=0x693275ee (octowhere firmware/src/main.rs:2396)
2.596003 [INFO ] [MESH] id=1 name=Roger Roger members=2 mac=[44, 1b, f6, 86, 1c, 1c] (octowhere_node octowhere-node/src/node.rs:688)
2.636268 [INFO ] [MESH] tuned=true (octowhere_node octowhere-node/src/node.rs:744)
2.638139 [INFO ] [MESH] id=1 members=2 generation=17 removal pending=false declinable until=Some(39806926) old keys=0 (octowhere_node octowhere-node/src/node.rs:886)
2.639359 [INFO ] [MEM] internal_used=65400 psram_used=1102300 (octowhere firmware/src/main.rs:2431)
9.000120 [INFO ] [STARTUP] reset power_on=true (octowhere firmware/src/main.rs:246)
9.000162 [INFO ] [STARTUP] async_main enter 9415664 (octowhere firmware/src/main.rs:249)
9.000216 [INFO ] [STARTUP] bring_up enter 852047 (octowhere firmware/src/main.rs:249)
9.000258 [INFO ] [STARTUP] frame_loop first 852199 (octowhere firmware/src/main.rs:249)
9.000301 [INFO ] [STARTUP] i2c powered 932168 (octowhere firmware/src/main.rs:249)
9.000341 [INFO ] [STARTUP] POWER start 932609 (octowhere firmware/src/main.rs:249)
9.000388 [INFO ] [STARTUP] POWER answered 934459 (octowhere firmware/src/main.rs:249)
9.000431 [INFO ] [STARTUP] exio reset 956198 (octowhere firmware/src/main.rs:249)
9.000470 [INFO ] [STARTUP] CLOCK start 956355 (octowhere firmware/src/main.rs:249)
9.000511 [INFO ] [STARTUP] TOUCH start 956425 (octowhere firmware/src/main.rs:249)
9.000552 [INFO ] [STARTUP] MOTION start 956471 (octowhere firmware/src/main.rs:249)
9.000593 [INFO ] [STARTUP] MAGNET start 956561 (octowhere firmware/src/main.rs:249)
9.000635 [INFO ] [STARTUP] CLOCK answered 957190 (octowhere firmware/src/main.rs:249)
9.000677 [INFO ] [STARTUP] TOUCH answered 1067776 (octowhere firmware/src/main.rs:249)
9.000719 [INFO ] [STARTUP] MAGNET answered 1100563 (octowhere firmware/src/main.rs:249)
9.000763 [INFO ] [STARTUP] MOTION answered 1108704 (octowhere firmware/src/main.rs:249)
9.000806 [INFO ] [STARTUP] gnss-settle end 1956341 (octowhere firmware/src/main.rs:249)
9.000855 [INFO ] [STARTUP] GNSS start 1956434 (octowhere firmware/src/main.rs:249)
9.000894 [INFO ] [STARTUP] GNSS answered 2580398 (octowhere firmware/src/main.rs:249)
9.000937 [INFO ] [STARTUP] RADIO start 2587687 (octowhere firmware/src/main.rs:249)
9.000977 [INFO ] [STARTUP] RADIO answered 2595539 (octowhere firmware/src/main.rs:249)
9.001021 [INFO ] [STARTUP] bring_up exit 2639387 (octowhere firmware/src/main.rs:249)
9.001147 [INFO ] [STARTUP] startup over 7617383 (octowhere firmware/src/main.rs:249)
9.001189 [INFO ] [STARTUP] done (octowhere firmware/src/main.rs:251)
