[2026-10-06T16:09:18Z INFO ] Serial port: '/dev/ttyACM1'
[2026-10-06T16:09:18Z INFO ] Connecting...
[2026-10-06T16:09:18Z INFO ] Using flash stub
I (273) esp_image: segment 3: paddr=000ba16c vaddr=00000000 size2.580561 [INFO ] [BOOT] Gnss Answered in 624ms (octowhere firmware/src/main.rs:1967)
2.587693 [INFO ] [GNSS] no reference time: the RTC has none (octowhere firmware/src/main.rs:2517)
2.587721 [INFO ] [BOOT] answered: power=true clock=true touch=true motion=true magnet=true gnss=true (octowhere firmware/src/main.rs:2342)
2.595623 [INFO ] [LORA] init_ok (octowhere firmware/src/main.rs:2645)
2.595673 [INFO ] [BOOT] Radio Answered in 7ms (octowhere firmware/src/main.rs:1967)
2.595809 [INFO ] [TOUCH] OK resolution=466x466 firmware=0x1000001 checksum=0x693275ee (octowhere firmware/src/main.rs:2396)
2.596120 [INFO ] [MESH] id=1 name=Roger Roger members=2 mac=[44, 1b, f6, 86, 1c, 1c] (octowhere_node octowhere-node/src/node.rs:688)
2.636385 [INFO ] [MESH] tuned=true (octowhere_node octowhere-node/src/node.rs:744)
2.638256 [INFO ] [MESH] id=1 members=2 generation=17 removal pending=false declinable until=Some(39806926) old keys=0 (octowhere_node octowhere-node/src/node.rs:886)
2.639476 [INFO ] [MEM] internal_used=65400 psram_used=1102300 (octowhere firmware/src/main.rs:2431)
9.000126 [INFO ] [STARTUP] reset power_on=true (octowhere firmware/src/main.rs:246)
9.000172 [INFO ] [STARTUP] async_main enter 9415664 (octowhere firmware/src/main.rs:249)
9.000228 [INFO ] [STARTUP] bring_up enter 852048 (octowhere firmware/src/main.rs:249)
9.000335 [INFO ] [STARTUP] frame_loop first 852200 (octowhere firmware/src/main.rs:249)
9.000379 [INFO ] [STARTUP] i2c powered 932169 (octowhere firmware/src/main.rs:249)
9.000419 [INFO ] [STARTUP] POWER start 932610 (octowhere firmware/src/main.rs:249)
9.000466 [INFO ] [STARTUP] POWER answered 934460 (octowhere firmware/src/main.rs:249)
9.000509 [INFO ] [STARTUP] exio reset 956196 (octowhere firmware/src/main.rs:249)
9.000548 [INFO ] [STARTUP] CLOCK start 956353 (octowhere firmware/src/main.rs:249)
9.000588 [INFO ] [STARTUP] TOUCH start 956424 (octowhere firmware/src/main.rs:249)
9.000629 [INFO ] [STARTUP] MOTION start 956470 (octowhere firmware/src/main.rs:249)
9.000670 [INFO ] [STARTUP] MAGNET start 956559 (octowhere firmware/src/main.rs:249)
9.000712 [INFO ] [STARTUP] CLOCK answered 957189 (octowhere firmware/src/main.rs:249)
9.000754 [INFO ] [STARTUP] TOUCH answered 1067776 (octowhere firmware/src/main.rs:249)
9.000796 [INFO ] [STARTUP] MAGNET answered 1100562 (octowhere firmware/src/main.rs:249)
9.000840 [INFO ] [STARTUP] MOTION answered 1108703 (octowhere firmware/src/main.rs:249)
9.000883 [INFO ] [STARTUP] gnss-settle end 1956341 (octowhere firmware/src/main.rs:249)
9.000932 [INFO ] [STARTUP] GNSS start 1956433 (octowhere firmware/src/main.rs:249)
9.000971 [INFO ] [STARTUP] GNSS answered 2580476 (octowhere firmware/src/main.rs:249)
9.001013 [INFO ] [STARTUP] RADIO start 2587802 (octowhere firmware/src/main.rs:249)
9.001054 [INFO ] [STARTUP] RADIO answered 2595654 (octowhere firmware/src/main.rs:249)
9.001097 [INFO ] [STARTUP] bring_up exit 2639504 (octowhere firmware/src/main.rs:249)
9.001138 [INFO ] [STARTUP] startup over 7622421 (octowhere firmware/src/main.rs:249)
9.001180 [INFO ] [STARTUP] done (octowhere firmware/src/main.rs:251)
