[2026-10-08T21:35:01Z INFO ] Serial port: '/dev/ttyACM3'
[2026-10-08T21:35:01Z INFO ] Connecting...
[2026-10-08T21:35:02Z INFO ] Using flash stub
I (448) boot: Loaded app from partition at offset 0x10000

1.701872 [INFO ] [GNSS] configured=true (octowhere firmware/src/main.rs:1444)
1.702526 [INFO ] [GNSS] no reference time: the RTC has none (octowhere firmware/src/main.rs:2753)
9.000168 [INFO ] [STARTUP] board 1a38 (octowhere firmware/src/main.rs:343)
9.000208 [INFO ] [STARTUP] reset power_on=true (octowhere firmware/src/main.rs:344)
9.000233 [INFO ] [STARTUP] mesh generation=20 members=0x3 kept=0x0 stored=0xf (octowhere firmware/src/main.rs:348)
9.000268 [INFO ] [STARTUP] load-group read 515911 (octowhere firmware/src/main.rs:358)
9.000307 [INFO ] [STARTUP] load-members read 570311 (octowhere firmware/src/main.rs:358)
9.000414 [INFO ] [STARTUP] load-restored read 570423 (octowhere firmware/src/main.rs:358)
9.000447 [INFO ] [STARTUP] load-rest read 584222 (octowhere firmware/src/main.rs:358)
9.000478 [INFO ] [STARTUP] load-kept read 593517 (octowhere firmware/src/main.rs:358)
9.000508 [INFO ] [STARTUP] main enter 461835 (octowhere firmware/src/main.rs:365)
9.000559 [INFO ] [STARTUP] esp_hal init 465685 (octowhere firmware/src/main.rs:365)
9.000611 [INFO ] [STARTUP] panel reset 465812 (octowhere firmware/src/main.rs:365)
9.000664 [INFO ] [STARTUP] psram ready 472522 (octowhere firmware/src/main.rs:365)
9.000716 [INFO ] [STARTUP] settings loaded 514999 (octowhere firmware/src/main.rs:365)
9.000771 [INFO ] [STARTUP] trng on 515101 (octowhere firmware/src/main.rs:365)
9.000805 [INFO ] [STARTUP] mesh-store read 593560 (octowhere firmware/src/main.rs:365)
9.000859 [INFO ] [STARTUP] core1 starting 593918 (octowhere firmware/src/main.rs:365)
9.000913 [INFO ] [STARTUP] core1 started 611348 (octowhere firmware/src/main.rs:365)
9.000967 [INFO ] [STARTUP] core1 enter 611606 (octowhere firmware/src/main.rs:365)
9.001019 [INFO ] [STARTUP] identity made 637118 (octowhere firmware/src/main.rs:365)
9.001072 [INFO ] [STARTUP] bring_up enter 639773 (octowhere firmware/src/main.rs:365)
9.001127 [INFO ] [STARTUP] i2c powered 719878 (octowhere firmware/src/main.rs:365)
9.001178 [INFO ] [STARTUP] POWER start 720306 (octowhere firmware/src/main.rs:365)
9.001231 [INFO ] [STARTUP] POWER answered 722109 (octowhere firmware/src/main.rs:365)
9.001285 [INFO ] [STARTUP] exio reset 743860 (octowhere firmware/src/main.rs:365)
9.001418 [INFO ] [STARTUP] CLOCK start 744059 (octowhere firmware/src/main.rs:365)
9.001470 [INFO ] [STARTUP] TOUCH start 744179 (octowhere firmware/src/main.rs:365)
9.001522 [INFO ] [STARTUP] MOTION start 744222 (octowhere firmware/src/main.rs:365)
9.001575 [INFO ] [STARTUP] MAGNET start 744325 (octowhere firmware/src/main.rs:365)
9.001628 [INFO ] [STARTUP] display up 744628 (octowhere firmware/src/main.rs:365)
9.001679 [INFO ] [STARTUP] CLOCK answered 745159 (octowhere firmware/src/main.rs:365)
9.001733 [INFO ] [STARTUP] frame_loop first 745536 (octowhere firmware/src/main.rs:365)
9.001789 [INFO ] [STARTUP] frame_loop drawn 764446 (octowhere firmware/src/main.rs:365)
9.001845 [INFO ] [STARTUP] frame_loop handed 764593 (octowhere firmware/src/main.rs:365)
9.001901 [INFO ] [STARTUP] flush0 start 764752 (octowhere firmware/src/main.rs:365)
9.001954 [INFO ] [STARTUP] flush0 end 779236 (octowhere firmware/src/main.rs:365)
9.002005 [INFO ] [STARTUP] flush1 start 811258 (octowhere firmware/src/main.rs:365)
9.002058 [INFO ] [STARTUP] panel lit 822803 (octowhere firmware/src/main.rs:365)
9.002108 [INFO ] [STARTUP] flush1 end 824278 (octowhere firmware/src/main.rs:365)
9.002159 [INFO ] [STARTUP] TOUCH answered 856776 (octowhere firmware/src/main.rs:365)
9.002214 [INFO ] [STARTUP] MAGNET answered 893136 (octowhere firmware/src/main.rs:365)
9.002269 [INFO ] [STARTUP] MOTION answered 896996 (octowhere firmware/src/main.rs:365)
9.002324 [INFO ] [STARTUP] gnss-settle end 1000174 (octowhere firmware/src/main.rs:365)
9.002421 [INFO ] [STARTUP] GNSS start 1000323 (octowhere firmware/src/main.rs:365)
9.002472 [INFO ] [STARTUP] GNSS answered 1011663 (octowhere firmware/src/main.rs:365)
9.002526 [INFO ] [STARTUP] RADIO start 1011890 (octowhere firmware/src/main.rs:365)
9.002578 [INFO ] [STARTUP] RADIO answered 1013994 (octowhere firmware/src/main.rs:365)
9.002632 [INFO ] [STARTUP] bring_up exit 1014276 (octowhere firmware/src/main.rs:365)
9.002685 [INFO ] [STARTUP] GNSS-config end 1701914 (octowhere firmware/src/main.rs:365)
9.002739 [INFO ] [STARTUP] startup over 6103997 (octowhere firmware/src/main.rs:365)
9.002792 [INFO ] [STARTUP] done (octowhere firmware/src/main.rs:367)
