[2026-10-08T21:35:27Z INFO ] Serial port: '/dev/ttyACM3'
[2026-10-08T21:35:27Z INFO ] Connecting...
[2026-10-08T21:35:28Z INFO ] Using flash stub
I (448) boot: Loaded app from partition at offset 0x10000

1.723291 [INFO ] [GNSS] configured=true (octowhere firmware/src/main.rs:1444)
1.724095 [INFO ] [GNSS] no reference time: the RTC has none (octowhere firmware/src/main.rs:2753)
9.000165 [INFO ] [STARTUP] board 1a38 (octowhere firmware/src/main.rs:343)
9.000203 [INFO ] [STARTUP] reset power_on=true (octowhere firmware/src/main.rs:344)
9.000228 [INFO ] [STARTUP] mesh generation=20 members=0x3 kept=0x0 stored=0xf (octowhere firmware/src/main.rs:348)
9.000263 [INFO ] [STARTUP] load-group read 515912 (octowhere firmware/src/main.rs:358)
9.000302 [INFO ] [STARTUP] load-members read 570312 (octowhere firmware/src/main.rs:358)
9.000350 [INFO ] [STARTUP] load-restored read 570425 (octowhere firmware/src/main.rs:358)
9.000383 [INFO ] [STARTUP] load-rest read 584224 (octowhere firmware/src/main.rs:358)
9.000413 [INFO ] [STARTUP] load-kept read 593519 (octowhere firmware/src/main.rs:358)
9.000444 [INFO ] [STARTUP] main enter 461835 (octowhere firmware/src/main.rs:365)
9.000495 [INFO ] [STARTUP] esp_hal init 465686 (octowhere firmware/src/main.rs:365)
9.000547 [INFO ] [STARTUP] panel reset 465814 (octowhere firmware/src/main.rs:365)
9.000600 [INFO ] [STARTUP] psram ready 472524 (octowhere firmware/src/main.rs:365)
9.000652 [INFO ] [STARTUP] settings loaded 515000 (octowhere firmware/src/main.rs:365)
9.000707 [INFO ] [STARTUP] trng on 515102 (octowhere firmware/src/main.rs:365)
9.000741 [INFO ] [STARTUP] mesh-store read 593562 (octowhere firmware/src/main.rs:365)
9.000795 [INFO ] [STARTUP] core1 starting 593919 (octowhere firmware/src/main.rs:365)
9.000849 [INFO ] [STARTUP] core1 started 611349 (octowhere firmware/src/main.rs:365)
9.000903 [INFO ] [STARTUP] core1 enter 611607 (octowhere firmware/src/main.rs:365)
9.001005 [INFO ] [STARTUP] identity made 637119 (octowhere firmware/src/main.rs:365)
9.001058 [INFO ] [STARTUP] bring_up enter 639775 (octowhere firmware/src/main.rs:365)
9.001112 [INFO ] [STARTUP] i2c powered 719879 (octowhere firmware/src/main.rs:365)
9.001163 [INFO ] [STARTUP] POWER start 720308 (octowhere firmware/src/main.rs:365)
9.001216 [INFO ] [STARTUP] POWER answered 722111 (octowhere firmware/src/main.rs:365)
9.001270 [INFO ] [STARTUP] exio reset 743862 (octowhere firmware/src/main.rs:365)
9.001321 [INFO ] [STARTUP] CLOCK start 744062 (octowhere firmware/src/main.rs:365)
9.001373 [INFO ] [STARTUP] TOUCH start 744181 (octowhere firmware/src/main.rs:365)
9.001425 [INFO ] [STARTUP] MOTION start 744225 (octowhere firmware/src/main.rs:365)
9.001478 [INFO ] [STARTUP] MAGNET start 744327 (octowhere firmware/src/main.rs:365)
9.001531 [INFO ] [STARTUP] display up 744631 (octowhere firmware/src/main.rs:365)
9.001582 [INFO ] [STARTUP] CLOCK answered 745162 (octowhere firmware/src/main.rs:365)
9.001637 [INFO ] [STARTUP] frame_loop first 745538 (octowhere firmware/src/main.rs:365)
9.001692 [INFO ] [STARTUP] frame_loop drawn 764449 (octowhere firmware/src/main.rs:365)
9.001748 [INFO ] [STARTUP] frame_loop handed 764596 (octowhere firmware/src/main.rs:365)
9.001804 [INFO ] [STARTUP] flush0 start 764755 (octowhere firmware/src/main.rs:365)
9.001857 [INFO ] [STARTUP] flush0 end 779235 (octowhere firmware/src/main.rs:365)
9.001908 [INFO ] [STARTUP] flush1 start 811225 (octowhere firmware/src/main.rs:365)
9.002005 [INFO ] [STARTUP] panel lit 822815 (octowhere firmware/src/main.rs:365)
9.002056 [INFO ] [STARTUP] flush1 end 824290 (octowhere firmware/src/main.rs:365)
9.002107 [INFO ] [STARTUP] TOUCH answered 856797 (octowhere firmware/src/main.rs:365)
9.002161 [INFO ] [STARTUP] MAGNET answered 893047 (octowhere firmware/src/main.rs:365)
9.002216 [INFO ] [STARTUP] MOTION answered 897030 (octowhere firmware/src/main.rs:365)
9.002271 [INFO ] [STARTUP] gnss-settle end 1000133 (octowhere firmware/src/main.rs:365)
9.002325 [INFO ] [STARTUP] GNSS start 1000281 (octowhere firmware/src/main.rs:365)
9.002376 [INFO ] [STARTUP] GNSS answered 1011626 (octowhere firmware/src/main.rs:365)
9.002430 [INFO ] [STARTUP] RADIO start 1011852 (octowhere firmware/src/main.rs:365)
9.002482 [INFO ] [STARTUP] RADIO answered 1013950 (octowhere firmware/src/main.rs:365)
9.002536 [INFO ] [STARTUP] bring_up exit 1014234 (octowhere firmware/src/main.rs:365)
9.002589 [INFO ] [STARTUP] GNSS-config end 1723345 (octowhere firmware/src/main.rs:365)
9.002644 [INFO ] [STARTUP] startup over 6101995 (octowhere firmware/src/main.rs:365)
9.002696 [INFO ] [STARTUP] done (octowhere firmware/src/main.rs:367)
