[2026-10-08T21:35:14Z INFO ] Serial port: '/dev/ttyACM3'
[2026-10-08T21:35:14Z INFO ] Connecting...
[2026-10-08T21:35:15Z INFO ] Using flash stub
I (448) boot: Loaded app from partition at offset 0x10000

1.701821 [INFO ] [GNSS] configured=true (octowhere firmware/src/main.rs:1444)
1.702463 [INFO ] [GNSS] no reference time: the RTC has none (octowhere firmware/src/main.rs:2753)
9.000167 [INFO ] [STARTUP] board 1a38 (octowhere firmware/src/main.rs:343)
9.000202 [INFO ] [STARTUP] reset power_on=true (octowhere firmware/src/main.rs:344)
9.000227 [INFO ] [STARTUP] mesh generation=20 members=0x3 kept=0x0 stored=0xf (octowhere firmware/src/main.rs:348)
9.000262 [INFO ] [STARTUP] load-group read 515905 (octowhere firmware/src/main.rs:358)
9.000301 [INFO ] [STARTUP] load-members read 570305 (octowhere firmware/src/main.rs:358)
9.000348 [INFO ] [STARTUP] load-restored read 570418 (octowhere firmware/src/main.rs:358)
9.000381 [INFO ] [STARTUP] load-rest read 584217 (octowhere firmware/src/main.rs:358)
9.000412 [INFO ] [STARTUP] load-kept read 593512 (octowhere firmware/src/main.rs:358)
9.000442 [INFO ] [STARTUP] main enter 461835 (octowhere firmware/src/main.rs:365)
9.000493 [INFO ] [STARTUP] esp_hal init 465679 (octowhere firmware/src/main.rs:365)
9.000546 [INFO ] [STARTUP] panel reset 465807 (octowhere firmware/src/main.rs:365)
9.000598 [INFO ] [STARTUP] psram ready 472517 (octowhere firmware/src/main.rs:365)
9.000650 [INFO ] [STARTUP] settings loaded 514994 (octowhere firmware/src/main.rs:365)
9.000705 [INFO ] [STARTUP] trng on 515095 (octowhere firmware/src/main.rs:365)
9.000739 [INFO ] [STARTUP] mesh-store read 593555 (octowhere firmware/src/main.rs:365)
9.000860 [INFO ] [STARTUP] core1 starting 593912 (octowhere firmware/src/main.rs:365)
9.000914 [INFO ] [STARTUP] core1 started 611342 (octowhere firmware/src/main.rs:365)
9.000968 [INFO ] [STARTUP] core1 enter 611600 (octowhere firmware/src/main.rs:365)
9.001020 [INFO ] [STARTUP] identity made 637113 (octowhere firmware/src/main.rs:365)
9.001073 [INFO ] [STARTUP] bring_up enter 639768 (octowhere firmware/src/main.rs:365)
9.001127 [INFO ] [STARTUP] i2c powered 719873 (octowhere firmware/src/main.rs:365)
9.001179 [INFO ] [STARTUP] POWER start 720301 (octowhere firmware/src/main.rs:365)
9.001231 [INFO ] [STARTUP] POWER answered 722104 (octowhere firmware/src/main.rs:365)
9.001285 [INFO ] [STARTUP] exio reset 743855 (octowhere firmware/src/main.rs:365)
9.001336 [INFO ] [STARTUP] CLOCK start 744055 (octowhere firmware/src/main.rs:365)
9.001389 [INFO ] [STARTUP] TOUCH start 744174 (octowhere firmware/src/main.rs:365)
9.001441 [INFO ] [STARTUP] MOTION start 744218 (octowhere firmware/src/main.rs:365)
9.001494 [INFO ] [STARTUP] MAGNET start 744320 (octowhere firmware/src/main.rs:365)
9.001547 [INFO ] [STARTUP] display up 744624 (octowhere firmware/src/main.rs:365)
9.001598 [INFO ] [STARTUP] CLOCK answered 745155 (octowhere firmware/src/main.rs:365)
9.001652 [INFO ] [STARTUP] frame_loop first 745531 (octowhere firmware/src/main.rs:365)
9.001708 [INFO ] [STARTUP] frame_loop drawn 764442 (octowhere firmware/src/main.rs:365)
9.001763 [INFO ] [STARTUP] frame_loop handed 764589 (octowhere firmware/src/main.rs:365)
9.001862 [INFO ] [STARTUP] flush0 start 764748 (octowhere firmware/src/main.rs:365)
9.001915 [INFO ] [STARTUP] flush0 end 779221 (octowhere firmware/src/main.rs:365)
9.001966 [INFO ] [STARTUP] flush1 start 811242 (octowhere firmware/src/main.rs:365)
9.002019 [INFO ] [STARTUP] panel lit 822908 (octowhere firmware/src/main.rs:365)
9.002069 [INFO ] [STARTUP] flush1 end 824383 (octowhere firmware/src/main.rs:365)
9.002120 [INFO ] [STARTUP] TOUCH answered 856816 (octowhere firmware/src/main.rs:365)
9.002174 [INFO ] [STARTUP] MAGNET answered 893086 (octowhere firmware/src/main.rs:365)
9.002229 [INFO ] [STARTUP] MOTION answered 896986 (octowhere firmware/src/main.rs:365)
9.002284 [INFO ] [STARTUP] gnss-settle end 1000147 (octowhere firmware/src/main.rs:365)
9.002339 [INFO ] [STARTUP] GNSS start 1000294 (octowhere firmware/src/main.rs:365)
9.002390 [INFO ] [STARTUP] GNSS answered 1011641 (octowhere firmware/src/main.rs:365)
9.002443 [INFO ] [STARTUP] RADIO start 1011866 (octowhere firmware/src/main.rs:365)
9.002495 [INFO ] [STARTUP] RADIO answered 1013964 (octowhere firmware/src/main.rs:365)
9.002550 [INFO ] [STARTUP] bring_up exit 1014248 (octowhere firmware/src/main.rs:365)
9.002603 [INFO ] [STARTUP] GNSS-config end 1701859 (octowhere firmware/src/main.rs:365)
9.002657 [INFO ] [STARTUP] startup over 6099591 (octowhere firmware/src/main.rs:365)
9.002710 [INFO ] [STARTUP] done (octowhere firmware/src/main.rs:367)
