[2026-10-08T21:34:35Z INFO ] Serial port: '/dev/ttyACM3'
[2026-10-08T21:34:35Z INFO ] Connecting...
[2026-10-08T21:34:36Z INFO ] Using flash stub
I (447) boot: Loaded app from partition at offset 0x10000

1.700801 [INFO ] [GNSS] configured=true (octowhere firmware/src/main.rs:1444)
1.701425 [INFO ] [GNSS] no reference time: the RTC has none (octowhere firmware/src/main.rs:2753)
9.000165 [INFO ] [STARTUP] board 1a38 (octowhere firmware/src/main.rs:343)
9.000210 [INFO ] [STARTUP] reset power_on=true (octowhere firmware/src/main.rs:344)
9.000235 [INFO ] [STARTUP] mesh generation=20 members=0x3 kept=0x0 stored=0xf (octowhere firmware/src/main.rs:348)
9.000270 [INFO ] [STARTUP] load-group read 515105 (octowhere firmware/src/main.rs:358)
9.000309 [INFO ] [STARTUP] load-members read 569505 (octowhere firmware/src/main.rs:358)
9.000357 [INFO ] [STARTUP] load-restored read 569618 (octowhere firmware/src/main.rs:358)
9.000390 [INFO ] [STARTUP] load-rest read 583417 (octowhere firmware/src/main.rs:358)
9.000420 [INFO ] [STARTUP] load-kept read 592712 (octowhere firmware/src/main.rs:358)
9.000451 [INFO ] [STARTUP] main enter 461033 (octowhere firmware/src/main.rs:365)
9.000542 [INFO ] [STARTUP] esp_hal init 464879 (octowhere firmware/src/main.rs:365)
9.000594 [INFO ] [STARTUP] panel reset 465007 (octowhere firmware/src/main.rs:365)
9.000646 [INFO ] [STARTUP] psram ready 471717 (octowhere firmware/src/main.rs:365)
9.000699 [INFO ] [STARTUP] settings loaded 514193 (octowhere firmware/src/main.rs:365)
9.000754 [INFO ] [STARTUP] trng on 514295 (octowhere firmware/src/main.rs:365)
9.000788 [INFO ] [STARTUP] mesh-store read 592755 (octowhere firmware/src/main.rs:365)
9.000842 [INFO ] [STARTUP] core1 starting 593112 (octowhere firmware/src/main.rs:365)
9.000896 [INFO ] [STARTUP] core1 started 610542 (octowhere firmware/src/main.rs:365)
9.000950 [INFO ] [STARTUP] core1 enter 610800 (octowhere firmware/src/main.rs:365)
9.001002 [INFO ] [STARTUP] identity made 636312 (octowhere firmware/src/main.rs:365)
9.001055 [INFO ] [STARTUP] bring_up enter 638968 (octowhere firmware/src/main.rs:365)
9.001109 [INFO ] [STARTUP] i2c powered 719072 (octowhere firmware/src/main.rs:365)
9.001161 [INFO ] [STARTUP] POWER start 719501 (octowhere firmware/src/main.rs:365)
9.001213 [INFO ] [STARTUP] POWER answered 721303 (octowhere firmware/src/main.rs:365)
9.001268 [INFO ] [STARTUP] exio reset 743054 (octowhere firmware/src/main.rs:365)
9.001319 [INFO ] [STARTUP] CLOCK start 743254 (octowhere firmware/src/main.rs:365)
9.001371 [INFO ] [STARTUP] TOUCH start 743373 (octowhere firmware/src/main.rs:365)
9.001423 [INFO ] [STARTUP] MOTION start 743417 (octowhere firmware/src/main.rs:365)
9.001544 [INFO ] [STARTUP] MAGNET start 743519 (octowhere firmware/src/main.rs:365)
9.001597 [INFO ] [STARTUP] display up 743823 (octowhere firmware/src/main.rs:365)
9.001648 [INFO ] [STARTUP] CLOCK answered 744354 (octowhere firmware/src/main.rs:365)
9.001702 [INFO ] [STARTUP] frame_loop first 744730 (octowhere firmware/src/main.rs:365)
9.001758 [INFO ] [STARTUP] frame_loop drawn 763641 (octowhere firmware/src/main.rs:365)
9.001814 [INFO ] [STARTUP] frame_loop handed 763788 (octowhere firmware/src/main.rs:365)
9.001870 [INFO ] [STARTUP] flush0 start 763947 (octowhere firmware/src/main.rs:365)
9.001923 [INFO ] [STARTUP] flush0 end 778420 (octowhere firmware/src/main.rs:365)
9.001974 [INFO ] [STARTUP] flush1 start 810441 (octowhere firmware/src/main.rs:365)
9.002027 [INFO ] [STARTUP] panel lit 822064 (octowhere firmware/src/main.rs:365)
9.002077 [INFO ] [STARTUP] flush1 end 823539 (octowhere firmware/src/main.rs:365)
9.002128 [INFO ] [STARTUP] TOUCH answered 855980 (octowhere firmware/src/main.rs:365)
9.002183 [INFO ] [STARTUP] MAGNET answered 892267 (octowhere firmware/src/main.rs:365)
9.002237 [INFO ] [STARTUP] MOTION answered 896222 (octowhere firmware/src/main.rs:365)
9.002292 [INFO ] [STARTUP] gnss-settle end 1000147 (octowhere firmware/src/main.rs:365)
9.002347 [INFO ] [STARTUP] GNSS start 1000292 (octowhere firmware/src/main.rs:365)
9.002398 [INFO ] [STARTUP] GNSS answered 1011647 (octowhere firmware/src/main.rs:365)
9.002451 [INFO ] [STARTUP] RADIO start 1011874 (octowhere firmware/src/main.rs:365)
9.002543 [INFO ] [STARTUP] RADIO answered 1013977 (octowhere firmware/src/main.rs:365)
9.002598 [INFO ] [STARTUP] bring_up exit 1014258 (octowhere firmware/src/main.rs:365)
9.002651 [INFO ] [STARTUP] GNSS-config end 1700842 (octowhere firmware/src/main.rs:365)
9.002705 [INFO ] [STARTUP] startup over 6101327 (octowhere firmware/src/main.rs:365)
9.002758 [INFO ] [STARTUP] done (octowhere firmware/src/main.rs:367)
