[2026-10-08T21:34:49Z INFO ] Serial port: '/dev/ttyACM3'
[2026-10-08T21:34:49Z INFO ] Connecting...
[2026-10-08T21:34:49Z INFO ] Using flash stub
I (447) boot: Loaded app from partition at offset 0x10000

1.702438 [INFO ] [GNSS] configured=true (octowhere firmware/src/main.rs:1444)
1.703097 [INFO ] [GNSS] no reference time: the RTC has none (octowhere firmware/src/main.rs:2753)
9.000167 [INFO ] [STARTUP] board 1a38 (octowhere firmware/src/main.rs:343)
9.000209 [INFO ] [STARTUP] reset power_on=true (octowhere firmware/src/main.rs:344)
9.000234 [INFO ] [STARTUP] mesh generation=20 members=0x3 kept=0x0 stored=0xf (octowhere firmware/src/main.rs:348)
9.000269 [INFO ] [STARTUP] load-group read 515210 (octowhere firmware/src/main.rs:358)
9.000308 [INFO ] [STARTUP] load-members read 569610 (octowhere firmware/src/main.rs:358)
9.000356 [INFO ] [STARTUP] load-restored read 569723 (octowhere firmware/src/main.rs:358)
9.000389 [INFO ] [STARTUP] load-rest read 583522 (octowhere firmware/src/main.rs:358)
9.000419 [INFO ] [STARTUP] load-kept read 592817 (octowhere firmware/src/main.rs:358)
9.000450 [INFO ] [STARTUP] main enter 461133 (octowhere firmware/src/main.rs:365)
9.000500 [INFO ] [STARTUP] esp_hal init 464984 (octowhere firmware/src/main.rs:365)
9.000601 [INFO ] [STARTUP] panel reset 465112 (octowhere firmware/src/main.rs:365)
9.000653 [INFO ] [STARTUP] psram ready 471822 (octowhere firmware/src/main.rs:365)
9.000706 [INFO ] [STARTUP] settings loaded 514298 (octowhere firmware/src/main.rs:365)
9.000760 [INFO ] [STARTUP] trng on 514400 (octowhere firmware/src/main.rs:365)
9.000794 [INFO ] [STARTUP] mesh-store read 592860 (octowhere firmware/src/main.rs:365)
9.000849 [INFO ] [STARTUP] core1 starting 593217 (octowhere firmware/src/main.rs:365)
9.000903 [INFO ] [STARTUP] core1 started 610647 (octowhere firmware/src/main.rs:365)
9.000956 [INFO ] [STARTUP] core1 enter 610905 (octowhere firmware/src/main.rs:365)
9.001009 [INFO ] [STARTUP] identity made 636417 (octowhere firmware/src/main.rs:365)
9.001062 [INFO ] [STARTUP] bring_up enter 639073 (octowhere firmware/src/main.rs:365)
9.001116 [INFO ] [STARTUP] i2c powered 719177 (octowhere firmware/src/main.rs:365)
9.001168 [INFO ] [STARTUP] POWER start 719606 (octowhere firmware/src/main.rs:365)
9.001220 [INFO ] [STARTUP] POWER answered 721409 (octowhere firmware/src/main.rs:365)
9.001274 [INFO ] [STARTUP] exio reset 743159 (octowhere firmware/src/main.rs:365)
9.001325 [INFO ] [STARTUP] CLOCK start 743359 (octowhere firmware/src/main.rs:365)
9.001378 [INFO ] [STARTUP] TOUCH start 743478 (octowhere firmware/src/main.rs:365)
9.001430 [INFO ] [STARTUP] MOTION start 743522 (octowhere firmware/src/main.rs:365)
9.001483 [INFO ] [STARTUP] MAGNET start 743624 (octowhere firmware/src/main.rs:365)
9.001602 [INFO ] [STARTUP] display up 743927 (octowhere firmware/src/main.rs:365)
9.001653 [INFO ] [STARTUP] CLOCK answered 744458 (octowhere firmware/src/main.rs:365)
9.001707 [INFO ] [STARTUP] frame_loop first 744835 (octowhere firmware/src/main.rs:365)
9.001762 [INFO ] [STARTUP] frame_loop drawn 763746 (octowhere firmware/src/main.rs:365)
9.001818 [INFO ] [STARTUP] frame_loop handed 763892 (octowhere firmware/src/main.rs:365)
9.001874 [INFO ] [STARTUP] flush0 start 764052 (octowhere firmware/src/main.rs:365)
9.001927 [INFO ] [STARTUP] flush0 end 778532 (octowhere firmware/src/main.rs:365)
9.001978 [INFO ] [STARTUP] flush1 start 810521 (octowhere firmware/src/main.rs:365)
9.002032 [INFO ] [STARTUP] panel lit 822192 (octowhere firmware/src/main.rs:365)
9.002082 [INFO ] [STARTUP] flush1 end 823667 (octowhere firmware/src/main.rs:365)
9.002133 [INFO ] [STARTUP] TOUCH answered 856092 (octowhere firmware/src/main.rs:365)
9.002187 [INFO ] [STARTUP] MAGNET answered 892334 (octowhere firmware/src/main.rs:365)
9.002242 [INFO ] [STARTUP] MOTION answered 896305 (octowhere firmware/src/main.rs:365)
9.002297 [INFO ] [STARTUP] gnss-settle end 1000149 (octowhere firmware/src/main.rs:365)
9.002351 [INFO ] [STARTUP] GNSS start 1000294 (octowhere firmware/src/main.rs:365)
9.002402 [INFO ] [STARTUP] GNSS answered 1011653 (octowhere firmware/src/main.rs:365)
9.002456 [INFO ] [STARTUP] RADIO start 1011879 (octowhere firmware/src/main.rs:365)
9.002508 [INFO ] [STARTUP] RADIO answered 1013978 (octowhere firmware/src/main.rs:365)
9.002603 [INFO ] [STARTUP] bring_up exit 1014262 (octowhere firmware/src/main.rs:365)
9.002656 [INFO ] [STARTUP] GNSS-config end 1702480 (octowhere firmware/src/main.rs:365)
9.002710 [INFO ] [STARTUP] startup over 6101348 (octowhere firmware/src/main.rs:365)
9.002763 [INFO ] [STARTUP] done (octowhere firmware/src/main.rs:367)
