[2026-10-08T21:36:50Z INFO ] Serial port: '/dev/ttyACM2'
[2026-10-08T21:36:50Z INFO ] Connecting...
[2026-10-08T21:36:51Z INFO ] Using flash stub
I (447) boot: Loaded app from partition at offset 0x10000

1.688995 [INFO ] [GNSS] configured=true (octowhere firmware/src/main.rs:1444)
1.722601 [INFO ] [GNSS] reference time 2026-10-08 21:36:50 sent=true (octowhere firmware/src/main.rs:2742)
9.000178 [INFO ] [STARTUP] board 1c1c (octowhere firmware/src/main.rs:343)
9.000225 [INFO ] [STARTUP] reset power_on=true (octowhere firmware/src/main.rs:344)
9.000249 [INFO ] [STARTUP] mesh generation=20 members=0x3 kept=0x0 stored=0xf (octowhere firmware/src/main.rs:348)
9.000284 [INFO ] [STARTUP] load-group read 509035 (octowhere firmware/src/main.rs:358)
9.000340 [INFO ] [STARTUP] load-members read 547666 (octowhere firmware/src/main.rs:358)
9.000388 [INFO ] [STARTUP] load-restored read 547778 (octowhere firmware/src/main.rs:358)
9.000421 [INFO ] [STARTUP] load-rest read 560165 (octowhere firmware/src/main.rs:358)
9.000456 [INFO ] [STARTUP] load-kept read 584769 (octowhere firmware/src/main.rs:358)
9.000486 [INFO ] [STARTUP] main enter 460995 (octowhere firmware/src/main.rs:365)
9.000537 [INFO ] [STARTUP] esp_hal init 464829 (octowhere firmware/src/main.rs:365)
9.000596 [INFO ] [STARTUP] panel reset 464956 (octowhere firmware/src/main.rs:365)
9.000647 [INFO ] [STARTUP] psram ready 471666 (octowhere firmware/src/main.rs:365)
9.000723 [INFO ] [STARTUP] settings loaded 508277 (octowhere firmware/src/main.rs:365)
9.000841 [INFO ] [STARTUP] trng on 508379 (octowhere firmware/src/main.rs:365)
9.000874 [INFO ] [STARTUP] mesh-store read 584814 (octowhere firmware/src/main.rs:365)
9.000931 [INFO ] [STARTUP] core1 starting 585161 (octowhere firmware/src/main.rs:365)
9.000975 [INFO ] [STARTUP] core1 started 602593 (octowhere firmware/src/main.rs:365)
9.001031 [INFO ] [STARTUP] core1 enter 602851 (octowhere firmware/src/main.rs:365)
9.001101 [INFO ] [STARTUP] identity made 628364 (octowhere firmware/src/main.rs:365)
9.001153 [INFO ] [STARTUP] bring_up enter 631019 (octowhere firmware/src/main.rs:365)
9.001223 [INFO ] [STARTUP] i2c powered 711124 (octowhere firmware/src/main.rs:365)
9.001275 [INFO ] [STARTUP] POWER start 711552 (octowhere firmware/src/main.rs:365)
9.001346 [INFO ] [STARTUP] POWER answered 713355 (octowhere firmware/src/main.rs:365)
9.001400 [INFO ] [STARTUP] exio reset 735106 (octowhere firmware/src/main.rs:365)
9.001469 [INFO ] [STARTUP] CLOCK start 735305 (octowhere firmware/src/main.rs:365)
9.001522 [INFO ] [STARTUP] TOUCH start 735425 (octowhere firmware/src/main.rs:365)
9.001596 [INFO ] [STARTUP] MOTION start 735468 (octowhere firmware/src/main.rs:365)
9.001648 [INFO ] [STARTUP] MAGNET start 735571 (octowhere firmware/src/main.rs:365)
9.001724 [INFO ] [STARTUP] display up 735874 (octowhere firmware/src/main.rs:365)
9.001837 [INFO ] [STARTUP] CLOCK answered 736405 (octowhere firmware/src/main.rs:365)
9.001892 [INFO ] [STARTUP] frame_loop first 736781 (octowhere firmware/src/main.rs:365)
9.001966 [INFO ] [STARTUP] frame_loop drawn 755692 (octowhere firmware/src/main.rs:365)
9.002021 [INFO ] [STARTUP] frame_loop handed 755839 (octowhere firmware/src/main.rs:365)
9.002113 [INFO ] [STARTUP] flush0 start 755998 (octowhere firmware/src/main.rs:365)
9.002165 [INFO ] [STARTUP] flush0 end 770480 (octowhere firmware/src/main.rs:365)
9.002223 [INFO ] [STARTUP] flush1 start 802508 (octowhere firmware/src/main.rs:365)
9.002276 [INFO ] [STARTUP] panel lit 814288 (octowhere firmware/src/main.rs:365)
9.002344 [INFO ] [STARTUP] flush1 end 815763 (octowhere firmware/src/main.rs:365)
9.002395 [INFO ] [STARTUP] TOUCH answered 847988 (octowhere firmware/src/main.rs:365)
9.002460 [INFO ] [STARTUP] MAGNET answered 884365 (octowhere firmware/src/main.rs:365)
9.002517 [INFO ] [STARTUP] MOTION answered 888292 (octowhere firmware/src/main.rs:365)
9.002571 [INFO ] [STARTUP] gnss-settle end 1000212 (octowhere firmware/src/main.rs:365)
9.002625 [INFO ] [STARTUP] GNSS start 1000436 (octowhere firmware/src/main.rs:365)
9.002678 [INFO ] [STARTUP] GNSS answered 1012002 (octowhere firmware/src/main.rs:365)
9.002732 [INFO ] [STARTUP] RADIO start 1012233 (octowhere firmware/src/main.rs:365)
9.002829 [INFO ] [STARTUP] RADIO answered 1014316 (octowhere firmware/src/main.rs:365)
9.002884 [INFO ] [STARTUP] bring_up exit 1014603 (octowhere firmware/src/main.rs:365)
9.002939 [INFO ] [STARTUP] GNSS-config end 1689030 (octowhere firmware/src/main.rs:365)
9.003000 [INFO ] [STARTUP] startup over 6092246 (octowhere firmware/src/main.rs:365)
9.003054 [INFO ] [STARTUP] done (octowhere firmware/src/main.rs:367)
