[2026-10-08T21:35:58Z INFO ] Serial port: '/dev/ttyACM2'
[2026-10-08T21:35:58Z INFO ] Connecting...
[2026-10-08T21:35:59Z INFO ] Using flash stub
I (447) boot: Loaded app from partition at offset 0x10000

1.703155 [INFO ] [GNSS] configured=true (octowhere firmware/src/main.rs:1444)
1.736956 [INFO ] [GNSS] reference time 2026-10-08 21:35:58 sent=true (octowhere firmware/src/main.rs:2742)
9.000107 [INFO ] [STARTUP] board 1c1c (octowhere firmware/src/main.rs:343)
9.000151 [INFO ] [STARTUP] reset power_on=true (octowhere firmware/src/main.rs:344)
9.000175 [INFO ] [STARTUP] mesh generation=20 members=0x3 kept=0x0 stored=0xf (octowhere firmware/src/main.rs:348)
9.000210 [INFO ] [STARTUP] load-group read 509035 (octowhere firmware/src/main.rs:358)
9.000268 [INFO ] [STARTUP] load-members read 547666 (octowhere firmware/src/main.rs:358)
9.000315 [INFO ] [STARTUP] load-restored read 547778 (octowhere firmware/src/main.rs:358)
9.000348 [INFO ] [STARTUP] load-rest read 560165 (octowhere firmware/src/main.rs:358)
9.000391 [INFO ] [STARTUP] load-kept read 584770 (octowhere firmware/src/main.rs:358)
9.000421 [INFO ] [STARTUP] main enter 460995 (octowhere firmware/src/main.rs:365)
9.000517 [INFO ] [STARTUP] esp_hal init 464829 (octowhere firmware/src/main.rs:365)
9.000569 [INFO ] [STARTUP] panel reset 464956 (octowhere firmware/src/main.rs:365)
9.000622 [INFO ] [STARTUP] psram ready 471666 (octowhere firmware/src/main.rs:365)
9.000664 [INFO ] [STARTUP] settings loaded 508277 (octowhere firmware/src/main.rs:365)
9.000721 [INFO ] [STARTUP] trng on 508379 (octowhere firmware/src/main.rs:365)
9.000783 [INFO ] [STARTUP] mesh-store read 584814 (octowhere firmware/src/main.rs:365)
9.000837 [INFO ] [STARTUP] core1 starting 585161 (octowhere firmware/src/main.rs:365)
9.000911 [INFO ] [STARTUP] core1 started 602593 (octowhere firmware/src/main.rs:365)
9.000966 [INFO ] [STARTUP] core1 enter 602851 (octowhere firmware/src/main.rs:365)
9.001035 [INFO ] [STARTUP] identity made 628364 (octowhere firmware/src/main.rs:365)
9.001087 [INFO ] [STARTUP] bring_up enter 631019 (octowhere firmware/src/main.rs:365)
9.001162 [INFO ] [STARTUP] i2c powered 711124 (octowhere firmware/src/main.rs:365)
9.001213 [INFO ] [STARTUP] POWER start 711553 (octowhere firmware/src/main.rs:365)
9.001284 [INFO ] [STARTUP] POWER answered 713356 (octowhere firmware/src/main.rs:365)
9.001338 [INFO ] [STARTUP] exio reset 735107 (octowhere firmware/src/main.rs:365)
9.001410 [INFO ] [STARTUP] CLOCK start 735306 (octowhere firmware/src/main.rs:365)
9.001527 [INFO ] [STARTUP] TOUCH start 735426 (octowhere firmware/src/main.rs:365)
9.001579 [INFO ] [STARTUP] MOTION start 735470 (octowhere firmware/src/main.rs:365)
9.001651 [INFO ] [STARTUP] MAGNET start 735572 (octowhere firmware/src/main.rs:365)
9.001704 [INFO ] [STARTUP] display up 735875 (octowhere firmware/src/main.rs:365)
9.001754 [INFO ] [STARTUP] CLOCK answered 736406 (octowhere firmware/src/main.rs:365)
9.001808 [INFO ] [STARTUP] frame_loop first 736783 (octowhere firmware/src/main.rs:365)
9.001865 [INFO ] [STARTUP] frame_loop drawn 755694 (octowhere firmware/src/main.rs:365)
9.001921 [INFO ] [STARTUP] frame_loop handed 755840 (octowhere firmware/src/main.rs:365)
9.001976 [INFO ] [STARTUP] flush0 start 756000 (octowhere firmware/src/main.rs:365)
9.002039 [INFO ] [STARTUP] flush0 end 770485 (octowhere firmware/src/main.rs:365)
9.002089 [INFO ] [STARTUP] flush1 start 802478 (octowhere firmware/src/main.rs:365)
9.002160 [INFO ] [STARTUP] panel lit 814282 (octowhere firmware/src/main.rs:365)
9.002210 [INFO ] [STARTUP] flush1 end 815757 (octowhere firmware/src/main.rs:365)
9.002271 [INFO ] [STARTUP] TOUCH answered 847993 (octowhere firmware/src/main.rs:365)
9.002326 [INFO ] [STARTUP] MAGNET answered 884368 (octowhere firmware/src/main.rs:365)
9.002380 [INFO ] [STARTUP] MOTION answered 888293 (octowhere firmware/src/main.rs:365)
9.002433 [INFO ] [STARTUP] gnss-settle end 1000222 (octowhere firmware/src/main.rs:365)
9.002529 [INFO ] [STARTUP] GNSS start 1000438 (octowhere firmware/src/main.rs:365)
9.002580 [INFO ] [STARTUP] GNSS answered 1012027 (octowhere firmware/src/main.rs:365)
9.002633 [INFO ] [STARTUP] RADIO start 1012258 (octowhere firmware/src/main.rs:365)
9.002676 [INFO ] [STARTUP] RADIO answered 1014338 (octowhere firmware/src/main.rs:365)
9.002731 [INFO ] [STARTUP] bring_up exit 1014629 (octowhere firmware/src/main.rs:365)
9.002795 [INFO ] [STARTUP] GNSS-config end 1703191 (octowhere firmware/src/main.rs:365)
9.002851 [INFO ] [STARTUP] startup over 6095733 (octowhere firmware/src/main.rs:365)
9.002914 [INFO ] [STARTUP] done (octowhere firmware/src/main.rs:367)
