[2026-10-08T21:36:24Z INFO ] Serial port: '/dev/ttyACM2'
[2026-10-08T21:36:24Z INFO ] Connecting...
[2026-10-08T21:36:24Z INFO ] Using flash stub
I (447) boot: Loaded app from partition at offset 0x10000

1.703049 [INFO ] [GNSS] configured=true (octowhere firmware/src/main.rs:1444)
1.736930 [INFO ] [GNSS] reference time 2026-10-08 21:36:23 sent=true (octowhere firmware/src/main.rs:2742)
9.000167 [INFO ] [STARTUP] board 1c1c (octowhere firmware/src/main.rs:343)
9.000215 [INFO ] [STARTUP] reset power_on=true (octowhere firmware/src/main.rs:344)
9.000240 [INFO ] [STARTUP] mesh generation=20 members=0x3 kept=0x0 stored=0xf (octowhere firmware/src/main.rs:348)
9.000275 [INFO ] [STARTUP] load-group read 509035 (octowhere firmware/src/main.rs:358)
9.000318 [INFO ] [STARTUP] load-members read 547666 (octowhere firmware/src/main.rs:358)
9.000429 [INFO ] [STARTUP] load-restored read 547778 (octowhere firmware/src/main.rs:358)
9.000462 [INFO ] [STARTUP] load-rest read 560165 (octowhere firmware/src/main.rs:358)
9.000492 [INFO ] [STARTUP] load-kept read 584769 (octowhere firmware/src/main.rs:358)
9.000522 [INFO ] [STARTUP] main enter 460995 (octowhere firmware/src/main.rs:365)
9.000580 [INFO ] [STARTUP] esp_hal init 464829 (octowhere firmware/src/main.rs:365)
9.000632 [INFO ] [STARTUP] panel reset 464956 (octowhere firmware/src/main.rs:365)
9.000700 [INFO ] [STARTUP] psram ready 471666 (octowhere firmware/src/main.rs:365)
9.000752 [INFO ] [STARTUP] settings loaded 508277 (octowhere firmware/src/main.rs:365)
9.000815 [INFO ] [STARTUP] trng on 508379 (octowhere firmware/src/main.rs:365)
9.000848 [INFO ] [STARTUP] mesh-store read 584814 (octowhere firmware/src/main.rs:365)
9.000905 [INFO ] [STARTUP] core1 starting 585161 (octowhere firmware/src/main.rs:365)
9.000959 [INFO ] [STARTUP] core1 started 602593 (octowhere firmware/src/main.rs:365)
9.001012 [INFO ] [STARTUP] core1 enter 602851 (octowhere firmware/src/main.rs:365)
9.001069 [INFO ] [STARTUP] identity made 628364 (octowhere firmware/src/main.rs:365)
9.001121 [INFO ] [STARTUP] bring_up enter 631019 (octowhere firmware/src/main.rs:365)
9.001193 [INFO ] [STARTUP] i2c powered 711124 (octowhere firmware/src/main.rs:365)
9.001245 [INFO ] [STARTUP] POWER start 711552 (octowhere firmware/src/main.rs:365)
9.001318 [INFO ] [STARTUP] POWER answered 713356 (octowhere firmware/src/main.rs:365)
9.001436 [INFO ] [STARTUP] exio reset 735107 (octowhere firmware/src/main.rs:365)
9.001486 [INFO ] [STARTUP] CLOCK start 735306 (octowhere firmware/src/main.rs:365)
9.001538 [INFO ] [STARTUP] TOUCH start 735425 (octowhere firmware/src/main.rs:365)
9.001580 [INFO ] [STARTUP] MOTION start 735469 (octowhere firmware/src/main.rs:365)
9.001633 [INFO ] [STARTUP] MAGNET start 735572 (octowhere firmware/src/main.rs:365)
9.001701 [INFO ] [STARTUP] display up 735875 (octowhere firmware/src/main.rs:365)
9.001752 [INFO ] [STARTUP] CLOCK answered 736407 (octowhere firmware/src/main.rs:365)
9.001806 [INFO ] [STARTUP] frame_loop first 736783 (octowhere firmware/src/main.rs:365)
9.001862 [INFO ] [STARTUP] frame_loop drawn 755694 (octowhere firmware/src/main.rs:365)
9.001932 [INFO ] [STARTUP] frame_loop handed 755841 (octowhere firmware/src/main.rs:365)
9.001988 [INFO ] [STARTUP] flush0 start 756000 (octowhere firmware/src/main.rs:365)
9.002054 [INFO ] [STARTUP] flush0 end 770492 (octowhere firmware/src/main.rs:365)
9.002104 [INFO ] [STARTUP] flush1 start 802488 (octowhere firmware/src/main.rs:365)
9.002158 [INFO ] [STARTUP] panel lit 814253 (octowhere firmware/src/main.rs:365)
9.002209 [INFO ] [STARTUP] flush1 end 815728 (octowhere firmware/src/main.rs:365)
9.002259 [INFO ] [STARTUP] TOUCH answered 847981 (octowhere firmware/src/main.rs:365)
9.002322 [INFO ] [STARTUP] MAGNET answered 884310 (octowhere firmware/src/main.rs:365)
9.002436 [INFO ] [STARTUP] MOTION answered 888293 (octowhere firmware/src/main.rs:365)
9.002491 [INFO ] [STARTUP] gnss-settle end 1000212 (octowhere firmware/src/main.rs:365)
9.002556 [INFO ] [STARTUP] GNSS start 1000438 (octowhere firmware/src/main.rs:365)
9.002607 [INFO ] [STARTUP] GNSS answered 1011970 (octowhere firmware/src/main.rs:365)
9.002663 [INFO ] [STARTUP] RADIO start 1012202 (octowhere firmware/src/main.rs:365)
9.002716 [INFO ] [STARTUP] RADIO answered 1014288 (octowhere firmware/src/main.rs:365)
9.002770 [INFO ] [STARTUP] bring_up exit 1014575 (octowhere firmware/src/main.rs:365)
9.002824 [INFO ] [STARTUP] GNSS-config end 1703083 (octowhere firmware/src/main.rs:365)
9.002878 [INFO ] [STARTUP] startup over 6091933 (octowhere firmware/src/main.rs:365)
9.002937 [INFO ] [STARTUP] done (octowhere firmware/src/main.rs:367)
