[2026-10-08T21:36:37Z INFO ] Serial port: '/dev/ttyACM2'
[2026-10-08T21:36:37Z INFO ] Connecting...
[2026-10-08T21:36:38Z INFO ] Using flash stub
I (447) boot: Loaded app from partition at offset 0x10000

1.714222 [INFO ] [GNSS] configured=true (octowhere firmware/src/main.rs:1444)
1.748311 [INFO ] [GNSS] reference time 2026-10-08 21:36:37 sent=true (octowhere firmware/src/main.rs:2742)
9.000171 [INFO ] [STARTUP] board 1c1c (octowhere firmware/src/main.rs:343)
9.000235 [INFO ] [STARTUP] reset power_on=true (octowhere firmware/src/main.rs:344)
9.000259 [INFO ] [STARTUP] mesh generation=20 members=0x3 kept=0x0 stored=0xf (octowhere firmware/src/main.rs:348)
9.000294 [INFO ] [STARTUP] load-group read 509035 (octowhere firmware/src/main.rs:358)
9.000333 [INFO ] [STARTUP] load-members read 547666 (octowhere firmware/src/main.rs:358)
9.000382 [INFO ] [STARTUP] load-restored read 547778 (octowhere firmware/src/main.rs:358)
9.000414 [INFO ] [STARTUP] load-rest read 560165 (octowhere firmware/src/main.rs:358)
9.000444 [INFO ] [STARTUP] load-kept read 584770 (octowhere firmware/src/main.rs:358)
9.000490 [INFO ] [STARTUP] main enter 460995 (octowhere firmware/src/main.rs:365)
9.000542 [INFO ] [STARTUP] esp_hal init 464829 (octowhere firmware/src/main.rs:365)
9.000609 [INFO ] [STARTUP] panel reset 464956 (octowhere firmware/src/main.rs:365)
9.000660 [INFO ] [STARTUP] psram ready 471666 (octowhere firmware/src/main.rs:365)
9.000713 [INFO ] [STARTUP] settings loaded 508277 (octowhere firmware/src/main.rs:365)
9.000770 [INFO ] [STARTUP] trng on 508379 (octowhere firmware/src/main.rs:365)
9.000861 [INFO ] [STARTUP] mesh-store read 584815 (octowhere firmware/src/main.rs:365)
9.000916 [INFO ] [STARTUP] core1 starting 585161 (octowhere firmware/src/main.rs:365)
9.000970 [INFO ] [STARTUP] core1 started 602593 (octowhere firmware/src/main.rs:365)
9.001014 [INFO ] [STARTUP] core1 enter 602851 (octowhere firmware/src/main.rs:365)
9.001066 [INFO ] [STARTUP] identity made 628364 (octowhere firmware/src/main.rs:365)
9.001131 [INFO ] [STARTUP] bring_up enter 631019 (octowhere firmware/src/main.rs:365)
9.001185 [INFO ] [STARTUP] i2c powered 711124 (octowhere firmware/src/main.rs:365)
9.001250 [INFO ] [STARTUP] POWER start 711552 (octowhere firmware/src/main.rs:365)
9.001301 [INFO ] [STARTUP] POWER answered 713355 (octowhere firmware/src/main.rs:365)
9.001373 [INFO ] [STARTUP] exio reset 735106 (octowhere firmware/src/main.rs:365)
9.001424 [INFO ] [STARTUP] CLOCK start 735306 (octowhere firmware/src/main.rs:365)
9.001496 [INFO ] [STARTUP] TOUCH start 735425 (octowhere firmware/src/main.rs:365)
9.001548 [INFO ] [STARTUP] MOTION start 735469 (octowhere firmware/src/main.rs:365)
9.001622 [INFO ] [STARTUP] MAGNET start 735571 (octowhere firmware/src/main.rs:365)
9.001676 [INFO ] [STARTUP] display up 735875 (octowhere firmware/src/main.rs:365)
9.001747 [INFO ] [STARTUP] CLOCK answered 736405 (octowhere firmware/src/main.rs:365)
9.001866 [INFO ] [STARTUP] frame_loop first 736781 (octowhere firmware/src/main.rs:365)
9.001922 [INFO ] [STARTUP] frame_loop drawn 755692 (octowhere firmware/src/main.rs:365)
9.002000 [INFO ] [STARTUP] frame_loop handed 755839 (octowhere firmware/src/main.rs:365)
9.002055 [INFO ] [STARTUP] flush0 start 755998 (octowhere firmware/src/main.rs:365)
9.002128 [INFO ] [STARTUP] flush0 end 770487 (octowhere firmware/src/main.rs:365)
9.002180 [INFO ] [STARTUP] flush1 start 802479 (octowhere firmware/src/main.rs:365)
9.002235 [INFO ] [STARTUP] panel lit 814330 (octowhere firmware/src/main.rs:365)
9.002284 [INFO ] [STARTUP] flush1 end 815805 (octowhere firmware/src/main.rs:365)
9.002337 [INFO ] [STARTUP] TOUCH answered 848036 (octowhere firmware/src/main.rs:365)
9.002393 [INFO ] [STARTUP] MAGNET answered 884370 (octowhere firmware/src/main.rs:365)
9.002449 [INFO ] [STARTUP] MOTION answered 888296 (octowhere firmware/src/main.rs:365)
9.002506 [INFO ] [STARTUP] gnss-settle end 1000220 (octowhere firmware/src/main.rs:365)
9.002562 [INFO ] [STARTUP] GNSS start 1000434 (octowhere firmware/src/main.rs:365)
9.002608 [INFO ] [STARTUP] GNSS answered 1012019 (octowhere firmware/src/main.rs:365)
9.002662 [INFO ] [STARTUP] RADIO start 1012250 (octowhere firmware/src/main.rs:365)
9.002713 [INFO ] [STARTUP] RADIO answered 1014330 (octowhere firmware/src/main.rs:365)
9.002769 [INFO ] [STARTUP] bring_up exit 1014622 (octowhere firmware/src/main.rs:365)
9.002865 [INFO ] [STARTUP] GNSS-config end 1714282 (octowhere firmware/src/main.rs:365)
9.002920 [INFO ] [STARTUP] startup over 6092611 (octowhere firmware/src/main.rs:365)
9.002985 [INFO ] [STARTUP] done (octowhere firmware/src/main.rs:367)
