[2026-10-08T21:36:11Z INFO ] Serial port: '/dev/ttyACM2'
[2026-10-08T21:36:11Z INFO ] Connecting...
[2026-10-08T21:36:11Z INFO ] Using flash stub
I (229) esp_image: segment 4: paddr=000c0020 vaddr=420b0020 size1.711029 [INFO ] [GNSS] configured=true (octowhere firmware/src/main.rs:1444)
1.745018 [INFO ] [GNSS] reference time 2026-10-08 21:36:11 sent=true (octowhere firmware/src/main.rs:2742)
9.000167 [INFO ] [STARTUP] board 1c1c (octowhere firmware/src/main.rs:343)
9.000207 [INFO ] [STARTUP] reset power_on=true (octowhere firmware/src/main.rs:344)
9.000229 [INFO ] [STARTUP] mesh generation=20 members=0x3 kept=0x0 stored=0xf (octowhere firmware/src/main.rs:348)
9.000264 [INFO ] [STARTUP] load-group read 512739 (octowhere firmware/src/main.rs:358)
9.000296 [INFO ] [STARTUP] load-members read 551370 (octowhere firmware/src/main.rs:358)
9.000333 [INFO ] [STARTUP] load-restored read 551482 (octowhere firmware/src/main.rs:358)
9.000364 [INFO ] [STARTUP] load-rest read 563869 (octowhere firmware/src/main.rs:358)
9.000399 [INFO ] [STARTUP] load-kept read 588474 (octowhere firmware/src/main.rs:358)
9.000478 [INFO ] [STARTUP] main enter 464699 (octowhere firmware/src/main.rs:365)
9.000528 [INFO ] [STARTUP] esp_hal init 468533 (octowhere firmware/src/main.rs:365)
9.000569 [INFO ] [STARTUP] panel reset 468660 (octowhere firmware/src/main.rs:365)
9.000617 [INFO ] [STARTUP] psram ready 475370 (octowhere firmware/src/main.rs:365)
9.000659 [INFO ] [STARTUP] settings loaded 511981 (octowhere firmware/src/main.rs:365)
9.000703 [INFO ] [STARTUP] trng on 512083 (octowhere firmware/src/main.rs:365)
9.000744 [INFO ] [STARTUP] mesh-store read 588518 (octowhere firmware/src/main.rs:365)
9.000786 [INFO ] [STARTUP] core1 starting 588865 (octowhere firmware/src/main.rs:365)
9.000830 [INFO ] [STARTUP] core1 started 606297 (octowhere firmware/src/main.rs:365)
9.000877 [INFO ] [STARTUP] core1 enter 606555 (octowhere firmware/src/main.rs:365)
9.000918 [INFO ] [STARTUP] identity made 632068 (octowhere firmware/src/main.rs:365)
9.000961 [INFO ] [STARTUP] bring_up enter 634723 (octowhere firmware/src/main.rs:365)
9.001005 [INFO ] [STARTUP] i2c powered 714828 (octowhere firmware/src/main.rs:365)
9.001047 [INFO ] [STARTUP] POWER start 715256 (octowhere firmware/src/main.rs:365)
9.001116 [INFO ] [STARTUP] POWER answered 717060 (octowhere firmware/src/main.rs:365)
9.001160 [INFO ] [STARTUP] exio reset 738811 (octowhere firmware/src/main.rs:365)
9.001200 [INFO ] [STARTUP] CLOCK start 739010 (octowhere firmware/src/main.rs:365)
9.001241 [INFO ] [STARTUP] TOUCH start 739130 (octowhere firmware/src/main.rs:365)
9.001283 [INFO ] [STARTUP] MOTION start 739173 (octowhere firmware/src/main.rs:365)
9.001325 [INFO ] [STARTUP] MAGNET start 739276 (octowhere firmware/src/main.rs:365)
9.001369 [INFO ] [STARTUP] display up 739579 (octowhere firmware/src/main.rs:365)
9.001409 [INFO ] [STARTUP] CLOCK answered 740111 (octowhere firmware/src/main.rs:365)
9.001487 [INFO ] [STARTUP] frame_loop first 740487 (octowhere firmware/src/main.rs:365)
9.001532 [INFO ] [STARTUP] frame_loop drawn 759398 (octowhere firmware/src/main.rs:365)
9.001578 [INFO ] [STARTUP] frame_loop handed 759545 (octowhere firmware/src/main.rs:365)
9.001630 [INFO ] [STARTUP] flush0 start 759704 (octowhere firmware/src/main.rs:365)
9.001674 [INFO ] [STARTUP] flush0 end 774186 (octowhere firmware/src/main.rs:365)
9.001715 [INFO ] [STARTUP] flush1 start 806214 (octowhere firmware/src/main.rs:365)
9.001758 [INFO ] [STARTUP] panel lit 818050 (octowhere firmware/src/main.rs:365)
9.001797 [INFO ] [STARTUP] flush1 end 819525 (octowhere firmware/src/main.rs:365)
9.001837 [INFO ] [STARTUP] TOUCH answered 851670 (octowhere firmware/src/main.rs:365)
9.001881 [INFO ] [STARTUP] MAGNET answered 888118 (octowhere firmware/src/main.rs:365)
9.001926 [INFO ] [STARTUP] MOTION answered 892002 (octowhere firmware/src/main.rs:365)
9.001969 [INFO ] [STARTUP] gnss-settle end 1000154 (octowhere firmware/src/main.rs:365)
9.002013 [INFO ] [STARTUP] GNSS start 1000301 (octowhere firmware/src/main.rs:365)
9.002054 [INFO ] [STARTUP] GNSS answered 1011689 (octowhere firmware/src/main.rs:365)
9.002115 [INFO ] [STARTUP] RADIO start 1011921 (octowhere firmware/src/main.rs:365)
9.002155 [INFO ] [STARTUP] RADIO answered 1014019 (octowhere firmware/src/main.rs:365)
9.002200 [INFO ] [STARTUP] bring_up exit 1014306 (octowhere firmware/src/main.rs:365)
9.002242 [INFO ] [STARTUP] GNSS-config end 1711067 (octowhere firmware/src/main.rs:365)
9.002295 [INFO ] [STARTUP] startup over 6100610 (octowhere firmware/src/main.rs:365)
9.002336 [INFO ] [STARTUP] done (octowhere firmware/src/main.rs:367)
