[2026-10-04T06:08:36Z INFO ] Serial port: '/dev/ttyACM0'
[2026-10-04T06:08:36Z INFO ] Connecting...
[2026-10-04T06:08:36Z INFO ] Using flash stub
I (271) esp_image: segment 3: paddr=000b8b14 vaddr=00000000 size2.078949 [WARN ] [GNSS] STARTUP PAIR_SEND_RESULT command=732 status=error error=I2c { operation: WriteConfig, error: I2c(AcknowledgeCheckFailed(Address)) } (octowhere octowhere/src/main.rs:2488)
2.463145 [WARN ] [GNSS] STARTUP PAIR_SEND_RESULT command=410 status=error error=I2c { operation: WriteConfig, error: I2c(AcknowledgeCheckFailed(Address)) } (octowhere octowhere/src/main.rs:2499)
2.463216 [WARN ] [GNSS] STARTUP PAIR_SEND_RESULT command=411 status=error error=I2c { operation: WriteConfig, error: I2c(AcknowledgeCheckFailed(Address)) } (octowhere octowhere/src/main.rs:2499)
2.655371 [WARN ] [GNSS] STARTUP PAIR_SEND_RESULT command=062 status=error error=I2c { operation: WriteConfig, error: I2c(AcknowledgeCheckFailed(Address)) } (octowhere octowhere/src/main.rs:2514)
2.847320 [WARN ] [GNSS] STARTUP PAIR_SEND_RESULT command=063 status=error error=I2c { operation: WriteConfig, error: I2c(AcknowledgeCheckFailed(Address)) } (octowhere octowhere/src/main.rs:2521)
3.039218 [WARN ] [GNSS] STARTUP PAIR_SEND_RESULT command=062 status=error error=I2c { operation: WriteConfig, error: I2c(AcknowledgeCheckFailed(Address)) } (octowhere octowhere/src/main.rs:2514)
3.231292 [WARN ] [GNSS] STARTUP PAIR_SEND_RESULT command=063 status=error error=I2c { operation: WriteConfig, error: I2c(AcknowledgeCheckFailed(Address)) } (octowhere octowhere/src/main.rs:2521)
3.386313 [WARN ] [GNSS] no answer; resetting it (octowhere octowhere/src/main.rs:2266)
5.019748 [INFO ] [BOOT] Gnss Answered in 3133ms (octowhere octowhere/src/main.rs:1912)
5.059413 [INFO ] [GNSS] reference time 2026-10-04 06:08:40 sent=true (octowhere octowhere/src/main.rs:2438)
5.059512 [INFO ] [BOOT] answered: power=true clock=true touch=true motion=true magnet=true gnss=true (octowhere octowhere/src/main.rs:2280)
5.180723 [INFO ] [LORA] init_ok (octowhere octowhere/src/main.rs:2582)
5.180761 [INFO ] [BOOT] Radio Answered in 121ms (octowhere octowhere/src/main.rs:1912)
5.180966 [INFO ] [TOUCH] OK resolution=466x466 firmware=0x1000001 checksum=0x693275ee (octowhere octowhere/src/main.rs:2333)
5.181382 [INFO ] [MESH] id=0 name=Dredge members=2 mac=[44, 1b, f6, 86, 1a, 38] (octowhere_node octowhere-node/src/node.rs:700)
5.188067 [INFO ] [MESH] tuned=true (octowhere_node octowhere-node/src/node.rs:756)
5.189746 [INFO ] [MESH] id=0 members=2 generation=5 removal pending=false declinable until=None old keys=0 (octowhere_node octowhere-node/src/node.rs:816)
5.190846 [INFO ] [MEM] internal_used=62496 psram_used=1083868 (octowhere octowhere/src/main.rs:2368)
140.182504 [INFO ] [MESH] timebase root=0 hops=0 (octowhere_node octowhere-node/src/node.rs:2833)
162.820465 [INFO ] [MESH] round=39802095 sending=true sweeping=false (octowhere_node octowhere-node/src/node.rs:1134)
162.929050 [INFO ] [MESH] sent round=39802095 len=36 entries=0 records=0x00000000 asked=0x00000000 neighbours=0x00000000 messages=0 summary=false done=true (octowhere_node octowhere-node/src/node.rs:1751)
226.101776 [INFO ] [MESH] round=39802096 sending=true sweeping=false (octowhere_node octowhere-node/src/node.rs:1134)
226.210271 [INFO ] [MESH] sent round=39802096 len=36 entries=0 records=0x00000000 asked=0x00000000 neighbours=0x00000000 messages=0 summary=false done=true (octowhere_node octowhere-node/src/node.rs:1751)
283.757973 [INFO ] [MESH] round=39802097 sending=true sweeping=false (octowhere_node octowhere-node/src/node.rs:1134)
283.866543 [INFO ] [MESH] sent round=39802097 len=36 entries=0 records=0x00000000 asked=0x00000000 neighbours=0x00000000 messages=0 summary=false done=true (octowhere_node octowhere-node/src/node.rs:1751)
314.695437 [INFO ] [MESH] round=39802098 sending=true sweeping=false (octowhere_node octowhere-node/src/node.rs:1134)
314.804032 [INFO ] [MESH] sent round=39802098 len=36 entries=0 records=0x00000000 asked=0x00000000 neighbours=0x00000000 messages=0 summary=false done=true (octowhere_node octowhere-node/src/node.rs:1751)
358.289179 [INFO ] [MESH] round=39802099 sending=true sweeping=false (octowhere_node octowhere-node/src/node.rs:1134)
358.397838 [INFO ] [MESH] sent round=39802099 len=36 entries=0 records=0x00000000 asked=0x00000000 neighbours=0x00000000 messages=0 summary=false done=true (octowhere_node octowhere-node/src/node.rs:1751)
404.110713 [INFO ] [MESH] heard id=1 timebase=Gps hops=0 taken=Adopted late_us=None len=48 rssi=-35 snr=7 entries=1 new=1 neighbours=0x00000000 messages=0/0 summary=false (octowhere_node octowhere-node/src/node.rs:1640)
404.111185 [INFO ] [MESH] timebase GPS hops=1 (octowhere_node octowhere-node/src/node.rs:2829)
426.480596 [INFO ] [MESH] round=39802100 sending=true sweeping=true (octowhere_node octowhere-node/src/node.rs:1134)
426.609164 [INFO ] [MESH] sent round=39802100 len=48 entries=1 records=0x00000000 asked=0x00000000 neighbours=0x00000002 messages=0 summary=false done=true (octowhere_node octowhere-node/src/node.rs:1751)
430.936009 [INFO ] [MSG] from 1 to this device: b"Where are you?" (octowhere_node octowhere-node/src/node.rs:2538)
430.936422 [INFO ] [MESH] heard id=1 timebase=Gps hops=0 taken=Refined late_us=Some(49) len=101 rssi=-36 snr=7 entries=1 new=1 neighbours=0x00000001 messages=1/1 summary=false (octowhere_node octowhere-node/src/node.rs:1640)
442.749749 [WARN ] [GNSS] stuck; resetting it, 1 resets since it last sent NMEA (octowhere octowhere/src/main.rs:1306)
443.002750 [WARN ] [PMIC] key read failed (octowhere octowhere/src/main.rs:1042)
444.437273 [INFO ] [GNSS] reset configured=true (octowhere octowhere/src/main.rs:1314)
444.470950 [INFO ] [GNSS] reference time 2026-10-04 06:15:59 sent=true (octowhere octowhere/src/main.rs:2438)
447.573804 [INFO ] [MESH] round=39802101 sending=true sweeping=false (octowhere_node octowhere-node/src/node.rs:1134)
447.708043 [INFO ] [MESH] sent round=39802101 len=54 entries=1 records=0x00000000 asked=0x00000000 neighbours=0x00000002 messages=0 summary=false done=true (octowhere_node octowhere-node/src/node.rs:1751)
447.730939 [INFO ] [MSG] posted 0/1791094561 to Member(1) len=21 New (octowhere_node octowhere-node/src/node.rs:2491)
447.731821 [INFO ] [SETTINGS] Sequence(1791094625) saved in 19405us (octowhere octowhere/src/main.rs:964)
470.255153 [INFO ] [MESH] screens ask Read(1) (octowhere octowhere/src/main.rs:2788)
470.256367 [INFO ] [MESH] command Read(1) (octowhere_node octowhere-node/src/node.rs:867)
503.823999 [INFO ] [MESH] round=39802102 sending=true sweeping=false (octowhere_node octowhere-node/src/node.rs:1134)
504.014411 [INFO ] [MESH] sent round=39802102 len=91 entries=1 records=0x00000000 asked=0x00000000 neighbours=0x00000002 messages=1 summary=false done=true (octowhere_node octowhere-node/src/node.rs:1751)
504.471187 [WARN ] [GNSS] stuck; resetting it, 1 resets since it last sent NMEA (octowhere octowhere/src/main.rs:1306)
515.965642 [INFO ] [GNSS] reset configured=true (octowhere octowhere/src/main.rs:1314)
515.999492 [INFO ] [GNSS] reference time 2026-10-04 06:17:11 sent=true (octowhere octowhere/src/main.rs:2438)
531.080083 [INFO ] [MESH] screens ask Send { to: Some(1), text: b"ok" } (octowhere octowhere/src/main.rs:2788)
531.081320 [INFO ] [MESH] command Send { to: Some(1), text: b"ok" } (octowhere_node octowhere-node/src/node.rs:867)
531.081468 [INFO ] [MSG] queued to Member(1): b"ok" (octowhere_node octowhere-node/src/node.rs:2408)
531.083949 [INFO ] [MSG] posted 0/1791094562 to Member(1) len=19 New (octowhere_node octowhere-node/src/node.rs:2491)
553.042599 [INFO ] [MESH] round=39802103 sending=true sweeping=false (octowhere_node octowhere-node/src/node.rs:1134)
553.228057 [INFO ] [MESH] sent round=39802103 len=89 entries=1 records=0x00000000 asked=0x00000000 neighbours=0x00000002 messages=1 summary=false done=true (octowhere_node octowhere-node/src/node.rs:1751)
575.999759 [WARN ] [GNSS] stuck; resetting it, 1 resets since it last sent NMEA (octowhere octowhere/src/main.rs:1306)
576.159082 [WARN ] [PMIC] key read failed (octowhere octowhere/src/main.rs:1042)
577.707403 [INFO ] [GNSS] reset configured=true (octowhere octowhere/src/main.rs:1314)
577.741088 [INFO ] [GNSS] reference time 2026-10-04 06:18:12 sent=true (octowhere octowhere/src/main.rs:2438)
578.355102 [INFO ] [MESH] round=39802104 sending=true sweeping=false (octowhere_node octowhere-node/src/node.rs:1134)
578.489257 [INFO ] [MESH] sent round=39802104 len=54 entries=1 records=0x00000000 asked=0x00000000 neighbours=0x00000002 messages=0 summary=false done=true (octowhere_node octowhere-node/src/node.rs:1751)
600.038976 [INFO ] [DISPLAY] shift 3 0 (octowhere octowhere/src/main.rs:707)
616.324001 [INFO ] [MESH] round=39802105 sending=false sweeping=false (octowhere_node octowhere-node/src/node.rs:1134)
624.955628 [INFO ] [MSG] 0/1791094562 delivered to 1 (octowhere_node octowhere-node/src/node.rs:2551)
624.955923 [INFO ] [MESH] heard id=1 timebase=Gps hops=0 taken=Refined late_us=Some(440) len=91 rssi=-35 snr=5 entries=1 new=1 neighbours=0x00000001 messages=1/1 summary=false (octowhere_node octowhere-node/src/node.rs:1640)
637.994540 [WARN ] [GNSS] stuck; resetting it, 1 resets since it last sent NMEA (octowhere octowhere/src/main.rs:1306)
638.246819 [WARN ] [PMIC] key read failed (octowhere octowhere/src/main.rs:1042)
639.676183 [INFO ] [GNSS] reset configured=true (octowhere octowhere/src/main.rs:1314)
639.709700 [INFO ] [GNSS] reference time 2026-10-04 06:19:14 sent=true (octowhere octowhere/src/main.rs:2438)
