[2026-10-04T06:08:44Z INFO ] Serial port: '/dev/ttyACM1'
[2026-10-04T06:08:44Z INFO ] Connecting...
[2026-10-04T06:08:44Z INFO ] Using flash stub
I (271) esp_image: segment 3: paddr=000b8b14 vaddr=00000000 size2.493139 [INFO ] [BOOT] Gnss Answered in 634ms (octowhere octowhere/src/main.rs:1912)
2.532730 [INFO ] [GNSS] reference time 2026-10-04 06:08:45 sent=true (octowhere octowhere/src/main.rs:2438)
2.532787 [INFO ] [BOOT] answered: power=true clock=true touch=true motion=true magnet=true gnss=true (octowhere octowhere/src/main.rs:2280)
2.577034 [INFO ] [LORA] init_ok (octowhere octowhere/src/main.rs:2582)
2.577074 [INFO ] [BOOT] Radio Answered in 44ms (octowhere octowhere/src/main.rs:1912)
2.577282 [INFO ] [TOUCH] OK resolution=466x466 firmware=0x1000001 checksum=0x693275ee (octowhere octowhere/src/main.rs:2333)
2.577757 [INFO ] [MESH] id=1 name=Roger Roger members=2 mac=[44, 1b, f6, 86, 1c, 1c] (octowhere_node octowhere-node/src/node.rs:700)
2.581945 [INFO ] [MESH] tuned=true (octowhere_node octowhere-node/src/node.rs:756)
2.583579 [INFO ] [MESH] id=1 members=2 generation=5 removal pending=false declinable until=Some(39803738) old keys=0 (octowhere_node octowhere-node/src/node.rs:816)
2.584688 [INFO ] [MEM] internal_used=62496 psram_used=1083868 (octowhere octowhere/src/main.rs:2368)
137.579048 [INFO ] [MESH] timebase GPS hops=0 (octowhere_node octowhere-node/src/node.rs:2829)
150.075285 [INFO ] [MESH] round=39802094 sending=true sweeping=false (octowhere_node octowhere-node/src/node.rs:1134)
150.204334 [INFO ] [MESH] sent round=39802094 len=48 entries=1 records=0x00000000 asked=0x00000000 neighbours=0x00000000 messages=0 summary=false done=true (octowhere_node octowhere-node/src/node.rs:1751)
192.262868 [INFO ] [MESH] round=39802095 sending=true sweeping=false (octowhere_node octowhere-node/src/node.rs:1134)
192.391928 [INFO ] [MESH] sent round=39802095 len=48 entries=1 records=0x00000000 asked=0x00000000 neighbours=0x00000000 messages=0 summary=false done=true (octowhere_node octowhere-node/src/node.rs:1751)
224.606555 [INFO ] [MESH] round=39802096 sending=true sweeping=false (octowhere_node octowhere-node/src/node.rs:1134)
224.735625 [INFO ] [MESH] sent round=39802096 len=48 entries=1 records=0x00000000 asked=0x00000000 neighbours=0x00000000 messages=0 summary=false done=true (octowhere_node octowhere-node/src/node.rs:1751)
262.575320 [INFO ] [MESH] round=39802097 sending=true sweeping=false (octowhere_node octowhere-node/src/node.rs:1134)
262.704347 [INFO ] [MESH] sent round=39802097 len=48 entries=1 records=0x00000000 asked=0x00000000 neighbours=0x00000000 messages=0 summary=false done=true (octowhere_node octowhere-node/src/node.rs:1751)
317.419037 [INFO ] [MESH] round=39802098 sending=true sweeping=false (octowhere_node octowhere-node/src/node.rs:1134)
317.550507 [INFO ] [MESH] sent round=39802098 len=48 entries=1 records=0x00000000 asked=0x00000000 neighbours=0x00000000 messages=0 summary=false done=true (octowhere_node octowhere-node/src/node.rs:1751)
345.544075 [INFO ] [MESH] round=39802099 sending=true sweeping=false (octowhere_node octowhere-node/src/node.rs:1134)
345.672852 [INFO ] [MESH] sent round=39802099 len=48 entries=1 records=0x00000000 asked=0x00000000 neighbours=0x00000000 messages=0 summary=false done=true (octowhere_node octowhere-node/src/node.rs:1751)
396.169547 [INFO ] [MESH] round=39802100 sending=true sweeping=true (octowhere_node octowhere-node/src/node.rs:1134)
396.298156 [INFO ] [MESH] sent round=39802100 len=48 entries=1 records=0x00000000 asked=0x00000000 neighbours=0x00000000 messages=0 summary=false done=true (octowhere_node octowhere-node/src/node.rs:1751)
405.894386 [INFO ] [MESH] command Send { to: Some(0), text: b"Where are you?" } (octowhere_node octowhere-node/src/node.rs:867)
405.894564 [INFO ] [MSG] queued to Member(0): b"Where are you?" (octowhere_node octowhere-node/src/node.rs:2408)
405.979986 [INFO ] [MSG] posted 1/1791094527 to Member(0) len=31 New (octowhere_node octowhere-node/src/node.rs:2491)
405.983380 [INFO ] [SETTINGS] Sequence(1791094591) saved in 87895us (octowhere octowhere/src/main.rs:964)
418.800571 [INFO ] [MESH] heard id=0 timebase=Gps hops=1 taken=Ignored late_us=Some(833) len=48 rssi=-33 snr=7 entries=1 new=0 neighbours=0x00000002 messages=0/0 summary=false (octowhere_node octowhere-node/src/node.rs:1640)
422.887879 [INFO ] [MESH] round=39802101 sending=true sweeping=false (octowhere_node octowhere-node/src/node.rs:1134)
423.093770 [INFO ] [MESH] sent round=39802101 len=101 entries=1 records=0x00000000 asked=0x00000000 neighbours=0x00000001 messages=1 summary=false done=true (octowhere_node octowhere-node/src/node.rs:1751)
439.899548 [INFO ] [MESH] heard id=0 timebase=Gps hops=1 taken=Ignored late_us=Some(793) len=54 rssi=-33 snr=7 entries=1 new=0 neighbours=0x00000002 messages=0/0 summary=false (octowhere_node octowhere-node/src/node.rs:1640)
496.207392 [INFO ] [MSG] 1/1791094527 delivered to 0 (octowhere_node octowhere-node/src/node.rs:2551)
496.207678 [INFO ] [MESH] heard id=0 timebase=Gps hops=1 taken=Ignored late_us=Some(676) len=91 rssi=-34 snr=7 entries=1 new=0 neighbours=0x00000002 messages=1/1 summary=false (octowhere_node octowhere-node/src/node.rs:1640)
503.044131 [INFO ] [MESH] round=39802102 sending=true sweeping=false (octowhere_node octowhere-node/src/node.rs:1134)
503.178396 [INFO ] [MESH] sent round=39802102 len=54 entries=1 records=0x00000000 asked=0x00000000 neighbours=0x00000001 messages=0 summary=false done=true (octowhere_node octowhere-node/src/node.rs:1751)
543.825467 [INFO ] [MESH] round=39802103 sending=false sweeping=false (octowhere_node octowhere-node/src/node.rs:1134)
545.420727 [INFO ] [MSG] from 0 to this device: b"ok" (octowhere_node octowhere-node/src/node.rs:2538)
545.421097 [INFO ] [MESH] heard id=0 timebase=Gps hops=1 taken=Ignored late_us=Some(617) len=89 rssi=-33 snr=6 entries=1 new=0 neighbours=0x00000002 messages=1/1 summary=false (octowhere_node octowhere-node/src/node.rs:1640)
560.700413 [INFO ] [MESH] round=39802104 sending=false sweeping=false (octowhere_node octowhere-node/src/node.rs:1134)
560.702982 [INFO ] [MSG] posted 1/1791094528 to Member(0) len=21 New (octowhere_node octowhere-node/src/node.rs:2491)
570.680489 [INFO ] [MESH] heard id=0 timebase=Gps hops=1 taken=Ignored late_us=Some(488) len=54 rssi=-33 snr=7 entries=1 new=0 neighbours=0x00000002 messages=0/0 summary=false (octowhere_node octowhere-node/src/node.rs:1640)
600.015481 [INFO ] [DISPLAY] shift 3 0 (octowhere octowhere/src/main.rs:707)
616.950319 [INFO ] [MESH] round=39802105 sending=true sweeping=false (octowhere_node octowhere-node/src/node.rs:1134)
617.140858 [INFO ] [MESH] sent round=39802105 len=91 entries=1 records=0x00000000 asked=0x00000000 neighbours=0x00000001 messages=1 summary=false done=true (octowhere_node octowhere-node/src/node.rs:1751)
