[2026-10-01T18:43:49Z INFO ] Serial port: '/dev/ttyACM1'
[2026-10-01T18:43:49Z INFO ] Connecting...
[2026-10-01T18:43:49Z INFO ] Using flash stub
I (436) esp_image: segment 4: paddr=00154e88 vaddr=4037a658 size2.249680 [INFO ] [BOOT] Gnss Answered in 622ms (octowhere octowhere/src/main.rs:1713)
2.299474 [INFO ] [GNSS] reference time 2026-10-01 18:43:46 sent=true (octowhere octowhere/src/main.rs:2170)
2.299531 [INFO ] [BOOT] answered: power=true clock=true touch=true motion=true magnet=true gnss=true (octowhere octowhere/src/main.rs:2026)
2.301681 [INFO ] [LORA] init_ok (octowhere octowhere/src/main.rs:2314)
2.301732 [INFO ] [TOUCH] OK resolution=466x466 firmware=0x1000001 checksum=0x693275ee (octowhere octowhere/src/main.rs:2065)
2.303270 [INFO ] [MEM] internal_used=10624 psram_used=868736 (octowhere octowhere/src/main.rs:2100)
2.303346 [INFO ] [MESH] id=24 tuned=true powered=true listening for 135s first (octowhere octowhere/src/mesh.rs:103)
42.239673 [INFO ] [DISPLAY] shift 3 0 (octowhere octowhere/src/main.rs:643)
76.172168 [INFO ] [DISPLAY] shift 2 2 (octowhere octowhere/src/main.rs:643)
136.109297 [INFO ] [DISPLAY] shift 0 3 (octowhere octowhere/src/main.rs:643)
137.303982 [INFO ] [MESH] timebase root=24 hops=0 (octowhere octowhere/src/mesh.rs:421)
154.798779 [INFO ] [MESH] round=39797341 sending=false (octowhere octowhere/src/mesh.rs:149)
196.148122 [INFO ] [DISPLAY] shift -2 2 (octowhere octowhere/src/main.rs:643)
199.798757 [INFO ] [MESH] round=39797342 sending=false (octowhere octowhere/src/mesh.rs:149)
244.798794 [INFO ] [MESH] round=39797343 sending=true (octowhere octowhere/src/mesh.rs:149)
244.901586 [INFO ] [MESH] sent round=39797343 len=30 entries=0 neighbours=0x00000000 late_us=69 switched=true started=true done=true flags=Some(8) (octowhere octowhere/src/mesh.rs:352)
250.529509 [INFO ] [MESH] heard id=28 timebase=Node(24) hops=1 taken=Ignored late_us=Some(2379) len=30 rssi=-98 snr=7 entries=0 new=0 neighbours=0x01000000 (octowhere octowhere/src/mesh.rs:286)
256.323320 [INFO ] [DISPLAY] shift -3 0 (octowhere octowhere/src/main.rs:643)
289.798800 [INFO ] [MESH] round=39797344 sending=true (octowhere octowhere/src/mesh.rs:149)
289.901075 [INFO ] [MESH] sent round=39797344 len=30 entries=0 neighbours=0x10000000 late_us=59 switched=true started=true done=true flags=Some(8) (octowhere octowhere/src/mesh.rs:352)
295.529816 [INFO ] [MESH] heard id=28 timebase=Node(24) hops=1 taken=Ignored late_us=Some(2683) len=30 rssi=-100 snr=6 entries=0 new=0 neighbours=0x01000000 (octowhere octowhere/src/mesh.rs:286)
316.275111 [INFO ] [DISPLAY] shift -2 -2 (octowhere octowhere/src/main.rs:643)
334.798761 [INFO ] [MESH] round=39797345 sending=false (octowhere octowhere/src/mesh.rs:149)
376.231419 [INFO ] [DISPLAY] shift 0 -3 (octowhere octowhere/src/main.rs:643)
379.798799 [INFO ] [MESH] round=39797346 sending=true (octowhere octowhere/src/mesh.rs:149)
379.901598 [INFO ] [MESH] sent round=39797346 len=30 entries=0 neighbours=0x10000000 late_us=65 switched=true started=true done=true flags=Some(8) (octowhere octowhere/src/mesh.rs:352)
424.798801 [INFO ] [MESH] round=39797347 sending=false (octowhere octowhere/src/mesh.rs:149)
430.529344 [INFO ] [MESH] heard id=28 timebase=Node(24) hops=1 taken=Ignored late_us=Some(2206) len=30 rssi=-98 snr=6 entries=0 new=0 neighbours=0x01000000 (octowhere octowhere/src/mesh.rs:286)
436.170447 [INFO ] [DISPLAY] shift 2 -2 (octowhere octowhere/src/main.rs:643)
469.798795 [INFO ] [MESH] round=39797348 sending=false (octowhere octowhere/src/mesh.rs:149)
496.186885 [INFO ] [DISPLAY] shift 0 0 (octowhere octowhere/src/main.rs:643)
514.798769 [INFO ] [MESH] round=39797349 sending=true (octowhere octowhere/src/mesh.rs:149)
514.901696 [INFO ] [MESH] sent round=39797349 len=30 entries=0 neighbours=0x10000000 late_us=104 switched=true started=true done=true flags=Some(8) (octowhere octowhere/src/mesh.rs:352)
556.253729 [INFO ] [DISPLAY] shift 3 0 (octowhere octowhere/src/main.rs:643)
559.798782 [INFO ] [MESH] round=39797350 sending=false (octowhere octowhere/src/mesh.rs:149)
565.529531 [INFO ] [MESH] heard id=28 timebase=Node(24) hops=1 taken=Ignored late_us=Some(2407) len=30 rssi=-100 snr=6 entries=0 new=0 neighbours=0x01000000 (octowhere octowhere/src/mesh.rs:286)
604.798791 [INFO ] [MESH] round=39797351 sending=false (octowhere octowhere/src/mesh.rs:149)
616.333824 [INFO ] [DISPLAY] shift 2 2 (octowhere octowhere/src/main.rs:643)
649.798785 [INFO ] [MESH] round=39797352 sending=true (octowhere octowhere/src/mesh.rs:149)
649.901754 [INFO ] [MESH] sent round=39797352 len=30 entries=0 neighbours=0x10000000 late_us=65 switched=true started=true done=true flags=Some(8) (octowhere octowhere/src/mesh.rs:352)
676.340863 [INFO ] [DISPLAY] shift 0 3 (octowhere octowhere/src/main.rs:643)
694.798763 [INFO ] [MESH] round=39797353 sending=false (octowhere octowhere/src/mesh.rs:149)
700.529723 [INFO ] [MESH] heard id=28 timebase=Node(24) hops=1 taken=Ignored late_us=Some(2585) len=30 rssi=-98 snr=7 entries=0 new=0 neighbours=0x01000000 (octowhere octowhere/src/mesh.rs:286)
736.278968 [INFO ] [DISPLAY] shift -2 2 (octowhere octowhere/src/main.rs:643)
739.798813 [INFO ] [MESH] round=39797354 sending=false (octowhere octowhere/src/mesh.rs:149)
784.799194 [INFO ] [MESH] round=39797355 sending=true (octowhere octowhere/src/mesh.rs:149)
784.901854 [INFO ] [MESH] sent round=39797355 len=30 entries=0 neighbours=0x10000000 late_us=66 switched=true started=true done=true flags=Some(8) (octowhere octowhere/src/mesh.rs:352)
796.262421 [INFO ] [DISPLAY] shift -3 0 (octowhere octowhere/src/main.rs:643)
829.799236 [INFO ] [MESH] round=39797356 sending=false (octowhere octowhere/src/mesh.rs:149)
835.530068 [INFO ] [MESH] heard id=28 timebase=Node(24) hops=1 taken=Ignored late_us=Some(2932) len=30 rssi=-100 snr=7 entries=0 new=0 neighbours=0x01000000 (octowhere octowhere/src/mesh.rs:286)
856.312407 [INFO ] [DISPLAY] shift -2 -2 (octowhere octowhere/src/main.rs:643)
874.799200 [INFO ] [MESH] round=39797357 sending=false (octowhere octowhere/src/mesh.rs:149)
916.277556 [INFO ] [DISPLAY] shift 0 -3 (octowhere octowhere/src/main.rs:643)
919.798807 [INFO ] [MESH] round=39797358 sending=true (octowhere octowhere/src/mesh.rs:149)
919.901673 [INFO ] [MESH] sent round=39797358 len=30 entries=0 neighbours=0x10000000 late_us=57 switched=true started=true done=true flags=Some(8) (octowhere octowhere/src/mesh.rs:352)
964.798761 [INFO ] [MESH] round=39797359 sending=false (octowhere octowhere/src/mesh.rs:149)
970.529303 [INFO ] [MESH] heard id=28 timebase=Node(24) hops=1 taken=Ignored late_us=Some(2171) len=30 rssi=-98 snr=6 entries=0 new=0 neighbours=0x01000000 (octowhere octowhere/src/mesh.rs:286)
976.226350 [INFO ] [DISPLAY] shift 2 -2 (octowhere octowhere/src/main.rs:643)
1009.798761 [INFO ] [MESH] round=39797360 sending=false (octowhere octowhere/src/mesh.rs:149)
1036.189322 [INFO ] [DISPLAY] shift 0 0 (octowhere octowhere/src/main.rs:643)
1054.798793 [INFO ] [MESH] round=39797361 sending=true (octowhere octowhere/src/mesh.rs:149)
1054.901689 [INFO ] [MESH] sent round=39797361 len=30 entries=0 neighbours=0x10000000 late_us=62 switched=true started=true done=true flags=Some(8) (octowhere octowhere/src/mesh.rs:352)
1096.374262 [INFO ] [DISPLAY] shift 3 0 (octowhere octowhere/src/main.rs:643)
1099.798806 [INFO ] [MESH] round=39797362 sending=false (octowhere octowhere/src/mesh.rs:149)
1105.529558 [INFO ] [MESH] heard id=28 timebase=Node(24) hops=1 taken=Ignored late_us=Some(2422) len=30 rssi=-100 snr=6 entries=0 new=0 neighbours=0x01000000 (octowhere octowhere/src/mesh.rs:286)
1144.798759 [INFO ] [MESH] round=39797363 sending=false (octowhere octowhere/src/mesh.rs:149)
1156.335967 [INFO ] [DISPLAY] shift 2 2 (octowhere octowhere/src/main.rs:643)
1189.798797 [INFO ] [MESH] round=39797364 sending=true (octowhere octowhere/src/mesh.rs:149)
1189.901078 [INFO ] [MESH] sent round=39797364 len=30 entries=0 neighbours=0x10000000 late_us=59 switched=true started=true done=true flags=Some(8) (octowhere octowhere/src/mesh.rs:352)
