[2026-10-01T18:46:15Z INFO ] Serial port: '/dev/ttyACM0'
[2026-10-01T18:46:15Z INFO ] Connecting...
[2026-10-01T18:46:15Z INFO ] Using flash stub
I (436) esp_image: segment 4: paddr=00154e88 vaddr=4037a658 size2.237933 [INFO ] [BOOT] Gnss Answered in 622ms (octowhere octowhere/src/main.rs:1713)
2.244514 [INFO ] [GNSS] no reference time: the RTC has none (octowhere octowhere/src/main.rs:2181)
2.244547 [INFO ] [BOOT] answered: power=true clock=true touch=true motion=true magnet=true gnss=true (octowhere octowhere/src/main.rs:2026)
2.246676 [INFO ] [LORA] init_ok (octowhere octowhere/src/main.rs:2314)
2.246726 [INFO ] [TOUCH] OK resolution=466x466 firmware=0x1000001 checksum=0x693275ee (octowhere octowhere/src/main.rs:2065)
2.248254 [INFO ] [MEM] internal_used=10624 psram_used=868736 (octowhere octowhere/src/main.rs:2100)
2.248359 [INFO ] [MESH] id=28 tuned=true powered=true listening for 135s first (octowhere octowhere/src/mesh.rs:103)
2.249200 [WARN ] [MESH] receive failed: PacketNotReady flags=Some(0) (octowhere octowhere/src/mesh.rs:236)
2.249309 [WARN ] [MESH] DIO0 is high with no flag raised; polling the radio's flags from here (octowhere octowhere/src/mesh.rs:242)
72.501566 [INFO ] [DISPLAY] panel off (octowhere octowhere/src/main.rs:2477)
99.089555 [INFO ] [MESH] heard id=24 timebase=Node(24) hops=0 taken=Adopted late_us=None len=30 rssi=-98 snr=6 entries=0 new=0 neighbours=0x00000000 (octowhere octowhere/src/mesh.rs:286)
99.089876 [INFO ] [MESH] timebase root=24 hops=1 (octowhere octowhere/src/mesh.rs:421)
104.611376 [INFO ] [MESH] round=39797343 sending=true (octowhere octowhere/src/mesh.rs:149)
104.713796 [INFO ] [MESH] sent round=39797343 len=30 entries=0 neighbours=0x01000000 late_us=67 switched=true started=true done=true flags=Some(8) (octowhere octowhere/src/mesh.rs:352)
144.089894 [INFO ] [MESH] heard id=24 timebase=Node(24) hops=0 taken=Refined late_us=Some(337) len=30 rssi=-119 snr=6 entries=0 new=0 neighbours=0x10000000 (octowhere octowhere/src/mesh.rs:286)
149.611339 [INFO ] [MESH] round=39797344 sending=true (octowhere octowhere/src/mesh.rs:149)
149.714583 [INFO ] [MESH] sent round=39797344 len=30 entries=0 neighbours=0x01000000 late_us=62 switched=true started=true done=true flags=Some(8) (octowhere octowhere/src/mesh.rs:352)
194.611733 [INFO ] [MESH] round=39797345 sending=false (octowhere octowhere/src/mesh.rs:149)
234.088995 [INFO ] [MESH] heard id=24 timebase=Node(24) hops=0 taken=Refined late_us=Some(-915) len=30 rssi=-100 snr=5 entries=0 new=0 neighbours=0x10000000 (octowhere octowhere/src/mesh.rs:286)
239.611685 [INFO ] [MESH] round=39797346 sending=false (octowhere octowhere/src/mesh.rs:149)
284.610793 [INFO ] [MESH] round=39797347 sending=true (octowhere octowhere/src/mesh.rs:149)
284.713212 [INFO ] [MESH] sent round=39797347 len=30 entries=0 neighbours=0x01000000 late_us=66 switched=true started=true done=true flags=Some(8) (octowhere octowhere/src/mesh.rs:352)
329.610814 [INFO ] [MESH] round=39797348 sending=false (octowhere octowhere/src/mesh.rs:149)
369.088841 [INFO ] [MESH] heard id=24 timebase=Node(24) hops=0 taken=Refined late_us=Some(-142) len=30 rssi=-96 snr=7 entries=0 new=0 neighbours=0x10000000 (octowhere octowhere/src/mesh.rs:286)
374.610800 [INFO ] [MESH] round=39797349 sending=false (octowhere octowhere/src/mesh.rs:149)
419.610626 [INFO ] [MESH] round=39797350 sending=true (octowhere octowhere/src/mesh.rs:149)
419.713100 [INFO ] [MESH] sent round=39797350 len=30 entries=0 neighbours=0x01000000 late_us=77 switched=true started=true done=true flags=Some(8) (octowhere octowhere/src/mesh.rs:352)
464.610627 [INFO ] [MESH] round=39797351 sending=false (octowhere octowhere/src/mesh.rs:149)
504.088491 [INFO ] [MESH] heard id=24 timebase=Node(24) hops=0 taken=Refined late_us=Some(-346) len=30 rssi=-119 snr=6 entries=0 new=0 neighbours=0x10000000 (octowhere octowhere/src/mesh.rs:286)
509.610670 [INFO ] [MESH] round=39797352 sending=false (octowhere octowhere/src/mesh.rs:149)
554.610272 [INFO ] [MESH] round=39797353 sending=true (octowhere octowhere/src/mesh.rs:149)
554.714054 [INFO ] [MESH] sent round=39797353 len=30 entries=0 neighbours=0x01000000 late_us=97 switched=true started=true done=true flags=Some(8) (octowhere octowhere/src/mesh.rs:352)
599.610312 [INFO ] [MESH] round=39797354 sending=false (octowhere octowhere/src/mesh.rs:149)
639.086704 [ERROR] Packet termination failed due to PayloadCrcError (sx127xlora sx127x-lora/src/driver.rs:478)
639.086845 [WARN ] [MESH] receive failed: PacketTermination flags=Some(0) (octowhere octowhere/src/mesh.rs:236)
644.610322 [INFO ] [MESH] round=39797355 sending=false (octowhere octowhere/src/mesh.rs:149)
689.610430 [INFO ] [MESH] round=39797356 sending=true (octowhere octowhere/src/mesh.rs:149)
689.713204 [INFO ] [MESH] sent round=39797356 len=30 entries=0 neighbours=0x01000000 late_us=93 switched=true started=true done=true flags=Some(8) (octowhere octowhere/src/mesh.rs:352)
734.610330 [INFO ] [MESH] round=39797357 sending=false (octowhere octowhere/src/mesh.rs:149)
774.087568 [INFO ] [MESH] heard id=24 timebase=Node(24) hops=0 taken=Refined late_us=Some(-938) len=30 rssi=-98 snr=6 entries=0 new=0 neighbours=0x10000000 (octowhere octowhere/src/mesh.rs:286)
779.610282 [INFO ] [MESH] round=39797358 sending=false (octowhere octowhere/src/mesh.rs:149)
824.609634 [INFO ] [MESH] round=39797359 sending=true (octowhere octowhere/src/mesh.rs:149)
824.711889 [INFO ] [MESH] sent round=39797359 len=30 entries=0 neighbours=0x01000000 late_us=68 switched=true started=true done=true flags=Some(8) (octowhere octowhere/src/mesh.rs:352)
869.609973 [INFO ] [MESH] round=39797360 sending=false (octowhere octowhere/src/mesh.rs:149)
909.087519 [INFO ] [MESH] heard id=24 timebase=Node(24) hops=0 taken=Refined late_us=Some(-42) len=30 rssi=-98 snr=7 entries=0 new=0 neighbours=0x10000000 (octowhere octowhere/src/mesh.rs:286)
914.610169 [INFO ] [MESH] round=39797361 sending=false (octowhere octowhere/src/mesh.rs:149)
959.609643 [INFO ] [MESH] round=39797362 sending=true (octowhere octowhere/src/mesh.rs:149)
959.711811 [INFO ] [MESH] sent round=39797362 len=30 entries=0 neighbours=0x01000000 late_us=62 switched=true started=true done=true flags=Some(8) (octowhere octowhere/src/mesh.rs:352)
1004.609298 [INFO ] [MESH] round=39797363 sending=false (octowhere octowhere/src/mesh.rs:149)
1044.086115 [ERROR] Packet termination failed due to PayloadCrcError (sx127xlora sx127x-lora/src/driver.rs:478)
1044.086264 [WARN ] [MESH] receive failed: PacketTermination flags=Some(0) (octowhere octowhere/src/mesh.rs:236)
